
[QAid]10493_0

[Code Extraction Failed or Parse Failed]

invalid syntax (<unknown>, line 1)

Completion Content: 
<command>final_result = "1" <command>/></command>
============================== END ==============================


[QAid]10493_0

[Code does not include Tools Usage]
code: 
final_result = "1"

============================== END ==============================


[QAid]10493_0

[Code does not include Tools Usage]
code: 
final_result = "1"

============================== END ==============================


[QAid]10493_0

[Code does not include Tools Usage]
code: 
final_result = "1"

============================== END ==============================


[QAid]10493_0

[Code does not include Tools Usage]
code: 
final_result = "1"
final_result += "Bed"
final_result

============================== END ==============================


[QAid]10493_0

[Code does not include Tools Usage]
code: 
final_result = "1"

============================== END ==============================

