
[EXECUTION EXCEPTION]
name 'Image' is not defined
code:from object_detector import Object_Detector_Tool

# Load image and convert to RGB
gray = Image.open("/home/stud/wxie/BLINK_Dataset/Counting/val/images/val_Counting_90_image_1.jpg").convert("L")

# Detect the stop sign and other objects
label_detection_tool = Object_Detector_Tool()
boxes, probabilities, image_paths = label_detection_tool.execute(image=gray, labels=['stop'], save_object=True)

# The ground truth is available in the variable 'image_paths'
# The detected objects are saved in the 'boxes' variable

final_result = 'B' if boxes.get('stop') else 'A'

[None RESULT]


[EXECUTION EXCEPTION]
Object_Detector_Tool.execute() got an unexpected keyword argument 'image_path'
code:pythonobjectdetector_tool = Object_Detector_Tool()
image_path = "/home/stud/wxie/BLINK_Dataset/Counting/val/images/val_Counting_90_image_1.jpg"
label_result = pythonobjectdetector_tool.execute(image_path=image_path, labels=["stop"], threshold=0.8, model_size="tiny", save_object=True, saved_image_path="detected_objects")

# Check the output
if "stop" in label_result and "boxes" in label_result["stop"]:
    stop_count = len(label_result["stop"]["boxes"]["stop"])
else:
    stop_count = 0

final_result = {
    "A": "2",
    "B": "1",
    "C": "4",
    "D": "3",
    "E": "0"
}
print(final_result[final_result.index(max(final_result.values()))])

[EXECUTION EXCEPTION]
module 'object_detector' has no attribute 'detect_objects'
code:import object_detector as OD

def calculate_letter_count(in_image_path):
    detections = OD.detect_objects(image_path=in_image_path, labels=['letters'], object_number=1) # Calculate the total number of detected characters
    letter_count = detections["object_number"]
    return letter_count

final_result = calculate_letter_count("/home/stud/wxie/BLINK_Dataset/Counting/val/images/val_Counting_90_image_1.jpg")
print(final_result)

[EXECUTION EXCEPTION]
Object_Detector_Tool.execute() missing 1 required positional argument: 'self'
code:from object_detector import Object_Detector_Tool
detected_objects, object_number = Object_Detector_Tool.execute(image="path/to/misty_foggy_day_with_fog_and_strange_signs.jpeg", labels=["STOP"], save_object=True, saved_image_path="detected_objects")

[EXECUTION EXCEPTION]
Object_Detector_Tool.execute() missing 1 required positional argument: 'self'
code:from object_detector import Object_Detector_Tool

# Image path
image_path = "/home/stud/wxie/BLINK_Dataset/Counting/val/images/val_Counting_90_image_1.jpg"

# Call the tool and retrieve results
detected_objects, object_number = Object_Detector_Tool.execute(image=image_path, labels=["stop"], save_object=True, saved_image_path="detected_objects")

final_result = 1  # (A) 2 because there are 2 black letters

[EXECUTION EXCEPTION]
type object 'Object_Detector_Tool' has no attribute 'solve'
code:from object_detector import Object_Detector_Tool

final_result = Object_Detector_Tool.solve(image="/home/stud/wxie/BLINK_Dataset/Counting/val/images/val_Counting_90_image_1.jpg", 
                                            labels=["STOP"],
                                            save_object=True, 
                                            saved_image_path="detected_objects")

print(final_result)
