
[QAid]4572_0

[Code Includes Tools Usage]
code: 

from object_detector import Object_Detector_Tool

final_result = Object_Detector_Tool.execute(image='path/to/dining_table_image.png', labels=['chair'], save_object=True, saved_image_path='detected_object_images')
print(final_result)

============================== END ==============================


[QAid]4572_0

[Code Extraction Failed or Parse Failed]

No Python code block found in completion.

Completion Content: 
<command>
from object_detector import Object_Detector_Tool

# Convert the question into JSON
json_dict = {
  "tool_module_name": "Object_Detector_Tool",
  "tool_class_name": "Object_Detector_Tool",
  "tool_description": "A tool that detects objects in an image using the Grounding DINO model and saves individual object images with empty padding.",
  "tool_version": "1.0.0",
  "input_types": {
    "image": "str - The path to the image file.",
    "labels": "list - A list of object labels to detect.",
    "threshold": "float - The confidence threshold for detection (default: 0.35).",
    "model_size": "str - The size of the model to use ('tiny' or 'base', default: 'tiny').",
    "save_object": "bool - Whether to save the detected objects as images (default: False).",
    "saved_image_path": "str - The path to save the detected object images (default: 'detected_objects')."
  },
  "output_types": "\"tuple - A tuple containing two elements: (1) a dictionary mapping each detected label to a list of detection entries, e.g. {'baseball': [{'box': (x1, y1, x2, y2), 'score': 0.95, 'saved_image_path': 'path/to/saved/image.png'}]}, (2) a dictionary mapping each label to the number of detected objects in the image. e.g. {'baseball': 2, 'basket': 1}\".\n",
  "demo_commands": {
    "command": "detected_objects, object_number = Object_Detector_Tool.execute(image=\"path/to/image.jpg\", labels=[\"baseball\", \"basket\"], save_object=True, saved_image_path=\"detected_objects\")",
    "description": "Detects 'baseball' and 'basket' in the image. Returns a tuple: (1) a dict mapping each label to a list of detection results (each with box, score, and optionally saved image path); (2) a dict with the total count for each detected label. If 'save_object' is True, detected objects are cropped and saved to the specified directory.\"\n",
    "output_example": "detected_objects : {\n'baseball': [{'box': (34, 50, 200,
============================== END ==============================


[QAid]4572_0

[Code Includes Tools Usage]
code: 

from object_detector import Object_Detector_Tool
final_result = Object_Detector_Tool.execute(image='path_to_image.png', labels=['baseball', 'basket'], save_object=True, saved_image_path='detected_objects')
print(final_result)

============================== END ==============================


[QAid]4572_0

[Code Includes Tools Usage]
code: 

from object_detector import Object_Detector_Tool

final_result = Object_Detector_Tool.execute(image='path/to_image.png', labels=['baseball', 'basket'], save_object=True, saved_image_path='detected_objects')

print(final_result)

============================== END ==============================


[QAid]4572_0

[Code Includes Tools Usage]
code: 

from Object_Detector_Tool import Object_Detector_Tool

final_result = Object_Detector_Tool.execute(image='path/to/dining_table_image.png', labels=['chair', 'fridge'], save_object=True, saved_image_path='detected_objects')

# Retrieve the results
detected_objects = final_result[0]
object_count = final_result[1]

print("Detected chair objects:", detected_objects)
print("Total chair objects:", object_count)

============================== END ==============================


[QAid]4572_0

[Code Includes Tools Usage]
code: 

from Object_Detector_Tool import Object_Detector_Tool
final_result = Object_Detector_Tool.execute(image="path/to/image.png", labels=["baseball", "basket"], save_object=True, saved_image_path="detected_objects")

print(final_result)

============================== END ==============================

