
[QAid]12216_0

[Code Extraction Failed or Parse Failed]

No Python code block found in completion.

Completion Content: 
To answer questions based on visual inputs in a Python program, we can use the `Pixel_Depth_Tool` tool. This tool processes an image and estimates its depth map, which can be useful for distance estimation.

In this code, we will use the `Pixel_Depth_Tool` class to estimate the depth map of the room from the provided image. The `execute` method of the `Pixel_Depth_Tool` class will process a specified input image and estimate its depth map.

In the provided image:

1. The left end of the greenish table is labeled with A.
2. The lamp is labeled with B.
3. The blue modern TV stand is labeled with C.

After running the `execute` method, we can analyze the output to determine the positions of the objects in the room. We can also print the details of the estimated depth map for any of the objects specified by their labels.
============================== END ==============================


[QAid]12216_0

[Code Extraction Failed or Parse Failed]

No Python code block found in completion.

Completion Content: 
<command>
============================== END ==============================


[QAid]12216_0

[Code Includes Tools Usage]
code: 

import Object_Detector_Tool, Text_Detector_Tool, Pixel_Depth_Tool

# Load letters and labels
result = Letter_Detector_Tool.execute(image='path/to/letter_detection_image')

# Analyze objects based on the result
for letter, bbox in result:
    if 'A' in letter[0][0]:
        print(f'Object A - Bounding Box: {bbox}')
if 'C' not in letter[0][0]:
    print('Object C not detected or not in the image')

============================== END ==============================


[QAid]12216_0

[Code Extraction Failed or Parse Failed]

No Python code block found in completion.

Completion Content: 
Based on the image provided, here is the Python code that uses the 'Object_Detector_Tool' tool to find the positions of white and blue objects:

```python
import object_detector

# Parameters for detection
labels=['white dining table','white dining table', 'blue modern tv stand', 'blue modern tv stand']

# Create an instance object of the object detector
detector = object_detector.Object_Detector_Tool()

# Execute the detection
result = detector.execute(image='image_path', labels=labels, save_object=True, saved_image_path='detected_objects')

# Get the detected objects
detected_objects = result[0]['detected_objects']
object_number = result[1]['object_number']

# Create a dictionary with the detected objects and their positions
result_dict = {
    'detected_objects': detected_objects,
    'object_number': object_number
}

print(result_dict)
```

This code takes the image path as a parameter when executing the object detection tool. It also includes all the necessary parameters, except for the object labels, which is a list provided with the tool input. After detecting the objects, it creates a dictionary that maps each detected object with its position in the image. Finally, it prints the dictionary that includes the detected objects and their positions, including object number.
============================== END ==============================


[QAid]12216_0

[Code Extraction Failed or Parse Failed]

No Python code block found in completion.

Completion Content: 
To answer the question about the relative positions of the table and the blue modern TV stand, I will use the Object Detector Tool to detect objects in the image and then analyze the results to determine where the table is located.

```python
from object_detector import Object_Detector_Tool

def get_table_position(object_labels, image_path):
    # Check if there are objects to be detected
    if len(object_labels) == 0:
        return "There are no objects detected in the image"

    detected_labels = object_labels[0]
    table_count = 0
    for label in detected_labels:
        if label[1].startswith('table') and label[0] != 'basket' and label[0] != 'baseball' and label[1].endswith('_table'):
            table_count += 1
    if table_count == 1:
        return "The table is found between the green TV stand and the black stool."
    elif table_count >= 2:
        return "Multiple tables are found. Use the A,B,C labels to navigate through them."
    else:
        return "The table is not found in the image."

detected_objects, object_count = Object_Detector_Tool.execute(image=image_path, labels=[{'bbox': (300, 50, 710, 300), 'label': 'table', 'score': 0.92}], saved_image_path='')
if detected_objects:
    table_position = get_table_position(detected_objects, image_path)
else:
    table_position = "No objects detected."

print(f"The table is {table_position}.")
```

I have implemented the `Object_Detector_Tool` method to detect the objects in the image. Then, I used the `get_table_position` function to determine the relative position of the table.
============================== END ==============================


[QAid]12216_0

[Code Extraction Failed or Parse Failed]

No Python code block found in completion.

Completion Content: 
To answer the question, the program will need to detect the objects in the room image and identify the white color dining table and the blue modern tv stand. Here's a Python program that can be executed to analyze the image and answer the question:

```python
import object_detector  # Necessary for detecting objects in the image

# This function will be used to execute the Object_Detector_Tool and get the results.
def analyze_image(image_path, labels=None, threshold=0.35, model_size='tiny', save_object=True, saved_image_path="detected_objects"):
	if save_object:
		from .object_detector import execute
		return execute(image_path=image_path, labels=labels, thresholds=[0.5, 0.35], model_size=model_size, save_object=save_object, saved_image_path=saved_image_path)
	else:
		return None

# This function will be used to get the detected objects in the dictionary format.
def get_detected_objects(image_path=None, labels= None, threshold=0.35, model_size='tiny'):
	if image_path is None:
		from object_detector import execute
		return execute(image_path=image_path, labels=labels, thresholds=[0.5, 0.35], model_size=model_size)
	else:
		return None

# The tool function to get the results will be executed after the image has been processed by the function above.

def get_results(image_path=None, labels= None, threshold=0.35, model_size='tiny'):
	if image_path is None:
		from object_detector import execute
		return execute(image_path=image_path, labels=labels, thresholds=[threshold], model_size=model_size)
	else:
		return None

# Set the image path, labels, and other parameters
image_path = 'path/to/image.png'
labels = ['baseball', 'basket']

# Get the results
detected_objects = get_results(image_path, labels, threshold=0.5, model_size='tiny')

print(detected_objects)
```

Save the above code in a file named `objects_detector.py`. The `analyze_image`, `get_detected_objects`, and `get_results` functions should now be called with appropriate arguments to retrieve the results and analyze the image.
============================== END ==============================


[QAid]12216_0

[Code Extraction Failed or Parse Failed]

No Python code block found in completion.

Completion Content: 
The program will not have access to any tools as they are not available in this context.
============================== END ==============================


[QAid]12216_0

[Code Extraction Failed or Parse Failed]

No Python code block found in completion.

Completion Content: 
To answer the question based on the visual inputs provided, we need to find the relative positions of the white color dining table and the blue modern tv stand in the image.
============================== END ==============================

