
[QAid]6807_0

[Code does not include Tools Usage]
code: 
final_result = "1"

============================== END ==============================


[QAid]6807_0

[Code does not include Tools Usage]
code: 
final_result = "1 Doorway"

============================== END ==============================


[QAid]6807_0

[Code does not include Tools Usage]
code: 
final_result = "1"

============================== END ==============================


[QAid]6807_0

[Code does not include Tools Usage]
code: 
final_result = "1"

============================== END ==============================


[QAid]6807_0

[Code does not include Tools Usage]
code: 
final_result = "1"

============================== END ==============================


[QAid]6807_0

[Code does not include Tools Usage]
code: 
final_result = "1"

============================== END ==============================

