
============================== New Completed Execution ==============================
[EXEC CODE]

final_result = 'gray rectangular bed (highlighted by a blue box)'

[THE PRINT OUTPUT]

[GENERATE VALID FINAL_RESULT]
gray rectangular bed (highlighted by a blue box)

============================== END ==============================


============================== New Completed Execution ==============================
[EXEC CODE]

final_result = "gray rectangular bed (highlighted by a blue box)"

[THE PRINT OUTPUT]

[GENERATE VALID FINAL_RESULT]
gray rectangular bed (highlighted by a blue box)

============================== END ==============================


============================== New Completed Execution ==============================
[EXEC CODE]

final_result = 'gray rectangular bed (highlighted by a blue box)'

[THE PRINT OUTPUT]

[GENERATE VALID FINAL_RESULT]
gray rectangular bed (highlighted by a blue box)

============================== END ==============================


============================== New Completed Execution ==============================
[EXEC CODE]

final_result = "gray rectangular bed (highlighted by a blue box)"

[THE PRINT OUTPUT]

[GENERATE VALID FINAL_RESULT]
gray rectangular bed (highlighted by a blue box)

============================== END ==============================


============================== New Completed Execution ==============================
[EXEC CODE]

final_result = 'gray rectangular bed (highlighted by a blue box)'

[THE PRINT OUTPUT]

[GENERATE VALID FINAL_RESULT]
gray rectangular bed (highlighted by a blue box)

============================== END ==============================


============================== New Completed Execution ==============================
[EXEC CODE]

final_result = "gray rectangular bed"

[THE PRINT OUTPUT]

[GENERATE VALID FINAL_RESULT]
gray rectangular bed

============================== END ==============================


============================== New Completed Execution ==============================
[EXEC CODE]

final_result = "gray rectangular bed (highlighted by a blue box)"

[THE PRINT OUTPUT]

[GENERATE VALID FINAL_RESULT]
gray rectangular bed (highlighted by a blue box)

============================== END ==============================


============================== New Completed Execution ==============================
[EXEC CODE]

final_result = "gray rectangular bed (highlighted by a blue box)"

[THE PRINT OUTPUT]

[GENERATE VALID FINAL_RESULT]
gray rectangular bed (highlighted by a blue box)

============================== END ==============================

