--- Completion 1 ---
<command>
from object_detector import Object_Detector_Tool

final_result = Object_Detector_Tool.execute(image='path/to/interior_scene_image.png', saved_image_path='detected_objects', save_object=True)

if final_result:
    detected_objects = final_result['detected_objects']
    if final_result['object_number']:
        object_count = final_result['object_number']
else:
    detected_objects = []
    object_count = 0

if detected_objects:
    final_result = {
        'detected_objects': detected_objects,
        'object_count': object_count,
    }
    print(final_result)
else:
    print('No objects detected in the image.')
</command>
Reward: 1.0

--- Completion 2 ---
<command>
from object_detector import Object_Detector_Tool

def count_objects(image_path, labels=None, threshold=0.35, model_size='tiny', save_object=True, saved_image_path='detected_objects'):
    detected_objects = Object_Detector_Tool.execute(image_path, labels, threshold, 'tiny', save_object, saved_image_path)
    object_number = {}

    if detected_objects:
        for object_data in detected_objects['baseball']:
            object_number.update({"baseball": object_data['number']})

        for object_data in detected_objects['basket']:
            object_number.update({"basket": object_data['number']})

    return detected_objects, object_number

# Convert the question to a variable format
question = f"Count the number of Doorways in the scene."

# Call the function with the question and variable contents.
result = count_objects(image_path, question)
final_result = {"count of Doorways": len(result['baseball'])}
print(final_result)
</command>
Reward: 1.0

--- Completion 3 ---
<command>
from text_detector import TextDetector_Tool

# Demo command to see the result using simplified Chinese, German, and English. Ensure to adjust 'languages' to the correct languages.
result = TextDetector_Tool.execute(image='path/to/image.png', languages=['zh', 'de'])

# Convert detected text to a format suitable for an answer.
final_result = [{'Detected text': text}, {'Detected text': text}, {'Detected text': text}] for detected_text in result
</command>
Reward: 1.0

--- Completion 4 ---
<command>
from object_detector import Object_Detector_Tool

# Initialize the object detector tool with the necessary inputs
detector_tool = Object_Detector_Tool(
  input_types={
    "image": "/nfs/data8/liao/wxie/SAT/SAT_images_train/4961_0.png",
    "labels": ["baseball", "basket"],
    "threshold": 0.35,
    "model_size": "tiny",
    "save_object": True,
    "saved_image_path": "detected_objects"
  },
  output_types={
    "detected_objects": {"object_number": 2},
    "object_number": {"baseball": 1, "basket": 2}
  }
)

# Execute the object detection tool with the model detected using ``object_detector``
objects = detector_tool.execute()

final_result = (
  f"The model detected {objects['detected_objects']['baseball']} baseball in the image."
  f"It also found {objects['detected_objects']['basket']} basketball in the scene."
)

print(final_result)
</command>
Reward: 1.0

--- Completion 5 ---
<command>
from object_detector import Object_Detector_Tool

# Set the confidence threshold
object_detector_tool = Object_Detector_Tool()

# Get the image path
image_path = "/nfs/data8/liao/wxie/SAT/SAT_images_train/4961_0.png"

# Execute the object detection (max retries are 5)
result = object_detector_tool.execute(image=image_path, labels=["baseball", "basket"], save_object=True, saved_image_path="detected_objects")

# Get the detected objects count
detected_objects = result[0]

# Get the total detected objects count
total_detection_count = result[1]

final_result = f"A total of {total_detection_count} detection objects were detected in the image."

# Check if additional text detection was performed
if "Detected text" in detected_objects[0]:
    print("Additional text detection detected:")
    for block in detected_objects:
        print(f"Detected text: {block[2]}, Confidence score: {block[3]}")
else:
    print("No additional text detection performed.")

finally:
    # Clean up the object model if the save_object option is set to False
    if not object_detector_tool.save_object:
        del object_detector_tool
</command>

final_result: f"A total of 120 detection objects were detected in the image."
Reward: 0.0

--- Completion 6 ---
<command>
from object_detector import Object_Detector_Tool

final_result = Object_Detector_Tool.execute(image='path/to_image.png', labels=['baseball', 'basket'], save_object=True, saved_image_path="detected_objects")

print(f"Number of baseballs found: {final_result['baseball']}")
print(f"Number of baskets found: {final_result['basket']}")
</command>
Reward: 1.0

