
[Exctuion Failed]

No module named 'object_detector_tool'
code: 

from object_detector_tool import Object_Detector_Tool

final_result = Object_Detector_Tool().execute(image='/nfs/data8/liao/wxie/SAT/SAT_images_train/5362_0.png', labels=['HousePlants'], save_object=False, saved_image_path='untitled')
len(final_result[0]['baseball'])


============================== END ==============================


[Exctuion Failed]

invalid syntax (<string>, line 1)
code: 
from_module: "object_detector", import_name: "Object_Detector_Tool"


============================== END ==============================


[Exctuion Failed]

No module named 'object_detector_tool'
code: 

from object_detector_tool import Object_Detector_Tool

final_result = {
    "objects": {
        "baseball": []
    },
    "count": 0
}


============================== END ==============================


[Exctuion Failed]

No module named 'tool_object_detection'
code: 

from tool_object_detection import Object_Detector_Tool

result = Object_Detector_Tool().execute(image='path/to/image', labels=[0], save_object=True, saved_image_path='detected_objects')
final_result = (result, {'0': result})

if result:
   print("Total count of HousePlants: ", len([i[0][0][0] for i in result]))
else:
   print("None of the plant labels were detected in the image.")


============================== END ==============================

