
[QAid]3904_0

[Code does not include Tools Usage]
code: 
import object_detector  # Import the Object_Detector_Tool tool class

final_result = "2"  # Final result


============================== END ==============================


[QAid]3904_0

[Code does not include Tools Usage]
code: 
final_result = "4"

============================== END ==============================


[QAid]3904_0

[Code does not include Tools Usage]
code: 
final_result = "3"

============================== END ==============================


[QAid]3904_0

[Code does not include Tools Usage]
code: 
final_result = '2'  # '2' represents the number 2

============================== END ==============================


[QAid]3904_0

[Code does not include Tools Usage]
code: 
final_result = "4"

============================== END ==============================


[QAid]3904_0

[Code does not include Tools Usage]
code: 
final_result = "2"

============================== END ==============================

