--- Completion 1 ---
<command>Coding to retrieve information from the image's bounding boxes is unnecessary because we can directly identify one object. The text detection tool is more appropriate for this problem.

As the final result, we can use a simple Python list to store the number of identified items.

<command>final_result = [1] </command>
Reward: 0.5

--- Completion 2 ---
<command>final_result = 1</command>
Reward: 0.5

--- Completion 3 ---
<command>final_result = 1</command>
Reward: 0.5

--- Completion 4 ---
<command>final_result = 1</command>
Reward: 0.5

--- Completion 5 ---
<command>final_result = 1
</command>
Reward: 0.5

--- Completion 6 ---
<command>final_result = 1</command>
Reward: 0.5

