
[Exctuion Failed]

cannot import name 'save_object' from 'object_detector' (/home/stud/wxie/miniconda3/envs/VisualThinker/lib/python3.11/site-packages/object_detector/__init__.py)
code: 

from object_detector import Object_Detector_Tool, save_object, detected_objects, object_number

# Define labels, confidence threshold, model size, and save directory
labels = ['baseball', 'basket']
confidence_threshold = 0.35
model_size = 'tiny'
saved_image_path = 'detected_objects'

# Execute the object detector
obj = Object_Detector_Tool.conf_int(threshold=confidence_threshold, model_size=model_size)

# Detect and save objects if required
if save_object:
  save_object(obj['detected_objects'], saved_image_path)

final_result = [
  {
    'label': [obj['labels'][i]] if 'labels' in obj else [],
    'num': obj['label_number'][i] if 'label_number' in obj else []
  } for i in range(len(obj['detected_objects']))]


============================== END ==============================


[Exctuion Failed]

name 'imgpath' is not defined
code: 

from object_detector import Object_Detector_Tool

import_name = 'Object_Detector_Tool'
demo_command = "generated_lines"

saved_image_path = 'detected_objects'
saved_image_path_default = 'detected_objects'

labels = ['baseball', 'basket']
threshold = 0.35
model_size = 'base'

saved_image_path = saved_image_path
detected_objects, object_number = Object_Detector_Tool.execute(image=imgpath, labels=labels, save_object=True, saved_image_path=saved_image_path)

detected_objects = [{'box': (x1, y1, x2, y2), 'score': score, 'saved_image_path': path} for _, result in detected_objects.items()]
detected_objects = [{'box': (box[0], box[1], box[2], box[3]), 'score': score, 'saved_image_path': saved_image_path_default + f"/{image}"}] + detected_objects
object_number = len(detected_objects)

final_result = {label: {'box': (bbox[0], bbox[1], bbox[2], bbox[3]), 'score': obj_score, 'count': len(detected_objects)} for label, obj_dict in detected_objects.items()}
if save_object:
    for image in saved_objects:
        Image.open(image).save(os.path.join(root, image), format='PNG')


============================== END ==============================


[Exctuion Failed]

No module named 'Object_Detector_Tool'
code: 

from Object_Detector_Tool import Object_Detector_Tool

# Calculate the total number of objects detected in the scene
total_objects = len(Object_Detector_Tool.execute(image="path/to_image.png", save_object=True, saved_image_path="detected_objects"))

final_result = {"Doorways": total_objects}


============================== END ==============================


[Exctuion Failed]

Object_Detector_Tool.execute() missing 1 required positional argument: 'self'
code: 

from object_detector import Object_Detector_Tool

final_result = Object_Detector_Tool.execute(image='path/to/image.png', labels=['chair', 'table'], save_object=True, saved_image_path='detected_objects')


============================== END ==============================

