
[QAid]3170_0

[Code Extraction Failed or Parse Failed]

unexpected indent (<unknown>, line 2)

Completion Content: 
<command>
 final_result = "3"
</command>
[QAid]3170_0

[Code Extraction Failed or Parse Failed]

No Python code block found in completion.

Completion Content: 
final_result = "3"
[QAid]3170_0

[Code Extraction Failed or Parse Failed]

No Python code block found in completion.

Completion Content: 
final_result = "5"
[QAid]3170_0

[Code Extraction Failed or Parse Failed]

No Python code block found in completion.

Completion Content: 
final_result = "1"
[QAid]3170_0

[Code Extraction Failed or Parse Failed]

No Python code block found in completion.

Completion Content: 
final_result: "4"