
[Exctuion Failed]

invalid syntax (<string>, line 3)
code: 

import object_detector
from_module: object_detector, import_name: object_detector

result = object_detector.execute(image='path/to/image.png', labels=['CounterTops'], save_object=True, saved_image_path='detected_objects')

final_result = {'labels': ['CounterTops'], 'object_count': result}


============================== END ==============================


[Exctuion Failed]

Object_Detector_Tool.execute() missing 2 required positional arguments: 'self' and 'labels'
code: 

from object_detector import Object_Detector_Tool

final_result = Object_Detector_Tool.execute(image='path/to/image.png')

print(final_result)


============================== END ==============================


[Exctuion Failed]

Object_Detector_Tool.execute() missing 1 required positional argument: 'self'
code: 

from object_detector import Object_Detector_Tool

final_result = Object_Detector_Tool.execute(image='path/to/image.png', labels=['counter'], threshold=0.35, save_object=False, saved_image_path='counter')
print(final_result)


============================== END ==============================


[Exctuion Failed]

Object_Detector_Tool.execute() missing 1 required positional argument: 'self'
code: 

from object_detector import Object_Detector_Tool

final_result = Object_Detector_Tool.execute(image='path/to/image.png', labels=['CounterTop'], save_object=False)
print(final_result)


============================== END ==============================


[Exctuion Failed]

cannot import name 'ObjectDetectorTool' from 'object_detector' (/home/stud/wxie/miniconda3/envs/VisualThinker/lib/python3.11/site-packages/object_detector/__init__.py)
code: 

from object_detector import ObjectDetectorTool

final_result = ObjectDetectorTool.execute(image='path/to/image.png', labels=['CounterTop'], save_object=True, saved_image_path='detected_objects')
print(final_result)


============================== END ==============================


[Exctuion Failed]

Object_Detector_Tool.execute() missing 3 required positional arguments: 'self', 'image', and 'labels'
code: 

from object_detector import Object_Detector_Tool

# Initialize the tool with the image path
final_result = Object_Detector_Tool.execute()
print(final_result)


============================== END ==============================

