
[QAid]232_0

[Code does not include Tools Usage]
code: 
final_result = "5"

============================== END ==============================


[QAid]232_0

[Code does not include Tools Usage]
code: 
final_result = "4"

============================== END ==============================


[QAid]232_0

[Code does not include Tools Usage]
code: 
final_result = "4"

============================== END ==============================


[QAid]232_0

[Code does not include Tools Usage]
code: 
final_result = "3"

============================== END ==============================


[QAid]232_0

[Code does not include Tools Usage]
code: 
final_result = "3"

============================== END ==============================


[QAid]232_0

[Code does not include Tools Usage]
code: 
final_result = "4"

============================== END ==============================

