
[EXECUTION EXCEPTION]
unterminated string literal (detected at line 16) (<string>, line 16)
code:from object_detector import Object_Detector_Tool

# Load object detector tool
tool = Object_Detector_Tool()

# Read image file
image_path = '/home/stud/wxie/BLINK_Dataset/Counting/val/images/val_Counting_42_image_1.jpg'
label = "baseball"
save_object = True

# Detect and save objects
detected_objects, object_count = tool.execute(image=image_path, labels=[label], save_object=save_object, saved_image_path="detected_objects")

# Check if objects were detected
if detected_objects:
    labels = [f"{obj[0] if 'boxes' in obj else 'unknown'} for obj in detected_objects.values() if 'boxes' in obj]
    for label in labels:
        print(f"{label}: {len(detected_objects[label])} objects detected.")

    # Check if the count exceeds 3 (D is the highest option in Question: C(D))
    if object_count[final_result] > 3:
        final_result = final_result if object_count[final_result] == object_count[final_result - 1] else (final_result if object_count[final_result] > 1 else "D")
        print(f"Final result: {final_result}")

[EXECUTION EXCEPTION]
invalid syntax (<string>, line 1)
code::
from object_detector import object_detector

# Step 1: Load the image and labels
image_path = "/home/stud/wxie/BLINK_Dataset/Counting/val/images/val_Counting_42_image_1.jpg"  # Replace with the actual image path
labels = ["baseball", "basket"]  # Replace with actual labels

# Step 2: Detect objects using the object_detector tool
results = object_detector.image(image=image_path, labels=labels, threshold=0.45, model_size="tiny")
count_results = results[3]

# Step 3: Count the flower pots with flowers
flower_pots = [pots for label, pots in results[0].values() if label == "baseball" and any(c for c in label if c == "basketball")]
flower_pot_count = sum(1 for _ in flower_pots)

final_result = ("D", flower_pot_count, count_results)

[EXECUTION EXCEPTION]
Object_Detector_Tool.execute() missing 1 required positional argument: 'self'
code:from object_detector import Object_Detector_Tool

# Path to the image file
image_path = '/home/stud/wxie/BLINK_Dataset/Counting/val/images/val_Counting_42_image_1.jpg'

# Call the function
detected_objects = Object_Detector_Tool.execute(image=image_path, labels=["bike"], save_object=True, saved_image_path="detected_objects")

# Analyze the detected objects
detected_objects_total_count = {labels[0]: len(detected_objects)}

final_result = [labels for labels in detected_objects_total_count.keys()][final_result]

[EXECUTION EXCEPTION]
Object_Detector_Tool.execute() missing 1 required positional argument: 'self'
code:from object_detector import Object_Detector_Tool

tool_image_path = "/home/stud/wxie/BLINK_Dataset/Counting/val/images/val_Counting_42_image_1.jpg"
tool_labels = ['baseball', 'basket']

tool_results = Object_Detector_Tool.execute(image=tool_image_path, labels=tool_labels)

[EXECUTION EXCEPTION]
invalid syntax (<string>, line 1)
code:<from_module>: Object_Detector_Tool, object_classes: ['sky', 'sidewalk']

[EXECUTION EXCEPTION]
object_detector.tool.Object_Detector_Tool.execute() got multiple values for keyword argument 'labels'
code:from object_detector import Object_Detector_Tool

# paths to images and labels
image_path = "/home/stud/wxie/BLINK_Dataset/Counting/val/images/val_Counting_42_image_1.jpg"
labels = ["baseball", "basket"]

# define detection settings
options = {"model_size": "base", "save_object": True, "threshold": 0.4, "labels": labels}

# execute detection
detected_objects, object_number = Object_Detector_Tool.execute(image_path=image_path, labels=labels, **options)

# calculate total counts of flowers
total_flower_counts = sum([len(detected_objects["flowers"]) for _, detected_objects in detected_objects.values()])

final_result = int(total_flower_counts)
print(final_result)
