
============================== NEW SCCESSFUL EXECUTION ==============================
[EXEC CODE]
from object_detector import Object_Detector_Tool

detector_tool = Object_Detector_Tool()

try:
    # Call the tool with the example input
    detected_objects, object_number = detector_tool.execute(image="/home/stud/wxie/BLINK_Dataset/Counting/val/images/val_Counting_42_image_1.jpg", labels=["flowers", "green"], save_object=True, saved_image_path="detected_objects")
    
    # Analyze the data to determine the flower pots
    flower_pots = [flower_pot["boxes"] for flower_pot in detected_objects.get("flowers", ())]
    
    # Count the flower pots
    num_flower_pots = len(detected_objects.get("flowers", []))
except Exception as e:
    # Handle any exceptions that occur during the execution
    print(f"Error: {e}")
    final_result = "None"
    
else:
    final_result = f"{num_flower_pots} flower pots in the image"
        
print(f"The number of flower pots in the image is: {final_result}")
[THE PRINT OUTPUT]
Error building the Object Detection tool: Cannot re-initialize CUDA in forked subprocess. To use CUDA with multiprocessing, you must use the 'spawn' start method
Error detecting objects: Failed to build the Object Detection tool.
Failed to detect objects after 10 attempts.
Error: not enough values to unpack (expected 2, got 0)
The number of flower pots in the image is: None

[GENERATE FINAL_RESULT]
None
