
[QAid]6871_0

[Code does not include Tools Usage]
code: 
final_result = "2"  # The number of doorways visible in the scene is 2

============================== END ==============================


[QAid]6871_0

[Code does not include Tools Usage]
code: 
final_result = "2"

============================== END ==============================


[QAid]6871_0

[Code does not include Tools Usage]
code: 
final_result = "2"

============================== END ==============================


[QAid]6871_0

[Code does not include Tools Usage]
code: 
final_result = "2"

============================== END ==============================


[QAid]6871_0

[Code does not include Tools Usage]
code: 
final_result = "2"

============================== END ==============================


[QAid]6871_0

[Code does not include Tools Usage]
code: 
final_result = "2"  # Assuming the number of doorways visible is 2
============================== END ==============================

