
[Exctuion Failed]

closing parenthesis '}' does not match opening parenthesis '(' (<string>, line 8)
code: 

from object_detector import Object_Detector_Tool

# Execute the object detection tool
result = Object_Detector_Tool.execute(image="/nfs/data8/liao/wxie/SAT/SAT_images_train/10293_0.png", labels=["shower cup"], save_object=True)

# Extract the number of objects detected and their attributes
object_number = {"shower cup": len(result[1]}[1]}
final_result = [1] + list(zip(object_number, result[1][2].values()))[:-1]


============================== END ==============================


[Exctuion Failed]

Object_Detector_Tool.execute() missing 1 required positional argument: 'self'
code: 

from object_detector import Object_Detector_Tool

final_result = Object_Detector_Tool.execute(image='path/to_image.png', labels=['Dresser'], save_object=False)
print(final_result)


============================== END ==============================


[Exctuion Failed]

Object_Detector_Tool.execute() missing 1 required positional argument: 'self'
code: 

from object_detector import Object_Detector_Tool

final_result = Object_Detector_Tool.execute(image='path/to/image.png', labels=['doll', 'basketball'], save_object=True, saved_image_path='detected_objects')

print("Dressers detected:", final_result[1])
print("The total number of dressers detected in the image is:", final_result[0]['dresser'])


============================== END ==============================


[Exctuion Failed]

Object_Detector_Tool.execute() missing 1 required positional argument: 'self'
code: 

from object_detector import Object_Detector_Tool

final_result = Object_Detector_Tool.execute(image='path/to/in_scene.jpg', labels=['Dressers'], save_object=True, saved_image_path='detected_objects')

print(final_result)


============================== END ==============================


[Exctuion Failed]

Object_Detector_Tool.execute() missing 2 required positional arguments: 'self' and 'labels'
code: 

from object_detector import Object_Detector_Tool

final_result = Object_Detector_Tool.execute(image='path_to_image.png', save_object=False)
print(final_result)


============================== END ==============================


[Exctuion Failed]

Object_Detector_Tool.execute() missing 1 required positional argument: 'self'
code: 

from object_detector import Object_Detector_Tool

final_result = Object_Detector_Tool.execute(image="path_to_your_image.png",
                                           labels=["Dresser"], save_object=True, saved_image_path="detected_objects")

print(final_result)


============================== END ==============================

