--- Completion 1 ---
final_result
Reward: 0.0

--- Completion 2 ---
final_result
Reward: 0.0

--- Completion 3 ---
final_result = 1 if 'television' in images else 0

print(final_result)
Reward: 0.0

--- Completion 4 ---
To count the number of TVs in the image, use the Pixel_Performance_Tool. This tool can estimate the pixel-level depth from an image, which is useful for distance estimation.
<html>
<body>
<p>Here is a Python-based model to efficiently generate a formula that can estimate the number of TVs in a given space with pixel-level depth estimation:</p>
<p><code class="language-python"><span class="highlight"><span class="highlight-keyword">def</span> <span class="highlight-python">count_tvs</span>(<span class="highlight-keyword">self</span>, image_file, detections=None, maximum=None):
    # Load image and extract relevant information
    image = self. ImageMaster.aOpenImage(\
                                            image=...</code></span></modaledb>
</legend>
</body>
</html>
Reward: 0.0

--- Completion 5 ---
In the image provided, there is one television visible. The Python program will output the result with the value "1".
Reward: 0.0

--- Completion 6 ---
final_result = 1
print(final_result)
Reward: 0.0

--- Completion 7 ---
<command>
Reward: 0.0

