--- Completion 1 ---
<button>Command</button>: <command>final_result = Text_Detector_Tool.execute(image='path/to/image.png', languages=['en', 'de'])</command>
Reward: 0.0

--- Completion 2 ---
<command>
from object_detector import Object_Detector_Tool

final_result = {}
object_count = {}
chair_count = 0
table_count = 1

 Chairs = 1
 Table = 0

 Chair_label = ''

 for chair in chair_in_chairs:
   # Get bounding box and score
   chair_box = chair.get_bbox()
   chair_score = chair.get_score()

   chair_count += 1
   if chair_score is None:
       final_result["chair_count"] += 1
       continue

   char_label = chair.get_label()

   if chair_box[0] <= X_MIN and chair_box[2] <= X_MAX and chair_box[1] <= Y_MIN and chair_box[3] <= Y_MAX:



   # Save chair image
   if chair.get_label() == chair_label:
       chair_bbox = chair.get_bbox()
       chair_score = chair.get_score()
       file_name = f"{ chair_bbox[0]:.2f}x{ chair_bbox[1]:.2f}.png"
       with open(f"{ saved_path}/{file_name}", "wb") as f:
           f.write(char_bbox.encode())
           f.seek(header_pos)
```

</command>
Reward: 0.5

--- Completion 3 ---
<command>final_result = 14</command>
Reward: 0.5

--- Completion 4 ---
<command>final_result = sum([len(results) for _, results in detected_objects.items()])\n\tfinal_result</command>
Reward: 0.5

--- Completion 5 ---
<command>final_result = ["3", "Chairs"]</command>
Reward: 0.5

--- Completion 6 ---
<command>
from object_detector import Object_Detector_Tool

# Demo settings
demo_settings = {
  "image": "/nfs/data8/liao/wxie/SAT/SAT_images_train/13654_0.png",
  "labels": ["椅子"],
  "threshold": 0.45,
  "model_size": "base",
  "save_object": True,
  "saved_image_path": "detected_objects"
}

# Run the object detection demo
result = Object_Detector_Tool.execute(**demo_settings)
print(result)
</command>
Reward: 0.5

