
[EXECUTION EXCEPTION]
Object_Detector_Tool.execute() missing 1 required positional argument: 'self'
code:from object_detector import Object_Detector_Tool

final_result = "A"
# Detect the white umbrellas
detected_objects, object_number = Object_Detector_Tool.execute(image="/home/stud/wxie/BLINK_Dataset/Counting/val/images/val_Counting_67_image_1.jpg", labels=["umbrella", "umbrella"], save_object=False)

for label in detected_objects["labels"]:
    if "umbrella" in label["name"] and label["count"]:
        final_result = label["name"]
        break

final_result

[EXECUTION EXCEPTION]
Object_Detector_Tool.execute() missing 1 required positional argument: 'self'
code:from object_detector import Object_Detector_Tool

detected_objects, object_number = Object_Detector_Tool.execute(image="/path/to/image.png", labels=["white", "umbrella"], save_object=True, saved_image_path="detected_objects")
final_result = detected_objects['boxes'] == ["white", "umbrella"] and object_number == 2

print(f'Count of white umbrellas: {final_result}')

[EXECUTION EXCEPTION]
unterminated triple-quoted string literal (detected at line 21) (<string>, line 19)
code:from object_detector import Object_Detector_Tool

final_result = "B"

detector_tool = Object_Detector_Tool()
image_path = "/home/stud/wxie/BLINK_Dataset/Counting/val/images/val_Counting_67_image_1.jpg"
labels = ["white"]

saved_image_path = None

detector_tool.execute(image=image_path, labels=labels, save_object=True, saved_image_path=saved_image_path)
if saved_image_path:
    detected_objects = detector_tool.output_types[0][0]
    for detected_object in detected_objects:
        if f"white_{detected_object}" in detected_object:
            final_result = f"{final_result}, {detected_object}"
else:
    final_result = f"""No white umbrellas found in image '{image_path}'"""
"""

print(final_result)
