
[QAid]12936_0

[Code Extraction Failed or Parse Failed]

No Python code block found in completion.

Completion Content: 
final_result = "brown wooden dresser with three drawers (highlighted by a blue box)"
[QAid]12936_0

[Code Extraction Failed or Parse Failed]

No Python code block found in completion.

Completion Content: 
final_result = "brown wooden dresser with three drawers (highlighted by a blue box)"
[QAid]12936_0

[Code Extraction Failed or Parse Failed]

No Python code block found in completion.

Completion Content: 
final_result = "brown wooden dresser with three drawers (highlighted by a blue box)"
[QAid]12936_0

[Code Extraction Failed or Parse Failed]

No Python code block found in completion.

Completion Content: 
final_result = "brown wooden dresser with three drawers (highlighted by a blue box)
[QAid]12936_0

[Code Extraction Failed or Parse Failed]

No Python code block found in completion.

Completion Content: 
final_result = "brown wooden dresser with three drawers (highlighted by a blue box)"
[QAid]12936_0

[Code Extraction Failed or Parse Failed]

No Python code block found in completion.

Completion Content: 
final_result = "brown wooden dresser with three drawers"
[QAid]12936_0

[Code Extraction Failed or Parse Failed]

No Python code block found in completion.

Completion Content: 
<module>
final_result = "brown wooden dresser with three drawers (highlighted by a blue box)"