--- Completion 1 ---
<command>
from Object_Detector_Tool import Object_Detector_Tool

final_result = Object_Detector_Tool.execute(image='path_to_your_image', labels=['baseball', 'basket'], save_object=True, saved_image_path='detected_objects')

detected_objects, object_number = final_result['detected_objects']

detected_objects
</command>
Reward: 1.0

--- Completion 2 ---
<command>
from object_detector import Object_Detector_Tool

final_result = Object_Detector_Tool().execute(image='9420_0.png', labels=[1, 2], save_object=True, saved_image_path='detected_objects')
print(final_result)
</command>
Reward: 1.0

--- Completion 3 ---
<command>
from object_detector import Object_Detector_Tool

final_result = Object_Detector_Tool.execute(image='/nfs/data8/liao/wxie/SAT/SAT_images_train/9420_0.png', labels=['DiningTable'], save_object=True, saved_image_path='DiningTables')
print(final_result)
</command>
Reward: 1.0

--- Completion 4 ---
<command>
from object_detector import Object_Detector_Tool

final_result = Object_Detector_Tool().execute(image='path_to_your_image.jpg', labels=['baseball', 'basket'], save_object=True, saved_image_path='detected_objects')
</command>
Reward: 1.0

--- Completion 5 ---
<command>
from object_detector import Object_Detector_Tool

# Use the object_detector tool to detect objects in the image
object_detector_tool = Object_Detector_Tool()
detected_objects, object_number = object_detector_tool.execute(image="path/to_image", labels=["baseball", "basket"], save_object=True, saved_image_path="detected_objects")

final_result = {
    "number of dining tables": 1 if object_number["baseball"] <= 1 else 0
}
</command>
Reward: 1.0

--- Completion 6 ---
<command>
from object_detector import Object_Detector_Tool

saved_object = False
save_path = "detected_objects"
image_path = "/nfs/data8/liao/wxie/SAT/SAT_images_train/9420_0.png"  # path where the image is located
labels = ['baseball', 'basket']

try:
    detected_objects, object_number = Object_Detector_Tool().execute(image=image_path,
                                                                     labels=labels, save_object=saved_object,
                                                                     saved_image_path=save_path)

    # Assuming text detection was successful
    text_blocks = Object_Detector_Tool().execute(image=image_path, languages=['en', 'de'], detail=0)  # Text detection here

    final_result = f"Detected objects: {object_number} objects detected, image_path: {image_path}\nDetected text:\n{text_blocks}"
except Exception as e:
    final_result = "ObjectDetectorTool error: " + str(e)

print(final_result)
</command>
Reward: 1.0

