
[QAid]11171_0

[Code does not include Tools Usage]
code: 
final_result = "1"

============================== END ==============================


[QAid]11171_0

[Code does not include Tools Usage]
code: 
final_result = "1"

============================== END ==============================


[QAid]11171_0

[Code does not include Tools Usage]
code: 
final_result = "1"

============================== END ==============================


[QAid]11171_0

[Code does not include Tools Usage]
code: 
final_result = "1"

============================== END ==============================


[QAid]11171_0

[Code does not include Tools Usage]
code: 
final_result = "1"  # Assuming there is exactly one painting visible in the scene

============================== END ==============================


[QAid]11171_0

[Code does not include Tools Usage]
code: 
final_result = "1"

============================== END ==============================

