
[Exctuion Failed]

Object_Detector_Tool.execute() missing 1 required positional argument: 'self'
code: 

from object_detector import Object_Detector_Tool

final_result = Object_Detector_Tool.execute(image='path/to/image.png', labels=['laptop'])
print(final_result)


============================== END ==============================


[Exctuion Failed]

Object_Detector_Tool.execute() got an unexpected keyword argument 'save_object_path'
code: 

from object_detector import Object_Detector_Tool

final_result = Object_Detector_Tool.execute(
  image="/nfs/data8/liao/wxie/SAT/SAT_images_train/708_0.png",

  labels=['laptop'],
  save_object=True,

  save_object_path="/nfs/data8/liao/wxie/SAT/SAT_images_train/708_0_save",
)
print(final_result)


============================== END ==============================


[Exctuion Failed]

Object_Detector_Tool.execute() missing 1 required positional argument: 'self'
code: 

from object_detector import Object_Detector_Tool
final_result = Object_Detector_Tool.execute(image='/path/to/image.png', labels=['laptop', 'mouse'], threshold=0.35, model_size='base', save_object=True)
print(final_result)


============================== END ==============================


[Exctuion Failed]

Object_Detector_Tool.execute() missing 1 required positional argument: 'self'
code: 

from object_detector import Object_Detector_Tool

final_result = Object_Detector_Tool.execute(image='path/to/image.png', labels=['Laptop'], threshold=0.35, model_size='tiny', save_object=True)
print(final_result)


============================== END ==============================


[Exctuion Failed]

No module named 'Object_Detector_Tool'
code: 

from Object_Detector_Tool import object_detector
final_result = object_detector.execute(image='path/to/image.png', labels=['laptop'])
print(final_result)


============================== END ==============================


[Exctuion Failed]

Object_Detector_Tool.execute() missing 1 required positional argument: 'self'
code: 

from object_detector import Object_Detector_Tool

final_result = Object_Detector_Tool.execute(image='path/to_image.png', labels=['laptop', 'table'], save_object=True, saved_image_path='detected_objects')
print(final_result)


============================== END ==============================

