
[QAid]9413_0

[Code Extraction Failed or Parse Failed]

No Python code block found in completion.

Completion Content: 
final_result: "above"
[QAid]9413_0

[Code Extraction Failed or Parse Failed]

No Python code block found in completion.

Completion Content: 
final_result = "below"
[QAid]9413_0

[Code Extraction Failed or Parse Failed]

No Python code block found in completion.

Completion Content: 
final_result = Text_Detector_Tool.execute(image='path/to/image.png', languages=['en', 'de'])[0][0][0]  # Detect English and German text

if final_result:
    
    detected_languages = final_result[1][1]
    languages_used = [result[1][1] for result in final_result]

    for language in languages_used:
        for det_lang in detected_languages:
            if det_lang == language:
                detected_languages.remove(det_lang)
else:
    detected_languages = False

if detected_languages:
    print("detected_languages:", detected_languages)
    print("languages_used:", languages_used)
else:
    print("No detected languages found.")
[QAid]9413_0

[Code Extraction Failed or Parse Failed]

No Python code block found in completion.

Completion Content: 
final_result = "above"
[QAid]9413_0

[Code Extraction Failed or Parse Failed]

No Python code block found in completion.

Completion Content: 
final_result = "below"
[QAid]9413_0

[Code Extraction Failed or Parse Failed]

No Python code block found in completion.

Completion Content: 
# Python code to execute the image detection tool
import object_detector
detected_objects, object_number = object_detector.execute(image='path/to/image.jpg', labels=['baseball', 'basket'], save_object=True, saved_image_path='detected_objects')
print(f"Detected objects: {detected_objects}")
print(f"Total objects number: {object_number}")

# Test the 'text_detector' tool
import text_detector
results = text_detector.execute(image='path/to/image.jpg', languages=['en', 'de'])
print(f"Detected texts: {results}")
print(f"Confidence score results: {results[0]}")
[QAid]9413_0

[Code Extraction Failed or Parse Failed]

No Python code block found in completion.

Completion Content: 
final_result = "above"
[QAid]9413_0

[Code Extraction Failed or Parse Failed]

No Python code block found in completion.

Completion Content: 
final_result = "above"
# Print the final answer
print(final_result)