--- Completion 1 ---
<command>
from object_detector import Object_Detector_Tool

final_result = Object_Detector_Tool().execute(image="path/to/image", labels=["baseball", "basket"], save_object=True, saved_image_path="detected_objects")
print(final_result)
</command>
Reward: 1.0

--- Completion 2 ---
<command>from object_detector import Object_Detector_Tool
final_result = Object_Detector_Tool().execute(image="path_to_your_image", labels=["baseball", "basket"], save_object=True, saved_image_path="detected_objects")
print(final_result)
</command>
Reward: 1.0

--- Completion 3 ---
<command>
from object_detector import Object_Detector_Tool
final_result = Object_Detector_Tool().execute(image="/nfs/data8/liao/wxie/SAT/SAT_images_train/11913_0.png", labels=["baseball", "basket"], save_object=True, saved_image_path="detected_objects")
print(final_result)
</command>
Reward: 1.0

--- Completion 4 ---
<command>from object_detector import Object_Detector_Tool
final_result = Object_Detector_Tool().execute(image="/nfs/data8/liao/wxie/SAT/SAT_images_train/11913_0.png", labels=[["baseball", "basket"]], save_object=True, saved_image_path="detected_objects")

print(final_result)
</command>
Reward: 1.0

--- Completion 5 ---
<command><div style="display: inline-block;">
<canvas style="display: inline;" width="300" height="300"></canvas>
<canvas style="display: inline;" width="300" height="300"></canvas>
</div>
<script>
// Object_Detector_Tool example with specific parameters
let detect_result = Object_Detector_Tool().execute(image="path/to/image", labels=["baseball", "basket"], save_object=true, saved_image_path="detected_objects");

// Text_Detector_Tool example with specific parameters
let text_result = Text_Detector_Tool().execute(image="path/to/image", languages=["en", "de"], detail=1);

// Concatenate the detection results and text blocks
let final_result = [detect_result, text_result];

// Filter the text blocks with 'baseball'
let filtered_text_blocks = final_result.filter(text => text?.[0].text?.toLowerCase().includes("baseball"));

console.log(filtered_text_blocks);
</script>
</command>
Reward: 1.0

--- Completion 6 ---
<command>from object_detector import Object_Detector_Tool 

final_result = Object_Detector_Tool().execute(image="/nfs/data8/liao/wxie/SAT/SAT_images_train/11913_0.png", labels=["baseball","basket"], save_object=True, saved_image_path="detected_objects")

print(final_result)
</command>
Reward: 1.0

