
[QAid]14101_0

[Code does not include Tools Usage]
code: 
final_result = "1"

============================== END ==============================


[QAid]14101_0

[Code does not include Tools Usage]
code: 
final_result = "1"

============================== END ==============================


[QAid]14101_0

[Code does not include Tools Usage]
code: 
final_result = "1"

============================== END ==============================


[QAid]14101_0

[Code does not include Tools Usage]
code: 
final_result = "4"

============================== END ==============================


[QAid]14101_0

[Code does not include Tools Usage]
code: 
final_result = "1" if len(image) > 1 and "baseball" in image else "0"

============================== END ==============================


[QAid]14101_0

[Code does not include Tools Usage]
code: 
final_result = "1"  

============================== END ==============================

