--- Completion 1 ---
final_result = 1
Reward: 0.0

--- Completion 2 ---
To determine the number of televisions in the scene, we need to analyze the image and identify the largest objects that resemble televisions.
The Image_Detector_Tool can be used to detect and analyze the objects in the image. We can use the "detect_objects" function and specify the "labels" parameter to look for televisions. The "threshold" parameter can be set to a low value to improve precision but may decrease recall, while the "model_size" parameter determines the level of detail in the detection. Finally, the "save_object" parameter can be set to True to save the detected objects as images.
<command>
```py
import os
import cv2

def count_television_images(image_path):
    # Attempt to open the image file.
    try:
        image = cv2.imread(image_path)
    except cv2.error:
        print("Error opening image file.")
        return 0

    # Set the default threshold to 0.35 for simplicity.
    threshold = 0.35
    model_size = "tiny"
    save_object = True
    saved_image_path = "detected_objects/"

    # Call the detection function to detect televisions in the image.
    result = Image_Detector_Tool.execute(image=image, labels=["television"], threshold=threshold, model_size=model_size, save_object=save_object, saved_image_path=saved_image_path)

    # Count and print the number of detected televisions.
    num_television_detected = 0
    for detected_objects in result[1]:
        if (len(detected_objects["box"]) > 0) and (detected_objects["score"] >= 0.8):
            num_television_detected += 1

    return num_television_detected

# Execute the function with the image file path.
num_overview_pics = count_television_images("path_to_image.jpg")
print(f"Number of televisions found in the image: {num_overview_pics}")
```
Reward: 0.0

--- Completion 3 ---
1
Reward: 0.0

--- Completion 4 ---
To answer the question based on the visual input, we can use the Object_Detector_Tool tool. Here's the Python code:

```python
final_result = 1  # number of televisions visible
```
Reward: 0.0

--- Completion 5 ---
vis_depth.py
Reward: 0.0

--- Completion 6 ---
final_result = 1
print(final_result)
Reward: 0.0

--- Completion 7 ---
final_result = 1
print(final_result)
Reward: 0.0

--- Completion 8 ---
len(detected_objects)
Reward: 0.0

