--- Completion 1 ---
<command>from object_detector import Object_Detector_Tool
final_result = "7"

# Test the tool with the provided image and output the result
final_result = Object_Detector_Tool.execute(image="/nfs/data8/liao/wxie/SAT/SAT_images_train/8158_0.png", labels=["chair"], threshold=0.35, saved_image_path="detected_objects")

print(final_result)
</command>
Reward: 0.5

--- Completion 2 ---
<command>final_result = "7"
</command>
Reward: 0.5

--- Completion 3 ---
<command>final_result = "7"
</command>
Reward: 0.5

--- Completion 4 ---
<command>final_result = "6"
</command>
Reward: 0.5

--- Completion 5 ---
<command>final_result = "7"  # The number of chairs visible in the scene
</command>
Reward: 0.5

--- Completion 6 ---
<command>final_result = "7"
</command>
Reward: 0.5

