
============================== New Completed Execution ==============================
[EXEC CODE]
final_result = "0"

if len(final_result) == 4 or (len(final_result) == 1):
    print(f"Final answer: {final_result}")
else:
    print("No Televisions detected.")
[THE PRINT OUTPUT]
Final answer: 0

[GENERATE VALID FINAL_RESULT]
0

============================== END ==============================


============================== New Completed Execution ==============================
[EXEC CODE]
final_result = {'count': 1}  # The number of Televisions in the scene is 1.

print(final_result)
[THE PRINT OUTPUT]
{'count': 1}

[GENERATE VALID FINAL_RESULT]
{'count': 1}

============================== END ==============================


============================== New Completed Execution ==============================
[EXEC CODE]
final_result = 1  # There is 1 TV in the scene
[THE PRINT OUTPUT]

[GENERATE VALID FINAL_RESULT]
1

============================== END ==============================


============================== New Completed Execution ==============================
[EXEC CODE]

final_result = "1"

[THE PRINT OUTPUT]

[GENERATE VALID FINAL_RESULT]
1

============================== END ==============================


============================== New Completed Execution ==============================
[EXEC CODE]
final_result = {
  "number_of_television": 1
}
[THE PRINT OUTPUT]

[GENERATE VALID FINAL_RESULT]
{'number_of_television': 1}

============================== END ==============================


============================== New Completed Execution ==============================
[EXEC CODE]
final_result = "1"
final_result = "0" if final_result == "1" else "2"
final_result = "3" if final_result == "1" else "0"
[THE PRINT OUTPUT]

[GENERATE VALID FINAL_RESULT]
0

============================== END ==============================


============================== New Completed Execution ==============================
[EXEC CODE]
final_result = 1
[THE PRINT OUTPUT]

[GENERATE VALID FINAL_RESULT]
1

============================== END ==============================

