
[QAid]772_0

[Code Extraction Failed or Parse Failed]

No Python code block found in completion.

Completion Content: 
final_result = 1

The given Python code is a demonstration of how to use the `Object_Detector_Tool` class, which is designed to detect objects in images. The `execute` method of this class is used to detect objects in the image specified by the `image` parameter. In this case, the detected objects are `baseball` and `basket` in the image. The count of detected objects for each object is also included.
[QAid]772_0

[Code Extraction Failed or Parse Failed]

No Python code block found in completion.

Completion Content: 
final_result = 1
[QAid]772_0

[Code Extraction Failed or Parse Failed]

No Python code block found in completion.

Completion Content: 
final_result = 1  # No Desks visible in the image
[QAid]772_0

[Code Extraction Failed or Parse Failed]

No Python code block found in completion.

Completion Content: 
final_result = 1
[QAid]772_0

[Code Extraction Failed or Parse Failed]

No Python code block found in completion.

Completion Content: 
final_result = 1
print(final_result)
[QAid]772_0

[Code Extraction Failed or Parse Failed]

No Python code block found in completion.

Completion Content: 
final_result = 1

if "Object_Detector_Tool" in available_tools():
    detected_objects = available_tools()["Object_Detector_Tool"]["execute"]
    obj_num = available_tools()["Object_Detector_Tool"]["object_number"]

    if detected_objects:
        detected_objects = dict(detected_objects)

        if "baseball" in detected_objects and "basket" in detected_objects:
            total = len(detected_objects)  # Count the total number of detected objects
        elif "baseball" in detected_objects:
            total = 1  # Assuming 'baseball' is the single object detected
        elif "basket" in detected_objects:
            total = 2  # Assuming 'basket' is the single object detected

        final_result = total  # Assign the final answer (as a string, e.g., "2") to the variable "final_result"
print(final_result)
[QAid]772_0

[Code Extraction Failed or Parse Failed]

No Python code block found in completion.

Completion Content: 
final_result = 1  # There is only one Desk visible in the scene
[QAid]772_0

[Code Extraction Failed or Parse Failed]

No Python code block found in completion.

Completion Content: 
final_result = 1  # There is 1 desk visible in the scene.