
[QAid]2017_0

[Code Extraction Failed or Parse Failed]

No Python code block found in completion.

Completion Content: 
final_result = 1
============================== END ==============================


[QAid]2017_0

[Code Extraction Failed or Parse Failed]

No Python code block found in completion.

Completion Content: 
# Import the required libraries
from object_detector import Object_Detector_Tool
from text_detector import Text_Detector_Tool
from letter_detector import Letter_Detector_Tool

# Define the question
question = "How many Televisions are visible in the scene?"

# Define the object labels to detect (e.g., 'baseball', 'basket')
label_list = ['televisions']

# Define the threshold for detection confidence and the model to use
threshold = 0.35
model_size = 'tiny'

# Execute the object detector tool with the desired parameters
object_name = Object_Detector_Tool.execute(image='path/to/image.png', labels=label_list, save_object=True, saved_image_path='./detected_objects')

# Print the result
if object_name is not None:
    print(f"Detected Objects:\n{object_name}\nTotal Objects: {object_name['total_objects']}")
    for key in object_name:
        print(f"{key}: {''.join([str(val[0]) if val[1] is not None else '0' for val in list(val)])}")
else:
    print("No detected objects found for image 'path/to/image.png' using the provided options.")

# Execute the text detector tool with the desired parameters
results = Text_Detector_Tool.execute(image='path/to/image.png', languages=['en', 'de'])

# Print the result
if results is not None and len(results[0]) > 0 and threshold > results[0].confidence_scores[0]:
    print(f"Detections of text in the image: {results}")

# Execute the letter detector tool with the desired parameters
letters = Letter_Detector_Tool.execute(image='path/to/image.png')

# Print the result
if letters is not None and len(letters) > 0:
    print(f"Detections of letters in the image: {letters}")

# Example output
detected_objects = {"televisions": [{"bbox": [100, 150, 200, 200], "text": "2", "score": 0.95}, {"bbox": [34, 50, 200, 220], "text": "1", "score": 0.92}], "basket": [{"bbox": [220, 100, 400, 350], "text": "1", "score": 0.85}]} 
total_objects = {"televisions": 2, "basket": 1}

print(detected_objects)
total_objects = {"televisions": 2, "basket": 1}
final_result = [f"Number of Televisions: {len(final_result)}"]

# Replace 'path/to/image.png' with the actual image path
path_to_image = '/path/to/image.png'
object_name, total_objects = Object_Detector_Tool.execute(image=path_to_image, labels=label_list, save_object=True, saved_image_path='./detected_objects')

# Print the result
if total_objects is not None and len(total_objects) > 0:
    print(f"Total Objects in the image: {total_objects['televisions']} and {total_objects['basket']}")
============================== END ==============================


[QAid]2017_0

[Code Extraction Failed or Parse Failed]

No Python code block found in completion.

Completion Content: 
1
============================== END ==============================


[QAid]2017_0

[Code Extraction Failed or Parse Failed]

No Python code block found in completion.

Completion Content: 
final_result = 1

print("The number of televisions is:", final_result)
============================== END ==============================


[QAid]2017_0

[Code Extraction Failed or Parse Failed]

No Python code block found in completion.

Completion Content: 
final_result = 1
============================== END ==============================


[QAid]2017_0

[Code Extraction Failed or Parse Failed]

No Python code block found in completion.

Completion Content: 
final_result = "1"
<command>
============================== END ==============================


[QAid]2017_0

[Code Extraction Failed or Parse Failed]

No Python code block found in completion.

Completion Content: 
The image contains two TVs, so the final answer is: 2.
============================== END ==============================


[QAid]2017_0

[Code Extraction Failed or Parse Failed]

No Python code block found in completion.

Completion Content: 
1
============================== END ==============================

