--- Completion 1 ---
<command>final_result = "1"
</command>
Reward: 0.5

--- Completion 2 ---
<command>final_result = "1 FloorLamp"
</command>
Reward: 0.5

--- Completion 3 ---
<command>final_result = "1FloorLamp is visible in the scene."
</command>
Reward: 0.5

--- Completion 4 ---
<command>final_result = "1" # Since there is 1 floor lamp in the scene, the number of floor lamps is 1
</command>
Reward: 0.5

--- Completion 5 ---
<command>final_result = "1 FloorLamp is visible in the scene."
</command>
Reward: 0.5

--- Completion 6 ---
<command>final_result = "1 FloorLamps are visible in the scene."
</command>
Reward: 0.5

