
============================== New Completed Execution ==============================
[EXEC CODE]
final_result = "Doorway"
[THE PRINT OUTPUT]

[GENERATE VALID FINAL_RESULT]
Doorway

============================== END ==============================


============================== New Completed Execution ==============================
[EXEC CODE]
final_result = "Doorway"
[THE PRINT OUTPUT]

[GENERATE VALID FINAL_RESULT]
Doorway

============================== END ==============================


============================== New Completed Execution ==============================
[EXEC CODE]
final_result = {
  "baseball": 2,
  "basket": 2
}
[THE PRINT OUTPUT]

[GENERATE VALID FINAL_RESULT]
{'baseball': 2, 'basket': 2}

============================== END ==============================


============================== New Completed Execution ==============================
[EXEC CODE]
final_result = "Doorway"
[THE PRINT OUTPUT]

[GENERATE VALID FINAL_RESULT]
Doorway

============================== END ==============================


============================== New Completed Execution ==============================
[EXEC CODE]
final_result = "Doorway"
[THE PRINT OUTPUT]

[GENERATE VALID FINAL_RESULT]
Doorway

============================== END ==============================


============================== New Completed Execution ==============================
[EXEC CODE]
final_result = "Doorway"
[THE PRINT OUTPUT]

[GENERATE VALID FINAL_RESULT]
Doorway

============================== END ==============================


============================== New Completed Execution ==============================
[EXEC CODE]
final_result = "Doorway"
[THE PRINT OUTPUT]

[GENERATE VALID FINAL_RESULT]
Doorway

============================== END ==============================


============================== New Completed Execution ==============================
[EXEC CODE]
final_result = "Doorway"
[THE PRINT OUTPUT]

[GENERATE VALID FINAL_RESULT]
Doorway

============================== END ==============================

