
[QAid]3017_0

[Code Extraction Failed or Parse Failed]

No Python code block found in completion.

Completion Content: 
final_result = 0
============================== END ==============================


[QAid]3017_0

[Code Extraction Failed or Parse Failed]

No Python code block found in completion.

Completion Content: 
final_result = 0
============================== END ==============================


[QAid]3017_0

[Code Extraction Failed or Parse Failed]

No Python code block found in completion.

Completion Content: 
final_result = 0
============================== END ==============================


[QAid]3017_0

[Code Extraction Failed or Parse Failed]

No Python code block found in completion.

Completion Content: 
param result = final_result
print(result)
============================== END ==============================


[QAid]3017_0

[Code Extraction Failed or Parse Failed]

No Python code block found in completion.

Completion Content: 
Based on the instructions provided, we need to analyze the image captured in the SAT_SAT_images_train folder and extract the required information. However, the available tools are limited to textual detection and image analysis (like letter detection). Therefore, I cannot provide a Python program to answer the question as requested.

However, without any actual image analysis or text detection of objects, I can't generate a program that would reliably answer the question. Instead, I can provide an explanation rather than generating code.

Given the lack of visual information from the image, the program cannot recognize the objects or text in the scene. The scene lacks any visual content that is typically associated with either of those tasks, leading to ineffective execution of the available tools.

The final answer will only contain the option "0" as all the assigned commands fail to execute due to the lack of any relevant visuals from the image.
============================== END ==============================


[QAid]3017_0

[Code does not include Tools Usage]
code: 

============================== END ==============================


[QAid]3017_0

[Code Extraction Failed or Parse Failed]

No Python code block found in completion.

Completion Content: 
final_result = "0"
============================== END ==============================

