--- Completion 1 ---
<command>
from object_detector import Object_Detector_Tool

final_result = Object_Detector_Tool().execute(image="path/to/image", labels=["baseball", "basket"], save_object=True, saved_image_path="detected_objects")
print(final_result)
</command>
Reward: 1.0

--- Completion 2 ---
<command>
from object_detector import Object_Detector_Tool

final_result = Object_Detector_Tool().execute(image='path/to/image', labels=['baseball', 'basket'])
print(final_result)
</command>
Reward: 1.0

--- Completion 3 ---
<command>
from object_detector import Object_Detector_Tool

final_result = Object_Detector_Tool().execute(image="/nfs/data8/liao/wxie/SAT/SAT_images_train/5453_0.png", labels=["tvstand"], save_object=True, saved_image_path="detected_tv_stands")
print(final_result)
</command>
Reward: 1.0

--- Completion 4 ---
<command>
from object_detector import Object_Detector_Tool

final_result = Object_Detector_Tool().execute(
  image="/nfs/data8/liao/wxie/SAT/SAT_images_train/5453_0.png",
  labels=["baseball", "basket"],
  save_object=True,
  saved_image_path="detected_objects"
)
</command>
Reward: 1.0

--- Completion 5 ---
<command>
from object_detector import Object_Detector_Tool

final_result = Object_Detector_Tool().execute(image="path/to/picture", labels=["baseball", "basket"], save_object=True, saved_image_path="detected_objects")
print("Total baseball objects detected:", final_result["object_number"]["baseball"])
print("Total basket objects detected:", final_result["object_number"]["basket"])
</command>
Reward: 1.0

--- Completion 6 ---
<command>
from object_detector import Object_Detector_Tool

final_result = Object_Detector_Tool().execute(image='path/to_image.png', labels=['baseball', 'basket'], save_object=True, saved_image_path='detected_objects')
</command>
Reward: 1.0

