
[EXECUTION EXCEPTION]
No module named 'pytrecerection'
code:from pytrecerection import Object_Detector_Tool

# Initialize the Object Dector Tool
detector_tool = Object_Detector_Tool()

# Load the image
image_path = "/home/stud/wxie/BLINK_Dataset/Counting/val/images/val_Counting_87_image_1.jpg"
detector_tool.load_image(image_path)

# Detect the detected objects in the image
labels = ["baseball", "basket"]
confidence_threshold = 0.45

# Process the image
result = detector_tool.detect_object_labels(image_path, labels, confidence_threshold, model_size="base", save_object=False)

# Get the detected objects
labels_result = result[0]
objects_result = result[1]

# Check the count of each detected object
count = labels_result[0].values()
final_result = {"count": count}
print(final_result)

[EXECUTION EXCEPTION]
Object_Detector_Tool.execute() got an unexpected keyword argument 'confidence_threshold'
code:from object_detector import Object_Detector_Tool

# Load the image and set the confidence threshold
image_path = "/home/stud/wxie/BLINK_Dataset/Counting/val/images/val_Counting_87_image_1.jpg"
confidence_threshold = 0.45
model_size = "tiny"

# Execute the Object_Detector_Tool with the labels
detected_objects, object_number = Object_Detector_Tool.execute(image=image_path, labels=["apple"], confidence_threshold=confidence_threshold, save_object=True, model_size=model_size)

# Print the detected object summary
print("Detected apple objects (total count):", object_number)

# Check the value to determine the options
if detected_objects:
    total_count = detected_objects[0]["objects"].values()[-1]
    options = ["(A) 0", "(B) 1", "(C) 3", "(D) 2"]
    chosen_option = max(options, key=lambda x: object_number - total_count)
    print(f"We have {''.join(chosen_option.split())} people eating apples!")
else:
    print("(A) 0")

[EXECUTION EXCEPTION]
invalid syntax (<string>, line 8)
code:from object_detector.Object_Detector_Tool import Object_Detector_Tool
import_name: Object_Detector_Tool

image_path = "/home/stud/wxie/BLINK_Dataset/Counting/val/images/val_Counting_87_image_1.jpg"

final_result = Object_Detector_Tool.execute(image_path, labels=["baseball", "basket"], save_object=True, saved_image_path="detected_objects")

import_name: detected_objects, object_number = detected_objects

if object_number == 0:
    final_result = {"A": {"count": 0}, "B": {"count": 0}}
elif object_number == 1:
    final_result = {"A": {"count": 0, "boxes": [], "confidence_scores": [0.0]}, "B": {"count": 1, "boxes": [], "confidence_scores": [1.0]}}

[EXECUTION EXCEPTION]
invalid syntax (<string>, line 1)
code:from_tool: object_detector execute

[EXECUTION EXCEPTION]
invalid syntax (<string>, line 1)
code:<code>
from object_detector import Object_Detector_Tool

# Given image path
image_path = "/home/stud/wxie/BLINK_Dataset/Counting/val/images/val_Counting_87_image_1.jpg"

# Use the Object_Detector_Tool to detect apples
object_detector = Object_Detector_Tool()
detected_objects, object_number = object_detector.execute(image=image_path, labels=["apples"], save_object=False, saved_image_path="detected_objects")

# Count detected apples
num_apples = detected_objects["apples"][0]["box_count"]

final_result = {"num_apples": num_apples}
</code>

[EXECUTION EXCEPTION]
Object_Detector_Tool.execute() got multiple values for argument 'image'
code:from object_detector import Object_Detector_Tool

# Load the image and set the labels to detect
image_path = '/home/stud/wxie/BLINK_Dataset/Counting/val/images/val_Counting_87_image_1.jpg'
labels = ['baseball', 'basket']

# Initialize the object_detector_Tool
object_detector = Object_Detector_Tool()

# Detect the objects
results = object_detector.execute(image_path, labels, image='image_path.jpg', threshold=0.45, model_size='tiny', save_object=True, saved_image_path='detected_objects')

# Find the largest label in the results dictionary
label_with_max_count = max(results, key=lambda x: len(x['boxes']))

# Get the count for the largest label
label_count = len(results[label_with_max_count].get('boxes'))

final_result = label_count
