
[QAid]8968_0

[Code Includes Tools Usage]
code: 

from object_detector import Object_Detector_Tool
final_result = Object_Detector_Tool().execute(image='path/to/image', labels=['baseball', 'basket'], save_object=True, saved_image_path='detected_objects')

print(final_result)

============================== END ==============================


[QAid]8968_0

[Code Includes Tools Usage]
code: 

from object_detector import Object_Detector_Tool

final_result = Object_Detector_Tool().execute(image='path/to/image', labels=['baseball', 'basket'], save_object=True, saved_image_path='detected_objects')
print(final_result)

============================== END ==============================


[QAid]8968_0

[Code Includes Tools Usage]
code: 

from object_detector import Object_Detector_Tool

final_result = Object_Detector_Tool().execute(image='path/to/image', labels=['baseball', 'basket'], save_object=True, saved_image_path='detected_objects')
print(final_result)

============================== END ==============================


[QAid]8968_0

[Code Extraction Failed or Parse Failed]

invalid syntax (<unknown>, line 4)

Completion Content: 
<command>from object_detector import Object_Detector_Tool
final_result = Object_Detector_Tool().execute(image='path/to_image', labels=['basketball', 'baseball'], save_object=True, saved_image_path='detected_objects')
print(final_result)
```
</command>
============================== END ==============================


[QAid]8968_0

[Code Includes Tools Usage]
code: 

from object_detector import Object_Detector_Tool

final_result = Object_Detector_Tool().execute(image='image_path', labels=['TVStands'], save_object=True, saved_image_path='detected_objects')
print(final_result)

============================== END ==============================


[QAid]8968_0

[Code Includes Tools Usage]
code: 

from object_detector import Object_Detector_Tool

final_result = Object_Detector_Tool().execute(image='path/to/image', labels=['baseball'], save_object=True, saved_image_path='detected_objects')
print(final_result)

============================== END ==============================

