--- Completion 1 ---
<command>
from object_detector import Object_Detector_Tool

final_result = Object_Detector_Tool().execute(image="path/to/image", labels=["baseball"], save_object=True, saved_image_path="detected_objects")
</command>
Reward: 1.0

--- Completion 2 ---
<command>
from object_detector import Object_Detector_Tool

final_result = Object_Detector_Tool().execute(image="path/to/image", labels=["baseball", "basket"], save_object=True)
</command>
Reward: 1.0

--- Completion 3 ---
<command>
from object_detector import Object_Detector_Tool

final_result = Object_Detector_Tool().execute(image="/nfs/data8/liao/wxie/SAT/SAT_images_train/13508_0.png", labels=["basketball"], save_object=True, saved_image_path="detected_objects")

print("Detected basketball: ", final_result)
</command>
Reward: 1.0

--- Completion 4 ---
<command>
from object_detector import Object_Detector_Tool

final_result = Object_Detector_Tool().execute(image="/nfs/data8/liao/wxie/SAT/SAT_images_train/13508_0.png", languages=['en', 'de'], detail=1)
</command>

# Extract detected objects and their number
detected_objects, object_num = final_result

# Format the result as a string
final_result = {
    "detected_objects" : {
        key: [[[x1, y1, x2, y2], "Detected object", score] for x1, y1, x2, y2, score in detected_object], 
        for key, detected_object in detected_objects.items(),
    },
    "object_num" : object_num
}
</command>

最终的答案将被赋值给final_result变量，该变量包含在给定的命令中生成的Python程序的输出结果。
Reward: 0.0

--- Completion 5 ---
<command>
from object_detector import Object_Detector_Tool

final_result = Object_Detector_Tool().execute(image='path/to/image', labels=['baseball', 'basket'], save_object=True)
</command>
Reward: 1.0

--- Completion 6 ---
<command>
from object_detector import Object_Detector_Tool

object_detector_tool = Object_Detector_Tool()
detected_objects, object_number = object_detector_tool.execute(image="/nfs/data8/liao/wxie/SAT/SAT_images_train/13508_0.png", labels=["baseball"], save_object=False, saved_image_path="detected_objects")
</command>
Reward: 0.5

