
[QAid]710_0

[Code Extraction Failed or Parse Failed]

No Python code block found in completion.

Completion Content: 
final_result = 2
============================== END ==============================


[QAid]710_0

[Code Extraction Failed or Parse Failed]

No Python code block found in completion.

Completion Content: 
To answer the question based on the visual inputs, we need to compare the objects present in the scene with the provided options. The provided options are:

1. 1
2. 0
3. 2
4. 3

Since there is only one visible object in the scene, the answer is:

1
============================== END ==============================


[QAid]710_0

[Code Extraction Failed or Parse Failed]

No Python code block found in completion.

Completion Content: 
from object_detector import Object_Detector_Tool
from text_detector import Text_Detector_Tool
from letter_detector import Letter_Detector_Tool
from pixel_level_depth_estimator import Pixel_Depth_Tool

# Define the question
image_path = '/nfs/data8/liao/wxie/SAT/SAT_images_train/710_0.png'

# Call the necessary functions and get the answer
final_result = Object_Detector_Tool.execute(image=image_path)
text_results = Text_Detector_Tool.execute(image=image_path, languages=['zh', 'en'])
letter_results = Letter_Detector_Tool.execute(image_image=image_path)

# Create dictionaries for the result types
text_result = {}
for result in text_results:
    text_result[result['box'][0], result['box'][1], result['box'][2], result['box'][3]] = result['box'][0] + 10
    text_result[f"{result['text']}", result['box'][0] * 100, result['box'][1] * 100, result['box'][2] * 100, result['box'][3] * 100] = result['box'][0] + 10
    text_result[f"{result['text']}", result['box'][0] * 1000, result['box'][1] * 1000, result['box'][2] * 1000, result['box'][3] * 1000] = result['box'][0] + 10

letter_results_dict = {'assets/image1.jpg': None, 'assets/image2.jpg': None}
for letter_result in letter_results:
    letter_results_dict[letter_result[0]] = {'box': result['box'][0] + 10, 'box_x': result['box'][0] * 100, 'box_y': result['box'][1] * 100, 'box_x_w': result['box'][2] * 100, 'box_y_w': result['box'][3] * 100, 'box_s': result['box'][4] * 1000, 'letter_name': letter_result[0]}
    letter_results_dict[letter_result[0]] = {'box': result['box'][0] + 10, 'box_x': result['box'][0] * 100, 'box_y': result['box'][1] * 100, 'box_x_w': result['box'][2] * 100, 'box_y_w': result['box'][3] * 100, 'box_s': result['box'][0] * 1000, 'letter_name': letter_result[0]}
    letter_results_dict[letter_result[0]] = {'box': result['box'][0] + 10, 'box_x': result['box'][0] * 1000, 'box_y': result['box'][1] * 1000, 'box_x_w': result['box'][2] * 1000, 'box_y_w': result['box'][3] * 1000, 'box_s': result['box'][4] * 10000, 'letter_name': letter_result[0]}

# Compute the number of side tables
number_of_side_tables = 0

for objects in final_result:
    if 'side_table' in objects['label'] and 'box' in objects:
        number_of_side_tables += 1

final_result['number_of_side_tables'] = number_of_side_tables

pixel_depth_result = {}
for image_path in letter_results_dict.keys():
    if image_path:
        if 'assets/image1.jpg' in image_path[:7] or 'assets/image2.jpg' in image_path[:7]:
            pixel_depth_result[image_path] = {'assets/image1.jpg': np.array(letter_results[d][image]) for d in letter_results.keys()}
            pixel_depth_result[image_path] = {'assets/image2.jpg': np.array(letter_results[d][image]) for d in letter_results_keys}

# Print out the final result
[
    f"number_of_side_tables: {number_of_side_tables},",
    f"text_results: {(text_result['text_name'] or text_result.get('text', 'nothing'))},",
    f"letter_results: {text_result['letter_name']},"
]
============================== END ==============================


[QAid]710_0

[Code Extraction Failed or Parse Failed]

No Python code block found in completion.

Completion Content: 
To answer the question, we need to find the number of side tables visible in the scene. Side tables can be identified by their rectangular shape and usually have additional space for storage or seating.

From the provided image, there is:

1. A small stool with a box-like shape.
2. A coffee table with a rectangular shape.
3. A shelf with a smaller box-like shape.

Based on these observations, there is only 1 side table visible in the scene.

Thus, the final answer is: 1
============================== END ==============================


[QAid]710_0

[Code Extraction Failed or Parse Failed]

No Python code block found in completion.

Completion Content: 
The image files are not present in the directory.
============================== END ==============================


[QAid]710_0

[Code Extraction Failed or Parse Failed]

No Python code block found in completion.

Completion Content: 
 final_result = 0
print(final_result)
============================== END ==============================


[QAid]710_0

[Code Extraction Failed or Parse Failed]

No Python code block found in completion.

Completion Content: 
To detect or identify the shapes and objects in a scene using Python tools, you can use the following code:

```python
from object_detector import Object_Detector_Tool

def detect_objects(final_result, label_set=None, threshold=0.35):
    """
    This function receives a result dictionary from the Text_Detector_Tool and creates bounding box dictionaries to represent each object.

    Parameters:
    - final_result: A dictionary containing the results dictionary for each object class, as generated by the Text_Detector_Tool tool.
    - label_set: Optional list of labels to use for the object detection, default is 'all'.
    - threshold: The confidence threshold for detection (default: 0.35).
    """

    # Combine bounding boxes, score, and label strings into a JSON key-value tuple for each element in the input data
    result_df = pd.DataFrame.from_dict(final_result, orient='index', columns=['bbox', 'score', 'label'])
    result_df = result_df.set_index('label')  # For compatibility with all of the supported tools

    object_bbox_dicts = {}
    for col_name in result_df.columns:
        object_bbox_dicts[col_name] = [
            {'bbox': bounding_box, 'score': bounding_score, 'label': bounding_label}
            for bounding_box, bounding_score, bounding_label in result_df[col_name].tolist()
        ]

    return object_bbox_dicts

# Example usage
detectors = {
    'baseball': lambda image_path, languages=['en', 'de'], detail=1: Text_Detector_Tool.execute(image_path=image_path, languages=languages, detail=detail),
    'basket': lambda image_path: Text_Detector_Tool.execute(image_path=image_path, languages=['en', 'de'], detail=1)
}

results = {'baseball': [], 'basket': []}
for label, detector in detectors.items():
    results[label] = detector(image_path='path/to/image.png')

final_results = find_object_bounding_boxes(label_set=set(results.keys()), final_result=results, threshold=0.35)
bbox_results = detect_objects(final_results)

print("Bounding boxes results:")
for label in bbox_results:
    print(label, bbox_results[label][0])
```

This code can help you find bounding boxes and additional information for each object in the image, as demonstrated by the `final_results` dictionary in the given example. Remember to replace `'path/to/image.png'` with the actual path of the image in your script or file.

Please, replace `'en'` and `'de'` in the text_detector function calls with the correct languages for text detection.
============================== END ==============================


[QAid]710_0

[Code Extraction Failed or Parse Failed]

No Python code block found in completion.

Completion Content: 
final_result = 0
============================== END ==============================

