
[QAid]12036_0

[Code does not include Tools Usage]
code: 
final_result = "3"

============================== END ==============================


[QAid]12036_0

[Code does not include Tools Usage]
code: 
final_result = "3"

============================== END ==============================


[QAid]12036_0

[Code does not include Tools Usage]
code: 
final_result = "3"

============================== END ==============================


[QAid]12036_0

[Code does not include Tools Usage]
code: 
final_result = "3"

============================== END ==============================


[QAid]12036_0

[Code does not include Tools Usage]
code: 
final_result = "3"

============================== END ==============================


[QAid]12036_0

[Code does not include Tools Usage]
code: 
final_result = "3"

============================== END ==============================

