
[EXECUTION EXCEPTION]
[Errno 2] No such file or directory: '/home/stud/BLINK_Dataset/Counting/val/images/val_Counting_63_image_1.jpg'
code:from object_detector import Object_Detector_Tool

# Load the image
with open("/home/stud/BLINK_Dataset/Counting/val/images/val_Counting_63_image_1.jpg", "rb") as f:
    image_data = f.read()

final_result = Object_Detector_Tool.execute(image=image_data, labels=["cow"], save_object=True, saved_image_path="detected_objects")

final_result[0]['box_count']

[EXECUTION EXCEPTION]
Object_Detector_Tool.execute() got an unexpected keyword argument 'saved_object'
code:from_object_detector_tool = Object_Detector_Tool()
results, object_count = from_object_detector_tool.execute(image="path/to/image.png", labels=["cow"], saved_object=True)
object_count

[EXECUTION EXCEPTION]
Object_Detector_Tool.execute() missing 1 required positional argument: 'self'
code:from object_detector import Object_Detector_Tool

# Path to image
image_path = "/home/stud/wxie/BLINK_Dataset/Counting/val/images/val_Counting_63_image_1.jpg"

# Detect objects using the Grounding DINO model
detected_objects, object_number = Object_Detector_Tool.execute(image=image_path, labels=["cow"], save_object=True, saved_image_path="detected_objects")

# Count the number of cows
total_cows = object_number.get("cow", 0)

final_result = {"number_of_cows": total_cows}

[EXECUTION EXCEPTION]
No module named 'object_detection'
code:from object_detection import Object_Detector_Tool as ot_tool

# Load the object detection model
classifier_tool = ot_tool()

# Load the sample image
# Replace /path/to/image.png with the actual path to the image file
sample_image_path = "/home/stud/wxie/BLINK_Dataset/Counting/val/images/val_Counting_63_image_1.jpg"

# Detect cows in the sample image
labels, bbox = classifier_tool.load_sample_image(sample_image_path)

# Count the detected buses
detected_object_counts = classifier_tool.count_objects(labels, ["bus"])

final_result = detected_object_counts

[EXECUTION EXCEPTION]
list index out of range
code:from object_detector import Object_Detector_Tool
from PIL import Image

# Read the image
img = Image.open("/home/stud/wxie/BLINK_Dataset/Counting/val/images/val_Counting_63_image_1.jpg").convert("P")

# Detect objects using the model
Object_Detector_Tool = Object_Detector_Tool()
detected_results = Object_Detector_Tool.execute(image=str(img), labels=["cow"], threshold=0.5, save_object=False, saved_image_path="Detected_Outer_Cows")

# Find the total number of detected objects containing "cow"
total_count = detected_results[1]["object_number"]["cow"]

final_result = {"Total Detection Results": 1, "Total Count": total_count, "Label Count": {"cow": total_count}, "Note": "A single cow is detected on the train. It stands on its hind legs. Keep in mind, the detected objects could refer to other categories such as other animals, debris, etc."}

[EXECUTION EXCEPTION]
'Object_Detector_Tool' object has no attribute 'detect_output'
code:from object_detector import Object_Detector_Tool

# Path to the train and cow image
image_path = "/home/stud/wxie/BLINK_Dataset/Counting/val/images/val_Counting_63_image_1.jpg"

# Create the Object_Detector_Tool instance
tool = Object_Detector_Tool()

# Detect objects in the image
labels = ["cow"]  # Only focus on the cow, filter out any other objects
tool.execute(image_path, labels=labels, save_object=False)

# Get the counts of detected objects
count = tool.detect_output["label_counts"]

# Get the percentage of detected 'cow' objects
cow_count_percentage = count["cow"] / tool.detect_output["total_objects"]

final_result = {  # Possible values: (A) 3, (B) 1, (C) 2, (D) 0
    "A": (count["cow"] == 3),  # Whether the count is 3
    "B": (count["cow"] == 1),  # Whether the count is 1
    "C": (count["cow"] == 2),  # Whether the count is 2
    "D": (cow_count_percentage == 0),  # Whether the percentage is 0
}

final_result
