
[QAid]3659_0

[Code Includes Tools Usage]
code: 

from object_detector import Object_Detector_Tool

final_result = Object_Detector_Tool().execute(image='path/to/image', labels=['baseball', 'basket'], threshold=0.35, model_size='tiny', save_object=True, saved_image_path='detected_objects')
print(final_result)

============================== END ==============================


[QAid]3659_0

[Code Includes Tools Usage]
code: 

from object_detector import Object_Detector_Tool

final_result = Object_Detector_Tool().execute(image='path/to/image', labels=['baseball', 'basket'], save_object=True, saved_image_path='detected_objects')
print(final_result)

============================== END ==============================


[QAid]3659_0

[Code Includes Tools Usage]
code: 

from object_detector import Object_Detector_Tool

final_result = Object_Detector_Tool().execute(image="path/to/image", labels=["fridge"], save_object=True)
print(final_result)

============================== END ==============================


[QAid]3659_0

[Code Includes Tools Usage]
code: 

from object_detector import Object_Detector_Tool

final_result = Object_Detector_Tool().execute(image='3659_0.png', labels=['sink', 'fridge'], save_object=True, saved_image_path='detected_objects')
print(final_result)

============================== END ==============================


[QAid]3659_0

[Code Includes Tools Usage]
code: 
from object_detector import Object_Detector_Tool
final_result = Object_Detector_Tool().execute(image='path/to/image', labels=['fridge'], threshold=0.35, model_size='tiny', save_object=True, saved_image_path='detected_objects')

print(final_result)

============================== END ==============================


[QAid]3659_0

[Code Includes Tools Usage]
code: 

from object_detector import Object_Detector_Tool
final_result = Object_Detector_Tool().execute(image='image_path', labels=['fridge'], save_object=True, saved_image_path='detected_fridge')
print(final_result)

============================== END ==============================

