
[EXECUTION EXCEPTION]
Object_Detector_Tool.execute() missing 1 required positional argument: 'self'
code:from object_detector import Object_Detector_Tool

final_result = int(Object_Detector_Tool.execute(image="/path/to/image.png", labels=["lunch", "dinner"], threshold=0.8, model_size='base', save_object=True, saved_image_path='lunch_dinner'))

if final_result[0].get('boxes'):
    print(f"The number of banners in the awning is {final_result[0].get('boxes').get('bbox').get('right') - final_result[0].get('boxes').get('bbox').get('left') + 1} (assuming the awning only has a green roof) and {final_result[1].get('boxes').get('bbox').get('right') - final_result[1].get('boxes').get('bbox').get('left') + 1}")

[EXECUTION EXCEPTION]
Object_Detector_Tool.execute() missing 1 required positional argument: 'labels'
code:from object_detector import Object_Detector_Tool

# Load image and labels
image_path = "/home/stud/wxie/BLINK_Dataset/Counting/val/images/val_Counting_86_image_1.jpg" 
labels = ['baseball', 'basket']

# Initialize tool with user-friendly command
obj_detected = Object_Detector_Tool.execute(image_path, labels, threshold=0.45, save_object=True, saved_image_path="detected_objects")

# Access and process object detection results
final_result = obj_detected['object_number']
final_result

[EXECUTION EXCEPTION]
Object_Detector_Tool.execute() missing 1 required positional argument: 'self'
code:from object_detector import Object_Detector_Tool

# Define the question
question = """
How many banners do you see in the awning?
"""

# Call the tool and extract the result
result = Object_Detector_Tool.execute(
    image="/home/stud/wxie/BLINK_Dataset/Counting/val/images/val_Counting_86_image_1.jpg",
    labels=["Serving", "Monday", "Dinner", "Monday thru Saturday", "Sunday"],
    save_object=True,
    saved_image_path="/image/saved_objects"
)

# Extract and print the number of banners
banners = result[1]['container_count']['label']['banners']
final_result = f"3 {banners}"
print(final_result)

[EXECUTION EXCEPTION]
type object 'Object_Detector_Tool' has no attribute 'Object_Detector_Tool'
code:import numpy as np
from object_detector import Object_Detector_Tool as obj_detector

# Define the image path
image_path = '/home/stud/wxie/BLINK_Dataset/Counting/val/images/val_Counting_86_image_1.jpg'

# Create an instance of the object_detector tool and detect objects in the image
obj_detector_tool = obj_detector.Object_Detector_Tool()
detected_objects = obj_detector_tool.execute(image_path)

# Count the number of banners in the awning
num_banners = len(detected_objects['detected_objects'][0]['boxes'])

final_result = num_banners

[EXECUTION EXCEPTION]
Object_Detector_Tool.execute() got an unexpected keyword argument 'input_image'
code:from object_detector import Object_Detector_Tool

# Function to count and print banner descriptions
def count_and_print_banners(awning_banners):
    banner_counts = {}
    for banner in awning_banners:
        label = banner[1]['object_label']
        if label in banner_counts:
            banner_counts[label] += 1
        else:
            banner_counts[label] = 1

    for label, count in banner_counts.items():
        print(f"{label}: {count}")

# Call the tool and count banners
detector_tool = Object_Detector_Tool()
banners = detector_tool.execute(input_image="image_path", labels=("dining", "serving"), threshold=0.6, model_size="tiny", save_object=True, saved_image_path="captions")

counts = detector_tool.execute(input_image="image_path", labels=("dinner", "dining"), threshold=0.6, model_size="tiny", save_object=True, saved_image_path="captions")

count_and_print_banners(counts)

[EXECUTION EXCEPTION]
not enough values to unpack (expected 2, got 0)
code:from object_detector import Object_Detector_Tool

detector_tool = Object_Detector_Tool()
labels = ['baseball', 'basket']
detected_objects, _ = detector_tool.execute(image='/home/stud/wxie/BLINK_Dataset/Counting/val/images/val_Counting_86_image_1.jpg', labels=labels, save_object=True, saved_image_path='detected_objects')

final_result = 'A'
