
[Successful Execution but Get None RESULT]


============================== END ==============================

[EXECUTION EXCEPTION]
invalid syntax (<string>, line 1)
code: 
generated python code

============================== END ==============================

[EXECUTION EXCEPTION]
Object_Detector_Tool.execute() missing 1 required positional argument: 'self'
code: 
from object_detector import Object_Detector_Tool
detected_objects, object_number = Object_Detector_Tool.execute(image="/home/stud/wxie/BLINK_Dataset/Counting/val/images/val_Counting_66_image_1.jpg", labels=["gloves", "snowboarding"], save_object=True, saved_image_path="detected_objects")
print("Selected tool: Object_Detector_Tool")
print("Detected gloves:")
for glove in detected_objects["gloves"]:
    print(glove)
print()
print("Objects number detected:")
print(object_number)

============================== END ==============================

[EXECUTION EXCEPTION]
unterminated string literal (detected at line 1) (<string>, line 1)
code: 
To determine how many gloves on the woman's hands are showing more than one color, we need to analyze the image of the woman. We can use the `Letter_Detector_Tool` tool to detect the letters in the image. If there is any letter in the image, we can then use the `Letter_Detector_Tool` tool to extract the detected letters and count their coordinates, recognition string, and confidence score.

<command>
```python
from object_detector import Object_Detector_Tool

# Initialize the object detector tool
detector_tool = Object_Detector_Tool()

# Execute with image and labels
detected_objects, object_number = detector_tool.execute(image="image_path.jpg", labels=["glove1", "glove2", "glove3"], save_object=True, saved_image_path="detected_objects")

final_result = "No gloves with more than one color"
if "glove3" in detected_objects:
    final_result += ", hand2: " + detected_objects["glove3"]["hand2"]["bbox"]
    final_result += ", hand3: " + detected_objects["glove3"]["hand3"]["bbox"]

if "glove1" in detected_objects:
    final_result += ", hand1: " + detected_objects["glove1"]["hand1"]["bbox"]
    final_result += ", hand2: " + detected_objects["glove1"]["hand2"]["bbox"]
    final_result += ", hand3: " + detected_objects["glove1"]["hand3"]["bbox"]

if "glove2" in detected_objects:
    final_result += ", hand1: " + detected_objects["glove2"]["hand1"]["bbox"]
    final_result += ", hand2: " + detected_objects["glove2"]["hand2"]["bbox"]
    final_result += ", hand3: " + detected_objects["glove2"]["hand3"]["bbox"]

if final_result != "No gloves with more than one color":
    print(final_result)
    print("Found gloves with more than one color in two gloves.")
    print("A")
else:
    print(final_result)
```
```

============================== END ==============================

[EXECUTION EXCEPTION]
name 'Text_Detector_Tool' is not defined
code: 
final_result = 0

detector_tool = Text_Detector_Tool()  # This line is only provided for an example
result = detector_tool.execute(image='path/to/women/snoording/01.jpg')

for detected_results in result:
    for result in detected_results:
        if 'baseball' in result[1] and 'basket' in result[1]:
            final_result += 1

print("Final result:", final_result)

============================== END ==============================
