--- Completion 1 ---
<command>final_result = {"CounterTops": 0}
</command>
Reward: 0.5

--- Completion 2 ---
<command>final_result = []
detected_objects = Object_Detector_Tool.execute(image='path/to_image.jpg', labels=['counter1', 'counter2'], threshold=0.05, save_object=False, saved_image_path='detected_objects')
object_number = {'counter1': 1, 'counter2': 2}
final_result.append({'detected_objects': detected_objects, 'object_number': object_number})
</command>
Reward: 0.5

--- Completion 3 ---
<command>final_result = {}  # Initialize an empty dictionary for storing detected objects and their counts

detected_objects, object_number = Object_Detector_Tool.execute(image=image_path, labels=labels, save_object=True, saved_image_path="detected_objects")

for object, info_list in detected_objects.items():
    detected_objects[object] = {"count": len(info_list), **info_list}  # Convert each object detection to a dictionary

final_result["objects"] = detected_objects

total_results = [{"object_name": "baseball", "number": detected_objects["baseball"]}, {"object_name": "basket", "number": detected_objects["basket"]}]

total_results.extend(object_number.values())  # Add object counts to the final result

final_result["total_results"] = total_results

print(final_result)
</command>
Reward: 0.5

--- Completion 4 ---
<command>final_result = {'CounterTops': 2, 'count': 0}
</command>
Reward: 0.5

--- Completion 5 ---
<command>result = Text_Detector_Tool.execute(image='path/to_image.png', languages=['en', 'de'], detail=0)</command>
Reward: 0.5

--- Completion 6 ---
<command>
from object_detector import Object_Detector_Tool

# Load and process the image
final_result = Object_Detector_Tool.execute(image="/nfs/data8/liao/wxie/SAT/SAT_images_train/2942_0.png", labels=["countertop", "sink_trough"], thresholds=[0.35], model_size="tiny", save_object=True, saved_image_path="detected_objects")

print(final_result)
</command>
Reward: 0.5

