--- Completion 1 ---
<command>
from tool_module import Object_Detector_Tool

# Set up object detector tool
object_detector = Object_Detector_Tool()

# Prepare demo arguments
demo_args = {
  "image": "/nfs/data8/liao/wxie/SAT/SAT_images_train/13729_0.png",
  "labels": ["baseball", "basket"],
  "threshold": 0.35,
  "model_size": "tiny",
  "save_object": True,
  "saved_image_path": "detected_objects"
}

# Execute object detection tool with demo arguments
result = object_detector.execute(**demo_args)

# Extract object-related information from the result
detected_objects = result['detected_objects']
object_number = result['object_number']

final_result = {"detected_objects" : [[{"bbox": (bbox[0], bbox[1]), "label": f"{bbox[4][1]}", "score": bbox[1][2]}, {"bbox": (bbox[0], bbox[1]), "label": f"{bbox[0]}"}, {"bbox": (bbox[2], bbox[3]), "label": f"{bbox[3]}"}, {"bbox": (bbox[2], bbox[3]), "label": f"{bbox[4]}"}, {"bbox": (bbox[2], bbox[3]), "label": f"{bbox[5]}"}, {"bbox": (bbox[6], bbox[7]), "label": f"{bbox[6]}"}, {"bbox": (bbox[7], bbox[8]), "label": f"{bbox[8]}"}, {"bbox": (bbox[6], bbox[7]), "label": f"{bbox[6]}"}, {"bbox": (bbox[1], bbox[2]), "label": f"{bbox[1]}"}, {"bbox": (bbox[5], bbox[6]), "label": f"{bbox[5]}"}, {"bbox": (bbox[3], bbox[4]), "label": f"{bbox[3]}"}, {"bbox": (bbox[4], bbox[5]), "label": f"{bbox[4]}"}, {"bbox": (bbox[3], bbox[4]), "label": f"{bbox[3]}"}, {"bbox": (bbox[6], bbox[7]), "label": f"{bbox[6]}"}, {"bbox": (bbox[7], bbox[8]), "label": f"{bbox[8]}"},
Reward: 0.0

--- Completion 2 ---
<command>
from object_detector_tool import Object_Detector_Tool

# Image path
image_path = "path/to/image"

# Labels to detect
labels = ['baseball', 'basket']

# Model size
model_size = 'tiny'

# Output directory for detected objects
saved_image_path = 'detected_objects'

# Confidence threshold
threshold = 0.35

# Text output level of detail
detail = 0

# Execute the tool with image and labels
detected_objects, object_number = Object_Detector_Tool.execute(image=image_path, labels=labels, save_object=True,threshold=threshold, model_size=model_size, saved_image_path=saved_image_path)

# Return detected objects and the number of detected objects
final_result = {"detected_objects": [{"labels": labels[i], "boxes": detected_objects[i][0], "scores": detected_objects[i][1], "image_path": detected_objects[i][2] if saved_image_path is not None else detected_objects[i][0]} for i in range(len(labels)), "object_number": object_number if saved_image_path is not None else 0}]

# Print the result
print(final_result)
</command>
Reward: 1.0

--- Completion 3 ---
Sure, I can help you with that. Please provide the image path or filename if you want me to analyze the image.
Reward: 0.0

--- Completion 4 ---
In order to detect the number of pillows in the scene, we will first need to detect the objects in the image. I will use the `object_detector_Tool` tool to detect the objects in the image.
<command>generated lines</command>
```python
from object_detector_Tool import Object_Detector_Tool

# Initialize Object_Detector_Tool object
object_detector = Object_Detector_Tool()

# Execute the object detection tool with the image file and the labels 'pillows'
detected_objects, object_number = object_detector.execute(image=image_url, labels=['pillows'], save_object=True, saved_image_path='detected_objects')

# Get the list of detected pillow objects and their number
pillows_detected = detected_objects['pillows']
number_of_pillows = object_number['pillows']
```
Now, let me analyze the output to determine the number of pillows in the scene.
<command>final_result</command>
```python
final_result
```
Reward: 0.0

--- Completion 5 ---
<command>
from object_detector_tool import Object_Detector_Tool

final_result = []

# Example image path
image_path = "/nfs/data8/liao/wxie/SAT/SAT_images_train/13729_0.png"

# Function to execute the object detector tool
def execute(image, labels=("baseball", "basket"), saved_object=False, saved_image_path="detected_objects"):
    object_detector_tool = Object_Detector_Tool()
    detected_objects, object_number = object_detector_tool.execute(image=image, labels=labels, save_object=saved_object, saved_image_path=saved_image_path)
    return detected_objects, object_number

# Execute the tool to detect objects
detected_objects, object_number = execute(image_path)

# Assuming detected_objects looks similar to the example expected (with bounding box, score, and saved_image_path), we can use this as an example for how we might access the data
for detected_object in detected_objects:
    for lb, obj in detected_object.items():
        final_result.append({"label": lb, "object_num": len(detected_object[lb])})

# Assuming "lb" represents the label for each detected box
for found_label, count in object_number.items():
    final_result.append({"label": found_label, "count": count})

print(final_result)
</command>
Reward: 1.0

--- Completion 6 ---
<command>
from Object_Detector_Tool import Object_Detector_Tool
from Text_Detector_Tool import Text_Detector_Tool

final_result = []

# Detect objects in the scene
object_classifier = Object_Detector_Tool()
object_classifier.execute(image_path="path/to/scene_image.png", labels=["pillow", "sofa", "chair"], save_object=True, saved_image_path="detected_objects")

# Process the detected objects
for label_ in object_classifier["detected_objects"]:
    result = []
    if label_["saved_image_path"] is not None:
        detected_image_path = label_["saved_image_path"].split("\\")[-1]
        processed_image = object_classifier.model.load_image(detected_image_path)
        detected_image = object_detector_tool.detect_image(processed_image, use_objects=True, language="en", details=True)
        result.append([detected_image, label_["score"], "detected_object"])
        object_classifier["detected_objects"].remove(label_)

    # Process the detected objects
    text_classifier = Text_Detector_Tool()
    text_classifier.execute(image_path="detected_objects/detected_object.png", languages=["en"])
    detected_text = text_classifier["result"]
    text_classifier = Text_Detector_Tool()
    text_classifier.execute(image_path="detected_objects/detected_object.png", languages=["zh"])
    detected_text_zh = text_classifier["result"]

    if detected_text and detected_text_zh:
        final_result.append([detected_text[:-1], detected_text_zh[0].replace(" ", "").strip(), len(detected_text[:-1])])
    else:
        final_result.append(["", "", 0])

print("Text detected: ", final_result)
```
Reward: 0.0

