--- Completion 1 ---
The red box represents the bed, the green box represents the brown office desk with drawers, and the blue box represents the doorway. The bed is closer to the red box than the door or the brown desk. Therefore, the final answer is "brown office desk with drawers" (highlighted by the green box).
Reward: 0.0

--- Completion 2 ---
final_result = "Doorway"
Reward: 0.0

--- Completion 3 ---
To determine which object is closer to the dark brown colour bed, we need to compare the bounding box coordinates of the brown office desk with the objects detected in the highlighted areas of the image. Let's proceed with the following Python code:

```python
detected_objects = []
object_number = {}

# Detect the objects in the image
Object_Detector_Tool.execute(image='path/to/image.png', save_object=True, saved_image_path='detected_objects')

# Extract the detected objects relevant to 'baseball' and 'basket'
objects_baseball = detected_objects['baseball']
objects_basket = detected_objects['basket']

# Determine which objects are closer to the bed
objects_closer_to_bed = {
    'baseball': []
}

for obj in objects_baseball:
    if 'box' in obj:
        bed_box = [obj['box'][0][0], obj['box'][1][0], obj['box'][2][0], obj['box'][3][0]]
        beds_box = [obj['box'][0][2], obj['box'][1][2], obj['box'][2][2], obj['box'][3][2]]

        if beds_box < bed_box:
            objects_closer_to_bed['baseball'].append(obj.copy())

for obj in objects_basket:
    if 'box' in obj:
        bed_box = [obj['box'][0][0], obj['box'][1][0], obj['box'][2][0], obj['box'][3][0]]
        beds_box = [obj['box'][0][2], obj['box'][1][2], obj['box'][2][2], obj['box'][3][2]]

        if beds_box < bed_box:
            objects_closer_to_bed['basket'].append(obj.copy())

final_result = objects_closer_to_bed
```
Reward: 0.0

--- Completion 4 ---
final_result = {
    "brown office desk with drawers": 0,
    "Doorway": 1
}
Reward: 0.0

--- Completion 5 ---
Here is a Python program that can answer questions based on visual inputs. In this program, the tool modules are used to detect objects and letters in images.

```python
from object_detector import Object_Detector_Tool
from text_detector import Text_Detector_Tool
from letter_detector import Letter_Detector_Tool
from pixel_depth_estimator import Pixel_Depth_Tool

def answer_question(question, highlighted_box):
    if "dark brown" in question:
        final_result = "Doorway" if highlighted_box == "Doorway" else "Brown office desk with drawers"
    else:
        final_result = letter_result

def object_detection(image, labels=["baseball", "basket"], save_object=True):
    detected_objects = []
    for label in labels:
        result = Object_Detector_Tool.execute(image=image, labels=[label], save_object=save_object)
        detected_objects.append(result)

    return detected_objects

def text_detection(image, languages=["en", "de"], detail=2):
    text_blocks = []
    for language in languages:
        result = Text_Detector_Tool.execute(image=image, languages=[language,])
        for detected_object in result:
            block = [[detected_object[0]['bbox'], detected_object[3]['text'], detected_object[3]['score']], detected_object[3]['text']]
            if block[2] == '' or "What you need" in detected_object[3] or text_blocks and block[0] < text_blocks[-1][0]:
                text_blocks.append(block)

    return text_blocks

def letter_detection(image):
    return Letter_Detector_Tool.execute(image=image)

def depth_detection(image, output=True, outdir="./vis_depth"):
    output_results = {}
    video_results = {}

    image_path = image.name.split('.')[0] + '.jpg' if image.name.endswith('mp4') else image.name
    image_results = Pixel_Depth_Tool.execute(image_path=image_path, output=output, outdir=outdir)
    output_results[image_path] = image_results

    if image.name.endswith('mp4'):
        video_path = image.name.split('mp4')[0] + '_depth' + image.name.split('.')[1]
        video_results = Pixel_Depth_Tool.execute(input=image.name, mode='video', output=image.name[:-4] + '_depth.tif', outdir=outdir)
        video_results['video_depth_map'] = video_results['depth_map'][0]

    return output_results

def main():
    image_path = "/NFS/data8/liao/wxie/SAT/SAT_images_train/7614_0.png"
    object_results = object_detection(image_path, ["baseball", "basket"], save_object=True)
    text_results = text_detection(image_path)
    final_result = object_results[0][0]["bbox"][0] + "," + object_results.get(0)[3]["text"] + ","
    detect_results, text_dict = object_results[0], text_results[0]
    
    result_string = final_result + ",".join([str(x) for x in object_results[0]]) + " | " + final_result + "," + ",".join([str(y) for y in text_results[0]])
    
    object_results, text_dict = object_results[0], text_results[0]

    result_string += " | ".join([str(x) for x in object_results[1]]) + ","
    result_string += " | ".join([str(x) for x in text_results[1]])

    print("Final Result: " + result_string)

if __name__ == "__main__":
    main()
```

You can modify the question and `highlighted_box` variables to get the desired output.
Reward: 0.0

--- Completion 6 ---
final_result = ''
print(final_result)
Reward: 0.0

--- Completion 7 ---
To answer the question, you can use the `Object_Detector_Tool` class for object detection. First, you need to define a function that takes an image and labels as input and returns the detection results in a dictionary. Then, you can use this function to analyze the image and determine the closest object to the bed (dark brown color).

```
import object_detector

def analyze_object(image_path, labels):
    # Load the image for object detection
    img = object_detector.detect_objects(image_path, labels)
    
    # Count the objects
    object_count = list_count_detection(img)

    return {
        'dark brown color bed': object_count,
        'Doorway': 0
    }

def list_count_detection(img):
    return len(img['baseball']) + len(img['basket'])

dark_brown_color_bed_detection = object_detector.execute(image='path/to/image.png', labels=[1, 2, 4, 6])
print(dark_brown_color_bed_detection)
```

Save the object detections as a dictionary with the count of each object:
```
final_result = {
    'dark brown color bed': {
        'objects': len(dark_brown_color_bed_detection['baseball']) + len(dark_brown_color_bed_detection['basket'])  # counting total objects
    },
    'Doorway': 0  # Doorway detection failed
}
```
Reward: 0.0

--- Completion 8 ---
final_result = "Doorway"
Reward: 0.0

