
[Exctuion Failed]

No module named 'Object_Detector_Tool'
code: 

from Object_Detector_Tool import Object_Detector_Tool

# Initialize the Object_Detector_Tool with the specified parameters
detected_objects = Object_Detector_Tool.execute(image="path/to/image.png", labels=["chair"], save_object=True, saved_image_path="detected_objects")

final_result = {"chair": 0}
for label in detected_objects:
    if label["box"][0] >= 0 and label["box"][1] >= 0 and label["box"][2] < 0.3:
        final_result[label["box"][0]] += label["score"]
final_result["chair"] = int(final_result["chair"])

if final_result["chair"] >= 2:
  print("There are", final_result["chair"], "chairs in the scene.")
else:
  print("There are", final_result["chair"], "chairs visible in the scene.")


============================== END ==============================


[Exctuion Failed]

Object_Detector_Tool.execute() got an unexpected keyword argument 'languages'
code: 

from object_detector import Object_Detector_Tool

final_result = Object_Detector_Tool.execute(image='path/to/image.png', languages=['en', 'de'], detail=1)
print(final_result)


============================== END ==============================


[Exctuion Failed]

Object_Detector_Tool.execute() missing 1 required positional argument: 'self'
code: 

from object_detector import Object_Detector_Tool

final_result = Object_Detector_Tool.execute(image='path/to/room_image.png', labels=['table', 'chair'], save_object=True, saved_image_path='detected_objects')
print(final_result)


============================== END ==============================


[Exctuion Failed]

Object_Detector_Tool.execute() got an unexpected keyword argument 'languages'
code: 

from object_detector import Object_Detector_Tool

final_result = Object_Detector_Tool.execute(image='path/to/image.png', languages=['en', 'de'], detail=1)
print(final_result)


============================== END ==============================


[Exctuion Failed]

not enough values to unpack (expected 2, got 0)
code: 

from object_detector import Object_Detector_Tool

# Initialize object detector tool
detector_tool = Object_Detector_Tool()

# Detect objects in the image
detected_objects, object_number = detector_tool.execute(image='/path/to/image.png', labels=['chair', 'desk'], save_object=True)
final_result = detected_objects

print(final_result)


============================== END ==============================


[Exctuion Failed]

f-string: unmatched '[' (<string>, line 11)
code: 

from object_detector import Object_Detector_Tool

final_result = Object_Detector_Tool.execute(image='path/to/image.png',
                                            save_object=True,
                                            labels=['chair'],
                                            threshold=0.35,
                                            model_size='tiny',
                                            saved_image_path='detected_objects')
print(final_result)
print(f'The total number of chairs detected is: {final_result[1]['chair']}.')


============================== END ==============================

