
[EXECUTION EXCEPTION]
expected ':' (<string>, line 7)
code:from object_detector import Object_Detector_Tool

final_result = "B"

def find_num_of_sandwiches():
    sandwich_count = 0
    for i in range(len(lst_4))
        if type(lst_4[i]) is dict and "Name" in lst_4[i]:
            sandwich_count += 1
    print(sandwich_count)
find_num_of_sandwiches()

[EXECUTION EXCEPTION]
Object_Detector_Tool.__init__() takes 1 positional argument but 2 were given
code:from object_detector import Object_Detector_Tool

# Load the toolbox
toolbox_path = "/home/stud/wxie/BLINK_Dataset/Counting/val/images/val_Counting_60_image_1.jpg"
toolbox_toolbox = Object_Detector_Tool(toolbox_path)

# Detect the items at the self-service counter
plate_count = toolbox_toolbox.execute(labels=["sandwiches"], threshold=0.45, model_size="tiny", save_object=True)

final_result = plate_count[0]["boxes"].shape[0]
print(final_result)

[EXECUTION EXCEPTION]
Object_Detector_Tool.execute() missing 1 required positional argument: 'self'
code:from object_detector import Object_Detector_Tool

# Open the image file
image_path = "/home/stud/wxie/BLINK_Dataset/Counting/val/images/val_Counting_60_image_1.jpg"
detected_objects, object_number = Object_Detector_Tool.execute(image=image_path, labels=["sandwich", "bread"], save_object=True, saved_image_path="detected_objects")  # Detects 'sandwich' and 'bread' in the image.

finel_result = detected_objects['objects']['sandwich']

[EXECUTION EXCEPTION]
Object_Detector_Tool.execute() got an unexpected keyword argument 'thresholds'
code:from object_detector import Object_Detector_Tool

def count_sandwiches(image_path):
    # Load the image
    detector_tool = Object_Detector_Tool()
    detected_objects, object_number = detector_tool.execute(image=image_path, labels=["sandwich"], model_size="base", thresholds=[0.55, 0.6], save_object=True, saved_image_path="detected_objects", object_labels=["sandwich"])

    # Calculate the number of sandwiches
    num_sandwiches = sum(object_number.values())
    
    return num_sandwiches

num_sandwiches = count_sandwiches("/home/stud/wxie/BLINK_Dataset/Counting/val/images/val_Counting_60_image_2.jpg")
final_result = Object_Detector_Tool

[EXECUTION EXCEPTION]
Object_Detector_Tool.execute() missing 1 required positional argument: 'self'
code:from object_detector import Object_Detector_Tool

# Call the object detection tool with a sample image and labels
final_result = Object_Detector_Tool.execute(image="path/to/image.png", labels=["sandwich"], save_object=True, saved_image_path="detected_objects")

for result in final_result[2]:
    if result["label"] == "sandwich":
        plates = result["boxes"].values()
        if len(plates) > 0:
            print(f"Number of plates holding sandwiches: {len(plates)}")
        else:
            print("No plates found.")

[EXECUTION EXCEPTION]
list indices must be integers or slices, not str
code:from object_detector import Object_Detector_Tool

# Load the image and labels
detector = Object_Detector_Tool()
image_path = "/home/stud/wxie/BLINK_Dataset/Counting/val/images/val_Counting_60_image_1.jpg"
labels = ["baseball", "basket"]

# Add a label with 100% confidence for comparison
labels.append("extra label");

# Detect objects using object_detector
object_results = detector.execute(image_path, labels)

# Determine if the sandwich is made with bread
count_bread = 0
for label, detection in object_results["detected_objects"].items():
    if "boxes" in detection:
        for box in detection["boxes"]:
            bread = box["bbox"][1] / 100
            if bread > 0.5:
                count_bread += 1

final_result = ""
if count_bread > 2:
    final_result = "A"
elif count_bread < 2:
    final_result = "D"
else:
    final_result = "C"

print(f"The final result is {final_result}:")

[EXECUTION EXCEPTION]
Object_Detector_Tool.execute() missing 1 required positional argument: 'self'
code:from object_detector import Object_Detector_Tool

# Call the tool
result = Object_Detector_Tool.execute(image="/home/stud/wxie/BLINK_Dataset/Counting/val/images/val_Counting_60_image_1.jpg", labels=["sandwich"], save_object=True, saved_image_path="detected_objects")

# Extract the number of sandwiches
sandwiches = result[1]['detected_objects'][0]['group1']
print(f"Number of sandwiches: {len(sandwiches['boxes'])}")
