
[Exctuion Failed]

invalid syntax (<string>, line 1)
code: 
The brown colour desk  shape square is closer to the bed because it is located closer to the bed in the image compared to the doorway or the brown color desk in the highlighted box.

============================== END ==============================


[Exctuion Failed]

invalid syntax (<string>, line 1)
code: 
<?python
final_result = "Doorway (highlighted by a blue box)"

```python
(final_result) = detector.execute(image="path/to/image.png", labels=["Doorway (highlighted by a blue box)", "brown colour desk  shape square (highlighted by a green box)"], save_object=False)
```

============================== END ==============================


[Exctuion Failed]

invalid syntax (<string>, line 1)
code: 
To determine which object is closer to the bed, we can use the Object_Detector_Tool tool.
The question specifies that we are looking at the brown colour desk shape square.
The green box in the image indicates the desk shape square.
Therefore, the brown colour desk shape square is closer to the bed.
The final answer (as a string, e.g., "brown colour desk  shape square") is:
final_result="brown colour desk  shape square"

============================== END ==============================


[Exctuion Failed]

unterminated string literal (detected at line 1) (<string>, line 1)
code: 
To determine which object is closer to the bed (highlighted by a red box), we need to compare the coordinates of the objects and the bed. Here's the Python code:

```python
final_result = "brown colour desk  shape square"

final_result
```

============================== END ==============================

