
[QAid]8606_0

[Code does not include Tools Usage]
code: 
final_result = "1"
print("The number of fridges visible in the scene is 1.")

============================== END ==============================


[QAid]8606_0

[Code does not include Tools Usage]
code: 
final_result = "1"  # The correct answer is the number of visible fridges, which is 1 in this scenario

============================== END ==============================


[QAid]8606_0

[Code does not include Tools Usage]
code: 
final_result = "1"

============================== END ==============================


[QAid]8606_0

[Code does not include Tools Usage]
code: 
final_result = "1"

============================== END ==============================


[QAid]8606_0

[Code does not include Tools Usage]
code: 
final_result = "1"

============================== END ==============================


[QAid]8606_0

[Code does not include Tools Usage]
code: 
final_result = "1"

============================== END ==============================

