--- Completion 1 ---
<command>final_result = "1"
</command>
Reward: 0.5

--- Completion 2 ---
<command>final_result = "1"
</command>
Reward: 0.5

--- Completion 3 ---
<command>final_result = "1"
</command>
Reward: 0.5

--- Completion 4 ---
<command>from object_detector import Object_Detector_Tool

final_result = "1"
</command>
Reward: 0.5

--- Completion 5 ---
<command>from object_detector import Object_Detector_Tool

final_result = ""
try:
    detected_objects, object_number = Object_Detector_Tool.execute(image="path/to_image.png", labels=["Baseball"], save_object=True, saved_image_path="detected_objects")
except Exception as e:
    print(e)

if detected_objects:
    final_result = "1"
else:
    final_result = "0"

print(final_result)
</command>
Reward: 0.5

--- Completion 6 ---
<command>final_result = "1 GarbageCan"</command>
Reward: 0.5

