
[QAid]10862_0

[Code does not include Tools Usage]
code: 
final_result = 0
============================== END ==============================


[QAid]10862_0

[Code does not include Tools Usage]
code: 
final_result = {'paintings': 0}

============================== END ==============================


[QAid]10862_0

[Code does not include Tools Usage]
code: 
final_result = 0
============================== END ==============================


[QAid]10862_0

[Code does not include Tools Usage]
code: 
final_result = 3
============================== END ==============================


[QAid]10862_0

[Code does not include Tools Usage]
code: 
final_result = "2" if "/nfs/data8/liao/wxie/SAT/SAT_images_train/10862_0.png" in "/Users" else "0"  # Check if the mentioned image path is within directory '/nfs/data8/liao/wxie/SAT/SAT_images_train/10862_0.png'\n
============================== END ==============================


[QAid]10862_0

[Code does not include Tools Usage]
code: 
final_result = 0
============================== END ==============================

