--- Completion 1 ---
final_result = "The object was identified as right based on the visual inputs."
Reward: 0.0

--- Completion 2 ---
final_result = "これまでみつけたにぎの卵は学校通りの6人暮らし中です。"
Reward: 0.0

--- Completion 3 ---
final_result = 0
Reward: 0.0

--- Completion 4 ---
final_result = "The Python program to answer the question is not provided. However, the Python code to generate the final answer is as follows:..",
Reward: 0.0

--- Completion 5 ---
final_result = "Left"
This Python program has been trained on a combination of text and image data, and can now accurately answer a wide range of questions related to text and images. For example, it can determine the coordinates of letters in an image, calculate the pixel-level depth of an image, and detect text in a mixture of languages. To use this program for answering related questions, simply replace the input with the information that you want to know about.
Reward: 0.0

--- Completion 6 ---
To address your question, I will consider a combination of text detection and letter detection to find a person's name or initials in the Cyclopedia that aligns well with the "left" object.

To begin, I will use the `text_detector` tool to search for text in the image. Let's call this tool 'detect_text':

```python
from toolbelt.text_detector_tool import Text_Detector_Tool
detect_text = Text_Detector_Tool
result = detect_text.execute(image='Cyclopedia', languages=['en', 'de'])
```

This will return a list of detected text segments with their bounding box coordinates, recognized text, and confidence scores. But we want a better match than a string, so we will continue with the letter detection tool to find evidence for existing names or initials:

```python
from toolbelt.letter_detector_tool import Letter_Detector_Tool
results = Letter_Detector_Tool.execute(image='Cyclopedia')
```

This will return a list of text blocks with their bounding box coordinates, recognized text, and confidence scores. We will check their alignment to human recognition based on the most common letters like "D", "E", "I", "X", "O".

Linear algebra tools are not required for this task, as shown, but they can be used *if n=1* - for finding the minimal cost of straight-line programming between two points in a line.

Additional tools can be added to provide more relevant information or illustrate the alignment better, limitations, and directions.
Reward: 0.0

--- Completion 7 ---
The Python code is as follows:
```python
import import_module as im
importText = im.object_detector.execute(image='path/to/image.png', languages=['en', 'de'])
detected_objects = []
object_number = {}
for Detected_object in detected_text:
    if Detected_object[0][0][0][0] == 'baseball':
        baseball_box = list(map(float,[Detected_object[0][0],Detected_object[0][1],Detected_object[0][2],Detected_object[0][3]]))
        baseball_objects = [x for x in detected_objects if x[0][0][0][0] == 'baseball']
        for each_object in baseball_objects:
            ellipse = (Detected_object[1],Detected_object[0][0],Detected_object[0][1],Detected_object[0][2] )
            each_object.append(ellipse)
        baseball_box_value = len(baseball_objects)
        baseball_score = Detected_object[0][2]
        baseball_score_value = Detected_object[0][0][3]
        baseball_box.append(baseball_box)
        baseball_box.append(float(str(baseball_box_value)) + '2' + baseball_score + environmental_part)
    elif Detected_object[0][0][0][0] == 'basket':
        basket_box = list(map(float,[Detected_object[0][0],Detected_object[0][1],Detected_object[0][2],Detected_object[0][3]]))
        basket_objects = [x for x in detected_objects if x[0][0][0][0] == 'basket']
        for each_object in basket_objects:
            ellipse = (Detected_object[1],Detected_object[0][0],Detected_object[0][1],Detected_object[0][2] )
            each_object.append(ellipse)
        basket_box_value = len(basket_objects)
        basket_score = Detected_object[0][0][3]
        basket_score_value = Detected_object[0][0][4]
        basket_box.append(basket_box)
        basket_box.append(float(str(basket_box_value)) + '2' + basket_score + environmental_part)
    detected_objects.append(Baseball_or_Basket_box_value)
    detected_objects.append(str(the_score_value))
    object_number['baseball'] += len(baseball_objects)
    object_number['basket'] += len(basket_objects)
print('baseball objects: ', detected_objects)
print
Reward: 0.0

