
[QAid]2835_0

[Code does not include Tools Usage]
code: 
final_result = "1"  # assuming there is one cart visible in the scene
============================== END ==============================


[QAid]2835_0

[Code does not include Tools Usage]
code: 
final_result = "1"

============================== END ==============================


[QAid]2835_0

[Code does not include Tools Usage]
code: 
final_result = "1"
print(final_result)

============================== END ==============================


[QAid]2835_0

[Code does not include Tools Usage]
code: 
final_result = "1"

============================== END ==============================


[QAid]2835_0

[Code does not include Tools Usage]
code: 
final_result = "1 Cart"

============================== END ==============================


[QAid]2835_0

[Code does not include Tools Usage]
code: 
final_result = "1"

============================== END ==============================

