
============================== NEW EXECUTION ==============================

[EXECUTION EXCEPTION]
Object_Detector_Tool.execute() missing 1 required positional argument: 'self'
code:for image_path, labels, label_count in Object_Detector_Tool.execute(image="/home/stud/wxie/BLINK_Dataset/Counting/val/images/val_Counting_29_image_1.jpg", labels=["baseball"], save_object=False, saved_image_path="detected_objects"):
    object_images = [os.path.splitext(l)[0] for l in labels]
    for obj in object_images:
        final_result[obj] = label_count

============================== NEW EXECUTION ==============================

[EXECUTION EXCEPTION]
name 'vehicle_list' is not defined
code:for vehicle in vehicle_list:
    if vehicle.startswith("dhl"):  # filter cars by starting with 'dhl'
        final_result += [f"{vehicle}"]  # add the vehicle name to the final result
        print(f"{vehicle} found in the image.")  # print this for verification
total_red_cars = len(final_result)
print(f"Total red cars in the image: {total_red_cars}")

============================== NEW EXECUTION ==============================

[EXECUTION EXCEPTION]
Object_Detector_Tool.__init__() got an unexpected keyword argument 'labels'
code:from object_detector import Object_Detector_Tool

# Example image path for demonstration
image_path = "/path/to/your/image.png"

# Initialize the object detector tool with optional parameters
tool = Object_Detector_Tool(image_path, labels=["baseball", "basket"], save_object=True)

# Execute the tool
result = tool.execute()

# Extract the 'baseball' label count from the result
label_count = result[0]['count']['baseball']

print("The number of red cars in the image is:", label_count)

============================== NEW EXECUTION ==============================

[EXECUTION EXCEPTION]
Object_Detector_Tool.execute() missing 1 required positional argument: 'self'
code:from object_detector import Object_Detector_Tool

# Load the image and set the parameters
image_path = "/home/stud/wxie/BLINK_Dataset/Counting/val/images/val_Counting_29_image_1.jpg"
labels = ["baseball", "basket"]
threshold = 0.45
model_size = "tiny"
save_object = True
saved_image_path = "detected_objects"

# Run the tool
detected_objects, object_number = Object_Detector_Tool.execute(image=image_path, labels=labels, threshold=threshold, model_size=model_size, save_object=save_object, saved_image_path=saved_image_path)

# Extract the total count
total_count = object_number

# Print the result
if save_object:
    print(f"Total count: {total_count}")
else:
    print(f"No object detected in {image_path}")

============================== NEW EXECUTION ==============================

[EXECUTION EXCEPTION]
Object_Detector_Tool.__init__() got an unexpected keyword argument 'image_file'
code:from object_detector import Object_Detector_Tool

# Load the image
image = "/home/stud/wxie/BLINK_Dataset/Counting/cars.jpg"
labels = ["car"]
threshold = 0.45
model_size = "base"
save_object = True
saved_image_path = "detected_objects"

# Initialize the object_detector
object_detector = Object_Detector_Tool(image_file=image, labels=labels, threshold=threshold, model_size=model_size, save_object=save_object, saved_image_path=saved_image_path)

# Detect the cars
detected_objects, object_number = object_detector.execute()

print(f"Detected cars: {object_number}")

============================== NEW EXECUTION ==============================

[EXECUTION EXCEPTION]
Object_Detector_Tool.__init__() takes 1 positional argument but 6 were given
code:from object_detector import Object_Detector_Tool

# Path to the image
image_path = "/home/stud/wxie/BLINK_Dataset/Counting/val/images/val_Counting_29_image_1.jpg"

# Labels to detect
labels = ["baseball", "basket"]

# Confidence threshold
threshold = 0.45

# Model size
model_size = "base"

# Save object images (False for not saving)
save_object = False

# Load the custom detector tool with the given parameters
tool = Object_Detector_Tool(image_path, labels, threshold, model_size, save_object)

# Iterate through the detections
for det in tool.labels:
    if "baseball" in det["label"]:
        print(f"Found baseball in frame at label '{det['label']}' with confidence score {det['confidence score']} and bounding box coordinates (x, y, width, height)")
    elif "basket" in det["label"]:
        print(f"Found basket in frame at label '{det['label']}' with confidence score {det['confidence score']} and bounding box coordinates (x, y, width, height)")

baseball_count = sum(1 for det in tool.labels if "baseball" in det['label'])
basket_count = sum(1 for det in tool.labels if "basket" in det['label'])

if save_object:
    output, object_number = tool.execute(image="path/to/image.png", labels=["baseball", "basket"], model_size=model_size)
    print(f"Image file saved at path '{output}' with object number {object_number}")
else:
    print(f"No object images found in image file. No objects in the image.")
    print("Note: The custom tool may not always detect objects accurately.")

final_result = {"baseball_count": baseball_count, "basket_count": basket_count}

============================== NEW EXECUTION ==============================

[EXECUTION EXCEPTION]
invalid syntax (<string>, line 1)
code:<!-- The image is not provided as an argument, but we will solve the problem here. -->
from object_detector import Object_Detector_Tool

# Assume the image is provided in 'path_to_image.jpg' format and labeled
def count_red_rivers_image_with_red_car(image_path, labels=["red_car"], threshold=0.45, model_size="tiny", save_object=True, saved_image_path="detected_objects"):
    # Load the image and label it with the "red_car"
    object_detector = Object_Detector_Tool(image_path, labels=labels, threshold=threshold, model_size=model_size)
    result = object_detector.execute()

    # Count the number of objects detected
    red_car_count = len(result)

    # Save the objects if specified
    if save_object:
        for obj in result:
            obj["saved_image_path"] = saved_image_path + f"/{obj['label']}_red_car_1.jpg"

    return {"red_car_count": red_car_count}

============================== NEW EXECUTION ==============================

[EXECUTION EXCEPTION]
Object_Detector_Tool.__init__() got an unexpected keyword argument 'default_base_model'
code:from object_detector import Object_Detector_Tool

# Sample image path
image_path = "/home/stud/wxie/BLINK_Dataset/Counting/val/images/val_Counting_29_image_1.jpg"

# Initialize object detector with default model
detector = Object_Detector_Tool(image_path, default_base_model='base')

# Detect basketball and baseball in the image
sports_objects = detector.execute(labels=['baseball', 'basket'])

# Define variable for sports object detection count
sports_detection_count = len(sports_objects)

sports_detection_count
