
[Exctuion Failed]

No module named 'Object_Detector_Tool'
code: 

from Object_Detector_Tool import Object_Detector_Tool

# Define tool parameters
tool_parameters = {
    "image": "/nfs/data8/liao/wxie/SAT/SAT_images_train/1617_0.png",
    "labels": ["baseball", "basket"],
    "save_object": True,
    "saved_image_path": "detected_objects"
}

# Execute the tool
result = Object_Detector_Tool.execute(tools=tool_parameters)

# Determine the number of bed in the scene based on detected objects
number_of_beds = 0
bed_detections = result[0]['baseball']

for bed_detection in bed_detections:
    if bed_detection['box'][3] >= 100 and bed_detection['box'][3] <= 400:
        number_of_beds += 1

final_result = {"beds": number_of_beds}


============================== END ==============================


[Exctuion Failed]

No module named 'Object_Detector_Tool'
code: 

from Object_Detector_Tool import Object_Detector_Tool

# Execute text_detection
result = Object_Detector_Tool.execute(image='path/to/image', languages=['en', 'de'], detail=1)

# Determine the number of beds in the room
beds = result[0][0].get("saved_image_path", None)
beds_count = beds.split("\\")[-1].count("bed")

final_result = {"beds": beds_count}


============================== END ==============================


[Exctuion Failed]

No module named 'object_detector_tool'
code: 

import object_detector_tool

image_path = "/nfs/data8/liao/wxie/SAT/SAT_images_train/1617_0.png"
labels = ['baseball', 'basket']
threshold = 0.35
model_size = 'tiny'
save_object = True

# execute the Object_Detector_Tool to detect baseball and basket
detected_objects, object_number = object_detector_tool.execute(
    image=image_path, labels=labels, save_object=True, model_size=model_size)

final_result = {
    'detected_objects': detected_objects,
    'object_number': object_number
}


============================== END ==============================


[Exctuion Failed]

No module named 'Object_Detector_Tool'
code: 

from Object_Detector_Tool import Object_Detector_Tool

final_result = Object_Detector_Tool.execute(image="1617_0.png", labels=["bed"], save_object=True)

if final_result[0]["number_of_objects"] == 2:
    print("There are 2 beds in the scene")
else:
    print("There are 0 beds in the scene")


============================== END ==============================


[Exctuion Failed]

name 'detected_objects' is not defined
code: 

from object_detector import Object_Detector_Tool

object_detector_tool = Object_Detector_Tool()

def get_object_detection(objects):
    detected_objects, object_number = object_detector_tool.execute(image=image, labels=labels, save_object=save_object, saved_image_path=saved_image_path)
    return detected_objects, object_number

detected_objects, object_number = get_object_detection(detected_objects)
print(f"Detected {len(detected_objects)} objects: {detected_objects}")
print(f"Detections returned for {label} in {num_detected_objects}: {detected_objects.items()}")

final_result = {"total_objects": {"baseball": count_baseball, "basket": count_basket}, "detections_per_label": count_per_label}

final_result += {"detected_objects": {label: det_objects} for label, det_objects in detected_objects.items() if label in final_result["detected_objects"]}

print(final_result)


============================== END ==============================


[Exctuion Failed]

No module named 'object_detector_tool'
code: 

from object_detector_tool import Object_Detector_Tool

final_result = Object_Detector_Tool().execute(image='path/to/image', labels=['baseball', 'basket'], threshold=0.35, model_size='tiny', save_object=True, saved_image_path='detected_objects')


============================== END ==============================

