--- Completion 1 ---
<command>
from object_detector import Object_Detector_Tool

final_result = Object_Detector_Tool().execute(image="/path/to/image.jpg", labels=['basketball', 'baseball'], save_object=True, saved_image_path="detected_objects")

print(final_result)
</command>
Reward: 1.0

--- Completion 2 ---
<command>
from object_detector import Object_Detector_Tool

final_result = Object_Detector_Tool().execute(image=image_path, labels=['Baseball', 'Basket'], save_object=True, saved_image_path='detected_objects')

print(final_result)
</command>
Reward: 1.0

--- Completion 3 ---
<command>
from object_detector import Object_Detector_Tool

final_result = Object_Detector_Tool().execute(image="path_to_image", labels=["baseball", "basket"], save_object=True, saved_image_path="detected_objects")
</command>
Reward: 1.0

--- Completion 4 ---
<command>
from object_detector import Object_Detector_Tool

# Define the command and the tool to be used
command = "object_detector_tool = Object_Detector_Tool()\ndetected_objects, object_number = object_detector_tool.execute(image='path/to/image', labels=['baseball', 'basket'], save_object=True, saved_image_path='detected_objects')"
final_result = object_detector_tool.execute(image='path/to/image', labels=['baseball', 'basket'], save_object=True, saved_image_path='detected_objects')
</command>
Reward: 1.0

--- Completion 5 ---
<command>
from object_detector import Object_Detector_Tool

final_result = Object_Detector_Tool().execute(image='/path/to/image', labels=['baseball', 'basket'], save_object=True, saved_image_path='detected_objects')

print(final_result)
</command>
Reward: 1.0

--- Completion 6 ---
<command>
from object_detector import Object_Detector_Tool

final_result = Object_Detector_Tool().execute(image="path/to/image", labels=["baseball", "basket"], save_object=True, saved_image_path="detected_objects")
</command>
Reward: 1.0

