--- Completion 1 ---
To answer your question, we need to detect and count the number of Dining Tables in the scene. 

First, we will use the Object_Detector_Tool to detect the objects in the scene. We will use the list of object labels 'DiningTable' and a confidence threshold of 0.35. Then, we will extract the number of objects detected.

Here is the Python code to perform the required steps:

```python
from Object_Detector_Tool import Object_Detector_Tool

# Define labels and model size
label_list = ['DiningTable']
model_size = 'tiny'

# Execute the tool
detected_objects = Object_Detector_Tool.execute(image='path_to_your_image', labels=label_list, model_size=model_size, threshold=0.35, save_object=False)['detected_objects']

# Count the number of DiningTables in the image
dining_tables_count = len(detected_objects)

# Extract object labels and objects detected
dining_tables_labels = [detected_objects[label]['label'] for label in label_list]
dining_tables_detection = [detected_objects[label]['box'] for label in label_list]

print(f"The scene contains {dining_tables_count} DiningTables.")
print(f"DiningTables with labels in the list '{label_list}' include: {' & '.join(dining_tables_labels)}")
print(f"DiningTables with boxes in the list '{dining_tables_detection}' include: {' & '.join(dining_tables_detection)}")

# Output count
final_result = dining_tables_count
final_result
```
Reward: 0.0

--- Completion 2 ---
To solve the problem, we need to analyze the image and identify the elements in the scene. Here's the Python program to count the number of dining tables visible in the image as per the input:

```python
import object_detector as OD

def count_dining_tables(image_path, labels=None, model_size="tiny", save_object=False, saved_image_path=None):
    if labels is None:
        labels = [" DiningTable", "Table"]

    results = OD.execute(image_path, labels=labels, model_size=model_size, save_object=save_object, saved_image_path=saved_image_path)
    dining_tables = {label: 0 for label in labels}
    
    for res in results:
        dining_tables[res["label"]] += 1
    
    return dining_tables
```

You can use the `count_dining_tables` function with the appropriate arguments to get the number of dining tables visible in the scene:

```python
dining_tables = count_dining_tables(image_path='path/to/dining_table_image.png')
print("Number of dining tables:", dining_tables["DiningTable"])
```
Reward: 0.0

--- Completion 3 ---
final_result = 1
print(final_result)
Reward: 0.0

--- Completion 4 ---
0
Reward: 0.0

--- Completion 5 ---
# Import the object detector tool
from object_detector import Object_Detector_Tool

# Define the question image and dimensions
image_path = 'path/to/image.png'
width = 800
height = 800

# Execute object detection
try:
    detected_objects, object_number = Object_Detector_Tool.execute(image=image_path, labels=[...], save_object=False,
                                                            saved_image_path=None)

except Exception as e:
    print(str(e))
    print("[!] Unable to detect objects. Please provide a valid image path.")

# Print the detected objects
if len(detected_objects) > 0:
    print(f"Detected objects:\n{detected_objects}")

# Extract objects from the text detection results and save them to a text file
text_results = [{'bbox': ...}, ...]
text_file_path = 'path/to/output.txt'
with open(text_file_path, 'w') as text_file:
    for obj in text_results:
        obj[0].extend([obj[1]] + obj[3])

    text_file.write("\n".join([f"{l[1]} {i} {v}" for (l, i, v) in text_results]))

# Determine if there are any remaining objects after processing the main image
remaining_objects = []
for obj in detected_objects.values():
    remains = False
    for obj in remaining_objects:
        i1, i2 = obj['bbox']
        if obj['score'] < remaining_objects[0]['score'] and i1 < x1 and i1 > i2 and i2 < x2 and i2 > x3 and i3 < y1 and i3 > i2 and i4 < y2 and i4 > x3:
            remains = True
    if remains:
        remaining_objects.append(obj)
    else:
        remaining_objects[5] = obj

remaining_objects.append(detected_objects[0])  # Save the first object detected from the text detection

import cv2 as cv
import numpy as np
from object_detector import Object_Detector_Tool

# Load the image and detect objects from it
# Assuming 'deteced_objects' is a dictionary with different object names and their bounding boxes as keys
for obj_name, obj_bbox in detected_objects.items():
    img = cv.imread(obj_bbox[1])
    text = "deteced_objects = " + (''.join([f"{v[1]}" for (obj, v) in obj_bbox.items()]))
    print(text)

    # Detection: Detect text over the image
    results = Object_Detector_Tool.execute(image=obj_bbox[1])

    # Detect objects: Detect if any objects of interest have been found
    detected_objects2 = []

    import numpy as np
    import matplotlib.pyplot as plt

    import object_detector as oc

    object_labels, object_bbx = oc.detect_object_from_txt(results=results)
    for lb, bb in object_bbx.items():
        bbox = [int(x) for x in bb]

        img = cv.imread(obj_bbox[1])
        x = int(bbox[0]))
        y = int(bbox[1]))
        width = bbox[3] - bbox[0])
        height = bbox[2] - bbox[1])

        img = cv.rectangle(img, (x, y), (x + width, y + height), (0, 0, 0), 2)
        # Create a plot
        fig, ax = plt.subplots()
        ax.imshow(img)
        ax.plot(bb)
        # Get labels for text detection
        text_labels, text_bb = oc.detect_text_from_txt(results=results)
        for lb, bb, tlb in zip(object_labels, bbox, text_bb):
            ax.annotate(tlb[1], xy=tlb[0], xytext=tlb[1])
            ax.plot(tlb[0], tlb[1])
            text_labels.append(i)
        ax.plot([bbox[0] + width, bbox[2] + width, bbox[2] + width, bbox[0] + width], [bbox[1] + height, bbox[1] + height, bbox[1] + height, bbox[1] + height], color='y', linewidth='2')
        ax.plot([bbox[0] + width, bbox[0] + width, bbox[0] + width, bbox[0] + width], [bbox[1] + height, bbox[1] + height, bbox[1] + height, bbox[1] + height], color='b', linewidth='2')
        plt.show()

# Plot the images and count objects on the screen
img = cv.imread(obj)

import matplotlib.pyplot as plt
import numpy as np

bbox = ...



for bbox in detected_objects:
    x1, y1, x2, y2 = bbox['bbox']
    # cv.rectangle(img, (x1, y1), (x2, y2), (0, 255, 0), 3)
    img = cv.rectangle(img, (bbox['bbox'][0], bbox['bbox'][1]), (bbox['bbox'][0] + bbox['bbox'][2], bbox['bbox'][1] + bbox['bbox'][3]), (0, 255, 0), 3)

plt.imshow(img)
plt.show()

# Detect and save text from the given image
results = Object_Detector_Tool.execute(image='path/to/image.png')

import pytesseract as op
text = op.image_to_string(results[0], lang="en")
print(f"Deteced object from text detection: {text}")


Let's go ahead and count and save the objects from the main image as well as the text detection results.

# Iterate over the text detection results
for result in text_results:
    if len(result) < 7:
        continue

    # Get the object text and confidence
    obj, confidence = result[0], result[1]

    # Get the bounding box coordinates
    img = cv.imread(obj_bbox[1])
    x1, y1, x2, y2 = [int(coord) for coord in obj[0]]

    # Save the object text and bounding box
    text = "Deteced object: {obj}, {confidence}".format(obj=obj, confidence=confidence)
    print(text)
    with open('path/to/output.txt', 'a') as f:
        f.write(text + '\n\n')

# Process the remaining objects
for obj in remaining_objects:
    img = cv.imread(obj_bbox[1])
    x1, y1, x2, y2 = obj[0]

    # Detect text over the image
    results = Object_Detector_Tool.execute(image=obj[1])

    # Detect objects
    object_labels, object_bbx = oc.detect_object_from_txt(results=results)
    for lb, bb in object_bbx.items():
        bbox = [int(x) for x in bb]

        img = cv.imread(obj[1])
        x = int(bbox[0]))
        y = int(bbox[1]))
        width = bbox[3] - bbox[0])
        height = bbox[2] - bbox[1])

        img = cv.rectangle(img, (x, y), (x + width, y + height), (0, 0, 0), 2)
        # Create a plot
        fig, ax = plt.subplots()
        ax.imshow(img)
        ax.plot(bbox)
        # Get label text and confidence for text detection
        text_labels, text_bb = oc.detect_text_from_txt(results=results)
        for lb, tlb, img in zip(object_labels, text_bb, (img, text,)):
            ax.annotate(tlb[1], xy=tlb[0], xytext=tlb[1])
            ax.plot(tlb[0], tlb[1])
            text_labels.append(i)
        ax.plot([bbox[0] + width, bbox[2] + width, bbox[2] + width, bbox[0] + width], [bbox[1] + height, bbox[1] + height, bbox[1] + height, bbox[1] + height], color='y', linewidth='2')
        ax.plot([bbox[0] + width, bbox[0] + width, bbox[0] + width, bbox[0] + width], [bbox[1] + height, bbox[1] + height, bbox[1] + height, bbox[1] + height], color='b', linewidth='2')

# Finally, save the depth images.

# The function requires the image_path list and the output_path string
import numpy as np
import pytesseract as op

# Load the image, detect the depth, and save the image
depth_img_path = "path/to/image.png"
depth_output_folder = "./vis_depth"

import pyrealsense2 as rs
import numpy as np

p = rs.streamRgb
pType = rs.sampleType.DepthStreamType
# pType = rs.sampleType.DepthPnPType

with rs.streamCapture() as stream_sensor, rs.streamBuffer(name="sensor") as sensor_stream:
    frame = stream_sensor.get_frame()
    if frame:
        depth_map = sensor_stream.get_depth_map().to_rgb()
        img_depth = depth_map.to_rgb_array().astype(np.uint8)
        img_depth = cv2.applyColorMap(img_depth, cv2.COLORMAP_RAI)
        im = img_depth
        im_BGR = im[:, :, :3].copy()
        cv2.imwrite(depth_img_path, im_BGR)

    elif rs.streamLock.isSet():
        stream_sensor.set_device_power(rs.streamDevice.powerOn())

print("Saving 1
Reward: 0.0

--- Completion 6 ---
to answer the question, we need to find the number of DiningTables visible in the scene. We can do that by counting the number of squares with odd or edge numbers in the image.

final_result = 0
Reward: 0.0

--- Completion 7 ---
<command>
final_result = 1
</command>
Reward: 0.0

--- Completion 8 ---
The image shows a single dining table. The object labels mentioned in the question are "baseball" and "basket," but there are no bounding boxes or detected text blocks for these labels in the image. Therefore, there are 0 dining tables visible in the scene.
Reward: 0.0

