
[Exctuion Failed]

Object_Detector_Tool.execute() missing 1 required positional argument: 'self'
code: 

from object_detector import Object_Detector_Tool

final_result = Object_Detector_Tool.execute(image='path/to/scene.png', labels=['ArmChair', 'Desk'], save_object=True, saved_image_path='detected_objects')

print(final_result)


============================== END ==============================


[Exctuion Failed]

Object_Detector_Tool.execute() missing 1 required positional argument: 'self'
code: 

from object_detector import Object_Detector_Tool

final_result = Object_Detector_Tool.execute(image='/nfs/data8/liao/wxie/SAT/SAT_images_train/13867_0.png', labels=['Armchair'], threshold=0.35, model_size='base', save_object=True, saved_image_path='detected_objects')

print(final_result)


============================== END ==============================


[Exctuion Failed]

Object_Detector_Tool.execute() missing 1 required positional argument: 'self'
code: 

from object_detector import Object_Detector_Tool

# Execute the detection tool
final_result = Object_Detector_Tool.execute(
  image='path/to/image.png', 
  labels=['baseball', 'basket'], 
  save_object=True, 
  saved_image_path='detected_objects'
)

detected_objects, object_number = final_result
print("Detected Objects:")
for label, detection in detected_objects.items():
  print(f"- {label}: {detection}")
  print(f"  [{detected_objects[label]} objects] ({object_number[label]} objects detected)")

print("\nObject Number:")
print(object_number)


============================== END ==============================


[Exctuion Failed]

Object_Detector_Tool.execute() missing 1 required positional argument: 'self'
code: 

from object_detector import Object_Detector_Tool

final_result = Object_Detector_Tool.execute(image='path/to/image.png', labels=['chair'], save_object=True, saved_image_path='detected_objects')

print(final_result)


============================== END ==============================


[Exctuion Failed]

Object_Detector_Tool.execute() missing 1 required positional argument: 'self'
code: 

from object_detector import Object_Detector_Tool

final_result = Object_Detector_Tool.execute(image='path/to_image.png', labels=['ArmChair', 'Desk'], save_object=True)

print(final_result)


============================== END ==============================


[Exctuion Failed]

Object_Detector_Tool.execute() missing 1 required positional argument: 'self'
code: 

from object_detector import Object_Detector_Tool

final_result = Object_Detector_Tool.execute(image='path/to/image.png', labels=['ArmChair'], save_object=True, saved_image_path='detected_objects')
print(final_result)


============================== END ==============================

