--- Completion 1 ---
<command>
from object_detector_tool import Object_Detector_Tool

# Initialize the tool with default parameters
object_tool = Object_Detector_Tool()
detected_objects, object_number = object_tool.execute(image="path/to/image", labels=["baseball","basket"], save_object=True, saved_image_path="detected_objects")
</command>

final_result = {"count": len(detected_objects["basket"]), "label": ["basket"]} if detected_objects["basket"] else {"failed": True, "message": "No baseballs found in the image."}

final_result = {"count": len(detected_objects["baseball"]), "label": ["baseball"]} if detected_objects["baseball"] else {"failed": True, "message": "No baskets found in the image."}

final_result = {"count": len(detected_objects["baseball"]).sum(), "label": ["baseball"]} if detected_objects["baseball"].sum() > 0 else {"failed": True, "message": "No baseballs found in the image."}

final_result = {"count": len(detected_objects["basket"]).sum(), "label": ["basket"]} if detected_objects["basket"].sum() > 0 else {"failed": True, "message": "No baskets found in the image."}

# Generate the final answer in the prompt
text_detector_tool = Text_Detector_Tool()
result = text_detector_tool.execute(image="path/to/image", languages=["en", "de"])["detected_text"]
detected_objects = [{"box": [x, y, x + w, y + h], "text": text, "score": confidence} for text, confidence in result]
</command>
Reward: 1.0

--- Completion 2 ---
final_result : {\n'counter_tables': 1\n,'count': 1\n,\n}
Reward: 0.0

--- Completion 3 ---
generated lines
Reward: 0.0

--- Completion 4 ---
from object_detector_tool import Object_Detector_Tool  # from_module, import_name
from text_detector_tool import Text_Detector_Tool  # from_module, import_name

final_result = Object_Detector_Tool().execute(image="path/to/image", labels=["CounterTop"], save_object=True, saved_image_path="detected_objects")  # generate program body
final_result  # replace "path/to/image" with the actual image file path
Reward: 0.0

--- Completion 5 ---
To determine the number of CounterTops in the scene, let's first import the `Object_Detector_Tool` tool from the `tool_module_name` and then execute the tool with the required parameters for the image and labels.

```python
from tool_module_name:object_detector_tool import *

image_path = "image_path"  # Replace with the actual image path
labels_to_detect = ['counter_top']
saved_output_dir = "/path/to/saved/output/directory"

try:
    detected_objects, object_number = object_detector_tool.execute(image=image_path, labels=labels_to_detect, save_object=True, saved_image_path=saved_output_dir)
    
    # Check if any counter top is detected
    counter_tops_detected = any(label["box"][0][-1] > 0 and label["box"][2][0] > 0 for label in detected_objects)
    
    final_result = {
        "CounterTops_detected": counter_tops_detected
    }
    
    print(f"Number of CounterTops detected: {counter_tops_detected}")
except Exception as e:
    final_result['Error'] = str(e)
    print(f"Error Occurred: {e}")
```

Make sure to replace `<image_path>` with the actual path of the image you're working with, and `<path/to/saved/output/directory>` with a valid directory where you want to save the detected objects. This script will print the number of CounterTops detected in the image along with any error messages obtained from the tool execution. 

Please adjust the path variables (`image_path`, `labels_to_detect`) to match your specific image file and labelling requirements.
Reward: 0.0

--- Completion 6 ---
```python
object_detector_tool = Object_Detector_Tool()
detected_objects, object_number = object_detector_tool.execute(image="path/to/image", labels=["baseball"], save_object=True)
object_number
```
Reward: 0.0

