
[QAid]217_0

[Code Includes Tools Usage]
code: 

from object_detector import Object_Detector_Tool

final_result = Object_Detector_Tool().execute(image='path/to/image', labels=['baseball', 'basket'], save_object=True, saved_image_path='detected_objects')
print(final_result)

============================== END ==============================


[QAid]217_0

[Code Includes Tools Usage]
code: 

from object_detector import Object_Detector_Tool

final_result = Object_Detector_Tool().execute(
  image="/nfs/data8/liao/wxie/SAT/SAT_images_train/217_0.png",
  labels=["baseball", "basket"],
  save_object=True,
  saved_image_path="detected_objects"
)

============================== END ==============================


[QAid]217_0

[Code Includes Tools Usage]
code: 

from object_detector import Object_Detector_Tool

final_result = Object_Detector_Tool().execute(image="path/to/image", labels=["baseball", "basket"], save_object=True, saved_image_path="detected_objects");

============================== END ==============================


[QAid]217_0

[Code Includes Tools Usage]
code: 

from os.path import join

def calculate_lamp_count(image_path):
    detected_objects = object_detector_tool.execute(image=image_path, labels=['desk_lamp'], save_object=True)
    lamp_count = len(detected_objects)
    return lamp_count

final_result = calculate_lamp_count('path_to_image.jpg')
print(final_result)

============================== END ==============================


[QAid]217_0

[Code Includes Tools Usage]
code: 

from object_detector import Object_Detector_Tool

final_result = Object_Detector_Tool().execute(
    image='path/to/image',
    labels=['baseball', 'basket'],
    save_object=True,
    saved_image_path='detected_objects'
)

print(final_result)

============================== END ==============================


[QAid]217_0

[Code Includes Tools Usage]
code: 

from object_detector import Object_Detector_Tool

final_result = Object_Detector_Tool().execute(image="217_0.png", labels=["baseball", "basket"], save_object=True, saved_image_path="detected_objects")
print(final_result)

============================== END ==============================

