--- Completion 1 ---
<command>
from object_detector_tool import Object_Detector_Tool

final_result = Object_Detector_Tool().execute(image="path/to/image", labels=["baseball", "basket"], save_object=True, saved_image_path="detected_objects")
print(final_result)
</command>
Reward: 1.0

--- Completion 2 ---
<command>
from object_detector import Object_Detector_Tool

final_result = Object_Detector_Tool().execute(image='8111_0.png', labels=['bed'], save_object=True, saved_image_path='detected_objects')
</command>
Reward: 1.0

--- Completion 3 ---
<command>
from object_detector import Object_Detector_Tool

final_result = Object_Detector_Tool().execute(image='path/to_image', labels=['baseball', 'basket'], save_object=True, saved_image_path='detected_objects')
</command>
Reward: 1.0

--- Completion 4 ---
<command>
from objectDetector_tool import Object_Detector_Tool

final_result = Object_Detector_Tool().execute(image='path_to_image', labels=['baseball', 'basket'], save_object=True, saved_image_path='detected_objects')
</command>
Reward: 1.0

--- Completion 5 ---
<command>
from object_detector import Object_Detector_Tool

final_result = Object_Detector_Tool().execute(image='path/to/image', labels=['baseball', 'basket'], save_object=False, saved_image_path='')
</command>
Reward: 1.0

--- Completion 6 ---
<command>
from object_detector import Object_Detector_Tool

final_result = Object_Detector_Tool().execute(image="path_to_image", save_object=True, labels=["baseball", "camera"])
</command>
Reward: 1.0

