
[EXECUTION EXCEPTION]
Object_Detector_Tool.execute() missing 1 required positional argument: 'self'
code:from object_detector import Object_Detector_Tool

# Set up the detection tool
detected_objects = Object_Detector_Tool.execute(image="/home/stud/wxie/BLINK_Dataset/Counting/val/images/val_Counting_114_image_1.jpg", labels=["giraffe"], save_object=True, saved_image_path="detected_objects")

detected_objects

[EXECUTION EXCEPTION]
name 'people' is not defined
code:from object_detector import Object_Detector_Tool

final_result = ["", []]

# Function to check if a person is standing near the right of the giraffe
def check_surrounding_people(image_path):
    # Load the image
    detector = Object_Detector_Tool(root_path=image_path)
    
    # Detect people
    people = detector.detect_objects("person")
    if count_people == 1 and people["boxes"][0]["name"] == "person":
        # If person is detected, check its bounding box
        bounding_box = people["boxes"][0]["bbox"]["bbox"]
        left, top, right, bottom = bounding_box
        distance = (left - (image_path.shape[1] / 2)) ** 2 + (top - (image_path.shape[0] / 2)) ** 2
        # Calculate the angle between the ground and the direction of the person
        angle = math.atan2((top - (image_path.shape[0] / 2)) / distance, (left - (image_path.shape[1] / 2)) / distance)
        right_angle = (180 / math.pi) * (angle + 90)
        return True if round(right_angle * 10 > 90) and round(right_angle * 10 < 180) else False

# Check each person bounding box
for bounding_box in people["boxes"][0]["bbox"]:
    if check_surrounding_people(image_path + bounding_box["bbox"]["path"]):
        final_result[0] += bounding_box["bbox"]["name"]
        final_result[1].append(bounding_box["bbox"]["name"])

print(final_result)

[EXECUTION EXCEPTION]
invalid syntax (<string>, line 1)
code:```python
from object_detector import Object_Detector_Tool

# Provided image path
image_path = "/home/stud/wxie/BLINK_Dataset/Counting/val/images/val_Counting_114_image_1.jpg"

# Initialize object detector tool
object_detector_tool = Object_Detector_Tool()

# Detect objects in the image
labels, object_number = object_detector_tool.execute(image_path, ["giraffe"], threshold=0.45, model_size="tiny", save_object=True)

# Print the total count of giraffes detected in the image
total_giraffes = len(object_number.get("giraffe", 4))
final_result = total_giraffes  # Assign the final result
```

[EXECUTION EXCEPTION]
not enough values to unpack (expected 2, got 0)
code:from object_detector import Object_Detector_Tool

# Path to the image
image_path = "/home/stud/wxie/BLINK_Dataset/Counting/val/images/val_Counting_114_image_1.jpg"

# Initialize object detector tool
obj_detector = Object_Detector_Tool()

# Detect objects in the image
detected_objects, object_number = obj_detector.execute(image_path, labels=["giraffe"], save_object=True, saved_image_path="detected_objects")

# Check if object was detected
if detected_objects['giraffe']:
    # If object was detected, count instances
    object_number = len(detected_objects['giraffe']) if 'giraffe' in object_number else 0
else:
    # If object was not detected, return result from object_detections dict
    object_number = object_detections['giraffe']

# Print result
print(f"There are {object_number} people standing near the giraffe.")

[EXECUTION EXCEPTION]
Object_Detector_Tool.execute() missing 1 required positional argument: 'image'
code:from object_detector import Object_Detector_Tool

# Path to the image file
image_path = "/home/stud/wxie/BLINK_Dataset/Counting/val/images/val_Counting_114_image_1.jpg"

# Labels to detect
labels = ["baseball", "basket"]

# Confidence threshold
threshold = 0.4

# Model size
model_size = "tiny"

# Save object detection results
save_object = True
saved_image_path = "detected_objects"

# Calculate object number
object_number = len(Object_Detector_Tool.execute(image_path, labels=labels, save_object=save_object, threshold=threshold, model_size=model_size)).get("object_number")

final_result = {"object_number": object_number}

print(final_result)

[EXECUTION EXCEPTION]
object_detector.tool.Object_Detector_Tool.execute() got multiple values for keyword argument 'labels'
code:# 导入工具模块和类
from object_detector import Object_Detector_Tool

# 创建对象检测工具
detector = Object_Detector_Tool()

# 路径到图片
image_path = "/home/stud/wxie/BLINK_Dataset/Counting/val/images/val_Counting_114_image_1.jpg"

# 过滤器设置和阈值
filter_params = {"labels": ["baby", "mama", "giraffe"], "threshold": 0.45, "model_size": "tiny"}

# 根据路径读取图片
with open(image_path, "rb") as f:
    image = f.read()

# 运行对象检测
result = detector.execute(image=image, labels=filter_params["labels"], save_object=True, saved_image_path="detected_objects", **filter_params)

# 提取检测对象的总数
total_labels = result["object_number"]

# 定义最终输出结果的变量
final_result = {"total_labels": total_labels}

# 输出最终结果
print(final_result)

[EXECUTION EXCEPTION]
not enough values to unpack (expected 2, got 0)
code:from object_detector import Object_Detector_Tool

# Get the image
image_path = "/home/stud/wxie/BLINK_Dataset/Counting/val/images/val_Counting_114_image_1.jpg"

# Create the object detector tool
object_detector_tool = Object_Detector_Tool()

# Detect the objects in the image
detected_objects, object_number = object_detector_tool.execute(image=image_path, labels=["human", "giraffe"], threshold=0.45, model_size="tiny", save_object=True, saved_image_path="detected_objects")

# Print the number of detected objects
final_result = {}
sorted_object_number = sorted(object_number.items(), key=lambda x: x[1],reverse=True)
for key in sorted_object_number[:1]:
    final_result[key[0]] = key[1]

print(final_result.items())

[EXECUTION EXCEPTION]
Object_Detector_Tool.__init__() takes 1 positional argument but 2 were given
code:from object_detector import Object_Detector_Tool

# Path to the image
image_path = "/home/stud/wxie/BLINK_Dataset/Counting/val/images/val_Counting_114_image_1.jpg"

# Create an Object_Detector_Tool object
detector_tool = Object_Detector_Tool(image_path)

# Detect objects in the image
labels = ["Giraffe"]  # List of object labels to detect
threshold = 0.45
model_size = "tiny"
save_object = True
saved_image_path = ""

detected_objects, object_number = detector_tool.execute(labels=labels, threshold=threshold, model_size=model_size, save_object=save_object, saved_image_path=saved_image_path)

# Count the object detected in the image
object_counts = {}

for label in detected_objects["result"]:
    label_count = detected_objects["result"][label]["count"]
    object_counts[label] = label_count

# Determine the number of people standing near the right of the giraffe
people_count = sum(object_counts.values())

final_result = people_count

print(f"The number of people standing near the right of the giraffe is {people_count}.")
