
[EXECUTION EXCEPTION]
unterminated string literal (detected at line 8) (<string>, line 8)
code:from object_detector import Object_Detector_Tool

detecter_tool = Object_Detector_Tool()
detecter_tool.execute(image=image_path, labels=["boat"], save_object=True)
print(detecter_tool.object_number)
```

We can extract the detected boats' count from the output returned by the tool:
<command>
count = detecter_tool.object_number["boat"]
count
```

The variable `count` should now contain the number of sinking boats detected.

Finally, I will assign the detection result to the `final_result` variable:
<command>
final_result = count
```

Set the final answer to the output from the object detector tool.

[EXECUTION EXCEPTION]
count_dropped_boats() missing 1 required positional argument: 'image_path'
code:from object_detector import Object_Detector_Tool

def count_dropped_boats(image_path):
    detector_tool = Object_Detector_Tool()

    # Load the image
    with open(image_path, 'rb') as image_file:
        image_data = image_file.read()

    # Detect objects
    results = detector_tool.run_with_labels(["boat"], image_data, threshold=0.45, model_size="tiny", save_object=True)

    # Count the boxes of the 'boat' label
    num_dropped_boats = len(results[1]['boxes']) if results[1]['boxes'] else 0

    return num_dropped_boats

# Calculate the total number of sinking boats
total_sinking_boats = count_dropped_boats() + count_dropped_boats() + count_dropped_boats() + count_dropped_boats()

print("Total number of sinking boats:", total_sinking_boats)

[EXECUTION EXCEPTION]
Object_Detector_Tool.execute() got an unexpected keyword argument 'image_path'
code:from object_detector import Object_Detector_Tool

image_path = "/home/stud/wxie/BLINK_Dataset/Counting/val/images/val_Counting_96_image_1.jpg"
labels = ['boat', 'sail']
threshold = 0.45
model_size = "tiny"
save_object = False

final_result = Object_Detector_Tool.execute(image_path=image_path, labels=labels, threshold=threshold, model_size=model_size, save_object=save_object)

number_of_sinking_boats = final_result["object_number"]["boat"]["number_sinking_boats"]
print(f"The number of sinking boats is {number_of_sinking_boats}")

[EXECUTION EXCEPTION]
unexpected indent (<string>, line 2)
code:# Import the required tool classes and libraries
    from object_detector import Object_Detector_Tool

    # Define the question
    question = "How many sinking boats are there?"

    # Define the image path and options for the tool
    image_path = "/home/stud/wxie/BLINK_Dataset/Counting/val/images/val_Counting_96_image_1.jpg"
    labels = ["baseball", "basket"]
    threshold = 0.45
    model_size = "tiny"
    save_object = True
    saved_image_path = "detected_objects"

    # Create the Object_Detector_Tool instance
    objDetector_tool = Object_Detector_Tool(image_path, labels, threshold, model_size, save_object, saved_image_path)

    # Execute the tool and get the results
    detected_objects, object_number = objDetector_tool.execute()

    # Access the number of sinking boats
    sinking_boats_count = int(object_number.get("sink boats", 0))

    # Final result
    final_result = sinking_boats_count

[EXECUTION EXCEPTION]
keyword argument repeated: save_object (<string>, line 25)
code:from object_detector import Object_Detector_Tool

# Load object detector tool
tool = Object_Detector_Tool()

# Input image path
image_path = "/home/stud/wxie/BLINK_Dataset/Counting/val/images/val_Counting_96_image_1.jpg"

# Labels to detect
labels = ["sail", "sun"]

# Confidence threshold
threshold = 0.5

# Model size
model_size = "tiny"

# Save object path
save_object = True

# Output path
saved_image_path = "detected_objects"

# Call the tool
detect_results = tool.execute(image_path=image_path, labels=labels, save_object=True, threshold=threshold, model_size=model_size, save_object=save_object, saved_image_path=saved_image_path)

# Number of detected objects
final_result = len(detect_results[0]["boxes"])

print("Number of sinking boats:", final_result)

[EXECUTION EXCEPTION]
invalid syntax (<string>, line 17)
code:from object_detector import Object_Detector_Tool

# Assuming we have an image path
image_path = "/home/stud/wxie/BLINK_Dataset/Counting/val/images/val_Counting_96_image_1.jpg"
labels = ["boat"]

threshold = 0.5
model_size = "tiny"
save_object = True
saved_image_path = "detected_objects"

# Initialize the object detector tool
detector_tool = Object_Detector_Tool(image_path, labels, threshold, model_size, save_object, saved_image_path)

# Run the tool
detected_objects, object_number = detector_tool.execute()
<command>
detected_objects
