
[EXECUTION EXCEPTION]
Object_Detector_Tool.execute() missing 1 required positional argument: 'self'
code:from object_detector import Object_Detector_Tool

# Set up the object detection tool
detected_objects, object_number = Object_Detector_Tool.execute(image="path_to_image.jpg", labels=["banners"], save_object=True, saved_image_path="detected_objects")
image_count = len(detected_objects)

# Calculate the final result
final_result = ["B"] * image_count
for i in range(image_count):
    if any(x in detected_objects[i]["labels"] for x in ["banners"]): 
        final_result[i] = "B" 

print("Number of people in the water:", final_result)

[EXECUTION EXCEPTION]
Object_Detector_Tool.execute() missing 1 required positional argument: 'self'
code:from object_detector import Object_Detector_Tool

final_result = {}
num_people = 0

# Get detected object labels
label_output = Object_Detector_Tool.execute(image="/home/stud/wxie/BLINK_Dataset/Counting/val/images/val_Counting_82_image_1.jpg", labels=["people"], save_object=False)
label_detection = label_output["object_number"]

if "boats" in label_output:
    num_people += 1

if "candies" in label_output:
    num_people += 1

if "people" in label_detection:
    num_people += 2

if "bottles" in label_detection:
    num_people += 1

if "chair" in label_detection:
    num_people += 1

if "table" in label_detection:
    num_people += 1

if "truck" in label_detection:
    num_people += 1

if "car" in label_detection:
    num_people += 1

if "train" in label_detection:
    num_people += 1

if "boat" in label_output:
    num_people += 2

final_result["number_of_people"] = num_people

# Print final result
print("Number of people in the water: ", num_people)

============================== NEW SCCESSFUL EXECUTION ==============================
[EXEC CODE]
from object_detector import Object_Detector_Tool
[THE PRINT OUTPUT]

[GENERATE FINAL_RESULT]
None

[None RESULT]


[EXECUTION EXCEPTION]
Object_Detector_Tool.execute() missing 1 required positional argument: 'self'
code:from object_detector import Object_Detector_Tool

f1 = r"val_Counting_82_image_1.jpg"
final_result = Object_Detector_Tool.execute(image=f1, labels=["baseball", "basket"], save_object=True, saved_image_path="detected_objects") ['object_number']

[EXECUTION EXCEPTION]
invalid syntax (<string>, line 6)
code:from object_detector import Object_Detector_Tool

# Step 1: Call the Object_Detector_Tool with the image file and labels, save detection results and add box scores if desired
final_result = Object_Detector_Tool.execute(image="/home/stud/wxie/BLINK_Dataset/Counting/val/images/val_Counting_82_image_1.jpg", labels=["baseball", "basket"], save_object=True, saved_image_path="detected_objects")

```
# Step 2: Determine who is in the water
water_people = final_result["object_number"]["basket"]

water_people

[EXECUTION EXCEPTION]
'utf-8' codec can't decode byte 0xff in position 0: invalid start byte
code:from object_detector import Object_Detector_Tool

# Function to count the number of people in the water
def count_people_in_water(saved_image_path):
    with open(saved_image_path, 'r') as file:
        content = file.read()
        lines = content.split('\n')
        water_area = lines[1:18]

        # Find the water areas in the line
        for i in range(len(water_area)):
            if '$A$' in water_area[i] or '$B$' in water_area[i]:
                water_start_pos = i
                break

        # Count the number of water areas
        water_count = water_start_pos
        for i in range(1, len(water_area) - 1):
            if '$A$' in water_area[i] or '$B$' in water_area[i]:
                water_count += 1

        return water_count

# Get the number of people in the water
final_result = count_people_in_water("/home/stud/wxie/BLINK_Dataset/Counting/val/images/val_Counting_82_image_1.jpg")
print("Number of people in the water:", final_result)

[EXECUTION EXCEPTION]
Object_Detector_Tool.__init__() got an unexpected keyword argument 'labels'
code:from object_detector import Object_Detector_Tool

# Path to the image
image_path = "/home/stud/wxie/BLINK_Dataset/Counting/val/images/val_Counting_82_image_1.jpg"

# Parameters for Object_Detector_Tool
parameters = {
    "labels": ["banana", "baseball"],
    "threshold": 0.45,
    "model_size": "tiny",
    "save_object": True,
    "saved_image_path": "detected_objects"
}

# Initialize the Object_Detector_Tool
detector_tool = Object_Detector_Tool(**parameters)

# Detect objects in the image
outputs = detector_tool.execute(image_path)
detected_objects, detected_object_labels = outputs

# Count the objects in the detected_objects dictionary
total_objects_count = sum(detected_object_labels.values())

total_objects_count
