
[QAid]757_0

[Code does not include Tools Usage]
code: 
final_result = "1"

============================== END ==============================


[QAid]757_0

[Code does not include Tools Usage]
code: 
final_result = "1"

============================== END ==============================


[QAid]757_0

[Code does not include Tools Usage]
code: 
final_result = "1"  # Assuming there's only one SideTable in the scene.

============================== END ==============================


[QAid]757_0

[Code does not include Tools Usage]
code: 
final_result = "1 SideTable"

============================== END ==============================


[QAid]757_0

[Code does not include Tools Usage]
code: 
final_result = "1"

============================== END ==============================


[QAid]757_0

[Code does not include Tools Usage]
code: 
final_result = "1 SideTable is visible in the scene."

============================== END ==============================

