
[QAid]14767_0

[Code Includes Tools Usage]
code: 

from object_detector import Object_Detector_Tool

result = Object_Detector_Tool.execute(image='path/to/image.png', labels=['baseball', 'basket'])

if result['total_objects'] == 2:
    labels = [item['label'] for item in result['detected_labels']]
    bbox = [item['bbox'] for item in result['detected_labels']]
    
    print("Beds found!")
    print("Beds detected: ", labels)
    for lb in result['detected_labels']:
        print(lb['label'], "Detected: ", lb['box'])
else:
    print("No beds found!")

============================== END ==============================


[QAid]14767_0

[Code Includes Tools Usage]
code: 

from object_detector import Object_Detector_Tool

# Define the image file path and options
image_path = "/nfs/data8/liao/wxie/SAT/SAT_images_train/14767_0.png"
label_names = ["baseball", "basket"]
object_count = 3
threshold = 0.35
model_size = "tiny"

# Create the Object_Detector_Tool object
tool = Object_Detector_Tool(image_path, label_names, threshold=threshold, model_size=model_size)

# Execute the command to detect objects and save images
detected_objects, object_count = tool.execute()
print(f"Detected objects:\n{detected_objects}\nTotal detected objects: {object_count}")

============================== END ==============================


[QAid]14767_0

[Code Includes Tools Usage]
code: 

from Object_Detector_Tool import Object_Detector_Tool

final_result = Object_Detector_Tool.execute(image='/nfs/data8/liao/wxie/SAT/SAT_images_train/14767_0.png', labels=['bed'], save_object=True, saved_image_path='detected_objects')
final_result

============================== END ==============================


[QAid]14767_0

[Code Includes Tools Usage]
code: 

from objects import Object_Detector_Tool

# Provide the path to the image file
image_path = "/nfs/data8/liao/wxie/SAT/SAT_images_train/14767_0.png"

# Choose the target language for detection
languages = ["en", "de"]

# Specify the level of detail (0 for simpler output, 1 for detailed output)
detail_level = 1

# Set the confidence threshold for detection (default: 0.35)
detect_threshold = 0.35

# Call the Text_Detector_Tool to detect text in the image
text_detection = Text_Detector_Tool.execute(image=image_path, languages=languages, detail=detail_level)

# Extract the detected text blocks
text_blocks = text_detection[0]

# If text detection was successful, calculate the total number of detected blocks and their scores
total_text_blocks = len(text_detection[0])
confidence_scores = [det[3] for det in text_detection]

# Convert the list of text blocks into the required format
text_result = [
    [
        [[x[0], y[0]], [x[1], y[1]], [x[2], y[2]], [x[3], y[3]]]
        for x in text_block if (max(x[0]) - min(x[0]) > 0 and
                              max(x[1]) - min(x[1]) > 0)
    ] for text_block in text_blocks
], confidence_scores

# Print the result
final_result = {"detected_objects": text_result, "text_number": total_text_blocks, "text_scores": confidence_scores}

final_result

============================== END ==============================


[QAid]14767_0

[Code Includes Tools Usage]
code: 

from object_detector import Object_Detector_Tool

final_result = Object_Detector_Tool.execute(image=image_path, labels=['bed'], threshold=0.35, model_size='tiny')
final_result

============================== END ==============================


[QAid]14767_0

[Code Includes Tools Usage]
code: 

from object_detector import Object_Detector_Tool

final_result = Object_Detector_Tool.execute(image="/nfs/data8/liao/wxie/SAT/SAT_images_train/14767_0.png", labels=["bed"], save_object=False)
print(final_result)

============================== END ==============================

