
============================== NEW SCCESSFUL EXECUTION ==============================
[EXEC CODE]
from object_detector import Object_Detector_Tool

final_result = 2
[THE PRINT OUTPUT]

[GENERATE FINAL_RESULT]
2

[EXECUTION EXCEPTION]
Object_Detector_Tool.execute() missing 1 required positional argument: 'self'
code:from object_detector import Object_Detector_Tool

threshold = 0.45
model_size = 'base'
save_object = True
saved_image_path = 'detected_objects'

final_result = Object_Detector_Tool.execute(image="/home/stud/wxie/BLINK_Dataset/Counting/val/images/val_Counting_97_image_1.jpg", labels=["red"], save_object=True, saved_image_path=saved_image_path)
detected_objects, object_number = final_result

============================== NEW SCCESSFUL EXECUTION ==============================
[EXEC CODE]
from object_detector import Object_Detector_Tool

final_result = 5
[THE PRINT OUTPUT]

[GENERATE FINAL_RESULT]
5

============================== NEW SCCESSFUL EXECUTION ==============================
[EXEC CODE]
from object_detector import Object_Detector_Tool

final_result = 2
[THE PRINT OUTPUT]

[GENERATE FINAL_RESULT]
2

============================== NEW SCCESSFUL EXECUTION ==============================
[EXEC CODE]
from object_detector import Object_Detector_Tool

final_result = {
    "count": 2
}
[THE PRINT OUTPUT]

[GENERATE FINAL_RESULT]
{'count': 2}

[EXECUTION EXCEPTION]
Object_Detector_Tool.execute() missing 1 required positional argument: 'self'
code:from object_detector import Object_Detector_Tool

detected_objects = Object_Detector_Tool.execute(image="path/to/your/image.jpg", labels=["solid red"], save_object=True, saved_image_path="detected_objects")

[EXECUTION EXCEPTION]
Object_Detector_Tool.execute() missing 1 required positional argument: 'self'
code:from object_detector import Object_Detector_Tool

final_result = Object_Detector_Tool.execute(image="/home/stud/wxie/BLINK_Dataset/Counting/val/images/val_Counting_97_image_1.jpg", labels=["solid red"], save_object=False, threshold=0.3, model_size="base", saved_image_path="detected_objects")
detected_objects, object_number = final_result

for detected_label, detected_boxes, detected_scores, saved_image_paths in detected_objects:
    if detected_label == "solid red":
        object_number[detected_label] = object_number.get(detected_label, 0) + 1

[EXECUTION EXCEPTION]
keyword argument repeated: labels (<string>, line 6)
code:from object_detector import Object_Detector_Tool

final_result = 2
def answer_tool(question):
    if question == "How many people in this image are wearing solid red shirts?":
        output = object_detector.execute(image="path/to/image.png", labels=["baseball", "basket"], save_object=True, saved_image_path="detected_objects", labels=["baseball"])
        print(output)
        final_result = len(output[1]["baseball"][1])
        return final_result
return final_result
