--- Completion 1 ---
<command>
from object_detector import Object_Detector_Tool

# Demonstration with a sample image and a list of labels
image_path = "/nfs/data8/liao/wxie/SAT/SAT_images_train/6671_0.png"
labels = [u'baseball', u'basket']

final_result = Object_Detector_Tool.execute(image=image_path, labels=labels)
print("Detected Objects:")
for label, detected_objects in final_result:
    print(f"{label}:")
    if detected_objects:
        for det_entry in detected_objects['baseball']:
            print(f'  - {det_entry["box"]} - {det_entry["score"]} ({det_entry["box"]}).')
    if detected_objects:
        for det_entry in detected_objects['basket']:
            print(f'  - {det_entry["box"]} - {det_entry["score"]} ({det_entry["box"]}).')
    else:
        print("No detected objects.")
</command>
Reward: 1.0

--- Completion 2 ---
<command>
from object_detector import Object_Detector_Tool

final_result = Object_Detector_Tool.execute(image='path/to_image.png', labels=['desk', 'dresser'], save_object=True, saved_image_path='detected_objects')

print('Detected objects:', final_result)
</command>
Reward: 1.0

--- Completion 3 ---
<command>
from object_detector import Object_Detector_Tool

# Get the image path and labels to detect
image_path = 'path/to/image.png'
labels = ['baseball', 'basket']

# Create the Object_Detector_Tool object
tool = Object_Detector_Tool()
total_objects = tool.execute(image_path=image_path, labels=labels, save_object=False)

total_objects
</command>
Reward: 0.5

--- Completion 4 ---
<command>
from Object_Detector_Tool import Object_Detector_Tool

final_result = Object_Detector_Tool.execute(image="/path/to/image.png", labels=["dresser"], save_object=True)

print(final_result)
</command>
Reward: 1.0

--- Completion 5 ---
<code>
from object_detector import Object_Detector_Tool

# Function to execute the object detection
def execute_detection(image_path, labels, save_object, saved_image_path):
    try:
        result = Object_Detector_Tool.execute(image_path, labels=labels, save_object=save_object, saved_image_path=saved_image_path)
        return result
    except Exception as e:
        print(f"Error executing object detection: {e}")
        return []

# Example usage
result = execute_detection(image_path='path/to/image.png', labels=['baseball', 'basket'], save_object=True, saved_image_path='detected_objects')
detected_objects = result[0]
object_number = result[1]

final_result = {"detected_object": detected_objects, "total_objects": object_number}

print(final_result)
</code>
</font>
Reward: 0.0

--- Completion 6 ---
<command>
import Object_Detector_Tool

final_result = Object_Detector_Tool.execute(image='path/to/image.png', labels=['cup', 'pen'], save_object=True, saved_image_path='detected_objects')

if final_result['object_number'].get('cup'):
    final_result['object_number']['cup'] += 1

if final_result['object_number'].get('pen'):
    final_result['object_number']['pen'] += 1

result = final_result['object_number']
print(f"Total number of found objects: {result}")

detected_objects = final_result['detected_objects']
list_results = []
for category in detected_objects:
    for obj in category:
        list_results.append({
          'bbox': obj['bbox'],
          'object': obj['title'],
          'confidence': obj['score']
        })

for obj in list_results:
    if 'image_baseball_1.png' not in obj['saved_image_path']:
        obj['saved_image_path'] = f'detected_objects/image_baseball_1.png'

for obj in list_results:
    if 'image_basket_1.png' not in obj['saved_image_path']:
        obj['saved_image_path'] = f'detected_objects/image_basket_1.png'

for category in final_result['object_number']:
    if final_result['object_number'].get(category) == 1:
        final_result['object_number'][category] = 2

final_result['object_number'].print_obj_obj_list(category)
</command>
Reward: 1.0

