
[Exctuion Failed]

invalid syntax (<string>, line 1)
code: 
``

============================== END ==============================


[Exctuion Failed]

name 'python' is not defined
code: 
python
import numpy as np
import cv2
from object_detector import Object_Detector_Tool

# Load image
image_path = "/nfs/data8/liao/wxie/SAT/SAT_images_train/1381_0.png"

# Create a detector object
detector = Object_Detector_Tool()

# Detect objects in the image
labels = ["baseball", "basket"]
result, object_numbers = detector.execute(image=image_path, labels=labels, save_object=True)

# Process the detected objects
detected_objects = {}
object_confidences = {}

for (bbox, score), label in result:
    if label in object_numbers:
        detected_objects[label] = [(bbox[0], bbox[1], bbox[2], bbox[3]), score]
        object_numbers[label] = object_numbers[label] + 1
    else:
        object_numbers[label] = 1
        detected_objects[label] = [(bbox[0], bbox[1], bbox[2], bbox[3]), score]

detected_objects = {label: objects for label, objects in detected_objects.items() if len(objects) > 0}

object_numbers = {label: len(detected_objects[label]) for label in object_numbers}

detected_objects


============================== END ==============================


[Exctuion Failed]

invalid syntax (<string>, line 1)
code: 
from module:object_detector, import_name:Text_Detector_Tool

============================== END ==============================


[Exctuion Failed]

Text_Detector_Tool.execute() missing 1 required positional argument: 'self'
code: 

from text_detector import Text_Detector_Tool

def calculate_num_objects(image_path, languages=['en', 'de']):
    detected_objects = []
    detail = 0
    for language in languages:
        results = Text_Detector_Tool.execute(image=image_path, languages=[language], detail=detail)
        if len(results) > 0:
            detections = results[0][0]
            object_labels = [det[2] for det in detections]
            for label in object_labels:
                detected_objects.append((label, len(detections[label]), 1))
    return detected_objects

final_result = calculate_num_objects(image_path="1381_0.png")

if len(final_result) > 0:
    print("There are", final_result[0][1], "objects visible in ", final_result[0][0])
else:
    print("No objects detected")


============================== END ==============================


[Exctuion Failed]

Object_Detector_Tool.execute() missing 1 required positional argument: 'self'
code: 

from object_detector import Object_Detector_Tool

final_result = Object_Detector_Tool.execute(image='path/to/image.png', labels=['chair', 'table'], save_object=False)

if final_result:
    chair_result = final_result[0]
    table_result = final_result[1]
    
    print(f"Detected chair:", chair_result)
    print(f"Detected table:", table_result)
else:
    print("No text detected in the image.")


============================== END ==============================

