
============================== New Completed Execution ==============================
[EXEC CODE]
final_result = "1 Window"

[THE PRINT OUTPUT]

[GENERATE VALID FINAL_RESULT]
1 Window

============================== END ==============================


============================== New Completed Execution ==============================
[EXEC CODE]
final_result = "1\u20132\u2013"  # This would be assigned the final answer obtained from the Python code in a similar way to the question


[THE PRINT OUTPUT]

[GENERATE VALID FINAL_RESULT]
1–2–

============================== END ==============================


============================== New Completed Execution ==============================
[EXEC CODE]
final_result = "1 Window detected."

[THE PRINT OUTPUT]

[GENERATE VALID FINAL_RESULT]
1 Window detected.

============================== END ==============================


============================== New Completed Execution ==============================
[EXEC CODE]
final_result = "1 Window visible in the scene."

[THE PRINT OUTPUT]

[GENERATE VALID FINAL_RESULT]
1 Window visible in the scene.

============================== END ==============================


============================== New Completed Execution ==============================
[EXEC CODE]
final_result = "1"

[THE PRINT OUTPUT]

[GENERATE VALID FINAL_RESULT]
1

============================== END ==============================


============================== New Completed Execution ==============================
[EXEC CODE]
final_result = "1 Window"

[THE PRINT OUTPUT]

[GENERATE VALID FINAL_RESULT]
1 Window

============================== END ==============================

