
[Exctuion Failed]

invalid syntax (<string>, line 16)
code: 

from object_detector import Object_Detector_Tool

# Set the image path, object labels, threshold, model size, and save_object parameters
image_path = "/nfs/data8/liao/wxie/SAT/SAT_images_train/4126_0.png"
object_labels = ['Dressershelf', 'Table']
label_threshold = 0.35
model_size = 'tiny'
save_object = True

# Create a new instance of the object detector tool
detector_tool = Object_Detector_Tool(image_path=image_path, labels=object_labels)

# Set the threshold and save_object parameters separately
detector_tool.set_threshold(label_threshold, save_object=True)
<command>
result = detector_tool.execute(labels=object_labels)

detected_objects = result[1]
total_objects = detected_objects['baseball'][1]
total_objects
```


============================== END ==============================


[Exctuion Failed]

Object_Detector_Tool.execute() missing 1 required positional argument: 'self'
code: 

from object_detector import Object_Detector_Tool

final_result = {}
objects = ['baseball', 'basket']

# Execute the detection tool
detected_objects, object_count = Object_Detector_Tool.execute(image="/nfs/data8/liao/wxie/SAT/SAT_images_train/4126_0.png", labels=objects, save_object=True, saved_image_path="detected_objects")

# Count the number of each detected object
object_count = {'baseball': detected_objects['baseball'].len(), 'basket': detected_objects['basket'].len()}

# Output the result as a dictionary
final_result = {'object_count': object_count}

# Print the result
print(final_result)


============================== END ==============================


[Exctuion Failed]

Object_Detector_Tool.execute() missing 1 required positional argument: 'self'
code: 

from object_detector import Object_Detector_Tool
final_result = {"object_number": {"baseball": 1, "basket": 2}}

result = Object_Detector_Tool.execute(image="/nfs/data8/liao/wxie/SAT/SAT_images_train/4126_0.png", labels=["baseball", "basket"], save_object=True, saved_image_path="detected_objects")
detected_objects = result[0][0]
object_number = {obj["label"]: len(obj["boxes"]) for obj in detected_objects}
final_result = {"object_number": object_number}


============================== END ==============================


[Exctuion Failed]

unterminated string literal (detected at line 7) (<string>, line 7)
code: 
from Object_Detector_Tool import Object_Detector_Tool
from Text_Detector_Tool import Text_Detector_Tool

result = Text_Detector_Tool.execute(image='path/to/image.png', languages=['en', 'de'])
print("Detected Text Blocks:")
for block in result:
    print(f"Detected Text Block: [[(x0, y0), (x1, y1), (x2, y2), (x3, y3)], '{block[1]}'<command>
final_result = []
for labels, object_number in result:
    for label, detection_entries in labels.items():
        if labels[label] == 1 and 'baseball' in label and 'basket' not in label:
            for entry in detection_entries:
                detected_objects = entry[0]
                for detected_object in detected_objects:
                    if detected_object['score'] > 0.5:
                        entry1, entry2, entry3, entry4 = detected_object['box'].tolist()
                        entry1.insert(1, '1')
                        entry2.insert(1, '1')
                        final_result.append({'label': label, 'count': len(detected_objects), 'detected_objects': detected_objects})


============================== END ==============================


[Exctuion Failed]

'dict' object has no attribute 'to_json'
code: 

from object_detector import Object_Detector_Tool

# Create a scene to simulate the image
scene = {
  "objects": {
    "basket": {"label": "basket", "bbox": [0, 0, 2, 2]},
    "baseball": {"label": "baseball", "bbox": [4, 0, 8, 2]},
    "lamp": {"label": "lamp", "bbox": [10, 0, 15, 2]},
    "cabinet": {"label": "cabinet", "bbox": [5, 0, 15, 2], "count": 1},
    "drawer": {"label": "drawer", "bbox": [12, 10, 14, 12], "count": 2}
  },
  "total_objects": {"basket": 1, "baseball": 1, "lamp": 1, "cabinet": 1, "drawer": 2}
}

# Set the save mode for the scene
scene["save_object"] = True

# Initialize a new scene
new_scene = {"object": scene}

# Convert the scene object to a JSON string
json_str = new_scene.to_json()

# Analyze the JSON string to extract the count of cabinets
cabinet_count = new_scene["total_objects"]["cabinet"]

# Convert the cabinets to a list and remove the count
cabinet_objects = [(item["bbox"], item["label"]) for item in new_scene["objects"].values() if item["count"] == 1]
cabinet_objects = [{"bbox": f"0, 0", "label": "cabinet", "count": 1}] + cabinet_objects

new_json_str = new_scene.to_json(True)
cabinet_count_str = cabinet_count

final_result = f"""Detected objects: {cabinet_objects}, total cabinets {(cabinet_count) if cabinet_count else "0"}"""
print(final_result)


============================== END ==============================

