
[Exctuion Failed]

name 'image_path' is not defined
code: 

from object_detector import Object_Detector_Tool

# Define labels
labels = ["baseball", "basket"]
labels_list = [x for x in labels]

# Set threshold and save_object parameters
save_object = True
saved_image_path = "detected_objects"

# Execute object_detector_tool with given parameters
object_detector_tool = Object_Detector_Tool()
detected_objects, object_number = object_detector_tool.execute(image=image_path, labels=labels_list, save_object=save_object, saved_image_path=saved_image_path)

# Print the results
final_result = {
    'detected_objects': detected_objects,
    'object_number': object_number
}


============================== END ==============================


[Exctuion Failed]

name 'image_path' is not defined
code: 

from object_detector import Object_Detector_Tool

# Initialize the Object_Detector_Tool
object_detector_tool = Object_Detector_Tool()

# Call the object_detector tool to detect the balls ('baseball' and 'basket')
detected_objects, object_number = object_detector_tool.execute(image=image_path, labels=['baseball', 'basket'], save_object=True, saved_image_path='detected_objects')

# Print the result
final_result = {
    'detected_objects': detected_objects,
    'object_number': object_number
}


============================== END ==============================


[Exctuion Failed]

not enough values to unpack (expected 2, got 0)
code: 

from object_detector import Object_Detector_Tool

# Call the object_detector tool with a specific image path
object_detector_tool = Object_Detector_Tool()
detected_objects, object_number = object_detector_tool.execute(image="/nfs/data8/liao/wxie/SAT/SAT_images_train_11322_0.png", labels=["baseball", "basket"], save_object=True, saved_image_path="detected_objects")

final_result = {
    "detected_objects": {
      "baseball": detected_objects["baseball"][0],
      "basket": detected_objects["basket"][0]
    },
    "object_number": { "baseball": len(detected_objects["baseball"]), "basket": len(detected_objects["basket"])}
  }


============================== END ==============================


[Exctuion Failed]

'return' outside function (<string>, line 41)
code: 

from Object_Detector_Tool import Object_Detector_Tool
import_name: "Object_Detector_Tool"

model_size = "base"
threshold = 0.35
save_object = False
saved_image_path = "./detected_objects"
total_object_number = {}

detected_objects = []

def draw_objects(image, label, bounding_box):
    if save_object:
        image = cv2.rectangle(image, bounding_box, (bounding_box[0], bounding_box[1]), (0, 255, 0), 1)
        filepath = os.path.join(saved_image_path, f"detected_objects/{label}.png")
        cv2.imwrite(filepath, image)
        os.system(f"mv detected_objects_{label}.png to detected_objects_{label}.png")

for label in labels:
    if label in objects:
        bounding_box = objects[label]
        draw_objects(image, label, bounding_box)
        detected_objects.append({"box": bounding_box, "score": 0.93})

        detected_object_count = len(detected_objects)
        total_object_number[label] = detected_objects.count(label)
        total_object_count = detected_objects.count(label)
        
        final_result = {
            "Detected objects": detected_objects,
            "Object number": total_object_number
        }
        
        print(f"{label} detected: {len(detected_objects)}")
        print(f"Total: {len(total_object_number)} objects detected")
        print(f"Object distribution:")
        for key, value in total_object_number.items():
            print(f"{key}: {value}")

        return final_result
            
if save_object:
    print("Drawing objects...")
    plt.figure(figsize=(15, 10))
    
    for label in labels:
        if label in objects:
            bounding_box = objects[label]
            draw_objects(image, label, bounding_box)
            plt.title(f"Detected objects with label {label}")
            plt.imshow(image)
            plt.show()


============================== END ==============================


[Exctuion Failed]

No module named 'Object_Detector_Tool'
code: 

from Object_Detector_Tool import Object_Detector_Tool
import Name_of_my_tool

final_result = Object_Detector_Tool.execute(image=image_path, labels=["painting"], threshold=0.35, save_object=True, saved_image_path="detected_objects")
print("The number of paintings detected is:", final_result["object_number"])


============================== END ==============================

