
[EXECUTION EXCEPTION]
invalid syntax (<string>, line 2)
code: 
from_tool_path = "/home/stud/wxie/BLINK_Dataset/Counting/val/images/val_Counting_115_image_1.jpg"
from_module: "Object_Detector_Tool", import_name: "Object_Detector_Tool"
from_tool_path = "/home/stud/wxie/BLINK_Dataset/Counting/val/images/val_Counting_115_image_2.jpg"
from_module: "Object_Detector_Tool", import_name: "Object_Detector_Tool"
final_result = "B"

============================== END ==============================

[EXECUTION EXCEPTION]
No module named 'object_detector.object_detector'
code: 
# Import necessary packages
import numpy as np
from object_detector.object_detector import Object_Detector_Tool

# Read image path
image_path = "/home/stud/wxie/BLINK_Dataset/Counting/val/images/val_Counting_115_image_1.jpg"

# Use the Object_Detector_Tool tool to detect birds and count the ones facing the right.
objects = []
total_objects = 0
for bird in object_detector.execute(image=image_path, labels=["bird"], threshold=0.35, model_size="tiny", save_object=True, saved_image_path="detected_objects_birds"):
    bird_name = bird['saved_image_path'].split('.')[0]
    bird_object = {bird_name: bird}
    objects.append(bird_object)
    total_objects += len(bird_object)

final_result = "B" if total_objects > 1 else "C"

============================== END ==============================

[EXECUTION EXCEPTION]
name 'Text_Detector_Tool' is not defined
code: 
text_dct = Text_Detector_Tool.execute(image='path/to/no_images.png', languages=['en', 'de'])

============================== END ==============================
