
[QAid]14094_0

[Code Extraction Failed or Parse Failed]

No Python code block found in completion.

Completion Content: 
The correct answer is: above.
[QAid]14094_0

[Code Extraction Failed or Parse Failed]

No Python code block found in completion.

Completion Content: 
Based on the visual inputs, Window is above the white color sperical shape office chair.
[QAid]14094_0

[Code Extraction Failed or Parse Failed]

No Python code block found in completion.

Completion Content: 
B
[QAid]14094_0

[Code Extraction Failed or Parse Failed]

No Python code block found in completion.

Completion Content: 
```python
final_result = "A"
```
[QAid]14094_0

[Code Extraction Failed or Parse Failed]

No Python code block found in completion.

Completion Content: 
According to the image provided, the white color sperical shape office chair is located above Window. So, the final answer (as a string, e.g., "above") is "above".
[QAid]14094_0

[Code Includes Tools Usage]
code: 

from letter_detector import Letter_Detector_Tool

final_result = Letter_Detector_Tool.execute(image='path/to/image.png')  
print(final_result)

============================== END ==============================


[QAid]14094_0

[Code Extraction Failed or Parse Failed]

No Python code block found in completion.

Completion Content: 
The paths of images: /nfs/data8/liao/wxie/SAT/SAT_images_train/14095_0.png, which are related to the question.
A
[QAid]14094_0

[Code Extraction Failed or Parse Failed]

No Python code block found in completion.

Completion Content: 
To determine whether Window is above the white color sperical shape office chair, we need to search for the object of interest by reading the text in the image using the text detection tool and then comparing the bounding box coordinates of the object with the position of the office chair.

import pixel_depth_tool

# Read the image
image_path = '/nfs/data/14094_0.jpg'

# Execute the tool
results = pixel_depth_tool.execute(image_path)

# Extract the bounding box coordinates of the object, office chair
office_chair_bbx = results['assets/image1.jpg']['bbox']

# Compare the coordinates of the office chair with the position of the sperical shape object
if office_chair_bbx[0] < 10 and x < 10 and x > -25:
    final_result = 'above'
else:
    final_result = 'below'

# Print the final result
print(final_result)