
[EXECUTION EXCEPTION]
unexpected indent (<string>, line 2)
code:# Import the necessary tool
    import_object_detection = Object_Detector_Tool()

    # Define the image
    image = "path/to/image.png"

    # Define the labels to detect
    detected_objects = {
        "baseball": 0,
        "basket": 0
    }

    # Call the tool to detect objects
    detected_objects, object_number = import_object_detection.execute(image=image, labels=["baseball", "basket"], save_object=True, saved_image_path="detected_objects")

    # Extract the labels and their count
    count = {key: val[0] for key, val in detected_objects.items()}

    # Extract the object number
    final_result = detected_objects

    # Output the results
    print(f"Number of white fridges in the image: {object_number[0]}")
    print(f"Number of white fridges detected in the image: {count[0]}")

[EXECUTION EXCEPTION]
name 'object_detector' is not defined
code:from object_detector import Object_Detector_Tool

# Load the image
input_image_path = "/home/stud/wxie/BLINK_Dataset/Counting/val/images/val_Counting_100_image_1.jpg"
output_image_paths = object_detector.execute(
    input_image_path=input_image_path,
    labels=["baseball", "basket"],
    save_object=True,
    saved_image_path="detected_objects",
)

# Check if there are any detected objects
final_result = {}
for labels in output_image_paths[0]["results"]:
    count = output_image_paths[0]["results"][labels]
    if count != 0:
        final_result[labels] = count

final_result

[EXECUTION EXCEPTION]
module 'object_detector' has no attribute 'execute'
code:# Using the object_detector tool to detect and count white fridges in the image
import object_detector

# Assuming the image path is '/home/stud/wxie/BLINK_Dataset/Counting/val/images/val_Counting_100_image_1.jpg'
detected_objects = object_detector.execute(image='val_Counting_100_image_1.jpg', labels=['refrigerator'], save_object=True, saved_image_path='detected_objects')

# Counting detected fridges
fridges_count = len(detected_objects['object_number']['baseball'])

final_result = {'fridges_count': fridges_count}

[EXECUTION EXCEPTION]
type object 'Object_Detector_Tool' has no attribute 'extract_objects'
code:from object_detector import Object_Detector_Tool

# Extract all kitchens from the input image path.
kitchens = Object_Detector_Tool.extract_objects(image="path/to/image.jpg", labels=["kitchen", "dining_room"], save_object=False)['detected_objects']["kitchen"]

# Count the number of kitchens.
num_kitchens = len(kitchens)
final_result = int(num_kitchens)

[EXECUTION EXCEPTION]
invalid syntax (<string>, line 17)
code:from object_detector import Object_Detector_Tool

# Load the pre-trained model from the model_size parameter
model_size = "tiny"

# Initialize the model
detector = Object_Detector_Tool(model_size=model_size)

# Load the image file
image_path = "/home/stud/wxie/BLINK_Dataset/Counting/val/images/val_Counting_100_image_1.jpg"

# Detect the objects in the image using the model
result = detector.execute(image=image_path, labels=["baseball", "basket"], save_object=True)

# Analyze the results
# Extract the number of white fridges
num_white Fridges = result[1]["object_number"]

final_result = {
    "num_white Fridges": num_white Fridges
}
finally:
    return final_result

[EXECUTION EXCEPTION]
Object_Detector_Tool.execute() missing 1 required positional argument: 'self'
code:from object_detector import Object_Detector_Tool

# Load the labels
labels = ["window", "baseball", "basket", "count"]

# Save the detected objects
detected_objects, object_number = Object_Detector_Tool.execute(image="/home/stud/wxie/BLINK_Dataset/Counting/val/images/val_Counting_100_image_1.jpg", labels=labels, save_object=True, saved_image_path="detected_objects")

print(detected_objects)

[EXECUTION EXCEPTION]
not enough values to unpack (expected 2, got 0)
code:from object_detector import Object_Detector_Tool

final_result = ''
path_to_image = '/home/stud/wxie/BLINK_Dataset/Counting/val/images/val_Counting_100_image_1.jpg'

# Detect and count white refrigerators
object_detector_tool = Object_Detector_Tool()
labels_to_detect = ['baseball', 'basket']
threshold = 0.45
model_size = 'tiny'
save_object = True
detected_objects, object_number = object_detector_tool.execute(image=path_to_image, labels=labels_to_detect, threshold=threshold, model_size=model_size, save_object=save_object)

# Analyze the results and add the refrigerator count
for fridge_label, fridge_result in detected_objects['results'].items():
    fridge_boxes = fridge_result['boxes']
    fridge_confidence = fridge_result['confidence_scores']
    fridge_count = sum(fridge_boxes[fridge_label]['num'] for fridge_label, fridge_confidence in fridge_result['confidence_scores'].items())
    final_result += f'White refrigerator with labels {labels_to_detect}: {fridge_count}\n'

print(final_result)
