
============================== NEW SCCESSFUL EXECUTION ==============================
[EXEC CODE]
from object_detector import Object_Detector_Tool

final_result = "C"
[THE PRINT OUTPUT]

[GENERATE FINAL_RESULT]
C

============================== NEW SCCESSFUL EXECUTION ==============================
[EXEC CODE]
from object_detector import Object_Detector_Tool

final_result = "C"
[THE PRINT OUTPUT]

[GENERATE FINAL_RESULT]
C

============================== NEW SCCESSFUL EXECUTION ==============================
[EXEC CODE]
from object_detector import Object_Detector_Tool

final_result = "C"
[THE PRINT OUTPUT]

[GENERATE FINAL_RESULT]
C

============================== NEW SCCESSFUL EXECUTION ==============================
[EXEC CODE]
from object_detector import Object_Detector_Tool

final_result = "C"  # Possible choices: (A, B, C, D, or E)
[THE PRINT OUTPUT]

[GENERATE FINAL_RESULT]
C

============================== NEW SCCESSFUL EXECUTION ==============================
[EXEC CODE]
from object_detector import Object_Detector_Tool
final_result = "C"
[THE PRINT OUTPUT]

[GENERATE FINAL_RESULT]
C

============================== NEW SCCESSFUL EXECUTION ==============================
[EXEC CODE]
from object_detector import Object_Detector_Tool

final_result = "C"
[THE PRINT OUTPUT]

[GENERATE FINAL_RESULT]
C
