
[QAid]11958_0

[Code does not include Tools Usage]
code: 
final_result = "1"

============================== END ==============================


[QAid]11958_0

[Code does not include Tools Usage]
code: 
final_result = '1'  # Assuming there is only one HousePlant in the scene

============================== END ==============================


[QAid]11958_0

[Code does not include Tools Usage]
code: 
final_result = "1"


============================== END ==============================


[QAid]11958_0

[Code does not include Tools Usage]
code: 
final_result = "1 HousePlant"

============================== END ==============================


[QAid]11958_0

[Code Extraction Failed or Parse Failed]

unterminated string literal (detected at line 3) (<unknown>, line 3)

Completion Content: 
<command>final_result = "1\""

final_result = "1\" 
</command>
============================== END ==============================


[QAid]11958_0

[Code does not include Tools Usage]
code: 
from object_detector import Object_Detector_Tool

final_result = "1"

============================== END ==============================

