--- Completion 1 ---
<command>
from ObjectsDetecktor_Tool import Object_Detector_Tool

final_result = Object_Detector_Tool.execute(image='path/to/image.png', labels=['baseball', 'basket'], save_object=True)
print(final_result)
</command>
Reward: 1.0

--- Completion 2 ---
<command>
from Object_Detector_Tool import *
final_result = Object_Detector_Tool.execute(image='path/to_image.png', languages=['en', 'de'], saved_object=True, save_object=True)
print(final_result)
</command>
Reward: 1.0

--- Completion 3 ---
<command>
from Object_Detector_Tool import Object_Detector_Tool

final_result = Object_Detector_Tool.execute(image='path/to/room.png', labels=['bed'], save_object=True)

final_result
</command>
Reward: 1.0

--- Completion 4 ---
<command>
from text_detector import Text_Detector_Tool

final_result = Text_Detector_Tool.execute(image='path_to_image', languages=['en', 'de'])
print(final_result)
</command>
Reward: 1.0

--- Completion 5 ---
<command>
from object_detector import Object_Detector_Tool

# Construct the pipeline and run it
pipeline = Object_Detector_Tool
results = pipeline.execute(image='path/to/image.png', save_object=False)

final_result = results[0]
len(final_result)
</command>
Reward: 1.0

--- Completion 6 ---
<command>
from object_detector import Object_Detector_Tool

final_result = Object_Detector_Tool.execute(image='path/to/image.png', labels=['bed'], threshold=0.35, save_object=True, saved_image_path='detected_objects')
print(final_result)
</command>
Reward: 1.0

