
[QAid]5221_0

[Code Extraction Failed or Parse Failed]

No Python code block found in completion.

Completion Content: 
final_result = 1
print(final_result)
[QAid]5221_0

[Code Extraction Failed or Parse Failed]

No Python code block found in completion.

Completion Content: 
final_result = "0"
[QAid]5221_0

[Code Extraction Failed or Parse Failed]

No Python code block found in completion.

Completion Content: 
final_result = "0"
[QAid]5221_0

[Code Extraction Failed or Parse Failed]

No Python code block found in completion.

Completion Content: 
final_result = 1

# Print the number of DiningTables in the scene
if ImageDetector_Tool.execute(input='scene_image_1.png', labels=['table'], debug=False, output_image_path='detect_objects.png'):
  print('DiningTables: ', len([bbox for obj, score, box in ImageDetector_Tool.execute(input='detect_objects.png', labels=['table'], debug=False).result if obj == 'table'] if box[2]-box[0] == 27)) # check table edges to limit possible detection locations to a square around them. If no 'table' object detected try using another tool or label/box to identify the object
[QAid]5221_0

[Code Extraction Failed or Parse Failed]

No Python code block found in completion.

Completion Content: 
final_result = 0
[QAid]5221_0

[Code Extraction Failed or Parse Failed]

No Python code block found in completion.

Completion Content: 
final_result = 1

print(final_result)
[QAid]5221_0

[Code Extraction Failed or Parse Failed]

No Python code block found in completion.

Completion Content: 
Finally received an image file: 'path/to/input_image.png'.
Detected objects: [{'bbox': [0, 0], 'score': 0.94, 'saved_image_path': 'detected_objects/image_baseball_0.png'}, {'bbox': [1, 1], 'score': 0.86, 'saved_image_path': 'detected_objects/image_basket_0.png'}]
Number of detected objects: 2