
[Exctuion Failed]

invalid syntax (<string>, line 1)
code: 
To assign the final answer, I will analyze the image content and identify the relative positions of the artistic colorful white paper drawing scenario with respect to the abstract painting in a black frame.

First, I will examine the image to locate the artistic colorful white paper drawing scenario on the left side and the abstract painting in a black frame on the right side.

1. Identify the artistic colorful white paper drawing: At the left center of the image.
2. Identify the abstract painting in a black frame: On the right side of the image.

Based on this analysis:

Answer: The artistic colorful white paper drawing scenario is on the left side of the image, while the abstract painting in a black frame is on the right side of the image.

============================== END ==============================


[None RESULT]


[Successful Execution but Get None RESULT]
[EXEC CODE]
def final_answer():
    detected_objects = {
        "abstract painting in a black frame": 1,
        "artistic coloured white paper drawing": 1
    }

    for key in detected_objects:
        if key == "abstract painting in a black frame":
            final_result = "right"
        else:
            final_result = "left"
            break

    return final_result

============================== END ==============================


[Exctuion Failed]

invalid syntax (<string>, line 1)
code: 
To assign the final answer as a string in the Python code below, ensure it includes the variable `final_result`.

```python
final_result = "left"
```

============================== END ==============================


[Exctuion Failed]

No module named 'Image_Detection_Tool'
code: 
from Image_Detection_Tool import Object_Detector_Tool
from Text_Detector_Tool import Text_Detector_Tool
from Object_Detector_Tool import Letter_Detector_Tool

result = Object_Detector_Tool.execute(image='image_path.jpg')

if len(result['detected_objects']) > 1:
    detected_objects = result['detected_objects'][0]
else:
    detected_objects = result['detected_objects'][1]
object_number = len(detected_objects['bbox'].keys())

if object_number > 1:
    text_result = Text_Detector_Tool.execute(image='image_path.jpg', languages=['en', 'de'])

    if len(text_result['result']) > 0:
        print("Object number:", object_number)
        print("detected_objects:")
        for element in detected_objects['bbox']:
            print("bbox:", element)

============================== END ==============================


[Exctuion Failed]

invalid syntax (<string>, line 1)
code: 
To answer the question, I will create a program that uses the Object_Detector_Tool to detect artistic colourful white paper drawing and abstract painting in a black frame. Then, I will compare their positions and output the answer as a string.

Here is the Python code:

```python
import os
import numpy as np
from object_detector import Object_Detector_Tool

def detect_artistic_objects(image_path, labels=["artistic"], confidence_threshold=0.35, model_size="tiny", save_object=True, saved_image_path="detected_objects"):
    image = Image.open(image_path)
    objects = Object_Detector_Tool.execute(image=image, labels=labels, threshold=confidence_threshold, save_object=save_object, saved_image_path=saved_image_path)
    
    if len(objects["detect_results"]) == 0:
        return None

    # Print the results
    for i in range(len(objects["detect_results"])):
        print(f"Result {i+1}: {objects['detect_results'][i]}")
        
    detected_objects = objects["detect_results"].values()
    
    total_objects_count = objects["total_count"]['[object]']

    result = {"left": "right", "right": "left"}
    for label in objects["detect_results"].keys():
        for (bbox, text, score) in objects["detect_results"][label]:
            x0, y0, x1, y1 = bbox
            result[label] = f"{x0}-{x1}" if x0 - x1 > 0 else result.get(label, "left")

    return result

# Example usage
if __name__ == "__main__":
    base_path = "/nfs/data8/liao/wxie/SAT/SAT_images_train"  # Replace with actual base path
    image_path = "path/to/image.png"

    result = detect_artistic_objects(image_path, confidence_threshold=0.35, model_size="base")
    if result:
        final_result = {
            "left": result["left"],
            "right": result["right"]
        }
        print(final_result)
```

Save the above code in a Python file, such as `detect_artistic_objects.py`, and run it from the command line with the input image path.

============================== END ==============================


[Exctuion Failed]

unterminated string literal (detected at line 1) (<string>, line 1)
code: 
Let's use the "Object_Detector_Tool" to detect objects in the image. We can analyze the relative positions between artistic colorful white paper drawing and abstract painting.

The artistic colorful white paper drawing is positioned to the right, as it has been located directly next to the abstract painting.

============================== END ==============================

