
[QAid]7475_0

[Code does not include Tools Usage]
code: 
final_result = "1"

============================== END ==============================


[QAid]7475_0

[Code does not include Tools Usage]
code: 
final_result = "1"

============================== END ==============================


[QAid]7475_0

[Code does not include Tools Usage]
code: 
final_result = "1"

============================== END ==============================


[QAid]7475_0

[Code does not include Tools Usage]
code: 
final_result = "1"  # Since there is only one CoffeeMachine in the image


============================== END ==============================


[QAid]7475_0

[Code does not include Tools Usage]
code: 
final_result = "1"
============================== END ==============================


[QAid]7475_0

[Code does not include Tools Usage]
code: 
final_result = "1"  # Since there is only one CoffeeMachine visible

============================== END ==============================

