
[Exctuion Failed]

No module named 'Image'
code: 

import Image

from_module = "text_detector"
import_name = "Text_Detector_Tool"

# Read image
image_path = "/nfs/data8/liao/wxie/SAT/SAT_images_train/3936_0.png"
image = Image.open(image_path)

# Call function to extract text blocks
result = Text_Detector_Tool.execute(image=image, languages=['en', 'de'], detail=0)

# Print detected text
final_result = []
for block in result:
    final_result.append([block]
                        for i in range(len(block["box"])))
for result in final_result:
    detections = [(text["text"], text["score"]) for text in result]
    detection_dict = {d["text"]: len(d["box"]) for d in detections}

# Print total number of detected text
total_detections = max([len(block["box"]) for block, _ in detections])
print(f"Total text blocks detected: {total_detections}")


============================== END ==============================

