
============================== New Completed Execution ==============================
[EXEC CODE]

final_result = "artistic colourful white paper drawing scenario (highlighted by a green box)"

[THE PRINT OUTPUT]

[GENERATE VALID FINAL_RESULT]
artistic colourful white paper drawing scenario (highlighted by a green box)

============================== END ==============================


============================== New Completed Execution ==============================
[EXEC CODE]

final_result = "light brown wooden dresser with 10 drawers"

[THE PRINT OUTPUT]

[GENERATE VALID FINAL_RESULT]
light brown wooden dresser with 10 drawers

============================== END ==============================


============================== New Completed Execution ==============================
[EXEC CODE]

final_result = "light brown wooden dresser with 10 drawers (highlighted by a blue box)"

[THE PRINT OUTPUT]

[GENERATE VALID FINAL_RESULT]
light brown wooden dresser with 10 drawers (highlighted by a blue box)

============================== END ==============================


============================== New Completed Execution ==============================
[EXEC CODE]

final_result = "artistic colourful white paper drawing scenario (highlighted by a green box)"

[THE PRINT OUTPUT]

[GENERATE VALID FINAL_RESULT]
artistic colourful white paper drawing scenario (highlighted by a green box)

============================== END ==============================


============================== New Completed Execution ==============================
[EXEC CODE]

final_result = "artistic colourful white paper drawing scenario (highlighted by a green box)"
print(final_result)

[THE PRINT OUTPUT]
artistic colourful white paper drawing scenario (highlighted by a green box)

[GENERATE VALID FINAL_RESULT]
artistic colourful white paper drawing scenario (highlighted by a green box)

============================== END ==============================


============================== New Completed Execution ==============================
[EXEC CODE]

final_result = "artistic colourful white paper drawing scenario (highlighted by a green box)"

[THE PRINT OUTPUT]

[GENERATE VALID FINAL_RESULT]
artistic colourful white paper drawing scenario (highlighted by a green box)

============================== END ==============================

