
[QAid]10065_0

[Code Includes Tools Usage]
code: 

from object_detector import Object_Detector_Tool

final_result = Object_Detector_Tool().execute(image='path/to_image', labels=['baseball', 'basket'], save_object=True, saved_image_path='detected_objects')
print(final_result)

============================== END ==============================


[QAid]10065_0

[Code Includes Tools Usage]
code: 

from object_detector import Object_Detector_Tool

final_result = Object_Detector_Tool().execute(image='path/to/image', labels=['baseball', 'basket'], save_object=True, saved_image_path='detected_objects')

============================== END ==============================


[QAid]10065_0

[Code Includes Tools Usage]
code: 

from object_detector import Object_Detector_Tool

final_result = Object_Detector_Tool().execute(image="10065_0.png", labels=['chair', 'table'], threshold=0.35, model_size="tiny", save_object=True, saved_image_path="detected_objects")
print(final_result)

============================== END ==============================


[QAid]10065_0

[Code Includes Tools Usage]
code: 

from object_detector import Object_Detector_Tool

final_result = Object_Detector_Tool().execute(image='path/to_image.png', labels=['chair'], save_object=True, saved_image_path='detected_objects')
print(final_result)

============================== END ==============================


[QAid]10065_0

[Code Includes Tools Usage]
code: 

from object_detector import Object_Detector_Tool

final_result = Object_Detector_Tool().execute(image="/nfs/data8/liao/wxie/SAT/SAT_images_train/10065_0.png", labels=["baseball", "basket"], save_object=True, saved_image_path="detected_objects")

print(final_result)

============================== END ==============================


[QAid]10065_0

[Code Includes Tools Usage]
code: 

from object_detector import Object_Detector_Tool

final_result = Object_Detector_Tool().execute(image='path/to_image.png', labels=['baseball', 'basket'], save_object=True, saved_image_path='detected_objects')

============================== END ==============================

