
[QAid]2956_0

[Code Includes Tools Usage]
code: 

from object_detector import Object_Detector_Tool

final_result = Object_Detector_Tool().execute(image="/nfs/data8/liao/wxie/SAT/SAT_images_train/2956_0.png", labels=['cloth'], save_object=True, saved_image_path='detected_objects')
print(final_result)

============================== END ==============================


[QAid]2956_0

[Code Includes Tools Usage]
code: 

from object_detector import Object_Detector_Tool

final_result = Object_Detector_Tool().execute(
    image="/nfs/data8/liao/wxie/SAT/SAT_images_train/2956_0.png",
    labels=["sofa"],
    save_object=True,
    saved_image_path="detected_objects"
)
print(final_result)

============================== END ==============================


[QAid]2956_0

[Code Includes Tools Usage]
code: 

from object_detector import Object_Detector_Tool

final_result = Object_Detector_Tool().execute(image="path/to/image", labels=["baseball", "basket"], save_object=True, saved_image_path="detected_objects")

print({"detected_objects": final_result})

============================== END ==============================


[QAid]2956_0

[Code Includes Tools Usage]
code: 

from object_detector import Object_Detector_Tool

final_result = Object_Detector_Tool().execute(image="/path/to/image", labels=["baseball", "basket"], save_object=True, saved_image_path="detected_objects")
print(final_result)

============================== END ==============================


[QAid]2956_0

[Code Includes Tools Usage]
code: 

from object_detector import Object_Detector_Tool

final_result = Object_Detector_Tool().execute(image='path/to/image', labels=['baseball', 'basket'], save_object=True, saved_image_path='detected_objects')
print(final_result)

============================== END ==============================


[QAid]2956_0

[Code Includes Tools Usage]
code: 

from object_detector import Object_Detector_Tool

final_result = Object_Detector_Tool().execute(image='path/to/image', labels=['baseball', 'basket'], save_object=True, saved_image_path='detected_objects')
print(final_result)

============================== END ==============================

