
[QAid]2336_0

[Code Includes Tools Usage]
code: 

from object_detector import Object_Detector_Tool

final_result = Object_Detector_Tool().execute(image='2336_0.png', labels=['Dresser'], save_object=True, saved_image_path='detected_objects')

============================== END ==============================


[QAid]2336_0

[Code Includes Tools Usage]
code: 

from object_detector import Object_Detector_Tool

final_result = Object_Detector_Tool().execute(image="path/to/image", labels=['baseball', 'basket'], save_object=True)

============================== END ==============================


[QAid]2336_0

[Code Includes Tools Usage]
code: 

from object_detector import Object_Detector_Tool

final_result = Object_Detector_Tool().execute(image='image_path.png', labels=['dresser'], save_object=False)

============================== END ==============================


[QAid]2336_0

[Code Includes Tools Usage]
code: 

from object_detector import Object_Detector_Tool

final_result = Object_Detector_Tool().execute(image="2336_0.png")
print(final_result)

============================== END ==============================


[QAid]2336_0

[Code Includes Tools Usage]
code: 

from object_detector import Object_Detector_Tool

final_result = Object_Detector_Tool().execute(image='path/to/image', labels=['baseball', 'basket'], save_object=True, saved_image_path='detected_objects')

============================== END ==============================


[QAid]2336_0

[Code Includes Tools Usage]
code: 

from object_detector import Object_Detector_Tool

final_result = Object_Detector_Tool().execute(image='/nfs/data8/liao/wxie/SAT/SAT_images_train/2336_0.png', labels=['baseball', 'basket'], save_object=True, saved_image_path='detected_objects')

============================== END ==============================

