
============================== New Completed Execution ==============================
[EXEC CODE]
final_result = "3"
[THE PRINT OUTPUT]

[GENERATE VALID FINAL_RESULT]
3

============================== END ==============================


============================== New Completed Execution ==============================
[EXEC CODE]
final_result = "3"

[THE PRINT OUTPUT]

[GENERATE VALID FINAL_RESULT]
3

============================== END ==============================


============================== New Completed Execution ==============================
[EXEC CODE]
final_result = "3"

[THE PRINT OUTPUT]

[GENERATE VALID FINAL_RESULT]
3

============================== END ==============================


============================== New Completed Execution ==============================
[EXEC CODE]
final_result = "3"
print("The number of Paintings visible in the scene is:", final_result)
[THE PRINT OUTPUT]
The number of Paintings visible in the scene is: 3

[GENERATE VALID FINAL_RESULT]
3

============================== END ==============================


============================== New Completed Execution ==============================
[EXEC CODE]
final_result = "3"
print(f"Number of paintings visible in the scene: {final_result}")

[THE PRINT OUTPUT]
Number of paintings visible in the scene: 3

[GENERATE VALID FINAL_RESULT]
3

============================== END ==============================


============================== New Completed Execution ==============================
[EXEC CODE]
final_result = "3"

[THE PRINT OUTPUT]

[GENERATE VALID FINAL_RESULT]
3

============================== END ==============================

