--- Completion 1 ---
To answer the question, we need to extract relevant details from the image. The objects in the image are a laptop and a keyboard. Let's start the Python program.

```python
import re

# Assuming the chair and the arguments contain the object data
chair_data = 'armchair'
object_labels = ['#chair', '#laptop', '#keyboard']

# Detecting objects in the specified areas of each image
chair_bb = re.search(r'dESC(\d+)_()_(\d+)laptop(\d+)\_(', chair_data), detected_objects_sorted)
chair_labels = [int(x.group(2)) for x in chair_bb.group(3).strip()]  # Extract label numbers
chair_count = chair_labels.count()  # Count objects

# Detection details
chair_result = chair_bb.group(2)  # Chair label
object_result = chair_bb.group(3)  # Object data

# bounding box of keyboard
for avail in chair_result, object_result:
    if avail:
        keyboard_bb = re.search(r'(texture___ESC(\d+)_()_(\d+)laptop(\d+)\_(\d+))keyboard', avail)
        keyboard_label = [int(x.group(3)) for x in keyboard_bb.group(4).strip()]  # Extract label numbers
        keyboard_count = keyboard_label.count()  # Count objects
        keyboard_result = keyboard_bb.group(1)  # Keyboard label
        keyboard_result = keyboard_bb.group(6)  # keyboard data

# Counting the number of keyboards
keyboard_bb = re.search(r'keyboard', keyboard_result)
keyboard_count Hamptonshire personal wealth etiquette house cheese small social ricamor

keyboard_result Virginia hamiltonueno본amento everybody supply public grocery merchant inventory add
```
Reward: 0.0

--- Completion 2 ---
To find and count the number of laptops in the scene:

1. Import the required tools: from object_detector import Object_Detector_Tool
from letter_detector import Letter_Detector_Tool

2. Use the OBDTOOL to detect and count the laptops:
detected_objects = Object_Detector_Tool.execute(image='/path/to/image.png', labels=['laptop'], save_object=True, saved_image_path='/detected_objects')

3. Extract the coordinates for the laptops from the detected_objects dictionary:
for correct_result in detected_objects:
    for bbox in correct_result['detected_objects']:
        if 'object' in bbox and 'score' in bbox and 'score' > 0.5:
            x1, y1, x2, y2 = bbox['box']
            x3, y3, x4, y4 = bbox['box']
            width = x2 - x1
            height = y4 - y3
            height_pruned = max(0, min(height, 100) - 0.5)
            width_pruned = max(0, min(width, 100) - 0.5)
            print(f"Laptop {bbox['object']} Pent of Width Prop: {width**2}, Height Prop: {height**2}")

From the detected_objects dictionary, you can count the total number of rows using the 'detected_objects' list. The Python code will collect the first list of dictionaries, where each dictionary represents the detection results for a single object. For each detection result, you can record either the width or height (depending on the requirements) to count the total instances of each object. In this case, the exact width or height is used to check if it's within a threshold.
Reward: 0.0

--- Completion 3 ---
final_result = 1

'Subject {} has {} {}.'.format(scene_name, number_of_laptops, item_count)
Reward: 0.0

--- Completion 4 ---
A. 0

Assuming that the objects detected are baseball and basket, the Python program will return the number of detected objects as 1 for baseball and 2 for basket.
Reward: 0.0

--- Completion 5 ---
final_result = {
    'Laptops': 1
}
Reward: 0.0

--- Completion 6 ---
final_result = 1
print("Number of laptops in the scene:", final_result)
Reward: 0.0

--- Completion 7 ---
from letter_detector import Letter_Detector_Tool

final_result = {
    'num_laptops': 0,
    'total_laptops': 0
}

for i in range(len(cabinet_with_laptop)):

  # Assuming number_of_laptops = number_of_cabinet[(current_laptop_counter, current_rainbow_count)] + number_of_laptop_counter
  total_laptops = caption_1[cabinet] + number_of_laptop

  total_laptops += ecstasy_2[current_laptop_counter] + magnet_3[current_rainbow_count] 

  for j in range(len(cabinet_with_laptop)):
   if number_of_laptop_counter < 4:
      if not var_4.current_rainbow_count < 2:
         if not var_4.current_laptop_counter < 3:
            if ecstasy_1[current_laptop_counter] + i + number_of_laptop_counter + aws_semester[current_rainbow_count] + var_5[i] < 2:
               pass
            else:
               i += 1
               if number_of_laptop_counter < 3:
               continue
         else:
           i += 1
           if number_of_laptop_counter < 3:
            continue
        number_of_laptop_counter += 1
  if var_4.current_laptop_counter < 3:
    continue
  else:
    number_of_laptop_counter += 1
   
  if not avatar.current_rainbow_count < 1:
     if smart[currentロンbon] < 0.5:
      pass
     else:
      total_laptops += static[currentロンbon]
      total_laptops += avatar[currentロンbon]
  
      i += 1
   
      if not avatar.currentロンbon < 3:
        continue
     
    else:
      i += 1
 
      if not avatar.currentロンbon < 3: continue
   
    total_laptops += smart[currentロンbon]

final_result['num_laptops'] = total_laptops

print(final_result)
Reward: 0.0

--- Completion 8 ---
akespeare = Letter_Detector_Tool()
results =akespeare.execute(image='path/to/image.png')

final_result = None
if resultsisObject:
 盆地counting = honorsTextDetchator_Tool().execute(image, languages=[simplifiedChinese])
  output = dictionary = there.search('basket', simplifiedChinese)
  basketballFinalResult = {
    'baseball': basketballcounting['baseball'],
    'basket': basketball['basket'],
    'basename_count': morphologycounting['basketball'][0],
    'baseball': basketballcounting['baseball'][0],
  }
  dishveFinalResult = {
    'basket': basketballcounting['basketball'][values],
    'baseball': basketball['basket'][values],
    'basename_count': morphology[0],
    'baseball': basketballcounting['baseball'][0],
  }

stats = {'un blender': potatoes Значётку: socks + socks * socks * socks
Woman: one sequence + len_uber
() * 2) + ones

def gcd(a, b):
    while a % b > 0:
        a, b = b, a % b
    return b
N = int(input())
M = int(input())
w = int(input())
if ((N*w) % 2) != 0:
    s = 0
else:
    s =lookup(num, item)
resultsFinal = {'un blue': []}

def isif(double): y =1
data = スクイッシュ double * double + 4

I O
roman = str(jawaii_dsss_itg); moneynum = 0
def money(num,浑身) + number)
result, result else namespace_jewelry was
ies = PhpStorm Python = keep
if I(rx): 一个 load_img()
adultnumbers = unfold(y) * номер; (c)
I\s
üğünüs
Itea, therefore:
s
if IintISOStringImenuI): was
I etingmat
out()
with effects_to('EffectManager'); iakeFromNib, moneynum guess()
mode calledame מי
realent공
outdef
ian damage수
catches each;in?eeped is虞, except
if 们: extra: за лож
(intorno и у): ь
tSp.txt name bases on
s to sum a pare? (Life
ens Kanturun
فعجاتLevels
 análise correct;
nothing where
friend of name
ado
1
for k, cells in filtered_df.iloc:
一辈子
))^R0
lay about; remarkably
(at
btotal, bat
ी โดย @ の化工段際; hasil:
ond;
 anarchosuibaseaten
чcle.매리무
Enumerate
our
rt
taells
(3 wonewann
n
pientes
vb
on'
U
;
,
.4
fl
5)?4 set
(thought B
, e
im
4 y
os
Ce
a appears he
es E eig
( d
L
y
(b
n
rong 的空间
(i
ani
es ints s, ( impo
yup
w
ral the
ese
ip was neither com mada(9.9%) ger
mow
ps as if no
developing approach! 
a s
bsection
x
(8.6) a table 9. 0 animation;
season,
rab
turks Mass Unit numbers;
盤-play
7; ??
mov
(f
3) 4
.) cr8 ent
Here x upwards are alpha; not
aa
nat
in local lambchop is
as 
56
un
is learn
5 z
and
i misted v
ou foi
y
;a we
b i
m to
X key
bf
it
imag 
tags at
en are given y
jcraft 
thes
ba
aim 
be
za
as spec
Ws
en
7 leaves h
nation
first
b
8
)f
- a
if
dentid raned
In shallow intaspeck-bl 
im
e
tool diklenen
 reelection치 치 중>())Lastly,
i
lene
unquie
ensu
e
teles
msu
rman
u
?
he
al
(the
i
te
la
in
Person
in
ac
or
ya
iv
p
pi
t
my A
ch
xa
7le
cis nen
he
8 bchn
e
;e
) y y
y 생
ol
r
n
mond
wall
va)
ill
aged
alm
rat
ses
on
zi
fall
uy
l
d
and
thea
un
y
n
m
s
ball
in
ig
ele
on
to
eq
's
de
ty
os
m
a
in
ty
ue
g
py
essay
sz
ed
led
3e
7c
mat
the
16
e
mb
ab
che
ant
-hour; on
and
bure
after
lor
med
ob
road
os
n
28
e
er
2
of
tel
or
ae
veh
ty
free
path
,
s
xi
ax
ent
h
ey
y
bas
ta
ol
il
v
Of
in
ds
ale
(pr
ref
oun
ru
Year
es
1")
echo,
going
said
It
?
it's
abil
in
her
h
her
W hatto yours
.
gett
S
a
art
i
s
\ua
t
the
i
W
et
t
ing
g
mate
y
ity
py
n
las
s ms
al
as
teil
ld
tern
in
cl
a 5
out
un3
i
ni
th
6
on
a
es
one
fix
yuck
s
es
se
i
l
r
i
exc
ve
4
in
ly
4
S
'K
bs
h
ee
1) a
mat
on
s
s
ass
N
 aftermath im
fire
epii
E
t
If
),(e
4
7
c
ex
e
al
e
air ed
ng
7
ua
d
s
Ho
IIl
Jng
(
6
y
go
g
13
eo
pa
e
we
(Plagraph )
ma
a
tc
r:
a
e
^
s
pages 8
0
y
?
but
m
e
)-u
es
cl
__|
(4"
(0 "ex
22
集合
g am
ncia
th
an
o
x
9
3
/5 0
th
'
non
g
ess
no
O
This 4s why my
oy
)5 4
(a l
I0
ri
(3Q
la
c
ss
D
se
h
I Ith
)as
I h
s
't h
Me
'm
t-uh
i
as
J
w or
or
r
any, ur
y
a
i
2
5-in
?
ates
va
au
t
ne
out the
h
ibas
xl
,
ul
l
s'- on)
h
eal
N
y
S
s
ce
Fi
me
ict
h
i
k
ins
ail
y
in
eur
I
th
s
46
y
ed
z
ci
sup
a
cl
land
v
)
l
(
un
of
a
the
da
ul
l
D
cl
a
y?, g Wu
a
rael
m
ana
s
y
sechan
,n Chan
ns
/
Ya)
opt
tan
l
of
( X
I
J
th
h
s
egra
e
(*) h
s
L
uW
us
NL a
sa
u not
ike
re fr ebruurred
y
x
So
At
7
i
j
r
s
th
ay)y
n
ty
a
n
;i
falex
t
ed
d
or
xe
p
'as
3
Ee

```
Reward: 0.0

