
[EXECUTION EXCEPTION]
Object_Detector_Tool.execute() missing 1 required positional argument: 'image'
code:from object_detector import Object_Detector_Tool

# Read the image data
image_path = "/home/stud/wxie/BLINK_Dataset/Counting/val/images/val_Counting_15_image_1.jpg"
output = Object_Detector_Tool.execute(image_path, labels=["baseball", "basket"], save_object=True, saved_image_path="detected_objects")
(detected_objects, object_number) = output

# Get the count of individuals who are wearing glasses
count_wearing_glasses = object_number["baseball"]["boxes"][0]["confidence_scores"][0]["count"]

final_result = "D"

[EXECUTION EXCEPTION]
name 'object_detector_Tool' is not defined
code:from object_detector import Object_Detector_Tool

# Load the image
# object_detector_Tool.load_image("/home/stud/wxie/BLINK_Dataset/Counting/val/images/val_Counting_15_image_1.jpg")

# Detect glasses
detected_objects = object_detector_Tool.execute(image="/home/stud/wxie/WideAI_Resources/dataset/val/images/val_Counting_01.jpg", labels=["glasses"], save_object=False)

# Check the count for glasses
final_result = detected_objects["image_count"]

if final_result == 1:
    print("\nNumber of people wearing glasses: 1")
elif final_result == 0:
    print("\nNumber of people wearing glasses: 0")
else:
    print("\nNumber of glasses detected: " + str(final_result))

[EXECUTION EXCEPTION]
Object_Detector_Tool.__init__() got an unexpected keyword argument 'image'
code:from object_detector import Object_Detector_Tool

# Initialize the detector tool with desired parameters
detector = Object_Detector_Tool(
    image="/home/stud/wxie/BLINK_Dataset/Counting/val/images/val_Counting_15_image_1.jpg",
    labels=["baseball", "basket"],
    save_object=True,
    saved_image_path="detected_objects"
)

# Execute the object detection
bbox_results, object_count = detector.execute()

[EXECUTION EXCEPTION]
invalid syntax (<string>, line 1)
code:```python
from object_detector import Object_Detector_Tool

final_result = Object_Detector_Tool.execute(image="/home/stud/wxie/BLINK_Dataset/Counting/val/images/val_Counting_15_image_1.jpg", labels=["basball", "basket"], save_object=True, saved_image_path="detected_objects")
detected_objects = final_result['output']
labels_count = final_result['object_number']
```

[EXECUTION EXCEPTION]
Object_Detector_Tool.execute() missing 2 required positional arguments: 'self' and 'labels'
code:# Import the required tool
Object_Detector_Tool: 'object_detector'

# Load the image file
image_path = '/home/stud/wxie/BLINK_Dataset/Counting/val/images/val_Counting_15_image_1.jpg'
image_detection_output = Object_Detector_Tool.execute(image=image_path)

# Extract the label count dictionary
label_counts = image_detection_output["output_types"][0]["object_number"]
final_result: int

for label, count in label_counts.items():
    if label.lower() == 'glasses':
        final_result += count
    else:
        final_result += 0

# Print the final result
print(f"The number of people wearing glasses is {final_result}.")

[EXECUTION EXCEPTION]
'Object_Detector_Tool' object has no attribute 'detect_objects'
code:from object_detector import Object_Detector_Tool

final_result = "D"

def get_glasses_count():
    detector = Object_Detector_Tool()
    image = "/home/stud/wxie/BLINK_Dataset/Counting/val/images/val_Counting_15_image_1.jpg"
    
    annotations = detector.detect_objects(image, labels=["glasses"], threshold=0.45, model_size="tiny", save_object=True, saved_image_path="detected_objects")

    if 'glasses' in annotations:
        glasses_boxes = annotations['glasses']['boxes'].tolist()
        glasses_scores = annotations['glasses']['confidence_scores'].tolist()
        
        if glasses_scores:
            total_glasses_count = len(glasses_scores)
            if glasses_scores.count(max(glasses_scores)) == len(glasses_scores):
                return total_glasses_count - 1  # subtract one for one glasses (not for glasses wearing another)
    
    return 0

glass_count = get_glasses_count()
print(final_result, end=" ")
print(f" ({glass_count})")

[EXECUTION EXCEPTION]
f-string: unmatched '[' (<string>, line 33)
code:from object_detector import Object_Detector_Tool

final_result = ""
image_path = "/home/stud/wxie/BLINK_Dataset/Counting/val/images/val_Counting_15_image_1.jpg"  # Change this path according to the actual image file location

# Set the object to detect
labels = ["baseball"]  # Change this list according to the actual object labels. Example: ["basketball", "baseball"]

# Set the confidence threshold
# default threshold is 0.45
threshold = 0.45

# Set the model size to tiny
model_size = "tiny"

# Set whether to save the detected objects
# default False
save_object = True

# Set the path to save the detected object images
saved_image_path = "detected_objects"

# Detect the objects in the image
detected_objects, object_number = Object_Detector_Tool.execute(image_path, labels=labels, 
                                                               save_object=save_object, 
                                                               saved_image_path=saved_image_path, 
                                                               threshold=threshold, 
                                                               model_size=model_size)

print("Detected Baseball: ", detected_objects[1]["boxes"][0][0], "Boxes: ", detected_objects[1]["boxes"])

if len(detected_objects[1]["boxes"]) >= 1:
    print("Detected Baseball: Baseball - "+f"{len(detected_objects[1]["boxes"])} Box Detected!")
else:
    print("No Baseball detected.")
