
============================== New Completed Execution ==============================
[EXEC CODE]
import json

final_result = "1"

[THE PRINT OUTPUT]

[GENERATE VALID FINAL_RESULT]
1

============================== END ==============================


============================== New Completed Execution ==============================
[EXEC CODE]
final_result = "1 Painting"

[THE PRINT OUTPUT]

[GENERATE VALID FINAL_RESULT]
1 Painting

============================== END ==============================


============================== New Completed Execution ==============================
[EXEC CODE]
final_result = "1"

[THE PRINT OUTPUT]

[GENERATE VALID FINAL_RESULT]
1

============================== END ==============================


============================== New Completed Execution ==============================
[EXEC CODE]
final_result = "1"

[THE PRINT OUTPUT]

[GENERATE VALID FINAL_RESULT]
1

============================== END ==============================


============================== New Completed Execution ==============================
[EXEC CODE]
final_result = "1"

[THE PRINT OUTPUT]

[GENERATE VALID FINAL_RESULT]
1

============================== END ==============================


============================== New Completed Execution ==============================
[EXEC CODE]
final_result = "The final result, including the number of paintings detected, is: 1."
[THE PRINT OUTPUT]

[GENERATE VALID FINAL_RESULT]
The final result, including the number of paintings detected, is: 1.

============================== END ==============================

