
[QAid]13417_0

[Code does not include Tools Usage]
code: 
final_result = 0
============================== END ==============================


[QAid]13417_0

[Code does not include Tools Usage]
code: 
final_result = 3

============================== END ==============================


[QAid]13417_0

[Code does not include Tools Usage]
code: 
final_result = 1
============================== END ==============================


[QAid]13417_0

[Code does not include Tools Usage]
code: 
final_result = 1

============================== END ==============================


[QAid]13417_0

[Code Extraction Failed or Parse Failed]

invalid syntax (<unknown>, line 1)

Completion Content: 
<command>final_result = "How many Doorways are visible in the scene?"  Answer: 2</command>
============================== END ==============================


[QAid]13417_0

[Code does not include Tools Usage]
code: 
final_result = 2

============================== END ==============================

