--- Completion 1 ---
<command>final_result = "1"
</command>
Reward: 0.5

--- Completion 2 ---
<command>final_result = "1"  # only one counter top is visible in the scene
</command>
Reward: 0.5

--- Completion 3 ---
<command>final_result = "1"
</command>
Reward: 0.5

--- Completion 4 ---
<command>final_result = "1"
</command>
Reward: 0.5

--- Completion 5 ---
<command>final_result = "1"
</command>
Reward: 0.5

--- Completion 6 ---
<command>final_result = "1"  # The final answer, how many CounterTops are visible in the scene, should be assigned to this variable
</command>
Reward: 0.5

