
[QAid]1783_0

[Code does not include Tools Usage]
code: 
final_result = "1"

============================== END ==============================


[QAid]1783_0

[Code does not include Tools Usage]
code: 
final_result = "1"

============================== END ==============================


[QAid]1783_0

[Code does not include Tools Usage]
code: 
final_result = "1"

============================== END ==============================


[QAid]1783_0

[Code does not include Tools Usage]
code: 
final_result = "1"

============================== END ==============================


[QAid]1783_0

[Code does not include Tools Usage]
code: 
final_result = "<code>1</code>"
============================== END ==============================


[QAid]1783_0

[Code does not include Tools Usage]
code: 
final_result = "1"  # The number of detected GarbageBags is 1

============================== END ==============================

