
[Exctuion Failed]

Object_Detector_Tool.__init__() got an unexpected keyword argument 'image_path'
code: 

from object_detector import Object_Detector_Tool

detector = Object_Detector_Tool(
    image_path="/path/to/image.png",
    labels=['blue two-seater sofa with green and blue cushions'],
    save_object=True,
    save_object_path="detected_objects"
)

results = detector.execute()


============================== END ==============================


[Exctuion Failed]

Object_Detector_Tool.execute() missing 1 required positional argument: 'self'
code: 

from object_detector import Object_Detector_Tool
final_result = Object_Detector_Tool.execute(image="/nfs/data8/liao/wxie/SAT/SAT_images_train/2858_0.png", labels=["blue two-seater sofa with green and blue cushions", "walnut wood open shelving unit"], save_object=True, saved_image_path="detected_objects")
print(final_result)


============================== END ==============================


[Exctuion Failed]

No module named 'depth_anything_v2'
code: 

from object_detector import Object_Detector_Tool
from pixel_level_depth_estimator import Pixel_Depth_Tool
# Load the image
image_path = 'path/to/image.png'
image = Image.open(image_path)
# Detect objects
labels = ['baseball', 'basket']
detected_objects, object_number = Object_Detector_Tool.execute(image=image_path, labels=labels)

# Save detected objects as images
save_object = True
saved_image_path = 'detected_objects'
Object_Detector_Tool.execute(image=detected_objects[0]['box'].image, labels=detected_objects.keys(), save_object=save_object, saved_image_path=saved_image_path)

# Get the total count of detected objects per label
object_count = object_number
print(object_count)


============================== END ==============================


[Exctuion Failed]

Object_Detector_Tool.execute() got an unexpected keyword argument 'mode'
code: 

from object_detector import Object_Detector_Tool

# Define labels to detect
labels = ['blue two-seater sofa with green and blue cushions', 'walnut wood open shelving unit']

# Confidence threshold
threshold = 0.35

# Mode (image or video)
mode = 'image'

# Output directory to save detected objects images
saved_image_path = ''

# Execute the tool and get the results
results = Object_Detector_Tool.execute(image='path/to/image.png', labels=labels, mode=mode, save_object=True, saved_image_path=saved_image_path)

# Print the final answer
final_result = 'blue two-seater sofa with green and blue cushions is below the walnut wood open shelving unit in the image.'
if len(results[0]) > 0:
    for detection in results[0].values():
        if detection[1] != 'basket':
            final_result += f', {detection[2]}, score: {detection[3]}'
        if detection[1] == 'basket':
            final_result += f', {detection[2]}, score: {detection[3]}'
    if detection[1] == 'basket':
        final_result += ', ' + str(len(results[1].values())) + ' objects detected in the image'
    else:
        final_result += ', ' + str(1) + ' object detected in the image'

print(final_result)


============================== END ==============================


[Exctuion Failed]

invalid syntax (<string>, line 15)
code: 

from object_detector import Object_Detector_Tool, Text_Detector_Tool, Letter_Detector_Tool

# Define query parameters
image_path = '/nfs/data8/liao/wxie/SAT/SAT_images_train/2858_0.png'
labels = ['blue two-seater sofa with green and blue cushions', 'walnut wood open shelving unit']
threshold = 0.35
model_size = 'base'

#Detect objects
detected_objects = Object_Detector_Tool.execute(image=image_path, labels=labels, save_object=True, threshold=threshold, model_size=model_size)
detected_objects_dict = sorted(detected_objects.items(), key=lambda x: (x[1]['box'], x[1]['score']), reverse=True)

#Identify relative positions
blue_two Seat_obj = detected_objects_dict[0]
blue_Cushion_obj = detected_objects_dict[1]

#Estimate relative positions using object_detector's function
blue_two Seat_object_detection = found_objects[0]
blue_Cushion_object_detection = found_objects[1]

final_result = ''

# Print relative positions
if blue_two Seat_obj:
    final_result += f"Blue two-seater sofa with green and blue cushions is located in {blue_two Seat_obj['box']}."
else:
    final_result += "Blue two-seater sofa with green and blue cushions is not found in the image."

if blue_Cushion_obj:
    final_result += f"Blue two-seater sofa with green and blue cushions is located in {blue_Cushion_obj['box']}."
else:
    final_result += "Blue two-seater sofa with green and blue cushions is not found in the image."

print(final_result)


============================== END ==============================


[Exctuion Failed]

unexpected indent (<string>, line 8)
code: 

from object_detector import Object_Detector_Tool

# Using text_detector
text_results = Text_Detector_Tool.execute(image='path_to_image.png', languages=['en', 'de'], detail=1)

# For this example, assuming we want to see the bounding boxes, text recognition, and confidence scores for each detected text
 detected_text_results = [(Box, Text, Score) for Box, Text, Score in text_results if text_result['bbox'] is not None]
detected_text_results


============================== END ==============================


[Exctuion Failed]

Object_Detector_Tool.execute() missing 1 required positional argument: 'self'
code: 

from object_detector import Object_Detector_Tool

final_result = Object_Detector_Tool.execute(image='path/to/image.png', labels=['blue two-seater sofa with green and blue cushions'], save_object=True, saved_image_path='detected_objects')

print(final_result)


============================== END ==============================


[Exctuion Failed]

Object_Detector_Tool.execute() missing 2 required positional arguments: 'self' and 'labels'
code: 

from object_detector import Object_Detector_Tool

# Load the image
image_path = 'image.jpg'

# Use Object_Detector_Tool to detect labels
labels = Object_Detector_Tool.execute(image=image_path)

# Loop through the detected objects to locate the sofa
for label in labels:
    if label['score'] > 0.5:  # Adjust score threshold as needed
        object_number = label['object_number']
        bounding_box = label['bbox']

        # Since 'object_number' and 'bbox' contain relevant information, we can assume it indicates our target object's bounding box.
        x0, y0 = bounding_box[0][0], bounding_box[0][1]
        x1, y1 = bounding_box[2][0], bounding_box[2][1]
        x2, y2 = bounding_box[4][0], bounding_box[4][1]

        # Assuming the sofa is at the coordinates (x0, y0) and (x1, y1)
        # Adjust bounding box positions according to the specific sofa shape.
        # For example: x0=100, y0=150, x1=200, y1=150, x2=200, y2=200

        final_result = {
            'position': False,  # Note: This will be replaced with actual position coordinates if detected
            'description': f'Detected sofa at coordinates (x0, y0) and (x1, y1)'
        }

        print('Position detected. Result:', final_result)

# Note: The detected sofa position should be verified and updated as needed, based on the actual object coordinates.


============================== END ==============================

