
[QAid]4371_0

[Code does not include Tools Usage]
code: 
final_result = "1"

============================== END ==============================


[QAid]4371_0

[Code does not include Tools Usage]
code: 
final_result = "1"

============================== END ==============================


[QAid]4371_0

[Code does not include Tools Usage]
code: 
final_result = "1"
============================== END ==============================


[QAid]4371_0

[Code does not include Tools Usage]
code: 
final_result = "1"

============================== END ==============================


[QAid]4371_0

[Code does not include Tools Usage]
code: 
final_result = '1'

============================== END ==============================


[QAid]4371_0

[Code does not include Tools Usage]
code: 
final_result = "1"

============================== END ==============================

