
[Successful Execution but Get None RESULT]


============================== END ==============================

[EXECUTION EXCEPTION]
name 'B' is not defined
code: 
final_result = B

============================== END ==============================

[EXECUTION EXCEPTION]
No module named 'Object_Detector_Tool'
code: 
from Object_Detector_Tool import Object_Detector_Tool
import_image_path = '/home/stud/wxie/BLINK_Dataset/Counting/val/images/val_Counting_98_image_1.jpg'
detected_objects, object_number = Object_Detector_Tool.execute(image=import_image_path, labels=["train"], save_object=True, saved_image_path="detected_objects")

detected_objects = list(detected_objects.values())
object_number = {detected_labels[0]: detected_objects[detected_labels[0]].count() for detected_labels in detected_objects}

if object_number["train"] == 1:
    final_result = 1
elif object_number["train"] == 0:
    final_result = 0
else:
    final_result = object_number["train"]
    print(final_result)

============================== END ==============================

[EXECUTION EXCEPTION]
unmatched ')' (<string>, line 26)
code: 
from object_detector import Object_Detector_Tool, Text_Detector_Tool, Letter_Detector_Tool

# Define input parameters
input_image_path = "/home/stud/wxie/BLINK_Dataset/Counting/val/images/val_Counting_98_image_1.jpg"
labels = ["train"]
threshold = 0.35
model_size = "tiny"
save_object = False
detected_objects = None
object_number = {}
try:
    detected_objects = Object_Detector_Tool.execute(image=input_image_path, labels=labels, save_object=True, threshold=threshold, model_size=model_size)
except Exception as e:
    print(f"Error executing object detection tool: {e}")
finally:
    # Convert detected objects to list of dictionaries
    try:
        detected_objects = [[obj_dict for obj_dict in detected_objects]] if save_object else detected_objects
    except TypeError:
        detected_objects = []

# Check for objects detection failure
if not detected_objects:
    final_result = "B"
else:
    final_result = f"({detected_objects[0][0]['bbox'][0]}-{detected_objects[0][0]['bbox'][0]}-{detected_objects[0][0]['bbox'][0]}-{detected_objects[0][0]['bbox'][0]}-{detected_objects[0][0]['bbox'][0]}-{detected_objects[0][0]['bbox'][0]}-{detected_objects[0][0]['bbox'][0]}-{detected_objects[0][0]['bbox'][0]}-{detected_objects[0][0]['bbox'][0]}-{detected_objects[0][0]['bbox'][0]}-{detected_objects[0][0]['bbox'][0]}-{detected_objects[0][0]['bbox'][0]}-{detected_objects[0][0]['bbox'][0]}-{detected_objects[0][0]['bbox'][0]}{detected_objects[0][0]['bbox'][0]}{detected_objects[0][0]['bbox'][0]}{detected_objects[0][0]['bbox'][0]}{detected_objects[0][0]['bbox'][0]}-{detected_objects[0][0]['bbox'][0]}-{detected_objects[0][0]['bbox'][0]}-{detected_objects[0][0]['bbox'][0]}-{detected_objects[0][0]['bbox'][0]}-{detected_objects[0][0]['bbox'][0]}-{detected_objects[0][0]['bbox'][0]}-{detected_objects[0][0]['bbox'][0]}-{detected_objects[0][0]['bbox'][0]}-")
if final_result:
    final_result = final_result[1]
if object_number:
    object_number = final_result.split(", ")
<command>
print(f"Final result: {final_result}")

============================== END ==============================

[EXECUTION EXCEPTION]
No module named 'Letter_Detector_Tool'
code: 
import Letter_Detector_Tool

============================== END ==============================

[EXECUTION EXCEPTION]
Letter_Detector_Tool.execute() missing 1 required positional argument: 'self'
code: 
from letter_detector import Letter_Detector_Tool

final_result = Letter_Detector_Tool.execute(image='path/to/image.png')

============================== END ==============================
