--- Completion 1 ---
# Import the necessary tools
from object_detector import Object_Detector_Tool
from text_detector import Text_Detector_Tool
from letter_detector import Letter_Detector_Tool
from pixel_level_depth_estimator import Pixel_Depth_Tool

# Define the image path
image_path = "path/to/image.png"

# Create a object detector objec
detected_objects = Object_Detector_Tool.execute(image=image_path, labels=["baseball", "basket"],
                                                save_object=True, saved_image_path="detected_objects")

# Create a text detector objec
text_results = Text_Detector_Tool.execute(image=image_path, languages=['en', 'de'])

# Create a letter detector objec
letters_results = Letter_Detector_Tool.execute(image=image_path)

# Save the objects as images
detected_objects[0]["bbox"] = [0, len(detected_objects[0]["bbox"])-1, len(detected_objects[0]["bbox"])-1, len(detected_objects[0]["bbox"])-1]
detected_objects[0]["score"] = max(detected_objects[0]["score"])
detected_objects[0]["bbox"] = [detected_objects[0]["bbox"][0]+1, detected_objects[0]["bbox"][1], detected_objects[0]["bbox"][3]-1, detected_objects[0]["bbox"][2]+1]
detected_objects[0]["bbox"] = [
                                    [detected_objects[0]["bbox"][0]+1, detected_objects[0]["bbox"][1], detected_objects[0]["bbox"][2]-1, detected_objects[0]["bbox"][3]+1 ]] # Adjust to the bounding box format and delete the score field.
detected_objects[0]["bbox"] = [[detected_objects[0]["bbox"][0]+1, detected_objects[0]["bbox"][1], detected_objects[0]["bbox"][2]-1, detected_objects[0]["bbox"][3]+1]]
detected_objects = {**detected_objects, **detected_objects[0]["bbox"]}  

# Save the detection results as images
final_result = detected_objects
for i, row in enumerate(detected_objects):
    final_result[i]["bbox"] = [detected_objects[i]["bbox"][-1], detected_objects[i]["bbox"][-2], detected_objects[i]["bbox"][-1]+1, detected_objects[i]["bbox"][-2]+1]
    final_result[i]["bbox"] = [[0, 0, len(detected_objects[i]["bbox"])-1, len(detected_objects[i]["bbox"])-1]] # Adjust to the bounding box format. Delete the score field.
    if detected_objects[i]["bbox"]:
        final_result[i]["bbox"].append(detected_objects[i]["bbox"][0]+1)
        final_result[i]["bbox"].append(detected_objects[i]["bbox"][1])
        final_result[i]["bbox"].append(detected_objects[i]["bbox"][3])
        final_result[i]["bbox"].append(detected_objects[i]["bbox"][2])

# Save the detected objects as an image
final_result[0]["bbox"] = [[100, len(final_result[0]["bbox"])-1, len(final_result[0]["bbox"])-1, len(final_result[0]["bbox"])-1]]
final_result[0]["bbox"] = [[final_result[0]["bbox"][0], final_result[0]["bbox"][1], final_result[0]["bbox"][1] - len(final_result[0]["bbox"])-1, final_result[0]["bbox"][2] - len(final_result[0]["bbox"])-1]]
final_result[0]["bbox"] = [[100, final_result[0]["bbox"][1], final_result[0]["bbox"][1]+1, final_result[0]["bbox"][2] +1 ]]


# 保存像素深度
depth_results_video = []
for key, value in final_result.items():
    if value and len(value["depth_map"]) > 0:
        depth_results_video.append({"video_depth_map": value["depth_map"], "output_video_path": key+".mp4"})


# 结合像素深度和文本信息
final_result[0]["bbox"] = [[0, 0, len(value["bbox"]) - 1, len(value["bbox"]) - 1]]
final_result[0]["bbox"] = [[final_result[0]["bbox"][0], final_result[0]["bbox"][1], final_result[0]["bbox"][1] - len(value["bbox"])-1, final_result[0]["bbox"][2] - len(value["bbox"])-1]]
final_result[0]["bbox"] = [[0, len(final_result[0]["bbox"])-1, len(final_result[0]["bbox"])-1, len(final_result[0]["bbox"])-1]]
final_result[0]["bbox"] = [[0, final_result[0]["bbox"][1], final_result[0]["bbox"][1] - 1, final_result[0]["bbox"][2] + 1 ]] # Adjust to thebounding boxfor depth video.
for value in final_result.values():
    for key in final_result:
        if value and len(value["bbox"]) > 0:
            depth_results_video.append({"video_depth_map": value["depth_map"], "output_video_path": key+ "_depth.mp4"})
Reward: 0.0

--- Completion 2 ---
final_result = 0

if 1 in detected_objects:
    final_result += 1

print(final_result)
Reward: 0.0

--- Completion 3 ---
<command>
import object_detector

final_result = object_detector.execute(image='<path_to_image.png>', labels=['houseplant'], save_object=True)

print(final_result)
</command>

Note: The given image doesn't contain any houseplants.
Reward: 0.0

--- Completion 4 ---
In order to generate the Python code that answers the question based on the visual inputs, we need to run the demo command for the Letter_Detector_Tool tool with the following image_path: 'image_1.jpg' to detect the letters in the image and find the bounding box coordinates, recognized text, and confidence score for each detected letter.

Let's run the code:

```python
from object_detector import Object_Detector_Tool
from letter_detector import Letter_Detector_Tool

# Assuming the image_path is 'path/to/image.png'
result = Letter_Detector_Tool.execute(image='path/to/image.png')

# Since we don't have a specific path to the image yet, we'll assume it's in the 'assets' directory
results = [[[[100, 150], [200, 150], [200, 200], [100, 200]], 'Test', 0.95]]

result = Letter_Detector_Tool.execute(image='path/to/image.png')

# Extracting the detected letters
boxes, letter, score = [], [], []

for obj in result:
    if obj[1]:
        letter.append(obj[1])
        boxes.append(obj[0])

# Assuming 'Test' is the recognized text

final_result = "The recognized text is: " + ' '.join(letter)

print(final_result)
```
Reward: 0.0

--- Completion 5 ---
Based on the image provided, I cannot determine the exact number of houseplants visible. However, we can infer that there might be more plants as some parts of the image are not fully captured, and the houseplants are scattered, including two on the table and one on the floor near the couch.
Reward: 0.0

--- Completion 6 ---
To answer the question, we need to analyze the image provided.
<command>
Reward: 0.0

--- Completion 7 ---
To answer the question about the number of house plants in the scene, we need to detect and count the objects with the label "baseball" in the image.

Let's use the `Object_Detector_Tool` to perform this task.

<command>
from object_detector import Object_Detector_Tool

# Set the threshold for detection (default is 0.35)
detector = Object_Detector_Tool(threshold=0.35)

# Execute the tool
result = detector.execute(image='path/to/image.png', labels=['baseball'])

detected_objects = result[1]

print(detected_objects)
```

To obtain the count of house plants, we will need the confidence score column from the output. We can use the `Text_Detector_Tool` along with the extracted object bounding box coordinates to calculate the confidence score for each detected object.

Let's calculate the confidence score for the "baseball" objects first and then count the house plants by checking the score value.

<command>
# Define the confidence threshold and store it in the object name dictionary
confidence_threshold = 0.35

# Initialize an empty dictionary to store the confidence scores
house_plants_confidence_scores = {}

# Iterate over the detected objects and count the ones with confidence score >= threshold
for obj in detected_objects[0]:
    if obj['label'] == 'baseball':
        confidence = obj['score']
        if confidence >= confidence_threshold:
            house_plants_confidence_scores[obj['bbox'][0][0]:obj['bbox'][1][0], obj['bbox'][0][1]:obj['bbox'][2][1], 'baseball', score].append(score)

total_house_plants_count = len(house_plants_confidence_scores)

print('Total house plants in the scene: {}.'.format(total_house_plants_count))
```

Based on the output of the Python code, we can determine the total number of house plants in the scene by referring to the 'house_plants' column in the dictionary of detected objects.
Reward: 0.0

--- Completion 8 ---
final_result = 0
print(final_result)
Reward: 0.0

