
[QAid]6933_0

[Code Includes Tools Usage]
code: 

from object_detector import Object_Detector_Tool

final_result = Object_Detector_Tool.execute(image="/nfs/data8/liao/wxie/SAT/SAT_images_train/6933_0.png", labels=["DogBeds"], save_object=True)

print(final_result)

============================== END ==============================


[QAid]6933_0

[Code Includes Tools Usage]
code: 

from object_detector import Object_Detector_Tool

final_result = Object_Detector_Tool.execute(image='path/to/image.png', labels=['baseball', 'basket'], save_object=True, saved_image_path='detected_objects')
print(final_result)

============================== END ==============================


[QAid]6933_0

[Code Includes Tools Usage]
code: 

from Object_Detector_Tool import Object_Detector_Tool

final_result = Object_Detector_Tool.execute(image='path/to_image.png', labels=['DogBeds'], save_object=True, saved_image_path='detected_objects')

print(final_result)

============================== END ==============================


[QAid]6933_0

[Code Includes Tools Usage]
code: 

from object_detector import Object_Detector_Tool

final_result = Object_Detector_Tool.execute(image='path_to_img.png', labels=['baseball', 'basket'], save_object=True, saved_image_path='detected_objects')

print("Detected Baseballs: ", final_result[0])
print("Total number of Baseballs: ", len(final_result[0]['bbox']))
print("Detected Basketballs: ", final_result[1])
print("Total number of Basketballs: ", len(final_result[1]['bbox']))

============================== END ==============================


[QAid]6933_0

[Code Includes Tools Usage]
code: 

from object_detector import Object_Detector_Tool

final_result = Object_Detector_Tool.execute(image='path_to_image.png', labels=['dogbed'], save_object=True, saved_image_path='found_objects')

============================== END ==============================


[QAid]6933_0

[Code Includes Tools Usage]
code: 

from object_detector import Object_Detector_Tool

final_result = Object_Detector_Tool.execute(image='path/to/your_image.png', labels=['dogbeds'], save_object=True, saved_image_path='detected_objects')

print(final_result)

============================== END ==============================

