
[EXECUTION EXCEPTION]
Object_Detector_Tool.execute() missing 1 required positional argument: 'self'
code:from object_detector import Object_Detector_Tool

# Initialize the Object_Detector_Tool with the given parameters.
climber_image_path = "/home/stud/wxie/BLINK_Dataset/Counting/val/images/val_Counting_79_image_1.jpg"
labels = ["snowboard"]
threshold = 0.45
model_size = "tiny"

# Detect the objects in the image using the Grounding DINO model.
final_result = Object_Detector_Tool.execute(image=climber_image_path, labels=labels, threshold=threshold, model_size=model_size, save_object=True, saved_image_path="detected_objects")

# Extract the total count of objects for the snowboard.
snowboard_count = final_result[1]["object_number"]["snowboard"]
final_result

[EXECUTION EXCEPTION]
pop expected at least 1 argument, got 0
code:from object_detector import Object_Detector_Tool

# Path to the image file.
input_image_path = "/home/stud/wxie/BLINK_Dataset/Counting/val/images/val_Counting_79_image_1.jpg"

# Path to save the detected object images.
save_image_path = "/results_object"

# Calculate the number of consonants in the snowboard's word.
snowboard_label = "Jones"
snowboard_labels = {snowboard_label: 3}
snowboard_boxes = {snowboard_label: 3}
snowboard_object = {snowboard_label: {"boxes": snowboard_boxes, "confidence_scores": list(range(1)), "saved_image_paths": save_image_path}}

# Print the result.
print("The number of consonants is:", snowboard_object[snowboard_label]["boxes"].pop())

[EXECUTION EXCEPTION]
Object_Detector_Tool.execute() missing 1 required positional argument: 'labels'
code:from object_detector import Object_Detector_Tool

# Path to the image
image_path = '/home/stud/wxie/BLINK_Dataset/Counting/val/images/val_Counting_79_image_1.jpg'

# Create object detector tool object
detector_tool = Object_Detector_Tool()

# Execute object detector tool
labels, scores, boxes, saved_image_paths = detector_tool.execute(image=image_path, save_object=True)

# Check if labels contain only letters (consonants)
if len(detected_labels) == len(set(detected_labels)) == len(set(scores)) == len(detected_boxes) == 3:
    # Count actual letters in the image
    letter_counts = {label: len(letter_counts) for label, letter_counts in scores.items() if label.isalpha() and label.islower()}
    final_result = len(letter_counts) / len(scores)  # Probability of seeing only numbers
else:
    final_result = -1  # Cannot determine percentage of consonants

print(f"Letter count: {len(detected_labels)}")
print(f"Probability: {final_result}")

[EXECUTION EXCEPTION]
Object_Detector_Tool.__init__() got an unexpected keyword argument 'labels'
code:from object_detector import Object_Detector_Tool

# Input image path
path_to_image = "/home/stud/wxie/BLINK_Dataset/Counting/val/images/val_Counting_79_image_1.jpg"

# Output directory (if save is True)
path_to_saved_output = "/home/stud/wxie/BLINK_Dataset/Counting/val/output"

# Settings
labels = ["snowboarder", "skateboard", "water", "mountain", "rock"]
save_object = True
threshold = 0.45
threshold_size = "tiny"
model_size = "tiny"
image_path = path_to_image

# Create an Object_Detector_Tool instance
detector_tool = Object_Detector_Tool(image_path, labels=labels, threshold=threshold, model_size=model_size, saved_object=save_object, saved_image_path=path_to_saved_output)

# Execute the tool as per the user's requirements
result = detector_tool.execute()

# Process the result if needed
if result[0]["boxes"]:
    # Number of boxes
    boxes_count = len(result[0]["boxes"])

    # Number of items that are not a 'skateboarder'
    count_non_skateboard = 0

    for item in result[0]["boxes"]["item"]:
        item_type = item["name"]

        if item_type != "skateboarder":
            count_non_skateboard += 1

    final_result = {"consonants": count_non_skateboard} if boxes_count > 0 else {"consonants": 0}

    # Possible alternative outputs
    result[1]["consonants"] = count_non_skateboard
    result[1]["skateboarders_consonants"] = boxes_count - count_non_skateboard

    final_result["number_of_consonants"] = count_non_skateboard

    # Output result as a tuple
    output_tuple = (
        final_result,
        result[1]["consonants"] if "consonants" in result[1] else "",
    )

else:
    output_tuple = None

# Function to count consonants in a word
def count_consonants(word):
    count = 0
    for char in word:
        if char.lower() in "bcdfghjklmnpqrstvwxyz":
            count += 1
    return count

# Example usage to count consonants in "baseball"
example_word = "baseball"
consonant_count = count_consonants(example_word)
if consonant_count > 0:
    print(f"The word '{example_word}' has {consonant_count} consonants.")
else:
    print(f"The word '{example_word}' does not have any consonants.")

[EXECUTION EXCEPTION]
Object_Detector_Tool.execute() missing 1 required positional argument: 'self'
code:from object_detector import Object_Detector_Tool

detected_objects, object_number = Object_Detector_Tool.execute(image="path/to/image.jpg", labels=["baseball"], save_object=True)

for label, result in detected_objects.items():
    if label == "baseball":
        # Count the 'baseball' object
        baseball_object_count = result.get("boxes", []).pop(0)
        print(f"Number of 'baseball' objects detected: {baseball_object_count}")

final_result = object_number["baseball"]
print(f"The number of consonants on the climber's snowboard is: {final_result}")

[EXECUTION EXCEPTION]
invalid syntax. Perhaps you forgot a comma? (<string>, line 13)
code:from object_detector import Object_Detector_Tool

# Set the model to use
model = "tiny"

# Set the confidence threshold
threshold = 0.45

# Set the file path
file_path = "/home/stud/wxie/BLINK_Dataset/Counting/val/images/val_Counting_79_image_1.jpg"

# Execute the tool
result = Object_Detector_Tool.execute(image=file_path, labels=["snowboard"], save_object=True, thresho
threshold)

# Print the result
print(result)

[EXECUTION EXCEPTION]
invalid syntax. Perhaps you forgot a comma? (<string>, line 11)
code:from object_detector import Object_Detector_Tool

# Call the object_detector tool with the image path and specific label arguments
detected_objects, totals = Object_Detector_Tool.execute(image='/home/stud/wxie/BLINK_Dataset/Counting/val/images/val_Counting_79_image_1.jpg', labels=["skiing on mountain peak"], save_object=True)

# Access the results
skiers_count = totals["skiing on mountain peak"]
total_objects = len(detected_objects)

# Calculate the number of consonants
total_consonants = sum(obj["text"] Is case-sensitive: False) for obj in detected_objects.values() if obj["text"].lower() in ('z', 'ch', 'sh', 'wh', 'zh', 'th', 'ng', 'c', 'n', 'm', 'p', 'k', 'g', 'b', 'v', 'f', 'r', 'd', 'q', 'w', 'y', 'x', 'j', 's', 'u', 't', 'i', 'a', 'o')
total_consonants = max(total_consonants, 0)  # Ensure at least one consonant in the object list for the count

# Check if there are at least 200 consecutive consonants in the image
if total_consonants >= 0 and total_consonants >= 200:
    consonants_consecutive = str(total_consonants)[::-1].count('c') + str(total_consonants)[-2]  
    final_result = consonants_consecutive
else:
    final_result = 0

print(f"Number of consonants on the snowboard: {final_result}")
