--- Completion 1 ---
<command>final_result = "1 Window is visible"
</command>
Reward: 0.5

--- Completion 2 ---
<command>final_result = "1 Window"
</command>
Reward: 0.5

--- Completion 3 ---
<command>final_result = "1\"  # 1 window visible in the image
</command>
Reward: 0.5

--- Completion 4 ---
<command>final_result = "1 Window is visible in the scene."</command>
Reward: 0.5

--- Completion 5 ---
<command>final_result = "1\""
</command>
Reward: 0.5

--- Completion 6 ---
<command>final_result = "1 Window visible in the scene."
</command>
Reward: 0.5

