
[Exctuion Failed]

name 'Letter_Detector_Tool' is not defined
code: 
final_result = "above"
letter_detector = Letter_Detector_Tool()
letter_detector.execute(image='path/to/image.png')

============================== END ==============================


[Exctuion Failed]

name 'labels' is not defined
code: 
final_result = "above"
final_result = "above" if labels[0].get("bbox", (0, 0, 0, 0)) == (0, 0, 0, 0) else final_result
print(final_result)
final_result = "buck"
final_result = final_result if labels[1][0]["bbox"][2] == labels[1][0]["bbox"][2] else final_result
final_result = final_result if labels[1][0]["bbox"][1] == labels[2][0]["bbox"][3] else final_result
final_result = final_result if labels[2][0]["bbox"][3] == labels[1][0]["bbox"][1] else final_result
print(final_result)

============================== END ==============================


[Exctuion Failed]

name 'object_Detector_Tool' is not defined
code: 
final_result = object_Detector_Tool.execute(image="/nfs/data8/liao/wxie/SAT/SAT_images_train/14538_0.png", labels=["blue dresser", "window"], save_object=False)

============================== END ==============================


[None RESULT]


[Successful Execution but Get None RESULT]
[EXEC CODE]
final_result

============================== END ==============================


[Exctuion Failed]

invalid syntax (<string>, line 1)
code: 
The path of light blue colour dresser birkeland is bellow the Window.

============================== END ==============================

