
[Exctuion Failed]

No module named 'Object_Detector_Tool'
code: 

from Object_Detector_Tool import Object_Detector_Tool

def count_chairs():
    tool = Object_Detector_Tool()

    detected_objects = tool.execute(image='/nfs/data8/liao/wxie/SAT/SAT_images_train/2588_0.png', save_object=False)

    chair_count = len(detected_objects)
    
    return chair_count

chair_count = count_chairs()
print("Number of chairs:", chair_count)


============================== END ==============================


[Exctuion Failed]

Object_Detector_Tool.execute() got an unexpected keyword argument 'saved_object'
code: 

from object_detector import Object_Detector_Tool

# Provided image path
image_path = "/nfs/data8/liao/wxie/SAT/SAT_images_train/2588_0.png"

# List of detected object labels
labels = ['baseball', 'basket']

# Confidence threshold (optional)
threshold = 0.35

# Use the Object_Detector_Tool to detect objects in the image.
result = Object_Detector_Tool.execute(image=image_path, labels=labels, saved_object=False, save_object=False)

# Output the results
final_result = {"detected_objects": result}
print(final_result)


============================== END ==============================

