
[None RESULT]


[EXECUTION EXCEPTION]
'list' object has no attribute 'object_labels'
code:# Load the Grounding DINO model
import numpy as np
from object_detector import Object_Detector_Tool

# Load the image
image = 'path/to/image.jpg'

# Detect objects in the image
labels = ['birthday cake', 'candles', 'knife']  # Change these labels as needed
object_detector = Object_Detector_Tool()
object_detector_labels = object_detector.execute(image=image, labels=labels, save_object=True)

# Extract the number of people reading the book
person_count = 0
if 'baseball' in object_detector_labels.object_labels:
    person_count += 1  # Count if any baseball object is detected
if 'basket' in object_detector_labels.object_labels:
    person_count += 1  # Count if any basket object is detected
final_result = {"person_count": person_count}
print("Final result:", final_result)

[EXECUTION EXCEPTION]
list index out of range
code:from object_detector import Object_Detector_Tool

# Load the image
image_path = "/home/stud/wxie/BLINK_Dataset/Counting/val/images/val_Counting_47_image_1.jpg"
tool = Object_Detector_Tool()
result = tool.execute(image_path, ["birthday"], save_object=True)
detected_objs = result[0]
total_objs_count = result[1]

# Determine how many people are reading the book
reading_persons = total_objs_count - detected_objs["baseball"]

final_result = (reading_persons, total_objs_count)

[EXECUTION EXCEPTION]
Object_Detector_Tool.execute() missing 1 required positional argument: 'self'
code:from object_detector import Object_Detector_Tool

# Path to the image file
image_path = "/home/stud/wxie/BLINK_Dataset/Counting/val/images/val_Counting_47_image_1.jpg"

# Labels to detect
labels = ["baseball", "basket"]

# Confidence threshold
threshold = 0.45
model_size = "tiny"

# Save object images
save_object = True
saved_image_path = "detected_objects"

# Execute tool
output = Object_Detector_Tool.execute(image=image_path, labels=labels, threshold=float(threshold), model_size=model_size, save_object=bool(save_object), saved_image_path=saved_image_path)

# Get object count from detected_objects dictionary
object_count = {label: len(result['boxes']) for label, result in output['object_number'].items()}

# Determine final result based on object_count dictionary elements
final_result = {"A": object_count if sum(object_count.values()) > 0 else "D"}

[EXECUTION EXCEPTION]
No module named 'path_to_image'
code:import path_to_image

[EXECUTION EXCEPTION]
invalid syntax (<string>, line 1)
code:generated python code

[None RESULT]

