
[QAid]4031_0

[Code does not include Tools Usage]
code: 
final_result = "2"
============================== END ==============================


[QAid]4031_0

[Code does not include Tools Usage]
code: 
final_result = "2"

============================== END ==============================


[QAid]4031_0

[Code does not include Tools Usage]
code: 
final_result = "2"

============================== END ==============================


[QAid]4031_0

[Code does not include Tools Usage]
code: 
final_result = "2"
============================== END ==============================


[QAid]4031_0

[Code does not include Tools Usage]
code: 
final_result = "2"
============================== END ==============================


[QAid]4031_0

[Code does not include Tools Usage]
code: 
final_result = "2"

============================== END ==============================

