
============================== New Completed Execution ==============================
[EXEC CODE]
final_result = '1' 
[THE PRINT OUTPUT]

[GENERATE VALID FINAL_RESULT]
1

============================== END ==============================


============================== New Completed Execution ==============================
[EXEC CODE]
final_result = "1"  # No chairs visible.
[THE PRINT OUTPUT]

[GENERATE VALID FINAL_RESULT]
1

============================== END ==============================


============================== New Completed Execution ==============================
[EXEC CODE]
final_result = "1"
[THE PRINT OUTPUT]

[GENERATE VALID FINAL_RESULT]
1

============================== END ==============================


============================== New Completed Execution ==============================
[EXEC CODE]
final_result = "1"  # There is only one chair visible in the scene


[THE PRINT OUTPUT]

[GENERATE VALID FINAL_RESULT]
1

============================== END ==============================


============================== New Completed Execution ==============================
[EXEC CODE]
final_result = "1"
[THE PRINT OUTPUT]

[GENERATE VALID FINAL_RESULT]
1

============================== END ==============================


============================== New Completed Execution ==============================
[EXEC CODE]
final_result = '1'
[THE PRINT OUTPUT]

[GENERATE VALID FINAL_RESULT]
1

============================== END ==============================

