
[QAid]9819_0

[Code does not include Tools Usage]
code: 
final_result = 1
============================== END ==============================


[QAid]9819_0

[Code does not include Tools Usage]
code: 
final_result = 1
============================== END ==============================


[QAid]9819_0

[Code does not include Tools Usage]
code: 
final_result = 0
============================== END ==============================


[QAid]9819_0

[Code does not include Tools Usage]
code: 
final_result = {"FloorLamps": 1}
============================== END ==============================


[QAid]9819_0

[Code does not include Tools Usage]
code: 
final_result = 1
============================== END ==============================


[QAid]9819_0

[Code does not include Tools Usage]
code: 
final_result = 1
============================== END ==============================

