
============================== New Completed Execution ==============================
[EXEC CODE]
final_result = "B"
print(final_result)
[THE PRINT OUTPUT]
B

[GENERATE VALID FINAL_RESULT]
B

============================== END ==============================


============================== New Completed Execution ==============================
[EXEC CODE]
final_result = "below"
print(final_result)
[THE PRINT OUTPUT]
below

[GENERATE VALID FINAL_RESULT]
below

============================== END ==============================


============================== New Completed Execution ==============================
[EXEC CODE]
final_result = "B"
[THE PRINT OUTPUT]

[GENERATE VALID FINAL_RESULT]
B

============================== END ==============================


============================== New Completed Execution ==============================
[EXEC CODE]
# Assuming the Image Object is already detected in the room and a reference to its features has been stored.
final_result = {
    "B": "",
    "A": "",
    "C": ""
}
[THE PRINT OUTPUT]

[GENERATE VALID FINAL_RESULT]
{'B': '', 'A': '', 'C': ''}

============================== END ==============================

