--- Completion 1 ---
<command>
```python
from tools.detect_object import Object_Detector_Tool
from tools.text_detector import Text_Detector_Tool

def count_doors(image_path, labels, threshold=0.35, model_type='tiny', save_object=False, saved_image_path="detected_objects"):
    object_detector = Object_Detector_Tool
    text_detector = Text_Detector_Tool
    labels = labels or ["door"]
    if save_object:
        from_module: str = "tools.object_detector"
        object_detector_class_name: str = "Object_Detector_Tool"
    else:
        from_module: str = "tools.text_detector"
        object_detector_class_name: str = "Text_Detector_Tool"

    labels_count = {}
    predicted_box = None
    for label in labels:
        if label == "door" and threshold < text_detector.execute(image_path=object_detector.path(image_path), languages=['en', 'de'], detail=1)[0]["box"]:
            count: int = 1
            predicted_box = object_detector.execute(image_path=object_detector.path(image_path), languages=['en', 'de'], detail=1)[0].get("box")
            if count > 0:
                if count > 0:
                    labels_count[label] = count

    if predicted_box:
        text_detector.execute(image_path=object_detector.path(image_path))[
            0]["box"]
    else:
        predicted_box = [100, 100, 300, 300]
        bbox: tuple = predicted_box
        box_label: tuple = [100, 100, 200, 200]
        text_label = "Unpredicted bbox"

    predicted_result_dict = {
        "bbox": predicted_box,
        "box_label": box_label,
        "text_label": text_label
    }
    results_dict: dict = {}
    for label in labels:
        if label == "door":
            count_dict: str = results_dict.get(str(label))
            if count_dict in labels_count:
                results_dict[f"{label}"] = labels_count.get(str(label))
            else:
                results_dict[f"{label}"] = labels_count.get(label)

    if save_object:
        results_dict = {
            f"{label}": count_dict
            for label in labels
        }
    return results_dict
```

</command>
Reward: 0.5

--- Completion 2 ---
<command>
```python
from object_detector import Object_Detector_Tool
import_name: Object_Detector_Tool
import path_to_image

class ImageProcessor:

    def __init__(self, threshold=0.35, model_size='tiny', save_object=True):
        """

        :param threshold: float - Confidence threshold for detection (default: 0.35).
        :param model_size: str - Model size 'tiny' or 'base', default: 'tiny'
        :param save_object: bool - Save the detected objects as images. (default: False).
        """
        self.threshold = threshold
        self.model_size = model_size
        self.save_object = save_object

    def execute(self, image, labels=['], save_object=True, saved_image_path='detected_objects'):
        detected_objects = Object_Detector_Tool.execute(image=image, labels=labels, model_size=self.model_size, save_object=save_object, saved_image_path=saved_image_path)
        return detected_objects

obj_processor = ImageProcessor()
image_path = path_to_image
detected_objects, object_number = obj_processor.execute(image_path)
final_result = {
    "Count of Doorways": len(detected_objects["total_count"])}

for label, results in detected_objects.items():
    for detection in results:
        final_result[label] = len(detected_objects[label])
```

The Python program above uses the available tools (Object_Detector_Tool, Text_Detector_Tool), the tools' documentation, and their parameters, to locate all doorways in the image and count how many doorways are visible in the scene. The returned final result is a dictionary containing a 'Count of Doorways' key with a numerical value determined by the object_detector tool, along with the count of doorways found in the scene.
</command>
Reward: 1.0

--- Completion 3 ---
<command>
from object_detector import Object_Detector_Tool

tools_params = {
    "image": "/nfs/data8/liao/wxie/SAT/SAT_images_train/6747_0.png",
    "labels": ["baseball"],
    "threshold": 0.35,
    "model_size": "tiny",
    "save_object": True,
    "saved_image_path": "detected_objects"
}

def count_doors():
    # Detect doorway
    objects = Object_Detector_Tool.execute(image=tools_params["image"], labels=["door"], save_object=True, saved_image_path="")
    object_results = objects["object_results"]
    
    # Count door ways
    door_count = any([x["label"] == "door" for x in object_results])
    
    return door_count, 0, 0, 0

(final_answer)
Reward: 0.0

--- Completion 4 ---
```python
from object_detector import Object_Detector_Tool

object_detection = Object_Detector_Tool(
    input_types={'image': '/path/to/image.png', 'labels': [], 'threshold': 0.35, 'model_size': 'base', 'save_object': True, 'saved_image_path': 'detected_objects'}
)

detected_objects, object_number = object_detection.execute(label_pairs=object_detection.labels)

detected_objects
```
Reward: 0.0

--- Completion 5 ---
```python
import Object_Detector_Tool

# Create an Object_Detector_Tool instance
obj_detector_tool = Object_Detector_Tool.Object_Detector_Tool()

# Load the image
image_path = '/path/to/image.png'
img = Image.open(image_path)

# Load the confidence threshold and labels
confidence_threshold = 0.35
label_list = ['baseball']

# Call the object_detector tool
detected_objects, object_number = obj_detector_tool.execute(image=image_path, labels=label_list, confidence_threshold=confidence_threshold)

final_result = {
    'detected_objects': detected_objects,
    'object_number': object_number
}

# Print the solution
print(final_result)
```
Reward: 0.0

--- Completion 6 ---
To find the number of doorways in the scene, we need to count the number of doorways visible in the image. Based on the given tools, we can use the `object_detector` tool to detect and count doorways.

```python
from tool_module:object_detector:object_detector, import_name: Object_Detector_Tool, import_module: object_detector

object_detector.execute(image="path/to/your_image.png", labels=["doorknob"], save_object=True, saved_image_path="temp_doorway_detection")
```


This code should run `object_detector` tool to extract doorways that the `text_detector` tool may not identify directly.

To generate a final answer, we need to:

1. Count the number of doorways in the image detected by the `object_detector` tool.
2. Identify the doorways by their bounding box coordinates.
3. Collect the doorways along with their bounding box coordinates, confidence scores, and labels.

For example, the `result` variable could look something like this:

result = object_detector.execute(image='path/to/your_image.png', labels=["door"], verbose=True).result

This would give a list of doorways with bounding box coordinates, confidence scores, and labels. We can use these to assign the final answer.

After collecting doorways information:

final_result = sorted(result)
```python
# Assuming final_result is a list with detections:
final_result.sort(key=lambda x: x[1])
doorways = [door_info[0] for door_info in final_result]
final_result = [detections_info for detections_info in doorways]

print(f"Number of doorways: {len(final_result)}")
print("Doorways with bounding box coordinates:")
for door in final_result:
    print("Door coordinates:", door[0])
    print("Door confidence:", door[1])
```

You can replace `path/to/your_image.png` with the actual path to your image. This process will help you count the doorways in the image and extract the information from each doorway. Finally, you can assign a final result to the variable `final_result`. Ensure to replace the tool names, arguments, and `path/to/your_image.png` with your actual image path.
Reward: 0.0

