
[QAid]4572_0

[Code does not include Tools Usage]
code: 
final_result = "2"

============================== END ==============================


[QAid]4572_0

[Code does not include Tools Usage]
code: 
final_result = "2"

============================== END ==============================


[QAid]4572_0

[Code does not include Tools Usage]
code: 
final_result = "2"

============================== END ==============================


[QAid]4572_0

[Code does not include Tools Usage]
code: 
final_result = "2"

============================== END ==============================


[QAid]4572_0

[Code does not include Tools Usage]
code: 
final_result = "1\n"

============================== END ==============================


[QAid]4572_0

[Code does not include Tools Usage]
code: 
final_result = "2"

============================== END ==============================

