
[Exctuion Failed]

invalid syntax (<string>, line 1)
code: 
```python
final_result = "above"
```

============================== END ==============================


[Exctuion Failed]

Object_Detector_Tool.execute() missing 1 required positional argument: 'self'
code: 

from object_detector import Object_Detector_Tool

final_result = "B"
Object_Detector_Tool.execute(image='path/to/image.png', labels=['Doorway', 'abstract painting', 'black frame'], save_object=False, saved_image_path='detected_objects/' + final_result)


============================== END ==============================


[Exctuion Failed]

Object_Detector_Tool.execute() missing 1 required positional argument: 'self'
code: 

from object_detector import Object_Detector_Tool
final_result = Object_Detector_Tool.execute(image='path/to/image.png', labels=["a","b","c"], save_object=False, saved_image_path='')
print(final_result)


============================== END ==============================


[Exctuion Failed]

invalid decimal literal (<string>, line 3)
code: 
final_result = "above"
final_result = final_result.replace("\'", "\\").replace(")", "\"]".replace("(", "\")")
The paths of images: /nfs/data8/liao/wxie/SAT/SAT_images_train/6957_0.png, which are related to the question.
final_result = final_result.replace("below", "") + "".replace("above", "")
The paths of images: /nfs/data8/liao/wxie/SAT/SAT_images_train/6957_0.png, which are related to the question.
final_result = final_result.replace("below", "").replace("above", ""}
The paths of images: /nfs/data8/liao/wxie/SAT/SAT_images_train/6957_0.png, which are related to the question.
final_result = final_result.replace("below", "").replace("above", "")

============================== END ==============================

