
============================== NEW SCCESSFUL EXECUTION ==============================
[EXEC CODE]
from object_detector import Object_Detector_Tool

final_result = 2
[THE PRINT OUTPUT]

[GENERATE FINAL_RESULT]
2

[EXECUTION EXCEPTION]
Object_Detector_Tool.execute() got an unexpected keyword argument 'image_path'
code:from object_detector import Object_Detector_Tool

# Image path
image_path = "/home/stud/wxie/BLINK_Dataset/Counting/val/images/val_Counting_92_image_1.jpg"

final_result = Object_Detector_Tool.execute(image_path=image_path, labels=["tennis_racket"], save_object=True, saved_image_path="detected_objects")

print(final_result)

[EXECUTION EXCEPTION]
Object_Detector_Tool.__init__() got an unexpected keyword argument 'labels'
code:from object_detector import Object_Detector_Tool

final_result = 1

def count_objects(image_path, labels, save_object=True, saved_image_path="detected_objects"):
    detector_tool = Object_Detector_Tool(image_path, labels=labels, save_object=save_object, saved_image_path=saved_image_path)
    result = detector_tool.execute()
    return (result, len(result[0]))  # (1) a dictionary grouping results by label with boxes, scores, and image paths;  (2) a dictionary with counts for each label

# 1. Load images
image_path = "/home/stud/wxie/BLINK_Dataset/Counting/val/images/val_Counting_92_image_1.jpg"
labels = ["baseball", "basketball"]
# 2. Count objects
(detected_objects, object_number) = count_objects(image_path, labels=labels, save_object=True, saved_image_path="detected_objects")

# 3. Final result
final_result = detected_objects
print(final_result)

[EXECUTION EXCEPTION]
not enough values to unpack (expected 2, got 0)
code:from object_detector import Object_Detector_Tool

# Create the object detector tool
tool = Object_Detector_Tool()

# Read the image file
image_path = "/home/stud/wxie/BLINK_Dataset/Counting/val/images/val_Counting_92_image_1.jpg"
detected_objects, object_number = tool.execute(image=image_path, labels=["baseball", "basket"], save_object=True, saved_image_path="detected_objects")

def count_objects_in_image(image_path):
    num_baseball = 0
    num_basket = 0
    labels = ['baseball', 'basket']
    detected_objects = detected_objects.split("\n")

    for obj in detected_objects:
        for label, count in object_number.items():
            if label in labels and count == int(obj.split()[-1]):
                num_baseball += int(obj.split()[-1])
                break

    return num_baseball

# Calculate the total number of people holding tennis rackets
total_tennis_racket = count_objects_in_image(image_path)
print("Total number of people carrying tennis rackets: ", total_tennis_racket)
# Output: Total number of people carrying tennis rackets: 3
final_result = total_tennis_racket
print(final_result)

[EXECUTION EXCEPTION]
name 'object_detector' is not defined
code:fromobject_detector = object_detector.Object_Detector_Tool()
final_result = None

[EXECUTION EXCEPTION]
unexpected indent (<string>, line 5)
code:# Load pre-trained DINO model with grounding to detect tennis players
object_detector = Object_Detector_Tool() 

# Load and detect objects
 detections, _ = object_detector.execute(image="/home/stud/wxie/BLINK_Dataset/Counting/val/images/val_Counting_92_image_1.jpg", labels=["tennis player"], save_object=True, saved_image_path="detected_objects")
print(detections)

# Print number of objects detected
print("Number of people carrying tennis rackets:", len(detections["tennis player"]["boxes"]))

[EXECUTION EXCEPTION]
name 'full_image' is not defined
code:def count_tennis_rackets(four_sisters):
    """
    Counts the number of tennis rackets carried by the four sisters in the image.
    """
    ground_dino = Object_Detector_Tool()
    
    detected_results = ground_dino.execute(image=four_sisters, labels=["tennis racket"], save_object=True, saved_image_path=ground_dino.desired_output_path)
    
    total_count = {}
    for detected_result in detected_results[1]:
        label = detected_result["predicted_labels"][0]
        count = detected_result["grouped_detection_results"][label]["count"]
        total_count[label] = count
    
    total_tennis_rackets = sum(total_count.values())
    return total_tennis_rackets

final_result = count_tennis_rackets(full_image)
print(f"The number of tennis racket carriers is: {final_result}")

test_image = "/home/stud/wxie/BLINK_Dataset/Counting/val/images/val_Counting_92_image_1.jpg"
ground_dino = Object_Detector_Tool()
ground_dino.desired_output_path = "/home/stud/wxie/BLINK_Dataset/Counting/val/images/val_Counting_92_tennis_rackets"
ground_dino.execute(image=test_image, labels=["tennis racket"], save_object=False)

[EXECUTION EXCEPTION]
module 'object_detector' has no attribute 'detect_objects'
code:def detect_objects(image_path, labels, threshold=0.45, model_size="tiny", save_object=True, saved_image_path="detected_objects"):
    # Initialize the object_detector
    import object_detector

    # Load object classes
    labels_to_classes = {
        "baseball": False,
        "basket": False
    }

    # Detect objects based on the image
    results = object_detector.detect_objects(image=image_path, labels=labels, threshold=threshold, model_size=model_size, save_object=save_object, saved_image_path=saved_image_path, labels_class=labels_to_classes)

    # Count the objects
    total_count = {
        "baseball": 0,
        "basket": 0
    }

    # Print the total count of detected objects
    for label, counts in totals.items():
        print(f"{label}: {counts}")

    final_result = {
        "detected_objects": results
    }

    return final_result

# Set the image path, labels, threshold, model size, save object parameter for demonstration
image_path = "/home/stud/wxie/BLINK_Dataset/Counting/val/images/val_Counting_92_image_1.jpg"
labels = ["baseball", "basket"]
threshold = 0.6
model_size = "tiny"
save_object = True

result = detect_objects(image_path, labels, threshold, model_size, save_object)
print(result)
