
[Exctuion Failed]

Object_Detector_Tool.execute() got an unexpected keyword argument 'imagePath'
code: 

from object_detector import Object_Detector_Tool

final_result = Object_Detector_Tool.execute(imagePath="path/to/image.png", labels=["door"], threshold=0.35, save_object=True, saved_image_path="detected_objects")
print(final_result)


============================== END ==============================


[Exctuion Failed]

Object_Detector_Tool.execute() missing 1 required positional argument: 'self'
code: 

from object_detector import Object_Detector_Tool

# Execute object detection with labels and save path
final_result = Object_Detector_Tool.execute(
    image="path/to/image.png",
    labels=["baseball", "basket"],
    save_object=True,
    saved_image_path="detected_objects"
)
print(final_result)


============================== END ==============================


[Exctuion Failed]

name 'Image' is not defined
code: 

def answer_question_image(path_to_image):
    image = Image.open(path_to_image)
    result = []
    detected_objects_and_object_numbers = {
        'baseball': [],
        'basket': []
    }
    letter_results = {
        'baseball': [],
        'basket': []
    }

    letter_results = letter_detector.execute(image=image)
    detected_objects, object_number = object_detector.execute(image=image, labels=['baseball', 'basket'], save_object=True, saved_image_path='detected_objects')
    result = detected_objects + letter_results
    final_result = {
        **detected_objects_and_object_number,
        **object_number,
        **letter_results
    }
    return final_result

final_result = answer_question_image('path_to_image.png')
print(final_result)


============================== END ==============================


[Exctuion Failed]

invalid syntax (<string>, line 8)
code: 

python3
import object_detector
import text_detector
import letter_detector
import pixel_depth_tool

if not (len(open("/sys/xxx/path/to/image.png", "r").read()):
    letter_detector.execute(image='path/to/image.png')
    print(letter_detector.execute(image='path/to/image.png'))
    letter_detector.execute(image='path/to/video.mp4')


============================== END ==============================


[Exctuion Failed]

No module named 'pixel_depth_estimator'
code: 

from object_detector import Object_Detector_Tool
from text_detector import Text_Detector_Tool
from letter_detector import Letter_Detector_Tool
from pixel_depth_estimator import Pixel_Depth_Tool

final_result = {
    'door_count': len([door for door in open_path[2][1][1] for open_path in result if 'open' in open_path]),
    'letters': result
}

final_result


============================== END ==============================


[Exctuion Failed]

cannot import name 'Text_Detector_Tool' from 'object_detector' (/home/wiss/liao/miniconda3/envs/thinker/lib/python3.11/site-packages/object_detector/__init__.py)
code: 

from object_detector import Object_Detector_Tool, Text_Detector_Tool

# Set the image path and labels
image_path = 'path/to/image.png'
labels = ['baseball', 'basket']

# Execute the object detector
detected_objects = Object_Detector_Tool.execute(image=image_path, labels=labels)

# Execute the text detector
results = Text_Detector_Tool.execute(image=image_path, languages=['en'])

object_count = len(detected_objects) + len(results)
final_result = f"The image contains {object_count} objects. "
for label, objects in detected_objects.items():
    final_result += f"{label}: "
    for _ in range(len(objects)):
        box = objects[_]['box']
        score = objects[_]['score']
        box_str = f"({box['x1'], box['y1']}, {box['x2'], box['y2']}), score: {score}"
        final_result += box_str
    final_result += "\n"
if results:
    final_result += "Found text:\n"
    for result in results:
        bbox = result['bbox']
        letter = result['text']
        confidence = result['score']
        box_str = f"({bbox['x1'], bbox['y1']}, {bbox['x2'], bbox['y2']}), letter: {letter}"
        final_result += box_str
else:
    final_result += "No found text."

print(final_result)


============================== END ==============================

