
[Exctuion Failed]

unexpected indent (<string>, line 2)
code: 

    from tool_class_name import *
    
    image_path = "/nfs/data8/liao/wxie/SAT/SAT_images_train/789_0.png"
    languages = ["en", "de"]
    detail = 1
    
    text_detection_result = text_detector_tool.execute(image=image_path, languages=languages, detail=detail)
    
    final_result = []
    for detected_text_block in text_detection_result:
        if "baseball" in detected_text_block[0][0][0]:
            final_result.append({"label": "baseball", "score": detected_text_block[2]})
            
    print(f"Total baseball detected: {len(final_result)}")
    
    if len(final_result):
        print("Detected baseball:")
        for det in final_result:
            print(f"  - Name: {det['label']}, Score: {det['score']}")
    else:
        print("No baseball detected.")


============================== END ==============================


[Exctuion Failed]

list index out of range
code: 

from object_detector import Object_Detector_Tool

final_result = Object_Detector_Tool().execute(
    image="/nfs/data8/liao/wxie/SAT/SAT_images_train/789_0.png",
    labels=["baseball", "basket"],
    save_object=True,
    saved_image_path="detected_objects"
)

if not final_result[0].get("baseball", []) or not final_result[0].get("basket", []):
    print("No objects detected in the image.")
else:
    print("\nDetected Objects:")
    for label in final_result[0]:
        if label["score"] > 0.90:
            print(f"{label.get('box')} [{label.get('score', 0.0)}] {label.get('score', 0.0)}")
    print("Object Count:")
    print(final_result[1])



============================== END ==============================


[Exctuion Failed]

not enough values to unpack (expected 2, got 0)
code: 

from object_detector import Object_Detector_Tool

# Execute the tool with sample inputs
detected_objects, object_number = Object_Detector_Tool().execute(image="path_to_image", labels=["baseball", "basket"], save_object=True, saved_image_path="detected_objects")

final_result = {
    "detected_objects" : {
        "baseball": detected_objects["baseball"],
        "basket": detected_objects["basket"],
        "object_number" : object_number
    }, 
    # Other objects can be detected as well with similar commands
}


============================== END ==============================


[Exctuion Failed]

Object_Detector_Tool.execute() missing 1 required positional argument: 'labels'
code: 

from object_detector import Object_Detector_Tool
final_result = Object_Detector_Tool().execute(image='path_to_image', save_object=True).execute(image='path_to_save_image', language='en',  languages=['fr', 'ja'], detail=1)


============================== END ==============================


[Exctuion Failed]

Object_Detector_Tool.execute() got an unexpected keyword argument 'languages'
code: 

from object_detector import Object_Detector_Tool

# Instantiate the Object_Detector_Tool
object_detector = Object_Detector_Tool()

# Set the input values
input_image = "/nfs/data8/liao/wxie/SAT/SAT_images_train/789_0.png"
languages = ["en", "de"]
tries = 3

# Execute the text detector tool
detected_objects, object_number = object_detector.execute(image=input_image, languages=languages, tries=tries)

final_result = {
    "Detected objects": detected_objects,
    "Objects with text found": object_number
}


============================== END ==============================

