
[EXECUTION EXCEPTION]
Object_Detector_Tool.__init__() got an unexpected keyword argument 'image'
code:from object_detector import Object_Detector_Tool

# Read the image
with open('/home/stud/wxie/BLINK_Dataset/Counting/val/images/val_Counting_94_image_1.jpg', 'rb') as infile:
    image_data = infile.read()

# Define object labels to detect
labels = ['motorcycle']

# Set the threshold for detection
threshold = 0.45

# Set the size of the model to use
model_size = 'tiny'

# Prepare output type dictionaries
detected_objects = []
object_count = {}

# Call the tool
detector = Object_Detector_Tool(image=image_data, labels=labels, model_size=model_size)
detected_objects, object_count = detector.execute()

# Extract detected objects
motorcycle_count = object_count['motorcycle']
print(motorcycle_count)

[EXECUTION EXCEPTION]
invalid syntax (<string>, line 8)
code:import_module: 'object_detector'
import_name: 'Object_Detector_Tool'
object_detection_result = Object_Detector_Tool.execute(image="/home/stud/wxie/BLINK_Dataset/Counting/val/images/val_Calculated_Threshold_0.45_min_max_0.51_tiny.png", labels=["baseball", "basket"], save_object=True, saved_image_path="detected_objects")
detected_objects, object_count_dict = object_detection_result
detected_objects
detected_objects
detected_objects['boxes'], detected_objects['confidence_scores'], detected_objects['saved_image_paths']
<command>
detected_objects['boxes']
detected_objects['confidence_scores']
detected_objects['saved_image_paths']
<command>
detected_objects['boxes'].keys()
detected_objects["baseball"].keys()
detected_objects["basket"].keys()
detected_objects['confidence_scores']['baseball'].keys()
detected_objects['confidence_scores']['basket'].keys()
detected_objects['confidence_scores']['baseball']['boxes'].keys()
detected_objects['confidence_scores']['basket']['boxes'].keys()
<command>
for label in detected_objects['boxes']:
    image_path = detected_objects['saved_image_paths'][label]
    print(f"{label}: {len(detected_objects['boxes'][label])}")

[EXECUTION EXCEPTION]
not enough values to unpack (expected 2, got 0)
code:from object_detector import Object_Detector_Tool

# Step 1: Define labels to detect
labels = ["baseball", "basket"]

# Step 2: Determine the image path and create an object_detector instance.
path_to_image = "/home/stud/wxie/BLINK_Dataset/Counting/val/images/val_Counting_94_image_1.jpg"
detector = Object_Detector_Tool()

# Step 3: Detect objects in the image.
# The labels argument specifies which objects to detect.
detected_objects, object_number = detector.execute(image=path_to_image, labels=labels)

print(detected_objects)
final_result = {labels[i]: detected_objects[i][0][0] for i in detected_objects}
print(object_number)

[EXECUTION EXCEPTION]
not enough values to unpack (expected 2, got 0)
code:from object_detector import Object_Detector_Tool

# Read the image path from the question
image_path = '/home/stud/wxie/BLINK_Dataset/Counting/val/images/val_Counting_94_image_1.jpg'

# Initialize the object detector tool
object_detector_tool = Object_Detector_Tool()

# Execute the object detection tool
detected_objects, object_number = object_detector_tool.execute(image=image_path, labels=["baseball", "basket"], save_object=True)

# Extract the count of objects 'basket'
basket_count = object_number['basket']['count']

[EXECUTION EXCEPTION]
Object_Detector_Tool.execute() got an unexpected keyword argument 'image_path'
code:from object_detector import Object_Detector_Tool

def detect_objects(image_path):
    detected_objects, labels = Object_Detector_Tool.execute(image_path=image_path, labels=["baseball", "basket"], threshold=0.45, save_object=True)
    return {"detected_objects": detected_objects, "labels": labels}

image_path = "/home/stud/wxie/BLINK_Dataset/Counting/val/images/val_Counting_94_image_1.jpg"
final_result = detect_objects(image_path)
print(final_result)
