
[QAid]4173_0

[Code does not include Tools Usage]
code: 
final_result = "1"

============================== END ==============================


[QAid]4173_0

[Code does not include Tools Usage]
code: 
final_result = "1\n"

============================== END ==============================


[QAid]4173_0

[Code does not include Tools Usage]
code: 
final_result = "1"

============================== END ==============================


[QAid]4173_0

[Code does not include Tools Usage]
code: 
final_result = "1"

============================== END ==============================


[QAid]4173_0

[Code does not include Tools Usage]
code: 
final_result = "1"

============================== END ==============================


[QAid]4173_0

[Code does not include Tools Usage]
code: 
final_result = "1"

============================== END ==============================

