
[EXECUTION EXCEPTION]
unterminated triple-quoted string literal (detected at line 67) (<string>, line 67)
code:from object_detector import Object_Detector_Tool

# Step 1: Define the question
question = """
How many pieces of chicken nuggets are there?

(A) 5
(B) 6
(C) 3
(D) 4.
"""

# Step 2: Generate the Python code
code = """
# Import object_detector module
from object_detector import Object_Detector_Tool

# Function to detect chicken nugget pieces
def detect_chicken_gratin(nuggets_image_path):
    # Load the image using the object_detector tool
    detected_objects, object_number = Object_Detector_Tool.execute(image=nuggets_image_path, labels=["chicken_gratin", "basket"], save_object=True, saved_image_path="detected_objects")

    # Extract the bounding box coordinates for chicken nugget pieces
    chicken_gratin_bounding_boxes = [detected_objects[label]["boxes"] for label in ["chicken_gratin"] if label in detected_objects and label.startswith("chicken_gratin")]

    # Extract the confidence scores for chicken nugget pieces
    chicken_gratin_confidences = [detected_objects[label]["confidence_scores"][0] for label in ["chicken_gratin"] if label in detected_objects and label.startswith("chicken_gratin")]

    # Calculate the total weight for chicken nugget pieces
    total_weight = sum(chicken_gratin_confidences)

    # Return the total weight
    return total_weight

# Define the path to the nuggets image
nuggets_image_path = "/home/stud/wxie/BLINK_Dataset/Counting/val/images/val_Counting_55_image_1.jpg"

# Calculate the total weight for chicken nugget pieces
total_weight = detect_chicken_gratin(nuggets_image_path)

# Print the result
final_result = total_weight
final_result
"""

# Step 3: Execute the Python code
# Execute the code to find the answers
detected_objects, _ = Object_Detector_Tool.execute(image="/home/stud/wxie/BLINK_Dataset/Counting/val/images/val_Counting_55_image_1.jpg")
object_number = detected_objects

# Calculate the total weight for chicken nugget pieces
total_weight = detected_objects["chicken_gratin"]["boxes"][-1]["x"] - detected_objects["chicken_gratin"]["boxes"][0]["x"]

# Print the result
final_result = total_weight

# Print the question
print(f"Question: {question}\nAnswer: {final_result}")
"""

# Display the results
detected_objects
"""

# Display the final result
final_result
"""

[None RESULT]


[EXECUTION EXCEPTION]
Object_Detector_Tool.__init__() got an unexpected keyword argument 'save_object'
code:from object_detector import Object_Detector_Tool

# Assuming the image file is located as 'val_Counting_55_image_1.jpg'
input_path = 'val_Counting_55_image_1.jpg'
labels = ['Chicken_Nugget']
threshold = 0.45
model_size = 'tiny'

# Initiate the object detector tool
detector_tool = Object_Detector_Tool(input_path, labels, threshold, model_size, save_object=True)

# Predict objects
detected_objects, label_counts = detector_tool.execute()

# Access the detected objects count
num_chicken_nuggets = label_counts['Chicken_Nugget'].get('boxes')[0]['bbox'][0][1]

# Print the number of chicken nuggets
print('Number of Chicken Nuggets:', det_dict['Chicken_Nugget'])

[None RESULT]


[EXECUTION EXCEPTION]
No module named 'Object_Detector_Tool'
code:from Object_Detector_Tool import Object_Detector_Tool

[EXECUTION EXCEPTION]
invalid syntax (<string>, line 13)
code:from object_detector import Object_Detector_Tool

# Load and detect objects in the image
categories = ["chicken nuggets"]
category_names = ["chicken nuggets"]
object_detector = Object_Detector_Tool(categories=categories, object_names=category_names)

# Get the results
results = object_detector.execute(image_path="/home/stud/wxie/BLINK_Dataset/Counting/val/images/val_Counting_55_image_1.jpg")

# Count the chicken nuggets
final_result = {"count": results["object_number"][1].get("count", 0)}
```

Based on the image provided, the chicken nuggets are one of the detected objects. I will count this object in the detected_objects dictionary.

[EXECUTION EXCEPTION]
No module named 'image'
code:from object_detector import Object_Detector_Tool

# Load the image
import image


# Prepare the labels to be detected
labels = ["chicken nugget", "potted potato"]

# Set the confidence threshold
confidence_threshold = 0.45

# Set the model size to 'tiny'
model_size = "tiny"

# Set whether to save the detected objects as images
save_object = False

# Execute the object detection tool
final_result = Object_Detector_Tool.execute(image=image, labels=labels, confidence_threshold=confidence_threshold, model_size=model_size, save_object=save_object)

# Access the dictionary groups from the tool results
label_groups = final_result["output_types"][0]

# Access the dictionary with counts
object_counts = final_result["output_types"][1]

# Define a variable to store the number of pieces of chicken nuggets
chicken_nugget_counts = {}

# Loop through the object categories and count the chicken nugget
for label, detail in object_counts["objects"].items():
    if label.startswith("chicken nugget"):
        # Count the chicken nuggets
        chicken_nugget_counts = detail["count"]
        break

# The total number of chicken nuggets is the sum of all items in the dictionary
total_chicken_nugget = sum(chicken_nugget_counts.values())

# Print the total number of chicken nuggets
final_result = total_chicken_nugget

[EXECUTION EXCEPTION]
Object_Detector_Tool.execute() missing 1 required positional argument: 'self'
code:from object_detector import Object_Detector_Tool

# Image path
image_path = "/home/stud/wxie/BLINK_Dataset/Counting/val/images/val_Counting_55_image_1.jpg"

# Load the detected objects
detected_objects = Object_Detector_Tool.execute(image=image_path, labels=["chicken_nugget"], save_object=True, saved_image_path="detected_objects")

# Count the chicken nuggets
count = detected_objects["object_number"]["chicken_nugget"]

final_result = {"chicken_nugget_count": count}
