--- Completion 1 ---
<command>
from Object_Detector_Tool import Object_Detector_Tool

object_detector_tool = Object_Detector_Tool()

detected_objects = object_detector_tool.execute(image='/nfs/data8/liao/wxie/SAT/SAT_images_train/4449_0.png', labels=['chair', 'table'], save_object=True, saved_image_path='detected_objects')

final_result = {}

for i in range(len(detected_objects)):
    object_name = detected_objects[i]['labels'][0] if detected_objects[i]['labels'] else 'Detected Object'
    total_objects = detected_objects[i]['object_number'][object_name]
    if total_objects != 0:
        # Determine specific detail level based on language selection
        language_selection = 'en' if 'language' in detected_objects[i] else 'ch_sim'  # Example translation and language selection
        language_code = detected_objects[i].get('language', 'en')
        
        language = None
        if language_code in ['ja', 'jp']:
            language = 'ja'
        if language_code in ['zh', 'ko']:
            language = 'zh'
        if language_code in ['es', 'mx', 'mx']:
            language = 'en'
        
        language_details = detected_objects[i].get('language', language_code) if language_code in detected_objects[i] else {}
        
        if total_objects != 0:
            total_text = len([v for k, v in language_details.items() if k.endswith('chars') and k.startswith('word') or k.startswith('phrase')])
            text_blocks = [[[(x1, y1, x2, y2), word, score] for k, v in language_details.items() if k.endswith('chars') and k.startswith('word') or k.startswith('phrase')] for k, v in language_details.items()]
            final_result[object_name] = [(detected_objects[i]['boxes'][i], detected_objects[i]['labels'][i], detected_objects[i]['scores'][i]), total_text, text_blocks]
    else:
        final_result[object_name] = [[detected_objects[i]['boxes'][i], detected_objects[i]['labels'][i], detected_objects[i]['scores'][i]], 0, []]

final_result['chair'] = final_result['chair'] + [(detected_objects[i]['boxes'][i], detected_objects[i]['labels'][i], detected_objects[i]['scores'][i])]
final_result['table'] = final_result['table
Reward: 0.0

--- Completion 2 ---
<command>
from Object_Detector_Tool import Object_Detector_Tool, object_refine_tool, object_number_class_refine_tool

def count_tables(image_path):
    object_detector = Object_Detector_Tool()

    detected_objects = object_detector.execute(image=image_path, labels=['餐桌'], save_object=False)
    total_tables = detected_objects[0]["total_objects"]
    for obj_id, obj_details in Detected_objects.items():
        table_details = obj_details[0].get('box', [0, 0, 0, 0])
        
        if table_details[0] and table_details[1]:
            total_tables += 1

    return total_tables

command = """
final_result = count_tables(image_path="/nfs/data8/liao/wxie/SAT/SAT_images_train/4449_0.png")
print("Total tables found:", final_result)
if total_tables > 0:
    print("Found {} tables.".format(total_tables))
else:
    print("No tables found.")
"""
</command>
Reward: 1.0

--- Completion 3 ---
<command>
from Object_Detector_Tool import Object_Detector_Tool

final_result = Object_Detector_Tool().execute(image="/nfs/data8/liao/wxie/SAT/SAT_images_train/4449_0.png", labels=["DiningTable"])

print(f"Number of dining tables: {len(final_result[0])}")
</command>
Reward: 1.0

--- Completion 4 ---
<command>
from object_detector import Object_Detector_Tool

final_result = Object_Detector_Tool().execute(image="/nfs/data8/liao/wxie/SAT/SAT_images_train/4449_0.png", labels=['desk'], threshold=0.35, model_size='tiny', save_object=True, saved_image_path='detected_objects')
print(final_result)
</command>
Reward: 1.0

--- Completion 5 ---
<command>
from Object_Detector_Tool import Object_Detector_Tool

# Paths of the image and labels for detection
image_path = "/nfs/data8/liao/wxie/SAT/SAT_images_train/4449_0.png"
labels_data = [ ["baseball", "basket"], ["basket", "basketball"], ["hand", "bears"], ["basketballs", "baseball"], ["baseball"] ]

# Set confidence threshold and model size
threshold = 0.35
model_size = "tiny"

# Execute the tool
tool_result = Object_Detector_Tool.execute(image_path=image_path, labels=labels_data, threshold=threshold, model_size=model_size, save_object=True, saved_image_path="/detected_objects/")

final_result = tool_result["object_number"]
</command>
Reward: 1.0

--- Completion 6 ---
<command>
from object_detector_tool import Object_Detector_Tool

final_result = Object_Detector_Tool().execute()
print(final_result)
</command>
Reward: 1.0

