
[EXECUTION EXCEPTION]
Object_Detector_Tool.execute() missing 1 required positional argument: 'self'
code:from object_detector import Object_Detector_Tool

detected_objects, object_number = Object_Detector_Tool.execute(image="path/to/image.png", labels=["baseball"], save_object=True, saved_image_path="detected_objects")
final_result = object_number['baseball']

[EXECUTION EXCEPTION]
No module named 'image_object_detector'
code:from image_object_detector import Object_Detector_Tool

# Read the input image path
input_image_path = '/home/stud/wxie/BLINK_Dataset/Counting/val/images/val_Counting_38_image_1.jpg'

# Create an instance of the Object_Detector_Tool class
detector = Object_Detector_Tool()

# Execute the detection algorithm
result = detector.execute(
    label_list=["base", "dog", "baby"],
    image_path=input_image_path,
    save_object=True,
    saved_image_path="detected_objects"
)

# Extract the object count for the 'base' label
base_label_count = result[0]["object_number"]["base"]

# Print the result
print(f"The image contains a total of {base_label_count} blue collars.")

[EXECUTION EXCEPTION]
name 'object_detector' is not defined
code:from_object_detector = object_detector.Object_Detector_Tool()

[EXECUTION EXCEPTION]
Object_Detector_Tool.execute() missing 1 required positional argument: 'self'
code:from object_detector import Object_Detector_Tool

# Path of image
image_path = "/home/stud/wxie/BLINK_Dataset/Counting/val/images/val_Counting_38_image_1.jpg"

# Call the object detector tool and get results
detected_objects, object_number = Object_Detector_Tool.execute(image=image_path, labels=["brown_dog"], save_object=True, saved_image_path="detected_objects")

# Count the number of brown dogs
num_blue_collars = len(detected_objects['detected_objects'][0]['boxes'][0]["colors"]["label"])

final_result = {
    "num_blue_collars": num_blue_collars
}

[EXECUTION EXCEPTION]
Object_Detector_Tool.__init__() got an unexpected keyword argument 'image'
code:from object_detector import Object_Detector_Tool

final_result = []
image_path = "/home/stud/wxie/BLINK_Dataset/Counting/val/images/val_Counting_38_image_1.jpg"  # Replace with actual image path
labels = ["brown_dog"]
threshold = 0.5  # Use 0.6 for example
model_size = "tiny"  # Use "large" for example

obj_detector_tool = Object_Detector_Tool(image=image_path, labels=labels, threshold=threshold, model_size=model_size)
obj_detector_tool.execute(labels=labels)

boxes = obj_detector_tool.output_results['boxes']
confidence_scores = obj_detector_tool.output_results['confidence_scores']

for label, box in zip(obj_detector_tool.output_results['objects'], box_list):
  object_number = obj_detector_tool.output_results['objects'][label].count(box)
  final_result.append({'label': label, 'count': object_number})

final_result
