
[EXECUTION EXCEPTION]
invalid syntax. Perhaps you forgot a comma? (<string>, line 4)
code: 
result = Text_Detector_Tool.execute(image='path/to/image.png', languages=['en', 'de'])
detected_text = [t[0] for t in result]
letters = [letter for word in detected_text for letter in word]
detected_counts = {detected_text[i]_lower:i for i,x in enumerate(detected_text)}
final_result = tuple([False]) + detected_counts.values() + [len(detected_counts)]

============================== END ==============================

[EXECUTION EXCEPTION]
invalid syntax (<string>, line 10)
code: 
import_tool_object_detector_tool = Object_Detector_Tool()
final_result = object_detector_tool.execute(image="/home/stud/wxie/BLINK_Dataset/Counting/val/images/val_Counting_80_image_1.jpg", labels=["skis"], languages=['en'], threshold=0.35, model_size="tiny", saved_object=True)

if final_result:
  detected_objects = final_result['detected_objects']
  object_number = final_result['object_number']

  if object_number == 1:
    empty_blue_seat = True
  elif empty_blue_ Seat in 0:
    empty_blue_ Seat = False
else:
  empty_blue_ seat = False

============================== END ==============================

[EXECUTION EXCEPTION]
name 'A' is not defined
code: 
{(A, B, C, D, E, 0)}

============================== END ==============================

[Successful Execution but Get None RESULT]


============================== END ==============================
