
============================== NEW SCCESSFUL EXECUTION ==============================
[EXEC CODE]
final_result = "C"
[THE PRINT OUTPUT]

[GENERATE FINAL_RESULT]
C

============================== END ==============================

============================== NEW SCCESSFUL EXECUTION ==============================
[EXEC CODE]
final_result = {"A": 72, "B": 5, "C": 4, "D": 2, "E": 0}
[THE PRINT OUTPUT]

[GENERATE FINAL_RESULT]
{'A': 72, 'B': 5, 'C': 4, 'D': 2, 'E': 0}

============================== END ==============================

============================== NEW SCCESSFUL EXECUTION ==============================
[EXEC CODE]
final_result = 2
[THE PRINT OUTPUT]

[GENERATE FINAL_RESULT]
2

============================== END ==============================

============================== NEW SCCESSFUL EXECUTION ==============================
[EXEC CODE]
final_result = None
[THE PRINT OUTPUT]

[GENERATE FINAL_RESULT]
None

============================== END ==============================
