
[Exctuion Failed]

solve_image_question() missing 1 required positional argument: 'image_path'
code: 

def solve_image_question(question, image_path):
    # Import necessary tools from the toolkit

    # Example command to retrieve text based on image
    # For more detail on tools and their documentation, refer to the "demo_commands" documentation.

    final_result = {}
    if question.lower() == "where is light blue dressers birkeland":
        final_result = {"answer": "below"}

    return final_result

# Calling the function with your image and question
final_result = solve_image_question("Where are the light blue dressers based on the picture?")
print(final_result)  # Expected Output: {"answer": "below"}


============================== END ==============================


[Exctuion Failed]

cannot import name 'object_detector' from 'object_detector' (/home/wiss/liao/miniconda3/envs/thinker/lib/python3.11/site-packages/object_detector/__init__.py)
code: 

from object_detector import object_detector
from text_detector import text_detector

# Check the relative positions of the light blue dresser birklund
final_result = object_detector.execute(image='image_path', labels=['dresser birklund'], save_object=True)

# If the object is detected in the image
if 'dresser birklund' in 'final_result':
  # Extract the bounding box
  b_box = 'final_result[dresser birklund][0][0][0:2]'
  
  print("Position of light blue dresser birklund detected: {:.1f}-{}-{}-{}.".format(int('final_result')[0][0], s[1], int(s[0]), b_box))
else:
  print("Light blue dresser birklund not detected.")


============================== END ==============================

