
[QAid]9649_0

[Code does not include Tools Usage]
code: 
final_result = "3"

============================== END ==============================


[QAid]9649_0

[Code does not include Tools Usage]
code: 
final_result = "3"  # 1 chair in the scene

============================== END ==============================


[QAid]9649_0

[Code does not include Tools Usage]
code: 
final_result = "3"
============================== END ==============================


[QAid]9649_0

[Code does not include Tools Usage]
code: 
final_result = '3'  # 3 chairs are visible in the scene
============================== END ==============================


[QAid]9649_0

[Code does not include Tools Usage]
code: 
final_result = "3"

============================== END ==============================


[QAid]9649_0

[Code does not include Tools Usage]
code: 
final_result = "3"

============================== END ==============================

