
============================== NEW SCCESSFUL EXECUTION ==============================
[EXEC CODE]
def count_people_in_image(image_path):
    from object_detector import Object_Detector_Tool

    try:
        # Load the input image
        detector_tool = Object_Detector_Tool()
        image = detector_tool.execute(image=image_path, labels=["baseball", "basket"], save_object=True)

        # Extract the number of people standing
        standing_people = sum(image['object_number']['baseball'] == 1 and image['object_number']['basket'] == 1)

        return standing_people
    except Exception as e:
        print(f"Error: {e}")
        return 0

# Check with a fabricated dataset
fabricated_image_path = "/home/stud/wxie/BLINK_Dataset/Counting/val/images/val_Counting_49_image_1.jpg"
print(f"Number of people standing: {count_people_in_image(fabricated_image_path)}")
[THE PRINT OUTPUT]
Error building the Object Detection tool: Cannot re-initialize CUDA in forked subprocess. To use CUDA with multiprocessing, you must use the 'spawn' start method
Error detecting objects: Failed to build the Object Detection tool.
Failed to detect objects after 10 attempts.
Error: list indices must be integers or slices, not str
Number of people standing: 0

[GENERATE FINAL_RESULT]
None
