--- Completion 1 ---
final_result
Reward: 0.0

--- Completion 2 ---
No Televisions are visible in the scene as per the scene description.
Reward: 0.0

--- Completion 3 ---
final_result:
Reward: 0.0

--- Completion 4 ---
final_result = "0"
Reward: 0.0

--- Completion 5 ---
```python
from object_detector_tool import Object_Detector_Tool

# Define the command to run the object detector tool with the input data
command = """object_detector_tool = Object_Detector_Tool()
detected_objects, object_number = object_detector_tool.execute(image='path/to/image', labels=['baseball', 'basket'], save_object=True, saved_image_path='detected_objects')

detected_objects
object_number: {'baseball': 1, 'basket': 2}
"""
final_result = command
```
Reward: 0.0

--- Completion 6 ---
final_result = ''
# Define command for the object_detector
command = """
object_detector_tool = Object_Detector_Tool()
detected_objects, object_number = object_detector_tool.execute(image="path/to/image", labels=["baseball", "basket"], save_object=True, saved_image_path="detected_objects")
"""
if detected_objects:
    # Extract the count of detected objects
    if "baseball" in detected_objects and "basket" in detected_objects:
        object_number = len(detected_objects["baseball"]) + len(detected_objects["basket"])
        final_result = f"detected_objects : {detected_objects}\nobject_number : {object_number}\n"
if not detected_objects:
    final_result = "No objects detected in the image."

# Additional checks for English and German language codes
languages = ["en", "de"]
result = text_detector_tool.execute(image="path/to/image", languages=languages, detail=0)
if result:
    for text in result:
        if text["detected_text"]:
            final_result += f"Detected text found for text: {text['detected_text']}, confidence score: {text['score']}, detected box: [x1, y1, x2, y2], detected block: {text['bbox']}\n"

final_result
```
Reward: 0.0

