
============================== New Completed Execution ==============================
[EXEC CODE]
final_result = "2"
[THE PRINT OUTPUT]

[GENERATE VALID FINAL_RESULT]
2

============================== END ==============================


============================== New Completed Execution ==============================
[EXEC CODE]
final_result = "2"
[THE PRINT OUTPUT]

[GENERATE VALID FINAL_RESULT]
2

============================== END ==============================


============================== New Completed Execution ==============================
[EXEC CODE]
final_result = "2"
[THE PRINT OUTPUT]

[GENERATE VALID FINAL_RESULT]
2

============================== END ==============================


============================== New Completed Execution ==============================
[EXEC CODE]

final_result = "3"
print(final_result)

[THE PRINT OUTPUT]
3

[GENERATE VALID FINAL_RESULT]
3

============================== END ==============================


============================== New Completed Execution ==============================
[EXEC CODE]

final_result = '2'

[THE PRINT OUTPUT]

[GENERATE VALID FINAL_RESULT]
2

============================== END ==============================


============================== New Completed Execution ==============================
[EXEC CODE]

from object_detector import Object_Detector_Tool

final_result = "2"

print(final_result)

[THE PRINT OUTPUT]
2

[GENERATE VALID FINAL_RESULT]
2

============================== END ==============================


============================== New Completed Execution ==============================
[EXEC CODE]

final_result = "0"

[THE PRINT OUTPUT]

[GENERATE VALID FINAL_RESULT]
0

============================== END ==============================


============================== New Completed Execution ==============================
[EXEC CODE]
final_result = "2"
[THE PRINT OUTPUT]

[GENERATE VALID FINAL_RESULT]
2

============================== END ==============================

