
[QAid]1193_0

[Code does not include Tools Usage]
code: 
final_result = "1"

============================== END ==============================


[QAid]1193_0

[Code does not include Tools Usage]
code: 
final_result = "1"

============================== END ==============================


[QAid]1193_0

[Code does not include Tools Usage]
code: 
final_result = "1"

============================== END ==============================


[QAid]1193_0

[Code does not include Tools Usage]
code: 
final_result = "The scene contains 1 DiningTable, as indicated by the single DiningTable object detected and saved in the scene (based on the image path)."

============================== END ==============================


[QAid]1193_0

[Code does not include Tools Usage]
code: 
final_result = "1"

============================== END ==============================


[QAid]1193_0

[Code does not include Tools Usage]
code: 
final_result = "1"

============================== END ==============================

