
[QAid]62_0

[Code Includes Tools Usage]
code: 

from object_detector import Object_Detector_Tool

final_result = Object_Detector_Tool.execute(image='path/to/image.jpg', labels=['baseball', 'basket'], save_object=True, saved_image_path='detected_objects')
print("Detected objects and their count:", final_result)

============================== END ==============================


[QAid]62_0

[Code Includes Tools Usage]
code: 

from object_detector import Object_Detector_Tool

final_result = Object_Detector_Tool.execute(image='path/to_image_image.png', labels=['basketball', 'baseball'], save_object=True, saved_image_path='detected_objects')
print(final_result)

============================== END ==============================


[QAid]62_0

[Code Includes Tools Usage]
code: 

from object_detector import Object_Detector_Tool

final_result = Object_Detector_Tool.execute(image="path/to/image.png", labels=["baseball", "basket"], save_object=True, saved_image_path="detected_objects")
print(final_result)

============================== END ==============================


[QAid]62_0

[Code Includes Tools Usage]
code: 

from object_detector import Object_Detector_Tool

final_result = Object_Detector_Tool.execute(image='path/to/image.png', labels=['apple'], save_object=False)

print(final_result)

============================== END ==============================


[QAid]62_0

[Code Includes Tools Usage]
code: 

from object_detector import Object_Detector_Tool

final_result = Object_Detector_Tool.execute(
  image="path/to/image.png",
  labels=["baseball", "basket"],
  save_object=True,
  saved_image_path="detected_objects"
)

print(final_result)

============================== END ==============================


[QAid]62_0

[Code Includes Tools Usage]
code: 

from object_detector import Object_Detector_Tool

final_result = Object_Detector_Tool.execute(image='path/to_image.png', labels=['baseball', 'basket'], save_object=True, saved_image_path='detected_objects')

print(final_result)

============================== END ==============================

