
[Exctuion Failed]

No module named 'pixel_depth_estimator'
code: 
# Importing required modules
from object_detector import Object_Detector_Tool
from text_detector import Text_Detector_Tool
from letter_detector import Letter_Detector_Tool
from pixel_depth_estimator import Pixel_Depth_Tool

# Assigning variable for final result
final_result = ""

# Detecting countertop and chairs
countertop = Object_Detector_Tool.execute(image='image_path.png', labels=['countertop'])
chairs = Object_Detector_Tool.execute(image='image_path.png', labels=['chair'])

# Checking if countertop is above or below chair
if countertops['countertop'][0][0] > chairs['chair'][0][0]:
    final_result = "above"
else:
    final_result = "below"

# Printing final result
print(final_result)

============================== END ==============================

