
============================== New Completed Execution ==============================
[EXEC CODE]

final_result = "black wooden spindleback chair (highlighted by a red box)"

[THE PRINT OUTPUT]

[GENERATE VALID FINAL_RESULT]
black wooden spindleback chair (highlighted by a red box)

============================== END ==============================


============================== New Completed Execution ==============================
[EXEC CODE]

final_result = "black wooden spindleback chair (highlighted by a red box)"

[THE PRINT OUTPUT]

[GENERATE VALID FINAL_RESULT]
black wooden spindleback chair (highlighted by a red box)

============================== END ==============================


============================== New Completed Execution ==============================
[EXEC CODE]

final_result = 'black wooden spindleback chair (highlighted by a blue box)'

[THE PRINT OUTPUT]

[GENERATE VALID FINAL_RESULT]
black wooden spindleback chair (highlighted by a blue box)

============================== END ==============================


============================== New Completed Execution ==============================
[EXEC CODE]

final_result = "black wooden spindleback chair (highlighted by a red box)"

[THE PRINT OUTPUT]

[GENERATE VALID FINAL_RESULT]
black wooden spindleback chair (highlighted by a red box)

============================== END ==============================


============================== New Completed Execution ==============================
[EXEC CODE]

final_result = "black wooden spindleback chair (highlighted by a blue box)"

[THE PRINT OUTPUT]

[GENERATE VALID FINAL_RESULT]
black wooden spindleback chair (highlighted by a blue box)

============================== END ==============================


============================== New Completed Execution ==============================
[EXEC CODE]

final_result = "black wooden spindleback chair (highlighted by a blue box)"
print(final_result)

[THE PRINT OUTPUT]
black wooden spindleback chair (highlighted by a blue box)

[GENERATE VALID FINAL_RESULT]
black wooden spindleback chair (highlighted by a blue box)

============================== END ==============================


============================== New Completed Execution ==============================
[EXEC CODE]

final_result = "black wooden spindleback chair (highlighted by a red box)"

[THE PRINT OUTPUT]

[GENERATE VALID FINAL_RESULT]
black wooden spindleback chair (highlighted by a red box)

============================== END ==============================


============================== New Completed Execution ==============================
[EXEC CODE]

final_result = "black wooden spindleback chair (highlighted by a red box)"

[THE PRINT OUTPUT]

[GENERATE VALID FINAL_RESULT]
black wooden spindleback chair (highlighted by a red box)

============================== END ==============================

