
[QAid]3583_0

[Code does not include Tools Usage]
code: 
final_result = "1 Windows with text detected in the scene."
============================== END ==============================


[QAid]3583_0

[Code does not include Tools Usage]
code: 
final_result = "1"  # Assuming there is only one window visible

============================== END ==============================


[QAid]3583_0

[Code does not include Tools Usage]
code: 
final_result = "1"  # No Windows visible in the scene
============================== END ==============================


[QAid]3583_0

[Code does not include Tools Usage]
code: 
final_result = "1"

============================== END ==============================


[QAid]3583_0

[Code does not include Tools Usage]
code: 
final_result = "1"

============================== END ==============================


[QAid]3583_0

[Code does not include Tools Usage]
code: 
final_result = "1 Windows are visible in the scene."
============================== END ==============================

