
============================== New Completed Execution ==============================
[EXEC CODE]
final_result = "1"
print(final_result)

[THE PRINT OUTPUT]
1

[GENERATE VALID FINAL_RESULT]
1

============================== END ==============================


============================== New Completed Execution ==============================
[EXEC CODE]
final_result = "1"
final_result = final_result + "1"  # Replace with the needed print statement
print(final_result)

[THE PRINT OUTPUT]
11

[GENERATE VALID FINAL_RESULT]
11

============================== END ==============================


============================== New Completed Execution ==============================
[EXEC CODE]
final_result = "1 dresser"
print(final_result)

[THE PRINT OUTPUT]
1 dresser

[GENERATE VALID FINAL_RESULT]
1 dresser

============================== END ==============================


============================== New Completed Execution ==============================
[EXEC CODE]
final_result = "1 - 1"

[THE PRINT OUTPUT]

[GENERATE VALID FINAL_RESULT]
1 - 1

============================== END ==============================


============================== New Completed Execution ==============================
[EXEC CODE]
final_result = "1"
print(final_result)

[THE PRINT OUTPUT]
1

[GENERATE VALID FINAL_RESULT]
1

============================== END ==============================

