--- Completion 1 ---
The tool that can answer the question is the Text_Detector_Tool, which can detect text in an image.

<command>
import Text_Detector_Tool

if len(result) > 0:
    print("There is text in the image.")
    print("Number of detected texts:", len(result))
    for block in result:
        print(f"Box: [{block[0][0]}, {block[0][1]}, {block[0][2]}, {block[0][3]}], Text: {'/'.join(block[2])}")
else:
    print("No text detected.")
</command>
Reward: 0.0

--- Completion 2 ---
To find the number of paintings in the image, we can use the Text_Detector_Tool tool with the language 'en' to identify the text that appears to be the word 'painting'. We will loop through each text entry and check if it matches the expected number of paintings (2 in this case) by counting the number of occurrences of the detected text.

```python
from object_detector import Object_Detector_Tool

# Load the tool dependencies
tool_module = 'object_detector'
import_name = 'Object_Detector_Tool'
tool_version = '1.0.0'

# Create the tool instance
text_detector = Object_Detector_Tool(tool_module_name=tool_module, tool_class_name='text_detector', tool_version=tool_version)

# Define the image file path
image_filename = '/nfs/data8/liao/wxie/SAT/SAT_images_train/7276_0.png'

# Set the expected number of texts to be 'painting'
expected_num_texts = 2

# Determine the language codes for OCR
languages = ['en']

# Test the text detector
result = text_detector.execute(image_text=image_filename, languages=languages)

# Count the number of detected texts that match the expected number of paintings
count_paintings = 0
for each_result in result:
    detected_tokens = each_result[0]
    if detected_tokens and detected_tokens[0]['text'] == 'painting':
        count_paintings += 1

final_result = {'result_count': count_paintings}

print(final_result)
```
Reward: 0.0

--- Completion 3 ---
final_result: 0
```python
final_result: 0
```
Reward: 0.0

--- Completion 4 ---
```python
from object_detector import Object_Detector_Tool
final_result = Object_Detector_Tool.execute(image='/nfs/data8/liao/wxie/SAT/SAT_images_train/7276_0.png', labels=['painting'], save_object=True, saved_image_path='detected_objects')
print(final_result)
```
Reward: 0.0

--- Completion 5 ---
final_result = {
                          "paintings": 3,
                          "description": "There are a total of 3 paintings visible in the scene: [1. A painting with a landscape scene behind the black cabinet, [2. Another painting with a mountain range in the distance in the background, and the third painting has no visible art on its frame, making it only marginally distinguishable. There is no need to detect the paintings as there are multiple visible items in detail.",
                        }
Reward: 0.0

--- Completion 6 ---
from object_detector import Object_Detector_Tool
import_name: Object_Detector_Tool
final_result = Object_Detector_Tool.execute(image='/nfs/data8/liao/wxie/SAT/SAT_images_train/7276_0.png', labels=['baseball', 'basket'], save_object=True, saved_image_path='detected_objects')

print(final_result)

detected_objects = final_result['detected_objects']
object_number = final_result['object_number']

if not detected_objects:
    print('No objects detected')

print(f'Total detected objects: {len(detected_objects)}')

if detected_objects:
    for obj in detected_objects:
        print(f'Object: {obj[0]}, confidence score: {obj[4]}, label: {obj[1]}')
        
    text = ', '.join(obj[1] for obj in detected_objects)
    print(f'Text detected: {text}')

total_labels, count = detected_objects.items()
for label, count in total_labels:
    print(f'{label}: {count} detected objects')

if 'basket' in object_number:
    print(f'Total number of baskets: {object_number["basket"]}')
if 'baseball' in object_number:
    print(f'Total number of baseballs: {object_number["baseball"]}')

The Python program uses the Object_Detector_Tool tool to detect text in the image. It assumes the tool can handle the 'baseball' and 'basket' text labels for demonstration purposes. No actual text analysis takes place in the executed program, so the program outputs simple output.
Reward: 0.0

