
[QAid]322_0

[Code Includes Tools Usage]
code: 

from object_detector_tool import Object_Detector_Tool

# Load the image file and the labels
image_path = "/nfs/data8/liao/wxie/SAT/SAT_images_train/322_0.png"
labels = ["baseball", "basket"]
object_number = 2

detected_objects, object_number = Object_Detector_Tool.execute(image=image_path, labels=labels, save_object=True, saved_image_path="detected_objects")
final_result = {"detected_objects": detected_objects, "object_number": object_number}
print(final_result)

============================== END ==============================


[QAid]322_0

[Code Extraction Failed or Parse Failed]

No Python code block found in completion.

Completion Content: 
Here is the Python program that calculates the number of sinks in the scene based on the provided image path:
```python
import tools_module

# Path to the image
image_path = '/nfs/data8/liao/wxie/SAT/SAT_images_train/322_0.png'

# Language code for English
languages = ['en']
language_codes = ['en']
# Level of detail for text detection
detail = 0

# Create and execute the object detection tool
object_detector_tool = tools_module.object_detector_tool
detected_objects, object_number = object_detector_tool.execute(image_path, languages, detail)

# Create and execute the text detection tool
text_detector_tool = tools_module.text_detector_tool
result = text_detector_tool.execute(image_path, languages)

# Create a dictionary to store the number of sinks detected in the image
sink_number_dict = {'sink': 0}

# Loop through the detected objects and count the sinks
forDetectedObjects = detected_objects['baseball'][0]
forDetectedObject in forDetectedObjects:
    if 'basin' in forDetectedObject['box']:
        sink_number_dict['sink'] += 1

# Calculate the number of sinks by dividing the number of sinks detected by the total number of sinks possible
sink_number = sink_number_dict['sink']

final_result = f"The scene contains {sink_number} sink(s)"
============================== END ==============================


[QAid]322_0

[Code Extraction Failed or Parse Failed]

No Python code block found in completion.

Completion Content: 
The given questions pertain to an image containing objects such as sinks and paintings. We can use the `text_detector` tool to detect the text in the image, then count the number of sinks visible.

Let's proceed with the implementation:

```python
from object_detector_tool import Object_Detector_Tool
from text_detector_tool import Text_Detector_Tool

# Initialize tools
object_detector_tool = Object_Detector_Tool()
text_detector_tool = Text_Detector_Tool()

# The image path is assumed to be in 'path/to/image'
image_path = '/nfs/data8/liao/wxie/SAT/SAT_images_train/322_0.png'

# Execute the tools with the image path
result_text = text_detector_tool.execute(image=image_path)
result_objects = object_detector_tool.execute(image_path, save_object=True)

# Extract text and object counts
text_output = result_text[0]
object_output = sorted(result_objects, key=lambda x: x[1]['score'])

# Calculate total text count
total_text_count = len(text_output)

# Calculate sink count
sink_count = len(objects_objects[0]["box"] if objects_objects else 0)

# Final result
final_result = f"Number of Sinks: {sink_count}"
if total_text_count > sink_count:
    final_result += f"\nTotal Text Count: {total_text_count}"
else:
    final_result += f"\nObject Count: {sink_count}\nTotal Text Count: {total_text_count}"

print(final_result)
```
This code will count the sinks visible in the image and the total number of text blocks, as well as the percentage of text if the sinks are more than the text. Please note that the code assumes 0 confidence score for the text block and 1 for sinks for demonstration purposes.

The final result will be displayed according to the given question.

You can customize it according to your specific needs by changing parameter names and their default settings.
============================== END ==============================


[QAid]322_0

[Code Includes Tools Usage]
code: 

from_object_detector_tool = Object_Detector_Tool()
detected_objects_for_baseball, object_count_for_baseball = from_object_detector_tool.execute(image="path/to/scene.png", labels=["baseball"], save_object=True, saved_image_path="detected_objects")[
 0][0]
detected_objects_for_basketball, object_count_for_basketball = from_object_detector_tool.execute(image="path/to/scene.png", labels=["basketball"], save_object=True, saved_image_path="detected_objects")[
 0][0]
print("Detected Objects for Baseball: ", detected_objects_for_baseball)
print("Detected Objects for Basketball: ", detected_objects_for_basketball)
print("Total Number of Baseball and Basketball Objects in the Image: ", object_count_for_baseball + object_count_for_basketball)

============================== END ==============================


[QAid]322_0

[Code Extraction Failed or Parse Failed]

No Python code block found in completion.

Completion Content: 
```python
# Import the necessary tool
import Object_Detector_Tool

# Command to execute the tool with the provided image path
object_detector_tool = Object_Detector_Tool.Object_Detector_Tool()
image_path = '/nfs/data8/liao/wxie/SAT/SAT_images_train/322_0.png'
labels = ['baseball', 'basket']
save_image = True

# Execute the tool
detected_objects, object_number = object_detector_tool.execute(image_path, labels=labels, save_object=save_image)
final_result = detected_objects if detected_objects else object_number
```
============================== END ==============================


[QAid]322_0

[Code Extraction Failed or Parse Failed]

No Python code block found in completion.

Completion Content: 
<command>
    # The Image Module is used to open and process the image.
    from_module: "object_detector_tool",
    import_name: "object_detector_tool",  # The name of the tool to use

    # Example Image Path
    image_path = "/nfs/data8/liao/wxie/SAT/SAT_images_train/322_0.png"

    # Setting the threshold (for this example: 0.35) and the size of the model to use ("tiny").
    object_labels = ["sink"], ["sink"],  # List of object labels to detect, here: ["sink"] for a water source.
    saved_object = False,  # Whether to save the detected objects as images.
    saved_image_path = "detected_objects"  # Path to save the detected object images.

    # Executing the detection tool
    executed_labels = object_detector_tool.execute(image=image_path, labels=object_labels, save_object, saved_image_path)
    object_number = {label: len(labels) for label, labels in executed_labels.items()}
    detected_objects = []
    num_labels = {}
    for label, labels in executed_labels.items():
        box = {"x0", "y0", "x1", "y1": [int(box["x0"]), int(box["y0"]), int(box["x1"]), int(box["y1"])]}
        score = float(box["score"])
        saved_image_path = f"{saved_image_path}/detected_objects/{label}.png"  # Assuming the image is stored in this format
        detected_objects.append({"bbox": box, "detected_label": label, "confidence": score})
        detected_objects.append({"bbox": [0, 50, 50, 100], "detected_label": "sink", "confidence": 0.95})  # Example of detected label

    # Calculating the total number of sinks in the image
    sinks = {label: num_labels.get(label, 0) for label, num_labels in object_number.items()}

    final_result = (
        f"The total number of sinks in the image is {len(detected_objects)}."
        f"The sink's bounding box is {(bbox['x0'], bbox['y0'], bbox['x1'], bbox['y1'])}."
        f"The confidence for the sink detection is {bbox['score']}."
        f"The sink count for the scene is {
============================== END ==============================

