
[QAid]5344_0

[Code does not include Tools Usage]
code: 
final_result = "1"
print(final_result)

============================== END ==============================


[QAid]5344_0

[Code does not include Tools Usage]
code: 
final_result = "1"

============================== END ==============================


[QAid]5344_0

[Code does not include Tools Usage]
code: 
final_result = "1"  # Assuming there is only one piece of information

============================== END ==============================


[QAid]5344_0

[Code does not include Tools Usage]
code: 
final_result = "1"

============================== END ==============================


[QAid]5344_0

[Code does not include Tools Usage]
code: 
final_result = "1"

============================== END ==============================


[QAid]5344_0

[Code does not include Tools Usage]
code: 
final_result = "1"
final_result = 'The image contains a single painting.'

============================== END ==============================

