
[EXECUTION EXCEPTION]
unterminated string literal (detected at line 2) (<string>, line 2)
code: 
from tool_text_detector_tool import Text_Detector_Tool
final_result = b'You are looking at Image 1 in the dataset. Here is a more structured Python program for counting objects in an image with groundtruth and confidence scores using Text_Detector_Tool tool from tool_text_detector_tool module: import tool_text_detector_tool as Text_Detector_Tool
command = "result = Text_Detector_Tool.execute(image='path/to/image.png', languages=['en', 'de'])"
result

============================== END ==============================

[EXECUTION EXCEPTION]
name 'Bodyparts' is not defined
code: 
final_result = ""
if len(Bodyparts) != 0:
    Bbodyparts = Bodyparts[Bodyparts['Label'] == 'Baseball']
    final_result = f"({len(Bbodyparts['bbox'])})"
else:
    final_result = f"({len(Bin)}): No bin present for baseball."
print(final_result)

============================== END ==============================

[EXECUTION EXCEPTION]
Object_Detector_Tool.execute() missing 1 required positional argument: 'self'
code: 
from object_detector import Object_Detector_Tool

final_result = {}
final_result["A"] = []

# Assuming the image path is '/home/stud/wxie/BLINK_Dataset/Counting/val/images/val_Counting_63_image_1.jpg'
# Call the object detector tool with the image file as the input
detected_objects, object_number = Object_Detector_Tool.execute(image='/home/stud/wxie/BLINK_Dataset/Counting/val/images/val_Counting_63_image_1.jpg', labels=[('animal',), ('cow',),], save_object=True, saved_image_path='detected_objects')

# Count the number of detected elements based on labels
for result in detected_objects.get('animal', ['cow']):
    for detected_element in result:
        final_result["B"] += [detected_element.get('bbox')]

# Add the number of detected cows as a label if saved_object is True
if saved_object and final_result.get('animal'):
    for detected_object in final_result['animal']:
        if 'animal' in detected_object.get('labels'):
            final_result['animal'].append(detected_object.get('bbox'))
for identified_label in ['animal', 'cow']:
    final_result[final_result[final_result.keys()[0]].get('bbox')[1]] += object_number[final_result.keys()[0]]

print(final_result)

============================== END ==============================

[EXECUTION EXCEPTION]
name 'B' is not defined
code: 
final_result = B

============================== END ==============================
