
[QAid]7412_0

[Code Includes Tools Usage]
code: 

object_detector_tool = Object_Detector_Tool()
detected_objects, object_number = object_detector_tool.execute(image='path/to/image', labels=['baseball', 'basket'], save_object=True, saved_image_path='detected_objects')
final_result = detected_objects

============================== END ==============================


[QAid]7412_0

[Code Includes Tools Usage]
code: 

from object_detector import Object_Detector_Tool

final_result = Object_Detector_Tool().execute(image='/nfs/data8/liao/wxie/SAT/SAT_images_train/7412_0.png', labels=['baseball', 'basket'], save_object=True)
print(final_result)

============================== END ==============================


[QAid]7412_0

[Code Includes Tools Usage]
code: 

from object_detector import Object_Detector_Tool

final_result = Object_Detector_Tool().execute(image="/nfs/data8/liao/wxie/SAT/SAT_images_train/7412_0.png")
print(final_result)

============================== END ==============================


[QAid]7412_0

[Code Includes Tools Usage]
code: 

from object_detector import Object_Detector_Tool

final_result = Object_Detector_Tool().execute(image="/nfs/data8/liao/wxie/SAT/SAT_images_train/7412_0.png", labels=["baseball"], save_object=True)
print(final_result)

============================== END ==============================


[QAid]7412_0

[Code Includes Tools Usage]
code: 

from object_detector import Object_Detector_Tool

final_result = Object_Detector_Tool().execute(image='path/to/image', labels=['TV'], save_object=True, saved_image_path='detected_objects')

============================== END ==============================


[QAid]7412_0

[Code does not include Tools Usage]
code: 

final_result = {
  "detected_objects": {
    "baseball": [
      {
        "box": (34, 50, 200, 220),
        "score": 0.92,
        "saved_image_path": "detected_objects/image_baseball_1.png"
      }
    ],
    "basket": [
      {
        "box": (220, 100, 400, 350),
        "score": 0.85,
        "saved_image_path": "detected_objects/image_basket_1.png"
      }
    ]
  },
  "object_number": {"baseball": 1, "basket": 2}
}

============================== END ==============================

