
============================== New Completed Execution ==============================
[EXEC CODE]
final_result = "1 Dogs"
final_result = final_result.replace(", ", " ").replace(", 0 ", " ")
print(final_result)

[THE PRINT OUTPUT]
1 Dogs

[GENERATE VALID FINAL_RESULT]
1 Dogs

============================== END ==============================


============================== New Completed Execution ==============================
[EXEC CODE]
final_result = "1 DogBed is visible in the scene."

[THE PRINT OUTPUT]

[GENERATE VALID FINAL_RESULT]
1 DogBed is visible in the scene.

============================== END ==============================


============================== New Completed Execution ==============================
[EXEC CODE]
final_result = "1"
print("There is 1 DogBed visible in the scene.")

[THE PRINT OUTPUT]
There is 1 DogBed visible in the scene.

[GENERATE VALID FINAL_RESULT]
1

============================== END ==============================


============================== New Completed Execution ==============================
[EXEC CODE]
final_result = "1"

[THE PRINT OUTPUT]

[GENERATE VALID FINAL_RESULT]
1

============================== END ==============================


============================== New Completed Execution ==============================
[EXEC CODE]
final_result = "1 DogBed"
final_result = "final_result"

# Sample execution with provided tool and image path
final_result = "detected_objects"
final_result = "detected_objects"
final_result = "final_result"

# The final result is the number of DogBeds visible in the scene
print(final_result)

[THE PRINT OUTPUT]
final_result

[GENERATE VALID FINAL_RESULT]
final_result

============================== END ==============================


============================== New Completed Execution ==============================
[EXEC CODE]
final_result = "1"
print(f"Final result: {final_result}")

[THE PRINT OUTPUT]
Final result: 1

[GENERATE VALID FINAL_RESULT]
1

============================== END ==============================

