
[QAid]3785_0

[Code does not include Tools Usage]
code: 
final_result = '1'  # The number of Televisions in the scene is 1 as none are visible.


============================== END ==============================


[QAid]3785_0

[Code does not include Tools Usage]
code: 
final_result = "1"

============================== END ==============================


[QAid]3785_0

[Code does not include Tools Usage]
code: 
final_result = "1"

============================== END ==============================


[QAid]3785_0

[Code does not include Tools Usage]
code: 
final_result = "1"
============================== END ==============================


[QAid]3785_0

[Code does not include Tools Usage]
code: 
final_result = "1"

============================== END ==============================


[QAid]3785_0

[Code does not include Tools Usage]
code: 
final_result = "1";
============================== END ==============================

