
[Exctuion Failed]

name 'image_path' is not defined
code: 

from object_detector import Object_Detector_Tool

final_result = Object_Detector_Tool.execute(image=image_path,
                                            labels=['BaseballBats'],
                                            threshold=0.35,
                                            model_size='tiny',
                                            save_object=True,
                                            saved_image_path='detected_objects')

if final_result['object_number']['BaseballBats'] == 0:
    print("0 BaseballBats are visible in the scene.")
else:
    print(f"2 BaseballBats are visible in the scene.")


============================== END ==============================


[Exctuion Failed]

Object_Detector_Tool.execute() missing 1 required positional argument: 'self'
code: 

from object_detector import Object_Detector_Tool

final_result = Object_Detector_Tool.execute(image='path_to_your_image.png', labels=['BaseballBats'], save_object=True, saved_image_path='detected_objects')

print(final_result)


============================== END ==============================


[Exctuion Failed]

Object_Detector_Tool.execute() missing 1 required positional argument: 'self'
code: 

from object_detector import Object_Detector_Tool

final_result = Object_Detector_Tool.execute(image='path/to/image.png', labels=['BaseballBats'], save_object=True, saved_image_path='detected_objects')
print(final_result)


============================== END ==============================


[Exctuion Failed]

Object_Detector_Tool.execute() missing 1 required positional argument: 'self'
code: 

from object_detector import Object_Detector_Tool

final_result = Object_Detector_Tool.execute(image='path_to_image.png', labels=['baseball', 'basket'], save_object=True, saved_image_path='detected_objects')

print("Number of BaseballBats: ", final_result['object_number']['baseball'])
print("Number of BaseballBats images detected: ", final_result['detected_objects']['baseball'])


============================== END ==============================


[Exctuion Failed]

Object_Detector_Tool.execute() missing 1 required positional argument: 'self'
code: 

from object_detector import Object_Detector_Tool

final_result = {
    "baseball_bats": 0
}

final_result = Object_Detector_Tool.execute(image='path/to/scene.png', labels=['baseball', 'basket'], save_object=True, saved_image_path='detected_objects')
if len(final_result['baseball']) == 1 and final_result['baseball'][0]['saved_image_path'].endswith('.png'):
    final_result['baseball_bats'] = len(final_result['baseball'][0].pop('saved_image_path')).replace('/', '.')
final_result = Object_Detector_Tool.execute(image='path/to/scene.png', languages=['en', 'de'], saved_image_path='detected_objects', detail=2)

print(final_result)


============================== END ==============================


[Exctuion Failed]

Object_Detector_Tool.execute() missing 1 required positional argument: 'self'
code: 

from object_detector import Object_Detector_Tool

final_result = Object_Detector_Tool.execute(image='path_to_your_image.png', labels=['baseball'], save_object=True, saved_image_path='detected_objects')

print("Correctly identified objects:", final_result)


============================== END ==============================

