
============================== NEW SCCESSFUL EXECUTION ==============================
[EXEC CODE]
final_result = "A"
[THE PRINT OUTPUT]

[GENERATE FINAL_RESULT]
A

============================== END ==============================

============================== NEW SCCESSFUL EXECUTION ==============================
[EXEC CODE]
{
  "Tool_Analysis": {
    "tool_module_name": "Text_Detector_Tool",
    "tool_class_name": "Text_Detector_Tool",
    "tool_description": "A tool that detects text in an image using EasyOCR.",
    "image_file_path": "",
    "languages": ["en", "de"],
    "detail": 1
  },
  "ImageDetection_Analysis": {
    "image_file_path": "/home/stud/wxie/BLINK_Dataset/Counting/val/images/val_Counting_90_image_1.jpg",
    "tool_output_examples": [
      [
        [[[100, 150], [200, 150], [200, 200], [100, 200]], 'Detected text', 0.95],
        [[[100, 210], [200, 210], [200, 260], [100, 260]], 'Detected text', 0.99]
      ]
    ]
  }
}
[THE PRINT OUTPUT]

[GENERATE FINAL_RESULT]
None

============================== END ==============================

============================== NEW SCCESSFUL EXECUTION ==============================
[EXEC CODE]
final_result = 1
[THE PRINT OUTPUT]

[GENERATE FINAL_RESULT]
1

============================== END ==============================

============================== NEW SCCESSFUL EXECUTION ==============================
[EXEC CODE]
final_result = "A"
[THE PRINT OUTPUT]

[GENERATE FINAL_RESULT]
A

============================== END ==============================

============================== NEW SCCESSFUL EXECUTION ==============================
[EXEC CODE]
final_result = 2
[THE PRINT OUTPUT]

[GENERATE FINAL_RESULT]
2

============================== END ==============================

============================== NEW SCCESSFUL EXECUTION ==============================
[EXEC CODE]
final_result = 'A'
[THE PRINT OUTPUT]

[GENERATE FINAL_RESULT]
A

============================== END ==============================

============================== NEW SCCESSFUL EXECUTION ==============================
[EXEC CODE]
final_result = 2
[THE PRINT OUTPUT]

[GENERATE FINAL_RESULT]
2

============================== END ==============================
