
[QAid]9248_0

[Code does not include Tools Usage]
code: 
final_result = "1"  # Assuming only one armchair is detected
print(final_result)

============================== END ==============================


[QAid]9248_0

[Code does not include Tools Usage]
code: 
final_result = "1"  # Assuming there is just one armchair

============================== END ==============================


[QAid]9248_0

[Code does not include Tools Usage]
code: 
final_result = "1" 
print(final_result)
============================== END ==============================


[QAid]9248_0

[Code does not include Tools Usage]
code: 
final_result = "1"

============================== END ==============================


[QAid]9248_0

[Code does not include Tools Usage]
code: 
final_result = "1 ArmChair"

============================== END ==============================


[QAid]9248_0

[Code does not include Tools Usage]
code: 
final_result = "1"

============================== END ==============================

