--- Completion 1 ---
<command>
from object_detector import Object_Detector_Tool

final_result = Object_Detector_Tool().execute(image="path/to/image", labels=["houseplant"], save_object=True, saved_image_path="detected_objects")
print(final_result)
</command>
Reward: 1.0

--- Completion 2 ---
<command>
from object_detector import Object_Detector_Tool
final_result = Object_Detector_Tool().execute(image='/path/to/image', labels=['baseball', 'basket'], save_object=True, saved_image_path='detected_objects')
print(final_result)
</command>
Reward: 1.0

--- Completion 3 ---
<command>
from object_detector import Object_Detector_Tool

final_result = Object_Detector_Tool().execute(image='path/to/image', labels=['baseball', 'basket'], save_object=True, saved_image_path='detected_objects')

print(final_result)
</command>
Reward: 1.0

--- Completion 4 ---
<command>p=subprocess.check_output(['python', '-m', 'object_detector', '--model-size=mini', '--save-object', '--labels=baseball,basket', '--threshold=0.35', '--image=/nfs/data8/liao/wxie/SAT/SAT_images_train/6965_0.png']), line_num=None)</command>
<command>final_result = list(p)[0].split(', ') if len(p) else []</command>
Reward: 1.0

--- Completion 5 ---
<command>
from object_detector import Object_Detector_Tool

final_result = Object_Detector_Tool().execute(image='6965_0.png', labels=['baseball', 'basket'], save_object=True, saved_image_path='detected_objects')

print(final_result)
</command>
Reward: 1.0

--- Completion 6 ---
<command>
from object_detector import Object_Detector_Tool

final_result = Object_Detector_Tool().execute(image='path/to/image', labels=['baseball', 'basket'], save_object=True, saved_image_path='detected_objects')
print(final_result)
</command>
Reward: 1.0

