
[QAid]7492_0

[Code does not include Tools Usage]
code: 
final_result = "1"

============================== END ==============================


[QAid]7492_0

[Code does not include Tools Usage]
code: 
final_result = "1"

============================== END ==============================


[QAid]7492_0

[Code does not include Tools Usage]
code: 
final_result = "1 Ladle"

============================== END ==============================


[QAid]7492_0

[Code does not include Tools Usage]
code: 
final_result = "1 Ladles are visible in the scene."

============================== END ==============================


[QAid]7492_0

[Code does not include Tools Usage]
code: 
final_result = "1"

============================== END ==============================


[QAid]7492_0

[Code does not include Tools Usage]
code: 
final_result = "1"  # based on the number of objects detected in the image
final_result = "1"  # Based on the number of objects detected in the image

============================== END ==============================

