
[EXECUTION EXCEPTION]
unmatched ')' (<string>, line 2)
code:from object_detector import Object_Detector_Tool
final_result = "B" if len(Object_Detector_Tool(image="/home/stud/wxie/BLINK_Dataset/Counting/val/images/val_Counting_31_image_1.jpg", labels=["green"]),(20,40),0.602) == (0,0,["green"]) and Object_Detector_Tool(image="/home/stud/wxie/BLINK_Dataset/Counting/val/images/val_Counting_33_image_1.jpg", labels=["green"]),(20,40),0.602) == (0,0,["green"])) else "D"
del Object_Detector_Tool
if final_result not in [A, B, C, D, E]:
  final_result = "E"
print(final_result)

[EXECUTION EXCEPTION]
Object_Detector_Tool.__init__() got an unexpected keyword argument 'path_image'
code:from object_detector import Object_Detector_Tool

final_result = ['B']

# Load the image
with Object_Detector_Tool(path_image="/home/stud/wxie/BLINK_Dataset/Counting/val/images/val_Counting_31_image_1.jpg") as detector:
    labels = detector.detect_objects()

    for label in labels:
        if label[1] >= 0.45:
            final_result.append(label[0])

print(final_result)

[EXECUTION EXCEPTION]
Object_Detector_Tool.execute() missing 1 required positional argument: 'self'
code:from object_detector import Object_Detector_Tool

final_result = Object_Detector_Tool.execute(image="/home/stud/wxie/BLINK_Dataset/Counting/val/images/val_Counting_31_image_1.jpg", labels=["train cart"], save_object=True)
detected_objects, total_counts = final_result
