
[QAid]3613_0

[Code Extraction Failed or Parse Failed]

No Python code block found in completion.

Completion Content: 
```python
import Image
import ImageDraw
from object_detector import object_detector as OD
from text_detector import Text_Detector_Tool

# Initialize the Image and Text Draw objects with the image name
image_name = '/nfs/data8/liao/wxie/SAT/SAT_images_train/3613_0.png'

# Detect the objects in the image using the object_detector tool
result = OD.execute(image=image_name, labels=['baseball', 'basket'], save_object=True, saved_image_path='detected_objects')

# Extract and count the detected objects from the result
total_objects = len(result)

# Determine the number of chairs visible in the scene
chairs = result[0]['baseball'] + result[1]['basket']

# Convert the number of chairs to strings
chairs_str = str(chairs)

final_result = {
    "total_objects": total_objects,
    "chairs": chairs_str
}

print(f"Detected {total_objects} objects in the scene.\\nChairs: {chairs_str}")

# Check if the result is successful
if 'detected_objects' in result:
    for label, blocks in result['detected_objects']:
        if label == 'baseball':
            baseball = [[[box[0], box[1], box[2], box[3]], label, 0.95]]  # Example result for baseball
        elif label == 'basket':
            basket = [[[box[0], box[1], box[2], box[3]], label, 0.85]]  # Example result for basket
except IndexError:
    # If the object cannot be detected in the image
    pass
```
============================== END ==============================


[QAid]3613_0

[Code Includes Tools Usage]
code: 

from object_detector import Object_Detector_Tool

# Define the labels, thresholds, and model sizes
labels = ['chair']
threshold = 0.15
model_size = 'tiny'

# Load the image
path_to_image = '/nfs/data8/liao/wxie/SAT/SAT_images_train/3613_0.png'

# Function to detect objects and retrieve the number of chair objects
def get_chairs_number(image_path):
    detected_objects = []
    try:
        detected_objects = Object_Detector_Tool.execute(image=image_path, labels=labels, threshold=threshold, model_size=model_size, save_object=True)['detected_objects']
        chairs = sum(1 for obj in detected_objects if 'chair' in obj['labels'])
        return chairs
    except Exception as e:
        print(f"Error: {e}")
        return 0

print(f"Number of chairs detected: {get_chairs_number(path_to_image)}")

============================== END ==============================


[QAid]3613_0

[Code Extraction Failed or Parse Failed]

No Python code block found in completion.

Completion Content: 
from object_detector import Object_Detector_Tool
final_result = Object_Detector_Tool.execute(image='/nfs/data8/liao/wxie/SAT/SAT_images_train/3613_0.png', labels=['Chairs'], save_object=True, saved_image_path='detected_objects')
print(final_result[0])
print(final_result[1])
============================== END ==============================


[QAid]3613_0

[Code Includes Tools Usage]
code: 

from object_detector import Object_detected_tools

# Read the image
image_path = '/nfs/data8/liao/wxie/SAT/SAT_images_train/3613_0.png'
obj_det_tools = Object_detected_tools()
obj_det_tools.execute(image=image_path)

# Get the results from the object detection tool
detected_objects = obj_det_tools.detected_objects
object_number = obj_det_tools.object_number

# Convert the list of detected objects to a string
detected_objects_str = obj_det_tools.get_objects_string(detected_objects)

# Display the detected objects and the number of objects detected
print(f"Detected objects: {detected_objects_str}")
print(f"Number of objects detected: {object_number}")

============================== END ==============================


[QAid]3613_0

[Code Extraction Failed or Parse Failed]

No Python code block found in completion.

Completion Content: 
from object_detector import Object_Detector_Tool

final_result = {
    "Chairs": 2
}
============================== END ==============================


[QAid]3613_0

[Code Extraction Failed or Parse Failed]

No Python code block found in completion.

Completion Content: 
```python
from text_detector import Text_Detector_Tool

result = Text_Detector_Tool.execute(image='path/to/image.png', languages=['en', 'de'])
detected_text_blocks = result
final_result = []
for text_block in detected_text_blocks:
    if len(text_block) > 0:
        final_result.append({'text': text_block[0][0][0], 'score': text_block[0][1], 'coordinates': text_block[0][1]})

final_result
```
============================== END ==============================

