
[EXECUTION EXCEPTION]
No module named 'open_image_as_numpy_array'
code: 
import open_image_as_numpy_array

============================== END ==============================

[EXECUTION EXCEPTION]
Object_Detector_Tool.execute() missing 1 required positional argument: 'self'
code: 
from object_detector import Object_Detector_Tool

# Load image
image_file = "/home/stud/wxie/BLINK_Dataset/Counting/val/images/val_Counting_21_image_1.jpg"

detected_objects, object_number = Object_Detector_Tool.execute(image=image_file, labels=["red"], save_object=True)

final_result = None
if detected_objects:
    red_buses = [detected_objects[label] for label in object_number.keys() if label.startswith("red")]
    if red_buses:
        final_result = "There are 1 red bus."
    else:
        final_result = "There are 0 red buses."

print(final_result)

============================== END ==============================

[EXECUTION EXCEPTION]
unmatched ')' (<string>, line 25)
code: 
from object_detector import Object_Detector_Tool

final_result = '1'
text_result = 'None'
letter_result = 'None'

image_path = '/home/stud/wxie/BLINK_Dataset/Counting/val/images/val_Counting_21_image_1.jpg'  # Replace with actual image path

# Detect red buses
detected_objects = det_image = Object_Detector_Tool.execute(image=image_path, labels=['red bus'], save_object=True, saved_image_path="detected_objects")

red_bus_dicts = [dict(d) for d in detected_objects['red bus']]

for bus_dict in red_bus_dicts:
    letter_result = Letter_Detector_Tool.execute(image='detected_objects')

# Count objects by label
object_number = {label: len(detected_objects[label]) for label in ["red bus"]}
final_result += f" - {' red_bus': '{object_number['red bus']}}"

# Text detection
text_result = Text_Detector_Tool.execute(image=image_path, languages=['en', 'de'])

if text_result:
    final_result += f" - {' text': '{", '.join(list(map(lambda x: f"'{x[0]}', {x[1][0][0]}, {x[1][0][1]}, {x[1][0][2]}, {x[1][0][3]})', text_result))}'}"
else:
    final_result += f" - No text detected"

print(detected_objects)
print(letter_result)
print(object_number)
print(final_result)

============================== END ==============================

[EXECUTION EXCEPTION]
invalid syntax. Maybe you meant '==' or ':=' instead of '='? (<string>, line 1)
code: 
(final_result = 
    {"final_result": 
        3,
        "response": "The image contains a total of 3 red buses." }
)

============================== END ==============================
