
============================== New Completed Execution ==============================
[EXEC CODE]

from object_detector import Object_Detector_Tool

final_result = Object_Detector_Tool().execute(image='path/to/image', labels=['baseball', 'basket'], save_object=True, saved_image_path='detected_objects')
print(final_result)

[THE PRINT OUTPUT]
Error building the Object Detection tool: Cannot re-initialize CUDA in forked subprocess. To use CUDA with multiprocessing, you must use the 'spawn' start method
Error detecting objects: Failed to build the Object Detection tool.
Failed to detect objects after 10 attempts.
[]

[GENERATE VALID FINAL_RESULT]
[]

============================== END ==============================


============================== New Completed Execution ==============================
[EXEC CODE]


from object_detector import Object_Detector_Tool

final_result = {
    "count_of_counter Tops": 0,
    "counter Tops_present": 0
}

counter_tops_count = 0
for counter_tops in [counter_tops_count]:
    final_result["count_of_counter Tops"] += 1

if "counter_tops" in final_result:
    final_result["counter Tops_present"] = final_result["count_of_counter Tops"]

print("Final result:", final_result)


[THE PRINT OUTPUT]
Final result: {'count_of_counter Tops': 1, 'counter Tops_present': 0}

[GENERATE VALID FINAL_RESULT]
{'count_of_counter Tops': 1, 'counter Tops_present': 0}

============================== END ==============================


============================== New Completed Execution ==============================
[EXEC CODE]

from object_detector import Object_Detector_Tool

final_result = Object_Detector_Tool().execute(image='path/to/image', labels=['baseball', 'basket'], save_object=True, saved_image_path='detected_objects')
print(final_result)

[THE PRINT OUTPUT]
Error building the Object Detection tool: Cannot re-initialize CUDA in forked subprocess. To use CUDA with multiprocessing, you must use the 'spawn' start method
Error detecting objects: Failed to build the Object Detection tool.
Failed to detect objects after 10 attempts.
[]

[GENERATE VALID FINAL_RESULT]
[]

============================== END ==============================


============================== New Completed Execution ==============================
[EXEC CODE]

from object_detector import Object_Detector_Tool

final_result = Object_Detector_Tool().execute(image='path_to_image', labels=['baseball', 'basket'], threshold=0.35, model_size='tiny', save_object=True, saved_image_path='detected_objects')
print(final_result)

[THE PRINT OUTPUT]
Error building the Object Detection tool: Cannot re-initialize CUDA in forked subprocess. To use CUDA with multiprocessing, you must use the 'spawn' start method
Error detecting objects: Failed to build the Object Detection tool.
Failed to detect objects after 10 attempts.
[]

[GENERATE VALID FINAL_RESULT]
[]

============================== END ==============================


============================== New Completed Execution ==============================
[EXEC CODE]

from object_detector import Object_Detector_Tool

final_result = Object_Detector_Tool().execute(image='path/to/image', labels=['baseball', 'basket'], threshold=0.35, model_size='tiny', save_object=True, saved_image_path='detected_objects')

print(final_result)

[THE PRINT OUTPUT]
Error building the Object Detection tool: Cannot re-initialize CUDA in forked subprocess. To use CUDA with multiprocessing, you must use the 'spawn' start method
Error detecting objects: Failed to build the Object Detection tool.
Failed to detect objects after 10 attempts.
[]

[GENERATE VALID FINAL_RESULT]
[]

============================== END ==============================

