
[EXECUTION EXCEPTION]
invalid syntax (<string>, line 1)
code:<code>
from object_detector import Object_Detector_Tool

image_path = "/home/stud/wxie/BLINK_Dataset/Counting/val/images/val_Counting_54_image_1.jpg"
labels = ["stove", "furniture"]
threshold = 0.45
model_size = "tiny"
save_object = True
saved_image_path = "detected_objects"

object_detector = Object_Detector_Tool(image_path, labels, threshold, model_size, save_object, saved_image_path)
labels = object_detector.predict()

number_of_stove_knobs = len([[box for box in result['boxes'][box_labels] if 'stove' in label] for label, result in labels.items()])
final_result = max([number_of_stove_knobs, (A), (B), (C), (D)])
</code>

[EXECUTION EXCEPTION]
invalid syntax (<string>, line 1)
code:python3 -m object_detector /home/stud/wxie/BLINK_Dataset/Counting/val/images/val_Counting_54_image_1.jpg labels=["stove", "refrigerator"] # change "stove" with the actual class name of the stove

[None RESULT]


[EXECUTION EXCEPTION]
invalid syntax (<string>, line 1)
code:from_object_detector import Object_Detector_Tool
final_result = Object_Detector_Tool.execute(image="/home/stud/wxie/BLINK_Dataset/Counting/val/images/val_Counting_54_image_1.jpg", labels=["microwave", "oven"], save_object=True, saved_image_path="detected_objects") 1
print(final_result) 2

[None RESULT]


[EXECUTION EXCEPTION]
invalid syntax (<string>, line 1)
code:import_modules:
from_module: 'object_detector', import_name: 'Object_Detector_Tool'

[EXECUTION EXCEPTION]
'Object_Detector_Tool' object is not subscriptable
code:from object_detector import Object_Detector_Tool

tool = Object_Detector_Tool()
tool.execute(image="/home/stud/wxie/BLINK_Dataset/Counting/val/images/val_Counting_54_image_1.jpg", labels=["bottle"], threshold=0.45, model_size="tiny", save_object=False,)
objects = tool["labels"]
num_bottles = len(objects)

final_result = objects
if num_bottles > 2:
  final_result.append({"label": "cup", "count": num_bottles - 2})
print(final_result)
