
[EXECUTION EXCEPTION]
name 'A' is not defined
code: 
final_result =  A

============================== END ==============================

[Successful Execution but Get None RESULT]


============================== END ==============================

[EXECUTION EXCEPTION]
'return' outside function (<string>, line 4)
code: 
for label in final_result:
    if label == "B":
        # print("The number of knobs is 4.")
        return 4
    elif label == "C":
        # print("The number of knobs is 6.")
        return 6
    elif label == "D":
        # print("The number of knobs is 3.")
        return 3

============================== END ==============================
