
[Exctuion Failed]

'utf-8' codec can't decode byte 0x89 in position 0: invalid start byte
code: 
final_result = ""
with open("/nfs/data8/liao/wxie/SAT/SAT_images_train/2901_0.png") as f:
  f.readline()

with open("/nfs/data8/liao/wxie/SAT/SAT_images_train/2901_0.png") as f:
  img_data = f.read()
 
results = Text_Detector_Tool.execute(image=img_data, languages=['en','de'])

for detobj in results["results"]:
    for bbox in detobj[0]:
        xmin, ymin, xmax, ymax = bbox
        print(xmin, ymin, xmax, ymax)

============================== END ==============================


[Exctuion Failed]

name 'Object_Detector_Tool' is not defined
code: 
final_result = Object_Detector_Tool.execute(image='path_to_image.png', labels=['chair'], threshold=0.5, model_size='tiny', save_object=True, saved_image_path='detected_objects')

============================== END ==============================


[None RESULT]


[Successful Execution but Get None RESULT]
[EXEC CODE]
print(final_result)

============================== END ==============================


[Exctuion Failed]

invalid syntax (<string>, line 3)
code: 
final_result = None

<command>

The value of `final_result` is None, as there were no questions or tasks defined in the generated Python code. Please provide a question or task to solve, and I will generate the final answer for you.

============================== END ==============================

