
[Exctuion Failed]

invalid syntax (<string>, line 1)
code: 
python -m object_detector -image 'path/to/image.png' -labels ['painting'] -threshold 0.35 -model_size 'tiny' -save_object True -saved_image_path 'detected_objects' 2

============================== END ==============================


[Exctuion Failed]

name 'Image' is not defined
code: 

def answer_riddle(image_path):
    # Load the image
    image = Image.open(image_path)
    
    # Detect the number of paintings in the image
    paintings = Text_Detector_Tool.execute(image=image_path, languages=['eng'], detail=0)
    
    return paintings

final_result = answer_riddle('/nfs/data8/liao/wxie/SAT/SAT_images_train/7813_0.png')
print(final_result)


============================== END ==============================


[Exctuion Failed]

Object_Detector_Tool.execute() missing 1 required positional argument: 'self'
code: 

from object_detector import Object_Detector_Tool
detected_objects = Object_Detector_Tool.execute(image='path/to/image.png', labels=['baseball', 'basket'], save_object=True, saved_image_path='detected_objects')

final_result = len(detected_objects['baseball']) + len(detected_objects['basket'])


============================== END ==============================


[None RESULT]


[Successful Execution but Get None RESULT]
[EXEC CODE]



============================== END ==============================

