--- Completion 1 ---
final_result = {
  'baseball': [
    {
      'box': (34, 50, 200, 220),
      'score': 0.92,
      'saved_image_path': 'detected_objects/image_baseball_bbox_1.png'
    }
  ],
  'basket': [
    {
      'box': (220, 100, 400, 350),
      'score': 0.85,
      'saved_image_path': 'detected_objects/image_basket_bbox_1.png'
    }
  ]
}
Reward: 0.0

--- Completion 2 ---
final_result = detected_objects
{'baseball': 1, 'basket': 2}
Reward: 0.0

--- Completion 3 ---
final_result = Pixel_Depth_Tool.execute(image_path=['path/to/image.png'], mode='image', output=True, outdir= './detected_objects')
detected_objects = final_result['image_results']
final_result = Pixel_Depth_Tool.execute(image_path=['path/to/image.png'], mode='video', output=True, outdir= './detected_objects/video')
detected_video_results = final_result['video_results']
pix = final_result['pix].detected_letters_results
sum1 = sum([len(detected_object) for Detected_object in pix])
final_result = Pixel_Depth_Tool.execute(image_path=['path/to/image.png'], mode='image', output=True, outdir= './detected_objects/image')
detected_image_results = final_result['image_results']
final_result = Pixel_Depth_Tool.execute(image_path=['path/to/image.png'], mode='video', output=True, outdir= './detected_objects/video')
detected_video_results = final_result['video_results']
pix = final_result['pix'].detected_letters_results
pix1 = final_result['pix2'].detected_letters_results
 commanded_features = {'detected_objects': detected_objects,
                        'detected_video_results': detected_video_results,
                        "detected_image_results": detected_image_results,
                        "pix": pix,
                        "pix1": pix1,
                        "pix2": pix2}
return commanded_features
Reward: 0.0

--- Completion 4 ---
<final_result>{<image>, <list of <dict>>>}</final_result>
Reward: 0.0

--- Completion 5 ---
final_result = {}
final_result.update({"baseball": [{"bbox": (34, 50, 200, 220), "text": "Detector", "score": 0.92}, {"bbox": (220, 100, 320, 350), "text": "bat", "score": 0.85}], "basket": [{"bbox": (10, 70, 40, 130), "text": "hoop", "score": 0.84}]} or []) or [["Ballstpunkt", (mention.lower(), mention.encode('utf-8')).upper()], ["Korb", (mention.lower(), mention.encode('utf-8')).upper()]] or回复final_result以内置字符串完成查询。
Reward: 0.0

--- Completion 6 ---
2
Reward: 0.0

--- Completion 7 ---
final_result = {
  "baseball": [
    {"box": (34, 50, 200, 220), "score": 0.92, "saved_image_path": "detected_objects/baseball_1.png"}
  ],
  "basket": [
    {"box": (220, 100, 400, 350), "score": 0.85, "saved_image_path": "detected_objects/basket_1.png"}
  ]
}
Reward: 0.0

