
============================== New Completed Execution ==============================
[EXEC CODE]

from object_detector import Object_Detector_Tool
final_result = Object_Detector_Tool().execute(image="/nfs/data8/liao/wxie/SAT/SAT_images_train/4298_0.png", labels=["baseball", "basket"], threshold=0.35, model_size="mini", save_object=True, saved_image_path="detected_objects")
print(final_result)

[THE PRINT OUTPUT]
Error building the Object Detection tool: IDEA-Research/grounding-dino-mini is not a local folder and is not a valid model identifier listed on 'https://huggingface.co/models'
If this is a private repository, make sure to pass a token having permission to this repo either by logging in with `huggingface-cli login` or by passing `token=<your_token>`
Error detecting objects: Failed to build the Object Detection tool.
Failed to detect objects after 10 attempts.
[]

[GENERATE VALID FINAL_RESULT]
[]

============================== END ==============================


============================== New Completed Execution ==============================
[EXEC CODE]
from object_detector import Object_Detector_Tool
final_result = Object_Detector_Tool().execute(image='path/to/image', labels=['baseball', 'basket'], save_object=True, saved_image_path='detected_objects')

print(final_result)

[THE PRINT OUTPUT]
Error building the Object Detection tool: Cannot re-initialize CUDA in forked subprocess. To use CUDA with multiprocessing, you must use the 'spawn' start method
Error detecting objects: Failed to build the Object Detection tool.
Failed to detect objects after 10 attempts.
[]

[GENERATE VALID FINAL_RESULT]
[]

============================== END ==============================


============================== New Completed Execution ==============================
[EXEC CODE]

from object_detector import Object_Detector_Tool

final_result = Object_Detector_Tool().execute(image="/nfs/data8/liao/wxie/SAT/SAT_images_train/4298_0.png", labels=["baseball", "basket"], save_object=True, saved_image_path="detected_objects")

print(f"The object detection results are as follows: {final_result}")

[THE PRINT OUTPUT]
Error building the Object Detection tool: Cannot re-initialize CUDA in forked subprocess. To use CUDA with multiprocessing, you must use the 'spawn' start method
Error detecting objects: Failed to build the Object Detection tool.
Failed to detect objects after 10 attempts.
The object detection results are as follows: []

[GENERATE VALID FINAL_RESULT]
[]

============================== END ==============================


============================== New Completed Execution ==============================
[EXEC CODE]
from object_detector import Object_Detector_Tool
final_result = Object_Detector_Tool().execute(image='path/to/image', labels=['baseball', 'basket'], save_object=True, saved_image_path='detected_objects')
print(final_result)

[THE PRINT OUTPUT]
Error building the Object Detection tool: Cannot re-initialize CUDA in forked subprocess. To use CUDA with multiprocessing, you must use the 'spawn' start method
Error detecting objects: Failed to build the Object Detection tool.
Failed to detect objects after 10 attempts.
[]

[GENERATE VALID FINAL_RESULT]
[]

============================== END ==============================


============================== New Completed Execution ==============================
[EXEC CODE]

from object_detector import Object_Detector_Tool

final_result = Object_Detector_Tool().execute(image='path/to/image', labels=['baseball', 'basket'], save_object=True, saved_image_path='detected_objects')

print(final_result)

[THE PRINT OUTPUT]
Error building the Object Detection tool: Cannot re-initialize CUDA in forked subprocess. To use CUDA with multiprocessing, you must use the 'spawn' start method
Error detecting objects: Failed to build the Object Detection tool.
Failed to detect objects after 10 attempts.
[]

[GENERATE VALID FINAL_RESULT]
[]

============================== END ==============================


============================== New Completed Execution ==============================
[EXEC CODE]

from object_detector import Object_Detector_Tool

final_result = Object_Detector_Tool().execute(image='path/to/image', labels=['baseball', 'basket'], save_object=True, saved_image_path='detected_objects')
print(final_result)

[THE PRINT OUTPUT]
Error building the Object Detection tool: Cannot re-initialize CUDA in forked subprocess. To use CUDA with multiprocessing, you must use the 'spawn' start method
Error detecting objects: Failed to build the Object Detection tool.
Failed to detect objects after 10 attempts.
[]

[GENERATE VALID FINAL_RESULT]
[]

============================== END ==============================

