
============================== New Completed Execution ==============================
[EXEC CODE]
final_result = "1 CounterTop is visible in the scene." 
[THE PRINT OUTPUT]

[GENERATE VALID FINAL_RESULT]
1 CounterTop is visible in the scene.

============================== END ==============================


============================== New Completed Execution ==============================
[EXEC CODE]
final_result = "1"

[THE PRINT OUTPUT]

[GENERATE VALID FINAL_RESULT]
1

============================== END ==============================


============================== New Completed Execution ==============================
[EXEC CODE]
final_result = "1"

[THE PRINT OUTPUT]

[GENERATE VALID FINAL_RESULT]
1

============================== END ==============================


============================== New Completed Execution ==============================
[EXEC CODE]
final_result = "1 CounterTops are visible in the scene"

[THE PRINT OUTPUT]

[GENERATE VALID FINAL_RESULT]
1 CounterTops are visible in the scene

============================== END ==============================


============================== New Completed Execution ==============================
[EXEC CODE]
final_result = "1"
[THE PRINT OUTPUT]

[GENERATE VALID FINAL_RESULT]
1

============================== END ==============================

