--- Completion 1 ---
<command>final_result = "1"
</command>
Reward: 0.5

--- Completion 2 ---
<command>final_result = "1"  # Since there is only one DiningTable in the scene</command>
Reward: 0.5

--- Completion 3 ---
<command>final_result = "1"</command>
Reward: 0.5

--- Completion 4 ---
<command>import object_detector
final_result = "1"
</command>
Reward: 0.5

--- Completion 5 ---
<command>final_result = "1"
</command>
Reward: 0.5

--- Completion 6 ---
<command>final_result = "1"
</command>
Reward: 0.5

