
[QAid]5560_0

[Code Extraction Failed or Parse Failed]

No Python code block found in completion.

Completion Content: 
<noreturn>
def object_detector(image_path):
    return {"detected_objects": object_detector_tool.execute(image_path, labels=["baseball", "basket"]), "object_number": object_detector_tool.execute(image_path, labels=["baseball", "basket"], save_object=True, saved_image_path="detected_objects")}

object_detector("5560_0.png")
</noreturn>
============================== END ==============================


[QAid]5560_0

[Code Includes Tools Usage]
code: 

from object_detector_tool import Object_Detector_Tool

# Assuming the image path is 'path/to/image' and the required labels are ['baseball', 'basket'] for this example.
object_labels = ['baseball', 'basket']
detect_image = "/nfs/data8/liao/wxie/SAT/SAT_images_train/5560_0.png"

# Function to convert the returned list of labels to a dictionary of counts.
def count_labels(labels, object_labels):
    labels_dict = {}
    object_count = 0

    for label in object_labels:
        if label in labels:
            label_count = labels.count(label)
            labels_dict[label] = label_count
            object_count += 1

    return labels_dict, object_count

# Detect objects in the image.
detected_objects, object_count = Object_Detector_Tool.execute(image=detect_image, labels=object_labels)

# Extract the number of detected objects.
num_objects = object_count

# Now count each object label.
labels_count_dict = count_labels(labels=detected_objects, object_labels=object_labels)

# Generate the Python program.
python_program_output = f"final_result : {detected_objects}, {detect_object_count}: {labels_count_dict}"

# Print the final result.
print(final_result)

============================== END ==============================


[QAid]5560_0

[Code Extraction Failed or Parse Failed]

invalid syntax (<unknown>, line 1)

Completion Content: 
<command>from_module: 'object_detector', import_name: 'Object_Detector_Tool'</command>
============================== END ==============================


[QAid]5560_0

[Code Extraction Failed or Parse Failed]

invalid syntax (<unknown>, line 13)

Completion Content: 
<command>
from tool_module_name import *
from text_detector_tool import *
import_image_path = "path/to/image"
image_languages = ["English", "German"]
detail = 0

result = text_detector_tool.execute(image=image, languages=image_languages, detail=detail)
final_result = []
for block in result:
    if block[4] > 0.5:
        block_text = ' '.join(block[2][:block[0][2] - len(' '.join(block[5]))])
        final_result.append([ [[], block[2], 0.5, block_text], ..])

if not final_result:
    final_result.append([[[]]])

print(final_result)
</command>
============================== END ==============================


[QAid]5560_0

[Code Extraction Failed or Parse Failed]

invalid syntax (<unknown>, line 1)

Completion Content: 
<command>from_tool_module import Object_Detector_Tool
from_tool_module import Text_Detector_Tool

final_result = []

# Detect baseball and basket
result_ball = ([
    [[(220, 30), (500, 220), (445, 360), (260, 420)], "baseball", 0.95],
    [[(230, 100), (500, 330), (345, 470), (380, 520)], "basket", 0.99]
])

# Text detection in Image
detected_text = text_detector_tool.execute(image='path/to/image', languages=['de'])

for block in detected_text:
    if block[0]['recognition'] == 'Text':
        final_result.append({
            "box": block[0]['bbox2d'],
            "text": block[0]['recognition'],
            "score": block[0]['confidence']
        })

print(final_result)

# Generate text for drawing and save it
from_tool_module.generate_image(final_result, "baseball_or_basket.png")

# Generate object number for drawing and save it
from_tool_module.generate_object_number(final_result, "baseball_or_basket.png", "number.png")
</command>
============================== END ==============================


[QAid]5560_0

[Code Includes Tools Usage]
code: 

from object_detector_tool import Object_Detector_Tool

def count_dressers(image_path, object_labels=('bed', 'dresser'), conf_threshold=0.8, model_size="tiny"):
    detected_objects = {}
    object_number = {}
    
    for label in object_labels:
        detected_objects[label] = []
        object_number[label] = 0
        
        for image_str in object_labels:
            object_detector_tool = Object_Detector_Tool()
            detected_objects[label].append(object_detector_tool.execute(image=image_path, labels=[label], threshold=conf_threshold, model_size=model_size)["detected_objects"])
            object_number[label] += len(detected_objects[label])
            
    return detected_objects, object_number

count_dresser_1, dressers_count = count_dressers("/path/to/image.jpg")
dressers_count, detected_objects_dressers = count_dressers("/path/to/basket_image.jpg")
dressers, count_dressesers = count_dressers("/path/to/baseball_image.jpg")
detecting_dressers = detected_objects_dressers["baseball"]
for dressers_label, detected_items in detecting_dressers.items():
    dressers_count[dressers_label] += len(detected_items)

final_result = {
  "dresses": dressers_count,
  "detected_objects_dressers": (dressers_count, detected_objects_dressers)
}

============================== END ==============================

