
[EXECUTION EXCEPTION]
Object_Detector_Tool.execute() missing 1 required positional argument: 'labels'
code:from object_detector import Object_Detector_Tool

# Load the image
image_path = "/home/stud/wxie/BLINK_Dataset/Counting/val/images/val_Counting_101_image_1.jpg"
object_detector_tool = Object_Detector_Tool()
detected_objects, object_number = object_detector_tool.execute(image=image_path, save_object=True)
labels = detected_objects["detected_objects"]
total_count = object_number["detected_objects"]


print(final_result)

[EXECUTION EXCEPTION]
Object_Detector_Tool.execute() missing 1 required positional argument: 'self'
code:from object_detector import Object_Detector_Tool

# Load the image file
image_path = "/home/stud/wxie/BLINK_Dataset/Counting/val/images/val_Counting_101_image_1.jpg"

# Define the labels to detect
labels = ["baseball", "basket"]

# Set the confidence threshold
threshold = 0.45

# Set the model size
model_size = "tiny"

# Set the save object flag
save_object = True

# Execute object detection
detected_objects, object_number = Object_Detector_Tool.execute(image=image_path, labels=labels, threshold=threshold, model_size=model_size, save_object=True, saved_image_path="detected_objects")

# Count the objects by label
objects_count = {}

for label in detected_objects:
    if label not in objects_count:
        objects_count[label] = 0
    objects_count[label] += detected_objects[label]

final_result = "E"

print("Number of red buildings: ", objects_count)
if sum(objects_count.values()) == 0:
    final_result = "B"
elif sum(objects_count.values()) == 1:
    final_result = "D"
else:
    final_result = "C"

print(final_result)

[EXECUTION EXCEPTION]
name 'object_detector_tool' is not defined
code:# Import the object detection tool
from_object_detector_tool = object_detector_tool.Object_Detector_Tool()

# Specify the image path and other parameters
image_path = "/home/stud/wxie/BLINK_Dataset/Counting/val/images/val_Counting_101_image_1.jpg"
labels = ["baseball", "basket"]
threshold = 0.45
model_size = "tiny"
save_object = True
saved_image_path = "detected_objects"

# Detect the 'baseball' and 'basket' labels in the image
result, object_number = from_object_detector_tool.execute(image_path=image_path, labels=labels, save_object=save_object, threshold=threshold, model_size=model_size)

# The result is a tuple containing the detected objects and their counts
# Extract the detected objects
detected_objects = result['results'][0]['image_paths'][0]

# Now you can process detected objects (e.g., for the question)
detected_objects

[EXECUTION EXCEPTION]
Object_Detector_Tool.execute() missing 1 required positional argument: 'self'
code:from object_detector import Object_Detector_Tool

# Specify the threshold and model size based on available tools
threshold = 0.45
model_size = "tiny"

# Execute the object detection tool on the image
object_counter = Object_Detector_Tool.execute(image="wxie/BLINK_Dataset/Counting/val/images/val_Counting_101_image_1.jpg", labels=["clock"], threshold=threshold, model_size=model_size)

# Generate a dictionary containing count per object
count_dict = object_counter["output_types"][0]["detected_objects"][0][0]["boxes"]

print(f"Count of red buildings: {count_dict}")

[EXECUTION EXCEPTION]
not enough values to unpack (expected 2, got 0)
code:from object_detector import Object_Detector_Tool

# Load the image
object_detector_tool = Object_Detector_Tool()
image_path = "/home/stud/wxie/BLINK_Dataset/Counting/val/images/val_Counting_101_image_1.jpg"

# Detect the objects and count them
detected_objects, object_number = object_detector_tool.execute(image=image_path, labels=["baseball", "basket"])


# Determine the result
final_result = "The object 'baseball' was detected 1 time."
if object_number == 1:
    final_result = "The object 'basket' was detected 0 times."
else:
    final_result = "The object 'baseball' was detected 1 time."

# Display the result
print(final_result)
