--- Completion 1 ---
final_result
Reward: 0.0

--- Completion 2 ---
final_result
= Output_objects = final_result
Reward: 0.0

--- Completion 3 ---
final_result
Reward: 0.0

--- Completion 4 ---
final_result
Reward: 0.0

--- Completion 5 ---
final_result = "1"
<command>
from object_detector import Object_Detector_Tool

tool_config = {
    "label_to_save": "baskets",
    "save_objects_to_path": "/tmp",
    "labels": ["baseball", "basket"],
    "conf_threshold": 0.35,
    "model_size": "tiny",
    "save_objects": True,
    "save_object_directory_path": "/tmp"
}

result = Object_Detector_Tool.execute(image="/nfs/data8/liao/wxie/SAT/SAT_images_train/8997_0.png", labels=result, save_object=True, saved_image_path="detected_objects")
Reward: 0.0

--- Completion 6 ---
To determine how many Shelves Units are visible in the scene, we can use the `Object_Detector_Tool` and analyze the bounding box coordinates.
We need to set the tool with the required parameters and execute it with the image path.
final_result: "1"
Reward: 0.0

