
[EXECUTION EXCEPTION]
name 'Text_Detector_Tool' is not defined
code: 
results = Text_Detector_Tool.execute(image='path/to/image.jpg')
for result in results:
    if "kumquat" in result[2]:
        num_kumquat = len(result)
        final_result = f"2"
        break

if final_result == 'E':
    print("There is no 'kumquat' text detected in the image.")
else:
    print(f"Number of 'kumquat' signs found: {final_result}")

============================== END ==============================

[EXECUTION EXCEPTION]
expected an indented block after 'else' statement on line 11 (<string>, line 12)
code: 
final_result = ""
# First, we need to detect 'kumquat' text in the image using the Text_Detector_Tool
result = Text_Detector_Tool.execute(image='/home/stud/wxie/BLINK_Dataset/Counting/val/images/val_Counting_120_image_1.jpg', languages=['en', 'de'])

# Then, we need to count how many instances of the 'kumquat' text exist in the detected text blocks. We can use a list comprehension to count the occurrences of 'kumquat' in each detected text block.
num_of_kumquats = [len(block[1]) for block in result if 'kumquat' in block[1]]

# We can use the generated Python code to answer the question.
if num_of_kumquats == 2:
	final_result = (B)
else:
final_result = (D)

============================== END ==============================

[EXECUTION EXCEPTION]
Object_Detector_Tool.execute() missing 1 required positional argument: 'self'
code: 
from object_detector import Object_Detector_Tool
final_result = Object_Detector_Tool.execute(image="path/to/image.jpg", labels=["kumquat"], save_object=True)
object_number = final_result['object_number']
print(final_result)
print(object_number)

============================== END ==============================

[EXECUTION EXCEPTION]
Object_Detector_Tool.execute() missing 1 required positional argument: 'self'
code: 
from object_detector import Object_Detector_Tool
final_result = Object_Detector_Tool.execute(image="/home/stud/wxie/BLINK_Dataset/Counting/val/images/val_Counting_120_image_1.jpg", labels=["kumquat"], threshold=0.35, save_object=True, saved_image_path="detected_objects")
print("Number of small signs say 'kumquat' on them:", final_result["object_number"]["kumquat"])

============================== END ==============================

[EXECUTION EXCEPTION]
invalid syntax (<string>, line 1)
code: 
generated python code

============================== END ==============================

[EXECUTION EXCEPTION]
name 'object_detector' is not defined
code: 
def count_num_of_boxes(image_path, labels, languages=[], detail=0):
    tool_module_name = "letter_detector"
    tool_class_name = "Letter_Detector_Tool"
    input_types = {"image": "str"}
    output_types = {"image": "list - A list of detected filtered letters with bounding box coordinates, recognized text, and confidence score."}

    if tool_module_name not in dir(getattr(object_detector, tool_class_name)):
        tool_module_name = "object_detector"

    label = labels[0].lower().replace("_", "-")
    language = languages[0] if languages else input_languages[0]
    params = {"image": image_path, "languages": [language], "detail": detail}

    detected_object = getattr(getattr(object_detector, tool_module_name), tool_class_name)(**params)
    labels_results = detected_object

    result = []
    for letters in labels_results:
        letters_bbx = [[(bbox[0] + 1e-6, bbox[1] + 1e-6), (bbox[2] + 1e-6, bbox[3] + 1e-6)] for bbox in letters[0]]
        result.append([sorted(sorted(item[0]), key=item[0][0]), '' + item[1].upper() + ' ' + str(item[2]), item[3] if item[4].strip() else 'None', letters[0]])
    return result

image_path = "/home/stud/wxie/BLINK_Dataset/Counting/train/images/val_Counting_120_image_1.jpg"
labels = ["bunt", "kiwi", "marionna", "fruitti", "pamia"]
languages = ["ja", "en"]

detected_boxes = count_num_of_boxes(image_path, labels, languages)
final_result = [f"{len(l)}" for l in detected_boxes]
final_result = [int(s) for s in final_result]
print(final_result)

============================== END ==============================

[EXECUTION EXCEPTION]
invalid syntax (<string>, line 1)
code: 
```python
from torch.utils.data import DataLoader

# Load the image path from the image files related to the question
image_path = "/home/stud/wxie/BLINK_Dataset/Counting/val/images/val_Counting_120_image_1.jpg"

# Use the text detector tool to detect text in the image
result = Text_Detector_Tool.execute(image=image_path, languages=['en', 'de'])

# Check if the detection was successful (at least 1 detection)
if len(result) > 0:
    for det in result:
        # Extract bounding box coordinates, recognized text, and confidence score for one detection
        bbox = det[0]
        text = det[1]
        score = det[2]
        # Check if the detected text matches the desired word
        if text.lower() == "kumquat" and score > 0.5:
            # Use the object_detector tool to count the detected objects
            detected_objects = Object_Detector_Tool.execute(image_path, labels=["kumquat"], save_object=True)
            # Print the total number detected objects
            print(f"Total detected objects: {len(detected_objects['baseball'])}")
        else:
            print(f"Text in the image could not be detected: {text}.")
else:
    print("Cannot detect text due to image failure or low confidence.")
```

============================== END ==============================

[EXECUTION EXCEPTION]
Object_Detector_Tool.__init__() takes 1 positional argument but 6 were given
code: 
from object_detector import Object_Detector_Tool
from text_detector import Text_Detector_Tool
from letter_detector import Letter_Detector_Tool

# Define the image path
image_path = "/home/stud/wxie/BLINK_Dataset/Counting/val/images/val_Counting_120_image_1.jpg"

# Create an Object_Detector_Tool to detect the name 'Kumquat'
object_detector = Object_Detector_Tool(image_path, 'kumquat', 0.35, 'tiny', True)

# Create a Text_Detector_Tool to detect the name 'Kumquat'
text_detector = Text_Detector_Tool(image_path)

# Create a Letter_Detector_Tool to detect the name 'Kumquat'
letter_detector = Letter_Detector_Tool(image_path)

# Get the labels and object number for each detected object
labels = object_detector.execute(labels=['kumquat'])
object_number = text_detector.execute(languages=['en'])

# Get the bounding box coordinates, recognized text and confidence score for each detected letter
for result in letter_detector.execute(image_path):
    detected_letters = result[0][0]
    detected_letters_bounding_box = result[0][1][0]
    detected_letters_text = detected_letters[0]
    detected_letters_score = detected_letters[1]

    # Check if the first detected letter is 'Kumquat'
    if detected_letters[0] == 'Kumquat' and detected_letters_score > 0.80:
        letters = [detected_letters[2]]
        objects = object_number[detected_letters[0]]
        total_objects = sum(objects)

        # Create text for the name 'Kumquat' with the correct bounding box
        text = "Kumquat"

        # Calculate the final score
        total_objects = letter_detector.execute(image_path)

        # Output the final result
        final_result = None
if final_result:
    # Process the detected kumquats
    print(final_result)
else:
    print("No detected kumquats.")

============================== END ==============================
