--- Completion 1 ---
Based on the image captions and instruction descriptions, it appears that the required tool is not available in the available tools. Therefore, I am unable to generate Python code that would use these tools to answer the given question. Please let me know if there is anything else I can assist you with.
Reward: 0.0

--- Completion 2 ---
To provide the answer to the question, please execute the Python code first.

Since the Python code for detecting objects in an image is not available, the final result variable cannot be assigned a value.

final_result = 0
Reward: 0.0

--- Completion 3 ---
The given program is a text-based Python program that can be used to generate placeholder 'final_result' variable values based on a specific image's bounding box, text, and language detection outputs.

To generate the final answer, the program will use object_detector tool to detect bounding boxes, text blocks and their recognized texts, and confidence scores along with parameters such as the path to the image file, languages, and depths.

The example Milton Keynes figure Charlotte Newton made in cat modeling茯1, via Pixman+ Frocal.com, video being developed by the first volunteer and International Open Source Image Analysis (IOEAI) 2013 course student postprotein-caline network was introduced. With the help of dictionary language detection, detect tokenizer and recognized text were very important in image text detection. It will be expected only the word-bracket result is needed and as a result, as a python command it will be printed as "word-bracket".
Reward: 0.0

--- Completion 4 ---
final_result = "0 - No TLN code execution was needed."
print(final_result)
Reward: 0.0

--- Completion 5 ---
final_result = await Text_Detector_Tool.execute(image='_path/to/image.png', languages=['en', 'ja'], detail=1)
Reward: 0.0

--- Completion 6 ---
final_result = "Letter_Detector_Tool.execute(image='path/to/image_max.png')"
execute(final_result)
Reward: 0.0

--- Completion 7 ---
final_result = detected_objects
final_result = object_number
final_result = letter_detector
Reward: 0.0

