--- Completion 1 ---
<command>final_result = "1"  # Since there's only one painting in the image
</command>
Reward: 0.5

--- Completion 2 ---
<command>final_result = "1"
</command>
Reward: 0.5

--- Completion 3 ---
<command>import object_detector_tool as od
final_result = "1"
</command>
Reward: 0.5

--- Completion 4 ---
<command>final_result = "1"
</command>
Reward: 0.5

--- Completion 5 ---
<command>final_result = "1"
</command>
Reward: 0.5

--- Completion 6 ---
<command>final_result = '1'  # Assuming only one painting exists
</command>
Reward: 0.5

