
============================== New Completed Execution ==============================
[EXEC CODE]
final_result = "1"
print(final_result)

[THE PRINT OUTPUT]
1

[GENERATE VALID FINAL_RESULT]
1

============================== END ==============================


============================== New Completed Execution ==============================
[EXEC CODE]
final_result = "1 CounterTop"

[THE PRINT OUTPUT]

[GENERATE VALID FINAL_RESULT]
1 CounterTop

============================== END ==============================


============================== New Completed Execution ==============================
[EXEC CODE]
final_result = "1 CounterTop detected."
[THE PRINT OUTPUT]

[GENERATE VALID FINAL_RESULT]
1 CounterTop detected.

============================== END ==============================


============================== New Completed Execution ==============================
[EXEC CODE]
final_result = "1 CounterTop visible."
[THE PRINT OUTPUT]

[GENERATE VALID FINAL_RESULT]
1 CounterTop visible.

============================== END ==============================


============================== New Completed Execution ==============================
[EXEC CODE]
final_result = "1 CounterTops are visible in the scene."
[THE PRINT OUTPUT]

[GENERATE VALID FINAL_RESULT]
1 CounterTops are visible in the scene.

============================== END ==============================


============================== New Completed Execution ==============================
[EXEC CODE]
final_result = "1 CounterTops"

[THE PRINT OUTPUT]

[GENERATE VALID FINAL_RESULT]
1 CounterTops

============================== END ==============================

