
[EXECUTION EXCEPTION]
invalid syntax (<string>, line 1)
code:Load the image data and apply the object detection model to extract the person objects.

[None RESULT]


[EXECUTION EXCEPTION]
not enough values to unpack (expected 2, got 0)
code:# Step 1: Import the object_detection tool
from object_detector import Object_Detector_Tool

# Step 2: Set up the image path and relevant parameters
image_path = "/home/stud/wxie/BLINK_Dataset/Counting/val/images/val_Aug2014_15_images_1-29_val_Counting_59_image_1.jpg"
labels = ["baseball", "basket"]
threshold = 0.45
model_size = "tiny"

# Step 3: Call the object_detection function to process the image
detected_objects_result, object_counts = Object_Detector_Tool.execute(image_path, labels, threshold, model_size, save_object=True, saved_image_path="detected_objects")

[EXECUTION EXCEPTION]
list indices must be integers or slices, not str
code:from object_detector import Object_Detector_Tool

# Path to the image
image_path = "/home/stud/wxie/BLINK_Dataset/Counting/val/images/val_Counting_59_image_1.jpg"

# Detect basketball and baseball
object_detector_tool = Object_Detector_Tool()
object_result = object_detector_tool.execute(image_path, labels=["basketball", "baseball"], save_object=True)

# Get the labels and count
labels = next(iter(object_result['output']))['labels']
label_counts = {label: next(iter(object_result['output'][label]))['count'] for label in labels}

final_result = {'basketball': label_counts['basketball'] / len(labels), 'baseball': label_counts['baseball'] / len(labels)}

final_result

[EXECUTION EXCEPTION]
Object_Detector_Tool.__init__() got an unexpected keyword argument 'image'
code:from object_detector import Object_Detector_Tool
import numpy as np
threshold = 0.45  # Confidence threshold for detection

final_result = False
count = {}  # To keep track of detected objects'

image_path = "/home/stud/wxie/BLINK_Dataset/Counting/val/images/val_Counting_59_image_1.jpg"
labels = ["baseball", "basket"]  # List of object labels to detect ('baseball' and 'basket')

object_dector = Object_Detector_Tool(image=image_path, labels=labels, threshold=threshold, model_size="tiny", save_object=True)

if object_dector is not False:
    detected_objects = object_dector.execute()
    count = object_dector.output_types
  
    if count is not [] and count['baseball'] is not None:
        final_result = count['baseball'] - 1  # Subtract 1 to get the number of detected 'baseball' objects
        final_result = final_result[total_object_count]
        
    if count is not [] and count['basket'] is not None:
        final_result = count['basket'] - 1  # Subtract 1 to get the number of detected 'basket' objects
        final_result = final_result[total_object_count]

[EXECUTION EXCEPTION]
invalid syntax (<string>, line 1)
code:<code>
    # Import necessary modules
    from object_detector import Object_Detector_Tool

    # Specify parameters
    labels = ["baseball", "basket"]  # Basketball and Baseball labels
    threshold = 0.45  # Confidence threshold for detection
    model_size = "tiny"  # Model size to use
    save_object = True  # Save detected objects as images
    saved_image_path = "detected_objects"

    # Load image
    image_path = "/home/stud/wxie/BLINK_Dataset/Counting/val/images/val_Counting_59_image_1.jpg"
    object_detector = Object_Detector_Tool(image_path=image_path, labels=labels, model_size=model_size)
    detected_objects = object_detector.execute()

    final_result = {}
    num_baseball = 0
    num_basket = 0
    for label_value in detected_objects:
      if label_value["label"] == "baseball" or label_value["label"] == "basket":
        if label_value["label"] == "baseball":
          num_baseball += 1
        else:
          num_basket += 1

    # Check if need to save the detected objects
    if save_object:
      # Save the detection results as images
      image_name = "detected_objects/{0}.jpg".format(label_value["id"])
      object_detector.save(image_name)

    final_result["num_baseball"] = num_baseball
    final_result["num_basket"] = num_basket

    return final_result
  </code>
