
[Exctuion Failed]

Object_Detector_Tool.execute() missing 1 required positional argument: 'self'
code: 

from object_detector import Object_Detector_Tool

# Input image
image_path = '/nfs/data8/liao/wxie/SAT/SAT_images_train/6982_0.png'

# Detect and count the number of baseballs and basketballs in the image
result = Object_Detector_Tool.execute(image=image_path, labels=['baseball', 'basket'], save_object=True, saved_image_path='detected_objects')

# Final result
final_result = {"object_number": {"baseball": result[0][2][1], "basket": result[1][2][1]}, "object_counts": {"total baseballs": result[0][2][1], "total basketballs": result[1][2][1]}}
print("Final result:")
print("Number of detected baseballs:", final_result["object_number"]["baseball"])
print("Number of detected basketballs:", final_result["object_number"]["basket"])
print("Total number of detected objects:", final_result["object_counts"]["total baseballs"] + final_result["object_counts"]["total basketballs"])


============================== END ==============================


[Exctuion Failed]

Object_Detector_Tool.execute() missing 1 required positional argument: 'self'
code: 

from object_detector import Object_Detector_Tool

generated_lines = Object_Detector_Tool.execute(image=None, labels=['table', 'dining'], save_object=True, saved_image_path="table")
detected_objects = generated_lines['object_number']
dining_tables = [label for label, values in detected_objects['baseball'].items() if label.startswith('dining')]
table_count = len(dining_tables)

final_result = table_count


============================== END ==============================


[Exctuion Failed]

invalid syntax (<string>, line 2)
code: 

```python
from object_detector import Object_Detector_Tool

def count_dining_tables(image_path):
    detected_objects = Object_Detector_Tool.execute(image_path, ["dining_table"])
    object_number = {"dining_table": 0}
    for det in detected_objects:
        object_number[det["label"]] = object_number.get(det["label"], 0) + 1
    return object_number
```

final_result = count_dining_tables('/nfs/data8/liao/wxie/SAT/SAT_images_train/6982_0.png')
print("Number of dining tables:", final_result)
```vbnet
Number of dining tables: 1
```


============================== END ==============================

