
============================== NEW EXECUTION ==============================

[EXECUTION EXCEPTION]
invalid syntax (<string>, line 1)
code:```python

from object_detector import Object_Detector_Tool

# Define the image path
image_path = '/home/stud/wxie/BLINK_Dataset/Counting/val/images/val_Counting_60_image_1.jpg'

# Create an Object_Detector_Tool instance with the model size set to 'tiny'
tool_instance = Object_Detector_Tool(image_path, model_size='tiny')

# Detect objects in the image
labels_result = tool_instance.execute()

# Count the detection dictionaries for each object detected in the image
total_count = len(labels_result)

# Assuming 'baseball' and 'basket' are the objects detected in the image
basket_count = label_count_dict['baseball']['count']
baseball_count = basketball_count_dict['basket']['count']

# Calculate the total number of sandwiches
total SANDWICH_COUNT = baseball_count + basket_count

total_count, total SANDWICH_COUNT
```

============================== NEW EXECUTION ==============================

[EXECUTION EXCEPTION]
Object_Detector_Tool.execute() missing 1 required positional argument: 'self'
code:from object_detector import Object_Detector_Tool

# Sample image path
sample_image_path = '/home/stud/wxie/BLINK_Dataset/Counting/val/images/val_Counting_60_image_1.jpg'

# Function to print object detection results for 'baseball' and 'basket'
def print_detections(image, labels=['baseball', 'basket'], save_object=True, saved_image_path='detected_objects'):
    # Detect objects and save detection results
    detected_object_result = Object_Detector_Tool.execute(image=image, labels=labels, save_object=save_object, saved_image_path=saved_image_path)
    
    # Output object detection results
    print("Labels Detected:")
    for label, count in detected_object_result['output_type'][0]:
        print(f'{label}: {count}')
    
    return detected_object_result

# Call the function and use the final_result variable to get the answer
final_result = print_detections(sample_image_path)

============================== NEW EXECUTION ==============================

[EXECUTION EXCEPTION]
'Object_Detector_Tool' object has no attribute 'load_image'
code:from object_detector import Object_Detector_Tool

# Define the image file path
image_path = '/home/stud/wxie/BLINK_Dataset/Counting/val/images/val_Counting_60_image_1.jpg'

# Load the image
object_detector_tool = Object_Detector_Tool()
labels = ['sandwich', 'lettuce leaf', 'tomato']
image = object_detector_tool.load_image(image_path)

# Detect boxes for objects
boxes = object_detector_tool.detect_objects(image, labels, threshold=0.45, model_size='tiny', save_object=True, saved_image_path='detected_objects')

# Count the total number of detected objects
total_counts = objectDetector_Tool.count_classes(image, boxes=boxes)

# Extract the sandwich box from the list of boxes
sandwich_boxes = [bbox for bbox in boxes if 'sandwich' in bbox['label']]

# Check if there are sandwich boxes
if sandwich_boxes:
    # Calculate the number of sandwich boxes
    sandwich_count = len(sandwich_boxes)

    # Calculate the total number of sandwiches
    total_count = total_counts['sandwich']
else:
    sandwich_count = 0
    total_count = 0

final_result = sandwich_count  # Update the final result (number of sandwiches)

============================== NEW EXECUTION ==============================

[EXECUTION EXCEPTION]
name 'object_detector' is not defined
code:from object_detector import Object_Detector_Tool
import numpy as np

def count_lunch_bread_plates() -> int:
    image_path = "/home/stud/wxie/BLINK_Dataset/Counting/val/images/val_Counting_60_image_1.jpg"
    label_data = []
    final_result = []

    # Load the image
    with object_detector.ImageReader(image_path) as image_ref:
        image = image_view(image_ref)

        # Detect and analyze sandwich labels
        sandwich_labels = detect_labels_for_image(image)
        sandwich_distribution = count_sandwiches_in_area(sandwich_labels)
        label_data = sandwich_distribution

        # Sum up the sandwich labels
        total_sandwich_count = sum(label_data.values())

        # Determine how many plates holding sandwiches
        plates_with_sandwiches = total_sandwich_count // 4  # Assuming sandwiches on plates

        final_result.append(plates_with_sandwiches)

    return final_result

def count_sandwiches_in_area(label_locations):
    sandwich_count = 0
    for location in label_locations:
        for sandwich_shape in sandwich_shapes:
            for i in range(4):
                if sandwich_shape is sandwich_shapes[i]:
                    sandwich_count += 1

    return sandwich_count / 4
  
def sandwich_shapes():
    # Example sandwich shapes
    sandwich_shapes.append(["sandwich"])  # Example shape - [type, width, height]

    return sandwich_shapes

def detect_labels_for_image(image):
    labels = []
    for (r, i) in itertools.groupby(image, key=lambda pixel: pixel[0] > pixel[1]):
        labels.append(tuple((int(pixel[1] - float(x)) for x in pixel if x > i)))
    return labels

def image_view(image_ref):
    _, image = image_ref.read_single_image_with_interpolations()
    return image_view(image, width=640, height=480)

# Call the function
final_result = count_lunch_bread_plates()
final_result

============================== NEW EXECUTION ==============================

[EXECUTION EXCEPTION]
invalid syntax (<string>, line 9)
code:from object_detector import Object_Detector_Tool

# Path to the image (not specified in the question, assuming the image is in the right path).
# Image_path = "/home/stud/wxie/BLINK_Dataset/Counting/val/images/val_Counting_60_image_1.jpg"
# Uncomment the following lines to include the path to the image in the code.

# List of object labels to detect
objects_to_dete
<!-- The labels list should include "baseball" and "basket" corresponding to sandwiches -->

# Confidence threshold for detection
confidence_threshold = 0.45

# Size of the model (default: 'tiny')
model_size = 'tiny'

# Save object images if specified 
save_objects = True

# Path to save the detected object images
saved_image_path = "./detected_objects"

# Execute the tool 
detected_objects, object_number = Object_Detector_Tool.execute(image=Image_path, labels=labels_list, save_object=save_objects, threshold=confidence_threshold, model_size=model_size, saved_image_path=saved_image_path)

all_objects = []

for detected_object in detected_objects:
    for object_name in detected_object:
        all_objects.append(object_name)

total_objects = len(all_objects)

print(f"Total number of objects found: {total_objects}")

============================== NEW EXECUTION ==============================
[EXEC CODE]
def count_sandwiches(image_path):
    # Load model
    detector = Object_Detector_Tool()

    # Load image and convert to RGB for better detection performance
    image = detector.image_path_to_img(image_path)
    resized_image = image_processing.resize_image(image)

    # Detect objects
    objects = detector.detect_objects(resized_image)

    # Count objects
    total_count = 0
    for obj in objects:
        if obj["label"] == "sandwich" or obj["label"] == "sandwiched lunch":
            total_count += obj["count"]

    return total_count
[THE PRINT ALL OUTPUT]

[GENERATE FINAL_RESULT]
None

[None RESULT]


============================== NEW EXECUTION ==============================

[EXECUTION EXCEPTION]
':' expected after dictionary key (<string>, line 8)
code:from object_detector import Object_Detector_Tool

def count_tray_loding(sandwiches):
    trays_sandwiches = {
        'baseball': 0,
        'basket': 0,
        'pizza': 0,
        ... # Add other trays for sandwiches
    }
    total_trays = {}
    trays = {}
    
    for tray in trays_sandwiches.values():
        trays[tray] = 0
    for tray in trays_sandwiches.keys():
        trays_sandwiches[tray] = 0
    
    trays_count = {}
    for tray, count in trays.items():
        trays_sandwiches[tray] += count
        trays[tray] = count
    
    for sandwich, count in sandwiches.items():
        trays_sandwiches[tray] += count
        trays[tray] += count
    
    sandwich_trays = {}
    for tray, count in trays.items():
        trays[tray] = 0
        if tray in trays_sandwiches.keys():
            trays[tray] = trays_sandwiches[tray]
        sandwich_trays[tray] = trays[tray]

    return sandwich_trays
    
sandwiches = {
    'vegetarian_lettuce_basil': 5,
    'ham_birthday': 3,
    ... # Add other sandwiches
}
sandwich_trays = count_tray_loding(sandwiches)

for tray, count in sandwiches.items():
    print(f"{tray}: {count}")

============================== NEW EXECUTION ==============================

[EXECUTION EXCEPTION]
not enough values to unpack (expected 2, got 0)
code:from object_detector import Object_Detector_Tool

# Load image and labels
image_path = "/home/stud/wxie/BLINK_Dataset/Counting/val/images/val_Counting_60_image_1.jpg"  # Replace with actual image path
labels = ['salad', 'carrot', 'bread']
threshold = 0.45
model_size = "tiny"

# Call the object detection tool
detected_objects, object_number = Object_Detector_Tool.execute(image_path, labels, threshold, model_size, save_object=True, saved_image_path="detected_objects")

# Calculate total number of sandwiches (sandwiches = bread + fillings)
total_sandwiches = sum(detected_objects["sandwiches"] + detected_objects["fillings"])  # Add "sandwiches" and "fillings" for total count

# Output: The total number of plates holding sandwiches
final_result = total_sandwiches
