
[EXECUTION EXCEPTION]
invalid syntax (<string>, line 1)
code:<!-- Import the tool -->
from object_detector import Object_Detector_Tool

# Path for the image
image_path = "/home/stud/wxie/BLINK_Dataset/Counting/val/images/val_Counting_68_image_1.jpg"
labels = ["baseball"]
confidence_threshold = 0.45
model_size = "tiny"

# Execute the detection tool
final_result = Object_Detector_Tool.execute(image=image_path, labels=labels, confidence_threshold=confidence_threshold, model_size=model_size, save_object=True, saved_image_path="detected_objects")

[EXECUTION EXCEPTION]
Object_Detector_Tool.execute() missing 1 required positional argument: 'self'
code:from object_detector import Object_Detector_Tool

labels = ["baseball", "basket"]
threshold = 0.45
model_size = "tiny"
save_object = True
saved_image_path = None

image_path = "/home/stud/wxie/BLINK_Dataset/Counting/val/images/val_Counting_68_image_1.jpg"

final_result = Object_Detector_Tool.execute(image=image_path, labels=labels, save_object=save_object, threshold=threshold, model_size=model_size, saved_image_path=saved_image_path)

if final_result:
    print("Detected objects: ", final_result)
else:
    print("No detected objects.")

[EXECUTION EXCEPTION]
list indices must be integers or slices, not str
code:from object_detector import Object_Detector_Tool

filename = '/home/stud/wxie/BLINK_Dataset/Counting/val/images/val_Counting_68_image_1.jpg'
labels = ['baseball', 'basket']

# Detect baseball and basket
tool = Object_Detector_Tool()
detected_bats = tool.execute(image=filename, labels=labels)

n_bats = detected_bats['object_number']

print(f'There are {n_bats} people holding a baseball bat')

============================== NEW SCCESSFUL EXECUTION ==============================
[EXEC CODE]
from object_detector import Object_Detector_Tool

# Load the model
tool = Object_Detector_Tool()

# Execute the tool
detected_objects = tool.execute(image="/home/stud/wxie/BLINK_Dataset/Counting/val/images/val_Counting_68_image_1.jpg", labels=["baseball", "basket"], save_object=True, saved_image_path="detected_objects")

# Print the detected objects
print(detected_objects)
[THE PRINT OUTPUT]
Error building the Object Detection tool: Cannot re-initialize CUDA in forked subprocess. To use CUDA with multiprocessing, you must use the 'spawn' start method
Error detecting objects: Failed to build the Object Detection tool.
Failed to detect objects after 10 attempts.
[]

[GENERATE FINAL_RESULT]
None

[None RESULT]


[EXECUTION EXCEPTION]
invalid syntax (<string>, line 1)
code:&quot;final_result&quot;=Object_Detector_Tool.execute(image="path/to/image.jpg", labels=["baseball", "basket"], save_object=True)

[EXECUTION EXCEPTION]
invalid syntax (<string>, line 1)
code:generated python code

[EXECUTION EXCEPTION]
No module named 'yolov7'
code:from yolov7.models.generalized_ssd import Object_Detector_Tool

object_detector = Object_Detector_Tool()
labels = ["baseball bat"]
threshold = 0.45
save_object = True
saved_image_path = "detected_objects"

# Call the tool to detect and count the baseball bat
result = object_detector.execute(image="/home/stud/wxie/BLINK_Dataset/Counting/val/images/val_counting_68_image_1.jpg", labels=labels, save_object=save_object, threshold=threshold)

# Extract the detected label dictionary
label_dict = result[0]
detected_bat = label_dict["baseball bat"]

# Count the people holding the bat
people_count = labeled_people_count(result[1])

# Final result
final_result = f"{people_count} people are holding a baseball bat."
