
[EXECUTION EXCEPTION]
keyword argument repeated: labels (<string>, line 6)
code:from object_detector import Object_Detector_Tool

final_result = ""
# Load and analyze the image
object_detector_tool = Object_Detector_Tool()
output = object_detector_tool.execute(image="/home/stud/wxie/BLINK_Dataset/Counting/val/images/val_Counting_5_image_1.jpg", labels=["tile"] , threshold=0.5, model_size="tiny", save_object=True, saved_image_path="tile", labels=['tile'])
for labels, items in output:
    if "tile" in labels:
        tile_count = len(items["boxes"])
        final_result = f"({tile_count} colored tiles)"

[None RESULT]


[EXECUTION EXCEPTION]
Object_Detector_Tool.execute() missing 1 required positional argument: 'self'
code:from object_detector import Object_Detector_Tool

final_result = Object_Detector_Tool.execute(image="/home/stud/wxie/BLINK_Dataset/Counting/val/images/val_Counting_5_image_1.jpg", labels=["counting", "sick"], threshold=0.45, model_size="base", save_object=True, saved_image_path="counting_sick")

[EXECUTION EXCEPTION]
Object_Detector_Tool.execute() missing 1 required positional argument: 'self'
code:from object_detector import Object_Detector_Tool

final_result = "A"

# Example: 
detected_objects, object_number = Object_Detector_Tool.execute(image="path/to/image.png",
                             labels=["baseball", "basket"],
                             save_object=True,
                             saved_image_path="detected_objects")

print(f"Detected 'baseball': {detected_objects['baseball']['boxes']} (confidence: {detected_objects['baseball']['confidence_scores']}")
print(f"Detected 'basket': {detected_objects['basket']['boxes']} (confidence: {detected_objects['basket']['confidence_scores']}")
