
[EXECUTION EXCEPTION]
Object_Detector_Tool.execute() got an unexpected keyword argument 'image_path'
code:from object_detector import Object_Detector_Tool

# Setting up the tool
tool = Object_Detector_Tool()

# Reading the image and labels
image_path = "/home/stud/wxie/BLINK_Dataset/Counting/val/images/val_Counting_104_image_1.jpg"
labels = ["baseball", "basket"]

# Detecting objects
result = tool.execute(image_path=image_path, labels=labels, threshold=0.45, model_size="tiny")

# Counting objects
obj_counts = result[1]

# Extracting the number of instances with faces
faced_instances = sum([obj['count'] for obj in obj_counts.values() if obj['label'] == "baseball"])

final_result = faced_instances

print("Number of objects with faces:", final_result)

[EXECUTION EXCEPTION]
No module named 'model_tool'
code:from model_tool import object_detector

def count_signs(image_path):
    labels = ["stop"]  # Assuming only one label exists
    threshold = 0.45
    
    # Load the model
    model = object_detector.load_model('object_detector')
    
    # Run object detection
    outputs = model.run_on_image(image_path, labels=labels, threshold=threshold, model_size='tiny', save_object=False)
    
    # Count the number of signs
    sign_count = len([x for x in outputs['detected']['box'] if x['category'] == 'stop'])
    
    return {'sign_count': sign_count}

image_path = "/home/stud/wxie/BLINK_Dataset/Counting/val/images/val_Counting_104_image_1.jpg"  # Replace with the actual image path
final_result = count_signs(image_path)
print("Sign count:", final_result)
if final_result['sign_count'] > 0:
    print("There are", final_result['sign_count'], "signs on the image.")
else:
    print("No sign detected in the image.")

[EXECUTION EXCEPTION]
type object 'Object_Detector_Tool' has no attribute 'detect_objects'
code:from object_detector import Object_Detector_Tool

# Read the image
image_path = "/home/stud/wxie/BLINK_Dataset/Counting/val/images/val_Counting_104_image_1.jpg"
img = Object_Detector_Tool.detect_objects(image_path)

# Find the sign with the word "STOP"
stop_sign = False
for obj in img['output_types'][0]['detected_objects']:
    if obj['label'] == "STOP":
        stop_sign = True
        break

# Count the signs with faces
num_faces = 0
for obj in img['output_types'][0]['detected_objects']:
    if obj['label'].startswith("face"):
        num_faces += 1

final_result = {"STOP": stop_sign and num_faces == 4}
print(f"Number of signs with faces: {final_result['STOP']}")

[EXECUTION EXCEPTION]
not enough values to unpack (expected 2, got 0)
code:from object_detector import Object_Detector_Tool

# Use the Object_Detector_Tool to analyze the sign images
detector_tool = Object_Detector_Tool()
detected_objects, object_number = detector_tool.execute(image="path_to_image.jpg", labels=["face"], save_object=True, saved_image_path="detected_objects")

# Print the results
print(f"Detected objects: {detected_objects}")
print(f"Total faces detected: {object_number}")

[EXECUTION EXCEPTION]
Object_Detector_Tool.__init__() got an unexpected keyword argument 'labels'
code:from object_detector import Object_Detector_Tool

# Get the path of the image
image_path = "/home/stud/wxie/BLINK_Dataset/Counting/val/images/val_Counting_104_image_1.jpg"

# Initialize the object detector tool with the parameters
object_detector_tool = Object_Detector_Tool(image_path, labels=["baseball", "basket"], threshold=0.45, model_size="tiny", save_object=True, saved_image_path="detected_objects")

# Get the total number of objects detected in the image
object_number = object_detector_tool["output_types"][1]["object_number"]

# Check if there are any faces on the detected objects
has_faces = any(image["labels"] in ["face"] for image in object_detector_tool["output_types"][0]["results"])

# Print the final result
final_result = {"count_of_faces": has_faces}
print(final_result)

[EXECUTION EXCEPTION]
Object_Detector_Tool.execute() got an unexpected keyword argument 'image_path'
code:from object_detector import Object_Detector_Tool

# Read image
image_path = "/home/stud/wxie/BLINK_Dataset/Counting/val/images/val_Counting_104_image_1.jpg"
labels = ["BASEBALL"]

# Initialize object detection tool
tool = Object_Detector_Tool()
tool.labels = labels
tool.threshold = 0.45
tool.model_size = "tiny"
tool.save_object = True
toolsaved_image_path = "detected_objects"

# Detect objects
result = tool.execute(image_path=image_path, labels=labels, save_object=toolsaved_image_path)

# Get results
result_dict = {label[0]: result for key, result in result.items()}
labels, labels_count_dict = result_dict.popitem()
label_count = {label: count for key, count in labels_count_dict.items()}

# Count faces detected
face_count = sum(1 for name in labels if name.startswith("f"))


# Get number of signs with faces
sign_count = 0
for name in labels:
    if name.startswith("AC"):
        sign_count += 1

final_result = {"Faces_detected": face_count, "Signs_with_faces": sign_count}

[EXECUTION EXCEPTION]
not enough values to unpack (expected 2, got 0)
code:from object_detector import Object_Detector_Tool

# Load the object detector tool
tool_detector = Object_Detector_Tool()

# Define the image path
image_path = "/home/stud/wxie/BLINK_Dataset/Counting/val/images/val_Counting_104_image_1.jpg"

# Detect the image using the tool
detected_objects, object_number = tool_detector.execute(image_path, labels=['face'], save_object=True)

# Count the faces detected
face_count = object_number

# Check the count
if face_count == 2:
    final_result = "A"
elif face_count == 3:
    final_result = "B"
else:
    final_result = "C"

# Print the final result
print(final_result)
