
============================== New Completed Execution ==============================
[EXEC CODE]

final_result = "floating black countertop island (highlighted by a green box)"

[THE PRINT OUTPUT]

[GENERATE VALID FINAL_RESULT]
floating black countertop island (highlighted by a green box)

============================== END ==============================


============================== New Completed Execution ==============================
[EXEC CODE]

final_result = "floating black countertop island (highlighted by a green box)"

[THE PRINT OUTPUT]

[GENERATE VALID FINAL_RESULT]
floating black countertop island (highlighted by a green box)

============================== END ==============================


============================== New Completed Execution ==============================
[EXEC CODE]
final_result = "floating black countertop island (highlighted by a green box)"
[THE PRINT OUTPUT]

[GENERATE VALID FINAL_RESULT]
floating black countertop island (highlighted by a green box)

============================== END ==============================


============================== New Completed Execution ==============================
[EXEC CODE]

final_result = "floating black countertop island (highlighted by a green box)"

[THE PRINT OUTPUT]

[GENERATE VALID FINAL_RESULT]
floating black countertop island (highlighted by a green box)

============================== END ==============================


============================== New Completed Execution ==============================
[EXEC CODE]

final_result = "floating black countertop island (highlighted by a green box)"

[THE PRINT OUTPUT]

[GENERATE VALID FINAL_RESULT]
floating black countertop island (highlighted by a green box)

============================== END ==============================


============================== New Completed Execution ==============================
[EXEC CODE]
final_result = "floating black countertop island (highlighted by a green box)"
[THE PRINT OUTPUT]

[GENERATE VALID FINAL_RESULT]
floating black countertop island (highlighted by a green box)

============================== END ==============================


============================== New Completed Execution ==============================
[EXEC CODE]
final_result = "floating black countertop island (highlighted by a green box)"

[THE PRINT OUTPUT]

[GENERATE VALID FINAL_RESULT]
floating black countertop island (highlighted by a green box)

============================== END ==============================


============================== New Completed Execution ==============================
[EXEC CODE]
final_result = "floating black countertop island (highlighted by a green box)"
[THE PRINT OUTPUT]

[GENERATE VALID FINAL_RESULT]
floating black countertop island (highlighted by a green box)

============================== END ==============================

