
[QAid]10386_0

[Code Includes Tools Usage]
code: 

from object_detector import Object_Detector_Tool

final_result = Object_Detector_Tool.execute(image='path/to/image.png',
                                           labels=['baseball', 'basket'],
                                           save_object=True,
                                           saved_image_path='detected_objects')
print(final_result)

============================== END ==============================


[QAid]10386_0

[Code Includes Tools Usage]
code: 

from object_detector import Object_DetectorTool

final_result = Object_DetectorTool.execute()
print(final_result)

============================== END ==============================


[QAid]10386_0

[Code Extraction Failed or Parse Failed]

No Python code block found in completion.

Completion Content: 
<object_detector: object_detector(tool_module_name="object_detector", tool_class_name="Object_Detector_Tool", tool_description="A tool that detects objects in an image using the Grounding DINO model and saves individual object images with empty padding.", tool_version="1.0.0", input_types={'image': 'str - The path to the image file.', 'labels': 'list - A list of object labels to detect.', 'threshold': 'float - The confidence threshold for detection (default: 0.35).', 'model_size': 'str - The size of the model to use ('tiny' or 'base', default: 'tiny'), 'save_object': 'bool - Whether to save the detected objects as images (default: False)', 'saved_image_path': 'str - The path to save the detected object images (default: 'detected_objects')'}, output_types={'tuple': 'tuple - A tuple containing two elements: (1) a dictionary mapping each detected label to a list of detection entries, e.g. {'baseball': [{'box': (x1, y1, x2, y2), 'score': 0.95, 'saved_image_path': 'path/to/saved/image.png'}]}, (2) a dictionary mapping each label to the number of detected objects in the image. e.g. {'baseball': 2, 'basket': 1}'}') object_detector: executed() final_result = executed().pop(('1', '1')).keys() final_result = final_result.pop(('1', '1')).items() print(final_result)
============================== END ==============================


[QAid]10386_0

[Code Extraction Failed or Parse Failed]

f-string: closing parenthesis '}' does not match opening parenthesis '[' (<unknown>, line 12)

Completion Content: 
<command>
import Object_Detector_Tool

final_result = Object_Detector_Tool.execute(image='path/to/image.png', labels=['Desks'], save_object=True, saved_image_path='detected_objects')

# Display the detected objects in the image
for idx, det in enumerate(final_result, 1):
    print(f"Object {idx}")
    for obj in det['baseball']:
        print(f"  {obj['box']} ({obj['score']})")
    for obj in det['basket']:
        print(f"  {[obj['box']} ({obj['score'])}]")

# Check if the detection was successful
if 'detected_objects' in final_result:
    objects = final_result['detected_objects']
    
    total_table = len(objects) - len(objects['baseball']) - len(objects['basket'])
    print(f"Total desks in the image: {total_table}")
else:
    print("Text detection failed.")
</command>
============================== END ==============================


[QAid]10386_0

[Code Includes Tools Usage]
code: 

from object_detector import Object_Detector_Tool

final_result = Object_Detector_Tool.execute(image="/nfs/data8/liao/wxie/SAT/SAT_images_train/10386_0.png", labels=["desk"], save_object=True, saved_image_path="detected_objects")
print(final_result)

============================== END ==============================


[QAid]10386_0

[Code Includes Tools Usage]
code: 

from object_detector import Object_Detector_Tool

final_result = Object_Detector_Tool.execute(image='10386_0.png',
                                          labels=['laptop'],
                                          save_object=True)

print(final_result)

============================== END ==============================

