
[Exctuion Failed]

invalid syntax (<string>, line 1)
code: 
To determine where the Window with respect to the light brown wooden dresser with 10 drawers, you need to use the Pixel Depth Tool to estimate the depth of the dresser and the window.

============================== END ==============================


[Exctuion Failed]

invalid syntax (<string>, line 1)
code: 
```
detected_objects : {"baseball": [{"box": (34, 50, 200, 220), "score": 0.92, "saved_image_path": "detected_objects/image_baseball_1.png"}], "basket": [{"box": (220, 100, 400, 350), "score": 0.85, "saved_image_path": "detected_objects/image_basket_1.png"}]}
```

============================== END ==============================


[Exctuion Failed]

invalid syntax (<string>, line 1)
code: 
<command>import object_detector
(1) final_result = Object_Detector_Tool.execute(image='3604_0.png', labels=['window', 'dresser'], save_object=True)
(2) final_result = [(1, 4, (200, 220)), (2, 9, (0, 210))]

============================== END ==============================


[Exctuion Failed]

invalid syntax (<string>, line 2)
code: 
final_result = "right"
The window is to the left of the light brown wooden dresser with 10 drawers.

============================== END ==============================


[Exctuion Failed]

name 'Object_Detector_Tool' is not defined
code: 
final_result = "right"

# Example usage
detected_objects, object_number = Object_Detector_Tool.execute(image='path_to_image.png', labels=['a', 'ball'], save_object=True, saved_image_path='detected_objects')
if 'baseball' in detected_objects:
  final_result = 'left'
for label, result in detected_objects.items():
  if label == 'baseball':
    print(f"Detected baseball with box ({result[0]}, {result[1]}, {result[2]}, {result[3]})")

if 'basket' in detected_objects:
  final_result = 'right'

# If not found, fall back to Text_Detector_Tool:
if final_result == 'final_result':
  detected_objects = Text_Detector_Tool.execute(image='path_to_image.png', languages=['en'])
  if detected_objects and 'ball' in detected_objects[0]['bbox']:
    final_result = 'left'
  else:
    detected_results = Letter_Detector_Tool.execute(image='path_to_image.png')
    if 'ball' in detected_results[0]['bbox']:
      final_result = 'right'
final_result

============================== END ==============================

