
[Exctuion Failed]

list indices must be integers or slices, not str
code: 

from object_detector import Object_Detector_Tool
import_name = "Object_Detector_Tool"
final_result = Object_Detector_Tool().execute(image="/nfs/data8/liao/wxie/SAT/SAT_images_train/9513_0.png", labels=["baseball", "basket"], save_object=True, saved_image_path="detected_objects")

if final_result["object_number"]["baseball"] == 1:
    print("There is 1 HousePlant detected in the scene.")
elif final_result["object_number"]["basket"] == 2:
    print("There are 0 HousePlants detected in the scene.")
else:
    print("Unknown number of HousePlants detected in the scene.")


============================== END ==============================


[Exctuion Failed]

unexpected indent (<string>, line 4)
code: 

from object_detector import Object_Detector_Tool

 final_result = Object_Detector_Tool().execute(image='path/to/image', labels=['baseball', 'basket'], save_object=True, saved_image_path='detected_objects')

 if not final_result['detected_objects']:
   print("No HousePlants detected in the scene.")
 elif final_result['detected_objects'][0]['box'][1] < 50 or final_result['detected_objects'][1]['box'][1] > 800:
   print("There are fewer than 50 HousePlants present in the space.")
 else:
   print("There are at least 50 HousePlants present in the scene.")
  
 final_result = {
   'detected_objects': final_result['detected_objects'],
   'object_number': {
     'baseball': len(final_result['detected_objects']),
     'basket': 0
   }
}


============================== END ==============================

