
[EXECUTION EXCEPTION]
name 'python' is not defined
code: 
python

============================== END ==============================

[Successful Execution but Get None RESULT]


============================== END ==============================

[EXECUTION EXCEPTION]
No module named 'Object_Detector_Tool'
code: 
from Object_Detector_Tool import Object_Detector_Tool
final_result = "1"

# Load the object detector tool
detector_tool = Object_Detector_Tool()

# Define a list of possible labels to detect
possible_labels = ["red_shirt"]

# Set the confidence threshold and model size
detector_tool.set_configuration(image_file_path="/home/stud/wxie/BLINK_Dataset/Counting/val/images/val_Counting_8_image_1.jpg",
                                 labels=possible_labels,
                                 confidence_threshold_threshold=0.35,
                                 model_size="tiny")

# Detect the labels
labels = detector_tool.execute()

# Count the total number of detected objects in the image
object_number = len(labels)

# If the image has more than 1 possible label, set the count to 1
if object_number > 1:
    object_number = 1

# Determine the color of the first label and check if it is red
for label in labels:
    if label['color'] == "red":
        final_result = "B"
        break

# Output the result
if final_result not in ["B", "A", "C"]:
    print("Error:", final_result)
else:
    print(final_result)

============================== END ==============================

[EXECUTION EXCEPTION]
Object_Detector_Tool.execute() missing 1 required positional argument: 'self'
code: 
from object_detector import Object_Detector_Tool
final_result = Object_Detector_Tool.execute(image="path/to/image.jpg", labels=["red", "cat"], save_object=True)
for det in final_result:
  print(det)

============================== END ==============================

[EXECUTION EXCEPTION]
invalid syntax (<string>, line 1)
code: 
generated python code

============================== END ==============================

[Successful Execution but Get None RESULT]


============================== END ==============================
