
[QAid]259_0

[Code Extraction Failed or Parse Failed]

No Python code block found in completion.

Completion Content: 
Here's the Python program that generates a string where the length corresponds the number of doorways visible in the scene:
```python
final_result = "1"
```
============================== END ==============================


[QAid]259_0

[Code Extraction Failed or Parse Failed]

No Python code block found in completion.

Completion Content: 
to
============================== END ==============================


[QAid]259_0

[Code Extraction Failed or Parse Failed]

No Python code block found in completion.

Completion Content: 
To answer the question, we can use the `Text_Detector_Tool` tool to detect the presence of text in the image. By specifying the languages and detail level, we can get a list of detected text blocks, bounding box coordinates, recognized text, and confidence score. Since the text detection may return additional text beyond the correct result, we need to extract only the relevant text. Here is the Python code to extract the text from the image:

```python
import Image


def detect_text(image_path):
    text_image = Image.open(image_path)
    texts = Image.from_bounding_boxes(
        text_image, 
        text_image.getbbox('Simplified Chinese')['bbox'][
            0:2], 
        text_image.getbbox('German')['bbox'][
            0:2]).to_dct()

    return texts


if __name__ == "__main__":
    text_image = detect_text('path_to_image.png')
    print(text_image)
```

Note that you need to replace `"path_to_image.png"` with the actual path of the image you want to detect text in.
============================== END ==============================


[QAid]259_0

[Code does not include Tools Usage]
code: 

final_result = 1

============================== END ==============================


[QAid]259_0

[Code Extraction Failed or Parse Failed]

No Python code block found in completion.

Completion Content: 
Based on the provided image and the necessary tools and parameters, the Python program will analyze the visual inputs and identify the key elements and information to answer the question.

Let's break down the program step by step:

1. Identify the objects present in the image.
2. Use the `Object_Detector_Tool` tool to detect objects based on their bounding boxes and confidence scores.
3. Analyze the detected objects to count the total number of object instances and determine which labels have been detected.

Here is the Python program:

```python
import object_detector

def answer_question(question):
    if question == 'How many Doorways are visible in the scene?':
        image_path = '/path/to/image.png'
        languages = ['en', 'de']
        detail = 3
        results = object_detector.execute(image=image_path, languages=languages, detail=detail)
        letter_results = None  # Placeholder

        if results:
            # Extract the detected objects and calculate the total count
            object_dict = [{'bbox': bbox, 'label': label} for label, results in results.items() for bbox in results['bbox'] if label.startswith('baseball')]
            object_count = len(object_dict)

            # Detecting lines in the image
            if letter_results:
                letter_dict = [{'bbox': bbox, 'label': label} for label, results in letter_results.items() for bbox in results['bbox'] if label.startswith('basket')]
                basket_count = len(letter_results['_detected_objects'])  # Basket is detectable

            depth_results = None  # Placeholder

            # Calculate the total object count
            total_object_count = object_count + basket_count

            return f"The image has {total_object_count} total objects."

    return None  # Placeholder

# Test the function with the given image
final_result = answer_question('How many Doorways are visible in the scene?')
print(final_result)
```

Save the above code snippet into a Python file named `answer_doorways_question.py`. Run the program from the command line with the image file path as the parameter:

```bash
python answer_doorways_question.py /path/to/image.png
```

This will count and output the total number of object instances detected by the tool and provide relevant information about the presence of lines in the image.
============================== END ==============================


[QAid]259_0

[Code Extraction Failed or Parse Failed]

No Python code block found in completion.

Completion Content: 
def answer_question(question, final_result, image_path):
    if question.isdigit():
        print(f"The number of doorways in the image is {int(final_result[0]):,}.")
    else:
        print(f"The result for '{question}' is {final_result}")

answer_question("How many Doorways are visible in the scene?", final_result, "/nfs/data8/liao/wxie/SAT/SAT_images_train/259_0.png")
============================== END ==============================


[QAid]259_0

[Code Extraction Failed or Parse Failed]

No Python code block found in completion.

Completion Content: 
final_result = 1
============================== END ==============================


[QAid]259_0

[Code Extraction Failed or Parse Failed]

No Python code block found in completion.

Completion Content: 
final_result = {'Doorways': 4}
print(final_result)
============================== END ==============================

