
============================== New Completed Execution ==============================
[EXEC CODE]
final_result = "The number of Windows visible in the scene is 0."
[THE PRINT OUTPUT]

[GENERATE VALID FINAL_RESULT]
The number of Windows visible in the scene is 0.

============================== END ==============================


============================== New Completed Execution ==============================
[EXEC CODE]
final_result = "1"

[THE PRINT OUTPUT]

[GENERATE VALID FINAL_RESULT]
1

============================== END ==============================


============================== New Completed Execution ==============================
[EXEC CODE]
final_result = "2"

[THE PRINT OUTPUT]

[GENERATE VALID FINAL_RESULT]
2

============================== END ==============================


============================== New Completed Execution ==============================
[EXEC CODE]
final_result = "The number of windows visible in the scene is 2."
[THE PRINT OUTPUT]

[GENERATE VALID FINAL_RESULT]
The number of windows visible in the scene is 2.

============================== END ==============================


============================== New Completed Execution ==============================
[EXEC CODE]
final_result = "The number of visible Windows is 0."
[THE PRINT OUTPUT]

[GENERATE VALID FINAL_RESULT]
The number of visible Windows is 0.

============================== END ==============================


============================== New Completed Execution ==============================
[EXEC CODE]
final_result = "0"

[THE PRINT OUTPUT]

[GENERATE VALID FINAL_RESULT]
0

============================== END ==============================

