
[QAid]2632_0

[Code Includes Tools Usage]
code: 

from object_detector import Object_Detector_Tool

final_result = Object_Detector_Tool().execute(image="path/to/image", save_object=False, labels=["DogBed"], threshold=0.35)

============================== END ==============================


[QAid]2632_0

[Code Includes Tools Usage]
code: 

from object_detector import Object_Detector_Tool

final_result = Object_Detector_Tool().execute(image='path/to/image', labels=['DogBed_01', 'DogBed_02'], save_object=True, saved_image_path='detected_objects')

============================== END ==============================


[QAid]2632_0

[Code Includes Tools Usage]
code: 

from object_detector import Object_Detector_Tool

final_result = Object_Detector_Tool().execute(image='path/to_image', labels=['dogbed'], save_object=True, saved_image_path='detected_objects')

============================== END ==============================


[QAid]2632_0

[Code Includes Tools Usage]
code: 

from object_detector import Object_Detector_Tool

final_result = Object_Detector_Tool().execute(image='path/to/image', labels=['DogBed'], save_object=True, saved_image_path='detected_objects')
print(final_result)

============================== END ==============================


[QAid]2632_0

[Code Includes Tools Usage]
code: 

from object_detector import Object_Detector_Tool

final_result = Object_Detector_Tool().execute(image='path/to_image', labels=['dogbed'], save_object=False, saved_image_path='')

============================== END ==============================


[QAid]2632_0

[Code Includes Tools Usage]
code: 

from object_detector import Object_Detector_Tool

final_result = Object_Detector_Tool().execute(image='path/to/image', labels=['DogBed'], save_object=True, saved_image_path='detected_objects')

============================== END ==============================

