
[Exctuion Failed]

No module named 'Object_Detector_Tool'
code: 

from Object_Detector_Tool import Object_Detector_Tool

final_result = Object_Detector_Tool.execute(image='path/to/image.png', labels=['armchair'], save_object=True, saved_image_path='detected_objects')

print("ArmChairs detected:")
for result in final_result:
    if result.get('saved_image_path'):
        print(f"{result.get('label')}: {result.get('count')}")
    else:
        print(f"{result.get('label')}: {result.get('count')}")
    print()



============================== END ==============================


[Exctuion Failed]

No module named 'Object_Detector_Tool'
code: 

from Object_Detector_Tool import Object_Detector_Tool

def count_armchairs(image_path):
    object_tool = Object_Detector_Tool()

    # Detect and count the objects
    result = object_tool.execute(image=image_path, labels=['ArmChair'], threshold=0.35, model_size='tiny')

    # Print the result
    print(result)

image = "/nfs/data8/liao/wxie/SAT/SAT_images_train/4555_0.png"
count_armchairs(image)


============================== END ==============================


[Exctuion Failed]

No module named 'Object_Detector_Tool'
code: 

from Object_Detector_Tool import Object_Detector_Tool, saved_image_path_template

detector = Object_Detector_Tool()
labels = ["baseball"]
threshold = 0.5
save_object = True
saved_image_path = saved_image_path_template("detected_objects")

result = detector.execute(image="../../4555_0.png", labels=labels, threshold=threshold, save_object=save_object, saved_image_path=saved_image_path)
final_result = {
    "detected_objects": {
        "baseball": [{"box": (result["baseball"][0], result["baseball"][1], result["baseball"][2], result["baseball"][3]), "score": result["baseball"][5], "saved_image_path": saved_image_path}]
    },
    "object_number": {
        "baseball": {"1"},
        "basket": {"2"}
    }
}
print(final_result)


============================== END ==============================


[Exctuion Failed]

Object_Detector_Tool.__init__() got an unexpected keyword argument 'labels'
code: 

from object_detector import Object_Detector_Tool

def detect_objects(image_path, labels=None, threshold=0.35, model_size="tiny", save_object=True, saved_image_path="detected_objects"):
    # Generate object detection dictionary
    detector = Object_Detector_Tool(image_path, labels=labels, threshold=threshold, model_size=model_size, save_object=save_object, saved_image_path=saved_image_path)
    
    # Check if saved_object attribute is None
    if detector[0] is not None:
        for obj in detector[0]:
            # Check if the detection object is not None
            if obj['boxes'][0][0] >= 0 and obj['boxes'][0][1] >= 0 and obj['boxes'][1][0] >= 0 and obj['boxes'][1][1] >= 0:
                obj['score'] = round(obj['score']*100, 2)
                
                # Add detected object to the object_detection dictionary
                if detector[0][obj['id']][0] >= 0:
                    obj_detection = obj_detection.setdefault(obj['label'], []).append(detector[0][obj['id']])
                else:
                    obj_detection = obj_detection.setdefault(obj['label'], []).append(None)
        
                # Check if object has been detected before
                if not obj_detection[labels[0]]:
                    detected_objects = {"baseball": [], "basket": []}
                    detected_objects[label].append(obj)
                    detected_objects[label].update({"baseball": sum(1 for object in obj_detection[label if labels else ['basket']] if object[0][5] >= 0.5), "basket": sum(1 for object in obj_detection[label if labels else ['baseball']] if object[0][5] >= 0.5)})
                    
                    # Check if label is present in saved image path
                    if saved_image_path:
                        with open(f"{saved_image_path}_detected_{obj['label']}_{obj['score']}", "w") as file:
                            json.dump(detected_objects[label], file)
                
    return detected_objects

# Example usage
image_path = "/nfs/data8/liao/wxie/SAT/SAT_images_train/4555_0.png"
labels = ["baseball", "basket"]
detected_objects = detect_objects(image_path, labels=labels, save_object=True)
detected_objects


============================== END ==============================

