--- Completion 1 ---
<command>
from object_detector import Object_Detector_Tool

final_result = Object_Detector_Tool.execute(image = "/path/to/directory/2680_0.png", labels = ['CounterTops'], save_object = True, saved_image_path = "")
print(final_result)
</command>
Reward: 1.0

--- Completion 2 ---
<command>
from object_detector import Object_Detector_Tool

final_result = Object_Detector_Tool.execute(image='path/to_image.png',
                                            labels=['baseball', 'basket'],
                                            save_object=True,
                                            saved_image_path='detected_objects')

print(final_result)
</command>
Reward: 1.0

--- Completion 3 ---
<command>
from object_detector import Object_Detector_Tool

final_result = Object_Detector_Tool.execute(image='path/to/image.png', labels=['CounterTops'], save_object=True)
print(final_result)
</command>
Reward: 1.0

--- Completion 4 ---
<command>
from object_detector import Object_Detector_Tool

final_result = Object_Detector_Tool.execute(image='scene_image.png', labels=['couch', 'tv', 'table', 'plant'],
                                          save_object=True)
</command>
Reward: 1.0

--- Completion 5 ---
<command>
from object_detector import Object_Detector_Tool

final_result = Object_Detector_Tool.execute(image='path/to/image.png', labels=['Counter Table'], save_object=True, saved_image_path='detected_objects')

print(final_result)
</command>
Reward: 1.0

--- Completion 6 ---
<command>
from object_detector import Object_Detector_Tool

final_result = Object_Detector_Tool.execute(image="/nfs/data8/liao/wxie/SAT/SAT_images_train/2680_0.png", labels=["countertop"], threshold=0.35, model_size="tiny", save_object=True)

print(final_result)
</command>
Reward: 1.0

