
[EXECUTION EXCEPTION]
Object_Detector_Tool.execute() missing 1 required positional argument: 'self'
code:from object_detector import Object_Detector_Tool

final_result = None

# 1. Convert the image_path to a valid image file
img_path = "/home/stud/wxie/BLINK_Dataset/Counting/val/images/val_Counting_65_image_1.jpg"

# Use Object_Detector_Tool to detect objects
result = Object_Detector_Tool.execute(image=str(img_path), labels=["reponse"], threshold=0.45, model_size="tiny", save_object=True, saved_image_path="detected_objects")

# 2. Check the total count for each detected label
obj_labels = result[0]
obj_count = result[1]

# 3. Determine the total number of red letters on the front of the train
num_red_letters = len([label for label in obj_labels if label.lower() == "reponse" and label.endswith("fe") and label.startswith("f")])

final_result = {"num_red_letters": num_red_letters}
print("The number of red letters on the front of the train is:", final_result)

[EXECUTION EXCEPTION]
Object_Detector_Tool.execute() missing 1 required positional argument: 'self'
code:from object_detector import Object_Detector_Tool

# Initialize the object detector tool
detected_objects = Object_Detector_Tool.execute(image="/home/stud/wxie/BLINK_Dataset/Counting/val/images/val_Counting_65_image_1.jpg", labels=["renfe"], save_object=True, saved_image_path="detected_objects")
final_result = detected_objects[0]['label': 'renfe']
print(f"The number of red letters on the front of the train is {final_result}")

[EXECUTION EXCEPTION]
No module named 'objectDetector_tool'
code:from objectDetector_tool import Object_Detector_Tool

# Use Python Imaging Library (PIL) to load and display the image
# path_to_image = "/home/stud/wxie/BLINK_Dataset/Counting/val/images/val_Counting_65_image_1.jpg"
# img = Image.open(path_to_image)
# img.show()

# Initialize the object detector tool with the path to the image
# and the labels to detect ('baseball', 'basket')
tool = Object_Detector_Tool()
labels = ['baseball', 'basket']

# Perform object detection using the model with the specified size and confidence threshold
detected_objects, object_number = tool.execute(
    image_path="path_to_image",
    labels=labels,
    save_object=True,
    saved_image_path="detected_objects"
)

# Display the results
for detected_object in detected_objects.values():
    print(f"Label: {detected_object['labels']}, Count: {detected_object['object_number']}")

# Find the 'baseball' label's count in the image, which should be 6
baseball_count = detected_objects['baseball']['object_number']
final_result = baseball_count

[EXECUTION EXCEPTION]
'bool' object has no attribute 'lower'
code:from object_detector import Object_Detector_Tool

final_result = []
count = 0
light = False

light = True
if "light1" in light.lower() or "light2" in light.lower():
    light = False
    final_result.append(light)
    count += 1

light = True
if "light3" in light.lower() or "light4" in light.lower():
    light = False
    final_result.append(light)
    count += 1

light = True
if "light5" in light.lower() or "light6" in light.lower():
    light = False
    final_result.append(light)
    count += 1

light = True
if "light7" in light.lower() or "light8" in light.lower():
    light = False
    final_result.append(light)
    count += 1

light = True
if "light9" in light.lower() or "light10" in light.lower():
    light = False
    final_result.append(light)
    count += 1

light = True
if "light11" in light.lower() or "light12" in light.lower():
    light = False
    final_result.append(light)
    count += 1

final_result = {"Renfe": count}

[EXECUTION EXCEPTION]
'return' outside function (<string>, line 19)
code:from object_detector import Object_Detector_Tool

final_result = {"count": 2}

# Call the tool
detected_objects, object_number = Object_Detector_Tool.execute(image="/home/stud/wxie/BLINK_Dataset/Counting/val/images/val_Counting_65_image_1.jpg", labels=["baseball", "basket"], save_object=True, saved_image_path="detected_objects", threshold=0.45)

# Check if the tool detected any objects
if detected_objects:
  # Get the number of detected objects
  object_count = len(detected_objects["object_number"])

  # Add 1 to the number of black objects detected
  count += object_count

  # Update the result dictionary
  final_result["count"] = count

return final_result

[EXECUTION EXCEPTION]
invalid syntax (<string>, line 18)
code:from object_detector import Object_Detector_Tool, detected_objects

# Path to the image
image_path = '/home/stud/wxie/BLINK_Dataset/Counting/val/images/val_Counting_65_image_1.jpg'

# Objects to detect
labels = ["baseball", "basket"]

# Confidence threshold
threshold = 0.45

# Model size (default is 'tiny')
model_size = 'tiny'

# Save detected objects as images
save_object = True

finally:
    # Execute the object detector tool
    detected_objects_result = Object_Detector_Tool.execute(image=image_path, labels=labels, threshold=threshold, model_size=model_size, save_object=save_object)

    # Get the count of each label detected in the image
    label_counts = detected_objects_result[1]

    # Calculate the total number of red letters on the front of the train
    red_letters_count = sum((1 for label, count in label_counts.items() if "baseball" in label))

    final_result = red_letters_count
    print(f"The train has {final_result} red letters on its front.")

[EXECUTION EXCEPTION]
Object_Detector_Tool.execute() missing 1 required positional argument: 'self'
code:from object_detector import Object_Detector_Tool

final_result = {}
detected_objects, object_number = Object_Detector_Tool.execute(image="/home/stud/wxie/BLINK_Dataset/Counting/val/images/val_Counting_65_image_1.jpg", labels=["red"], save_object=True, saved_image_path="detected_objects")

for lab, box, score, image_path in detected_objects["baseball"]:
    final_result["baseball"] = final_result.setdefault("baseball", []).append({
        "label": lab,
        "box": box,
        "score": score,
        "image_path": image_path
    })

final_result["red"] = ["red_letters"]

[EXECUTION EXCEPTION]
Object_Detector_Tool.__init__() got an unexpected keyword argument 'input_types'
code:from object_detector import Object_Detector_Tool

# Initialize the Object_Detector_Tool tool with the parameters
obj_detector_tool = Object_Detector_Tool(
    input_types={'image': '/home/stud/wxie/BLINK_Dataset/Counting/val/images/val_Counting_65_image_1.jpg', 'labels': ["renfe"], 'threshold': 0.45, 'model_size': 'tiny', 'save_object': True, 'saved_image_path': 'detected_objects'},
    output_types={'detected_objects': 'dict', 'object_number': int},
    user_metadata={'limitation': 'The model may not always detect objects accurately', 'potential_usage': 'The tool can be used for locating interest-objects in images'}
)

# Call the tool with the provided parameters and store the results
detected_objects, object_number = obj_detector_tool.execute()
final_result = detected_objects

print(final_result)
