
============================== NEW EXECUTION ==============================

[EXECUTION EXCEPTION]
unexpected indent (<string>, line 2)
code:# Load the image
    image = object_detector.load_image("/home/stud/wxie/BLINK_Dataset/Counting/val/images/val_Counting_93_image_1.jpg")
    
    # Detect the object labels
    labels = object_detector.detect_objects(image, ["sink"], 0.45)
    
    # Initialize counts
    num_washing = 0
    
    # Iterate through detected objects
    for label in labels:
        # Check if the label is "sink"
        if label["label"] == "sink":
            # Increment the count
            num_washing += 1
            
            # Save the detected objects image
            object_detector.save_object(f"water_gremlin_{num_washing}")
    
    # Print the result
    print(f"The number of people washing hands is: {num_washing}.")

============================== NEW EXECUTION ==============================

[EXECUTION EXCEPTION]
Object_Detector_Tool.execute() missing 1 required positional argument: 'self'
code:from object_detector import Object_Detector_Tool

# Execute the tool
final_result = Object_Detector_Tool.execute(image='path/to/image.jpg', labels=[])

# Extract the total person detection count
total_people = final_result[0]["object_number"]

============================== NEW EXECUTION ==============================

[EXECUTION EXCEPTION]
Object_Detector_Tool.__init__() got an unexpected keyword argument 'input_path'
code:from object_detector import Object_Detector_Tool

# Define the input data
input_path = '/home/stud/wxie/BLINK_Dataset/Counting/val/images/val_Counting_93_image_1.jpg'
labels = ['human', 'sink', 'counter']
threshold = 0.3
model_size = 'tiny'
save_object = True
saved_image_path = 'detected_objects'

# Create an object detector tool instance
detector_tool = Object_Detector_Tool(input_path=input_path, labels=labels, threshold=threshold, model_size=model_size, save_object=save_object, saved_image_path=saved_image_path)

# Detect objects using the object detector tool
detected_objects, object_number = detector_tool.execute()

# Count the detected objects
total_detected_objects = object_number[0][0][0] + 3  # Assuming 3 sinks in total

final_result = total_detected_objects
print("Number of people washing their hands:", final_result)

============================== NEW EXECUTION ==============================

[EXECUTION EXCEPTION]
Object_Detector_Tool.execute() missing 1 required positional argument: 'self'
code:from object_detector import Object_Detector_Tool

# Load the image path
path_to_image = "/home/stud/wxie/BLINK_Dataset/Counting/val/images/val_Counting_93_image_1.jpg"

# Use the tool to recognize hand washing actions
result = Object_Detector_Tool.execute(image=path_to_image, labels=["hand_washing"], threshold=0.5, model_size="base", save_object=True, saved_image_path="result")

# Count the occurrences of hand washing actions
total_count = result[0][1]["hand_washing"]

final_result = total_count

============================== NEW EXECUTION ==============================

[EXECUTION EXCEPTION]
'saved_image_path'
code:from object_detector import Object_Detector_Tool

def count_people_in_roman_pavement(sink):
    # Retrieve the sink image through object detection
    sink_image = sink['saved_image_path']
    detector_tool = Object_Detector_Tool()
    detected_objects, object_number = detector_tool.execute(image=sink_image, labels=['human'], threshold=0.5, model_size='tiny', save_object=True, saved_image_path=sink['saved_image_path'])

    # Count the number of detected faces
    num_people = sum([object_number[label] for label in object_number])

    return num_people

# Example usage
sink = {'image': '/home/stud/wxie/BLINK_Dataset/Counting/val/images/val_Counting_93_image_1.jpg', 'labels': ['human'], 'threshold': 0.45, 'model_size': 'base', 'threshold': 0.45, 'labels': ['human']}
num_people = count_people_in_roman_pavement(sink)
print(f"Number of people in the sink in Roman Paving: {num_people}")

============================== NEW EXECUTION ==============================

[EXECUTION EXCEPTION]
invalid syntax (<string>, line 25)
code:from object_detector import Object_Detector_Tool

def count_lid_count(dirpath="val/"):
    """Function to count the lid count"""

    image_names = []
    label_counts = {}
    
    for filename in os.listdir(dirpath):
        if filename.endswith('.jpg'):
            image_names.append(os.path.join(dirpath, filename))
    
    for image_name in image_names:
        with Image.open(image_name) as img:
            annotations = draw_objects(img, "baseball", (0.85, 0.45), save_objects=True, saved_image_path=os.path.join(dirpath, 'detected_objects'))

    total_lid_count = 0
    for label in annotations['labels']:
        label_count = annotations['total_counts'][label]
        for count in reversed(label_count): 
            total_lid_count += count*label_count.count(count)

            # Count of Lid
            if count == 1:
                global lido = count_lid_count(list(counts=total_lid_count))
                return lido
                # print("Counts: ", counts)

        # Count of Lid
        if count == 1:
            global lido = count_lid_count(list(counts=total_lid_count))
            return lido

    # Count of Lid
    if count == 1:
        global lido = count_lid_count(list(counts=total_lid_count))
        return lido

count_lid_count()
