
[EXECUTION EXCEPTION]
invalid syntax (<string>, line 17)
code:from object_detector import Object_Detector_Tool

final_result = "A"
# Get the bounding boxes of the motorcycle using the object_detector tool
tool = Object_Detector_Tool()
detected_objects, object_number = tool.execute(image="/home/stud/wxie/BLINK_Dataset/Counting/val/images/val_Counting_61_image_1.jpg", labels=["motorcycle"], save_object=True)

if detected_objects:
    # Assuming the motorcycle is the label to look for
    if "motorcycle" in detected_objects:
        final_result = "A"
else:
    # Check if there are any other objects in the image
    for label in detected_objects:
        if DetectedObjectTool.execute(image="/home/stud/wxie/BLINK_Dataset/Counting/val/images/val_Counting_61_image_1.jpg", labels=[label], save_object=True) and label != "motorcycle":
            final_result = "B"
else:
    # The motorcycle is not detected in the image
    final_result = "C"

print(final_result)

[EXECUTION EXCEPTION]
'Object_Detector_Tool' object has no attribute 'get_object_labels_with_280_obj'
code:import numpy as np
import cv2
from object_detector import Object_Detector_Tool

# Read image
image_path = "/home/stud/wxie/BLINK_Dataset/Counting/val/images/val_Counting_61_image_1.jpg"
img = cv2.imread(image_path)

# Analyze image
obj_detector_tool = Object_Detector_Tool()
object_labels = obj_detector_tool.get_object_labels_with_280_obj(image_path)

# Number of detected objects
num_objects = len(object_labels)

final_result = ""
if num_objects < 1:
    final_result = "0"
else:
    final_result = str(num_objects)

final_result

[EXECUTION EXCEPTION]
invalid syntax (<string>, line 20)
code:from object_detector import Object_Detector_Tool

final_result = None

# Convert file_to_image_path into a string
file_to_image_path = "/home/stud/wxie/BLINK_Dataset/Counting/val/images/val_Counting_61_image_1.jpg"

# Create an instance of Object_Detector_Tool
tool = Object_Detector_Tool()

# Execute the tool: Detecting the license plate of the motorcycle in the image
detected_objects, object_number = tool.execute(image=file_to_image_path, labels=["motorcycle"], threshold=0.45, model_size="base", save_object=True, saved_image_path="detected_objects")

# Check if the tool returned any detected objects
if len(detected_objects) > 0:
    # Output the results
    print("Number of objects detected:", len(detected_objects))
else:
    print("No objects detected.")
finally:
    # Clean up, delete any detected images created during the process
    import os
    for f in os.listdir("detected_objects"):
        if f.endswith(".png"):
            os.remove(f)
    
    print("Cleaning up detected objects and image files.")
    tool.shutdown()

[EXECUTION EXCEPTION]
invalid syntax (<string>, line 1)
code:generated python code

[EXECUTION EXCEPTION]
Object_Detector_Tool.execute() missing 1 required positional argument: 'self'
code:from object_detector import Object_Detector_Tool

labels = ["baseball", "basket"]
threshold = 0.45
model_size = "tiny"
save_object = True

result_dict = Object_Detector_Tool.execute(image="path/to/image.png", labels=labels,threshold=threshold, model_size=model_size, save_object=save_object)

detected_objects = result_dict["object_number"]

final_result = detected_objects

[EXECUTION EXCEPTION]
HTTP Error 404: Not Found
code:import torch
torch.backends.cudnn.burn_in_thread = False
model = torch.hub.load('ultralytics/yaw:', 'model')
