
============================== NEW SCCESSFUL EXECUTION ==============================
[EXEC CODE]
final_result = 5
[THE PRINT OUTPUT]

[GENERATE FINAL_RESULT]
5

============================== END ==============================

============================== NEW SCCESSFUL EXECUTION ==============================
[EXEC CODE]
final_result = 4
[THE PRINT OUTPUT]

[GENERATE FINAL_RESULT]
4

============================== END ==============================

============================== NEW SCCESSFUL EXECUTION ==============================
[EXEC CODE]
final_result = 'B'
[THE PRINT OUTPUT]

[GENERATE FINAL_RESULT]
B

============================== END ==============================

============================== NEW SCCESSFUL EXECUTION ==============================
[EXEC CODE]
final_result = 5
[THE PRINT OUTPUT]

[GENERATE FINAL_RESULT]
5

============================== END ==============================
