
[Exctuion Failed]

invalid syntax (<string>, line 2)
code: 
final_result = ""
if detected_objects and (not detected_objects[0]['label'].startswith('door'):
    final_result = "B" else "A"
print(final_result)

============================== END ==============================


[Exctuion Failed]

invalid syntax (<string>, line 1)
code: 
To calculate the final answer, you need to determine the relative position of "framed mountain landscape photo" to the "Doorway". 

Here is a Python program that can help with this task:

```python
def calculate_position():
    # Import required tool class
    import object_detector
    
    # Set the input parameters
    image_path = 'famous_framed_photo.jpg'  # Replace with the actual image path
    labels = ['famous_framed_photo']
    threshold = 0.35
    model_size = 'tiny'
    save_object = False
    
    # Call the object_detector class to detect objects
    detected_objects, _ = object_detector.execute(image=image_path, labels=labels, threshold=threshold, model_size=model_size, save_object=save_object)
    
    # Calculate the position of the "famous_framed_photo"
    for label in detected_objects:
        for box in label['boxes']:
            if label['bbox'][2] <= 0.8 and label['bbox'][3] <= 1.2:  # Define the threshold
                return f"The 'famous_framed_photo' is located above the 'Doorway'."
            elif label['bbox'][2] > 0.8 and label['bbox'][3] > 1.2:  # Define the threshold
                return f"The 'famous_framed_photo' is located below the 'Doorway'."
    
    # If the position is still not found
    return "The 'famous_framed_photo' is neither above nor below the 'Doorway'."

# Print the final answer
print(calculation_result)
```

When you run this program, it will calculate the relative position of "famed framed mountain landscape photo" to "Doorway" and return a string indicating the answer.

============================== END ==============================


[Exctuion Failed]

unterminated string literal (detected at line 18) (<string>, line 18)
code: 
To provide a detailed and logical answer about the location of the framed mountain landscape photo, I will use the following tools:

1. Letter_Detector_Tool to detect the letters present in the mountains:
```python
import letter_detector
```

2. Text_Detector_Tool with a specific language code for Chinese characters (simplified Chinese):
```python
import text_detector
```

3. Pixel_Depth_Tool to estimate the depth map:
```python
import pixel_depth_estimator
```

Let's execute these tools and retrieve the results:
```python
results = letter_detector.execute(image='path/to/framed_mountain_landscape.png')
letters_detected = results[0]
print(f"Detected letters: {letters_detected[0]}")
```

<command>results = Letter_Detector_Tool.execute(image='path/to/framed_mountain_landscape.png')<command/>

Let's now determine if there are Chinese characters in it:
```python
if letters_detected[1] is not None:
    print("There are Chinese characters in it.")
else:
    print("No chinese characters found in it.")
```

Finally, I will estimate its depth map if it's a video:
```python
if results[8] is True:
    video_results = pixel_depth_estimator.execute(image_path=['assets/video1.mp4', 'assets/video2.mp4'], output=True, outdir="./vis_depth")
    for video_name, results_dict in video_results.items():
        print(f"{video_name} video: Depth maps: {results_dict}")
```

This program will fetch the result for the requested tool (i.e., letter_detector to find Chinese characters, Text_Detector_Tool to find specific text characters, pixel_depth_estimator to fetch the depth map). It will then print the detected letters, specific text in the frame, the image with the estimated depth, and the output video.

============================== END ==============================


[Exctuion Failed]

invalid syntax (<string>, line 1)
code: 
To answer the question about the relative positions of the framed mountain landscape photo and Doorway, we can use the Object_Detector_Tool and Text_Detector_Tool tools to analyze the image.

```python
from object_detector import Object_Detector_Tool
from text_detector import Text_Detector_Tool

def answer_question(question):
    image_path = "/nfs/data8/liao/wxie/SAT/SAT_images_train/12124_0.png"
    labels = [r"framed mountain landscape", r"Doorway"]
    threshold = 0.35
    model_size = "tiny"
    save_object = True
    saved_image_path = "detected_objects"

    detected_objects = Object_Detector_Tool.execute(image=image_path, labels=labels, threshold=threshold, model_size=model_size, save_object=save_object, saved_image_path=saved_image_path)
    detected_objects

    text_detected_objects = Text_Detector_Tool.execute(image=image_path, languages=["eng", "de"])
    text_detected_objects

# Call the function with the question
final_result = answer_question(question)
print(final_result)
```

============================== END ==============================

