
============================== New Completed Execution ==============================
[EXEC CODE]
final_result = "below"
[THE PRINT OUTPUT]

[GENERATE VALID FINAL_RESULT]
below

============================== END ==============================


============================== New Completed Execution ==============================
[EXEC CODE]
final_result = "above"
[THE PRINT OUTPUT]

[GENERATE VALID FINAL_RESULT]
above

============================== END ==============================


============================== New Completed Execution ==============================
[EXEC CODE]
final_result = "below"
[THE PRINT OUTPUT]

[GENERATE VALID FINAL_RESULT]
below

============================== END ==============================


============================== New Completed Execution ==============================
[EXEC CODE]
final_result = "above"
[THE PRINT OUTPUT]

[GENERATE VALID FINAL_RESULT]
above

============================== END ==============================


============================== New Completed Execution ==============================
[EXEC CODE]
final_result = "above"
# Print the final answer
print(final_result)
[THE PRINT OUTPUT]
above

[GENERATE VALID FINAL_RESULT]
above

============================== END ==============================

