--- Completion 1 ---
To detect the black colour chair (highlighted by a red box) and black colour chair (highlighted by a blue box) closer to the camera, we can use the Object_Detector_Tool tool. The tool requires an image, a list of labels for detection, a confidence threshold, and a model size. Additionally, the tool can save the detected objects as images.

<command>
from object_detector import Object_Detector_Tool

# Parameters for detection: image_path = 'path/to/image.png', labels=['baseball', 'basket'], threshold = 0.35, model_size = 'base'

# Create an object_detector instance
detector = Object_Detector_Tool()

# Execute the detection
result = detector.execute(image_path='path/to/image.png', labels=['baseball', 'basket'], save_object=True, threshold=0.35, saved_image_path='detected_objects')

# Extract the coordinates, recognized text, and confidence score for the detected objects
if result:
    detected_objects = []
    object_number = {}

    for det_result in result[0]:
        if det_result['label'] not in detected_objects:
            detected_objects.append(det_result['label'])
            object_number[det_result['label']] = 0

    for det_result in result[1]:
        if int(det_result['number']) == 1 and det_result['label'] not in object_number:
            object_number[det_result['label']] = 1
            result[1].remove(det_result)

    detected_objects = sorted(detected_objects, key=lambda x: int(result[1][x]))
    object_number = {label: len(detected_objects) for label in detected_objects}

    print("Detected chairs:")
    for chair in detected_objects:
        print(f"Chair color: {chair}, Number of chairs: {object_number[chair]}")
else:
    print("Error: Failed to detect chairs.")
</command>
Reward: 0.0

--- Completion 2 ---
To answer the question, we need to compare the objects closer to the camera to the black color chair highlighted by the red box. 
<command>
import Object_Detector_Tool

# Load the image
image = '/nfs/data8/liao/wxie/SAT/SAT_images_train/10820_0.png'

# Create an object detector tool
detector_tool = Object_Detector_Tool.Object_Detector_Tool(image=image,
                                                           labels=['chair'],
                                                           threshold=0.35,
                                                           model_size='tiny',
                                                           save_object=True,
                                                           saved_image_path='detected_objects')

# Detect objects
results = detector_tool.execute()

# Calculate the number of chairs in the image
chair_count = len(results['chair'])

# Calculate the bounding box positions of chairs in the image
objects = [det['bbox'] for det in results['chair']]

# Filter chairs for closer to the camera
closer_chairs = [obj for obj in objects if obj[2] > chair_count / 2]

# Get the chair box for the closer chair
closer_chair_bbox = closer_chairs[0][0]
closer_chair_score = results['chair'][0]['score']

# Determine which chair is closer to the camera
closer_chair = chair_bbox[0]
closer_chair_score
</command
Reward: 0.0

--- Completion 3 ---
<command>
from object_detector import Object_Detector_Tool

final_result = Object_Detector_Tool.execute(image='path/to/image.png', labels=['baseball', 'basket'], save_object=True, saved_image_path='detected_objects')

print(final_result)
</command>
Reward: 1.0

--- Completion 4 ---
To determine which object is closer to the camera taking this photo, we will use the `Object_Detector_Tool` to detect objects in the image and compare their distances to the camera. We will also provide an example image and a set of labels to detect. We will then use the `Pixel_Depth_Tool` to compute the pixel-level depth for each object and determine the closer one.
Reward: 0.0

--- Completion 5 ---
<command>
from object_detector import Object_Detector_Tool

final_result = Object_Detector_Tool.execute(image='image_path.png', labels=['black colour chair'], save_object=True, saved_image_path='detected_objects')
print(final_result)
</command>
Reward: 1.0

--- Completion 6 ---
<command>
from Object_Detector_Tool import Object_Detector_Tool

final_result = Object_Detector_Tool.execute(image='SAT_images_train/10820_0.png', labels=['black color chair', 'black color chair'], save_object=True, saved_image_path='detected_objects')
</command>
Reward: 1.0

--- Completion 7 ---
<command>
from object_detector import Object_Detector_Tool

# Execute the Object_Detector_Tool with the image, labels, etc.
detected_objects, object_number = Object_Detector_Tool.execute(image='path/to/dining_room/20820_0.png', labels=['chair', 'plant'], save_object=True, saved_image_path='detected_objects')

print(f"Detected objects: {detected_objects}")
print(f"Number of detected objects: {object_number}")
</command>
Reward: 0.0

--- Completion 8 ---
To assist you, I need the image files for the given question. Please provide the path to the image file.
Reward: 0.0

