
[QAid]490_0

[Code Extraction Failed or Parse Failed]

No Python code block found in completion.

Completion Content: 
final_result
============================== END ==============================


[QAid]490_0

[Code Extraction Failed or Parse Failed]

No Python code block found in completion.

Completion Content: 
final_result = {"2 paintings", "2"}
============================== END ==============================


[QAid]490_0

[Code Extraction Failed or Parse Failed]

No Python code block found in completion.

Completion Content: 
final_result
============================== END ==============================


[QAid]490_0

[Code Extraction Failed or Parse Failed]

No Python code block found in completion.

Completion Content: 
final_result
============================== END ==============================


[QAid]490_0

[Code Extraction Failed or Parse Failed]

No Python code block found in completion.

Completion Content: 
To answer the question with a single line of Python code:
```python
final_result = 2
```
============================== END ==============================


[QAid]490_0

[Code Extraction Failed or Parse Failed]

No Python code block found in completion.

Completion Content: 
final_result = [2]
============================== END ==============================

