--- Completion 1 ---
<command>
from object_detector import Object_Detector_Tool

# Input data
input_image_path = "/nfs/data8/liao/wxie/SAT/SAT_images_train/6424_0.png"

# Generate the output string
def generate_output(object_number, languages):
    output = ["", ""]
    if object_number == 5:
        output[0] = [f"5".ljust(5), f"Total: 5\ntext blocks identified"]
    else:
        output[0] = [f"{object_number}".ljust(5), f"Total: {object_number}\ntext blocks identified"]
    for language in languages:
        if language not in object_number:
            output[1] = [f"[{language}]: No identified text for {language}"]
        else:
            result = Text_Detector_Tool.execute(image=object_number[language].image_path, languages=languages)
            if result[0] == []:
                output[1].append(f"Text block {language}: No text detected.")
            else:
                output[1].append([f"Detected {language}", f"{result[0][0][1]}"])  
    return output

object_number, languages = text_detector.execute(image=input_image_path, languages=['en', 'de'])
final_result = generate_output(object_number, languages)

for language in final_result[1]:
    print(language)
        if language == "":
            pass
        else:
            print("No detected text for:", language)

        print(final_result[0][0][1])  # Extract the English text
</command>
Reward: 1.0

--- Completion 2 ---
<command>
from object_detector import Object_Detector_Tool

def count_paintings(object_labels, image_path, threshold=0.35, model_size='tiny', save_object=True, saved_image_path="detected_objects"):

    detected_objects = []

    # Detect objects
    result = Object_Detector_Tool.execute(image=image_path, labels=object_labels, threshold=threshold, model_size=model_size, save_object=True, saved_image_path=saved_image_path)
    detected_objects = result[1]

    # Check for paintings
    paintings_count = dict()
    for detection in detected_objects:
        filename = f"{object_labels[0]}_painting_{int(detection['box'][cv2 cv2]}_{int(detection['score'])}.png"
        if filename in image_path + f'/{filename}':
            paintings_count[object_labels] = detection['score']

    if paintings_count:
        final_result = f"{paintings_count}"
    else:
        final_result = "No paintings found"

    return deteced_objects, final_result

# Example usage
image_path = "/nfs/data8/liao/wxie/SAT/SAT_images_train/6424_0.png"
object_labels = ["basket", "baseball"]

deteced_objects, final_result = count_paintings(object_labels, image_path)

# Output example
print(final_result)
</command>
Reward: 1.0

--- Completion 3 ---
<command>
from Object_Detector_Tool import Object_Detector_Tool
final_result = Object_Detector_Tool.execute(image='/nfs/data8/liao/wxie/SAT/SAT_images_train/6424_0.png', labels=['painting'], threshold=0.35, model_size='base', save_object=True, saved_image_path='detected_objects')
object_number = {'painting': 1}
f = {'painting': [detected_objects for detected_objects in final_result['detected_objects']])
print(f)
</command>

# Final result is stored in 'f' as a dictionary with:
#    'painting': [[detected_objects, ['box': (x1, y1, x2, y2), 'score': 0.95], 'saved_image_path': 'detected_objects/painting_1.png']])
#    'basket': [[detected_objects, ['box': (220, 100, 400, 350), 'score': 0.85], 'saved_image_path': 'detected_objects/basket_1.png']]]
```

Note: This is an AI generated Python code based on the available tools and the tool's available documentation.
Reward: 0.0

--- Completion 4 ---
<command>
from object_detector import Object_Detector_Tool

# Path to the image to be analyzed
image_path = '/nfs/data8/liao/wxie/SAT/SAT_images_train/6424_0.png'

# List of languages for OCR
languages = ['en', 'de']

# Set the detail level to 0 for simpler output
detail_level = 0

# Initialize the object detection result
detected_objects = []

# Execute object detection and save results
detected_objects.append(Object_Detector_Tool.execute(image_path=image_path, languages=languages, detail=detail_level))

final_result = ''.join([f"Number of paintings: {detected_objects[-1]['object_number'].values().pop(0)}\n" for det_con in detected_objects]) + f"Number of paintings: {len(detected_objects)}\n"
```

This Python program uses the Object_Detector_Tool to analyze the image passed as input, counting and displaying the number of paintings based on the output provided by the tool. The format of the answer is constructed by concatenating strings, ensuring the number of paintings is accompanied by the number of texts detected in the image and the image counts separately.
</command>
Reward: 1.0

--- Completion 5 ---
<command>
```python
from object_detector import OBDNINOTEXML, DetectorTool
from text_detector import TextDetectorTool

# Detect paintings in the image
detected_objects = []
object_number = {}

try:
    # Load the object detection model
    object_detector = Object_Detector_Tool()
    object_detector.load()
    
    # Detect paintings
    detector_tool = DetectorTool()
    detector_tool.load()
    
    # Detect paintings detected in the test image
    detected_objects, object_number = detector_tool.execute(image="path/to/test_image.png")
    
    # Save detected objects images
    if 'save_object' and type(detected_objects) is list:
        for object in detected_objects.values():
            image_path = "./detected_objects/" + object["label"] + ".png"
            object["image_path"] = image_path
            detector_tool.image_generation(object, image_path)
else:
    detected_objects.extend([])
    object_number = {}
catch:
    pass
final_result = {"number_detected_paintings": len(detected_objects), "list": detected_objects, "number_of_objects": object_number}
```

</command>
Reward: 1.0

--- Completion 6 ---
<command>
for filename in os.listdir("/nfs/data8/liao/wxie/SAT/SAT_images_train"):
    if filename.endswith(".png"):
        name = os.path.splitext(filename)[0]
        try:
            lines = Object_Detector_Tool.execute(image=name + ".png")
            if lines[1]["baseball"] is not None:
                count_baseball = 1
            if lines[1]["basket"] is not None:
                count_basket = 1
            if lines[0]["baseball"] is not None:
                count_baseball += 1
            if lines[0]["basket"] is not None:
                count_basket += 1
            print("Count of baseball:", count_baseball)
            print("Count of basket:", count_basket)
            final_result += f"Count of baseball: {count_baseball} \nCount of basket: {count_basket}\n"
        except Exception as e:
            print(f"Failed to process {filename}: {e}")
</command>
Reward: 0.5

