
[QAid]912_0

[Code Includes Tools Usage]
code: 

from object_detector import Object_Detector_Tool
final_result = Object_Detector_Tool.execute(image='/nfs/data8/liao/wxie/SAT/SAT_images_train/0.jpg', labels=['chair'], model_size='base', save_object=True)
print(final_result)

============================== END ==============================


[QAid]912_0

[Code Includes Tools Usage]
code: 

from object_detector import Object_Detector_Tool
final_result = Object_Detector_Tool.execute(image='path_to_image.png', labels=['chair'], save_object=True, saved_image_path='detected_objects')
print(final_result)

============================== END ==============================


[QAid]912_0

[Code Includes Tools Usage]
code: 

from object_detector import Object_Detector_Tool

final_result = Object_Detector_Tool.execute(image='path/to_image.png', labels=['dining_table'], threshold=0.35, model_size='base', save_object=True, saved_image_path='detected_objects')
print(final_result)

============================== END ==============================


[QAid]912_0

[Code Includes Tools Usage]
code: 

from object_detector import Object_Detector_Tool

final_result = Object_Detector_Tool.execute(
    image='path/to/image.png', 
    labels=['baseball', 'basket'], 
    save_object=True, 
    saved_image_path='detected_objects')

print(final_result)

============================== END ==============================


[QAid]912_0

[Code Includes Tools Usage]
code: 

from object_detector import Object_Detector_Tool

final_result = Object_Detector_Tool.execute(image='path/to_image.png', labels=['table'], save_object=True, saved_image_path='detected_objects')

print(final_result)

============================== END ==============================


[QAid]912_0

[Code Includes Tools Usage]
code: 

from object_detector import Object_Detector_Tool
final_result = Object_Detector_Tool.execute(image='path/to/missing_image.png', labels=['table', 'chair'], threshold=0.35, save_object=True, saved_image_path='detected_tables_chairs')
print(final_result)

============================== END ==============================

