
[Exctuion Failed]

Object_Detector_Tool.execute() missing 1 required positional argument: 'self'
code: 

from object_detector import Object_Detector_Tool

final_result = Object_Detector_Tool.execute(image='path/to/image.png', labels=['vase'], save_object=True, saved_image_path='detected_objects')
print(final_result[0][0]['label'])
print(final_result[1])


============================== END ==============================


[Exctuion Failed]

Object_Detector_Tool.execute() missing 1 required positional argument: 'self'
code: 

from object_detector import Object_Detector_Tool

final_result = Object_Detector_Tool.execute(image='path_to_image.png', labels=['vase', 'box'], save_object=True, saved_image_path='detected_objects')
print(final_result)


============================== END ==============================


[Exctuion Failed]

Object_Detector_Tool.execute() missing 1 required positional argument: 'self'
code: 

from object_detector import Object_Detector_Tool

final_result = Object_Detector_Tool.execute(image='path/to/image.png', labels=['Vase', 'Plants'], save_object=True, saved_image_path='detected_objects')

if type(final_result) == dict:
    total_vases = final_result['total_objects']['Vase']
    total_plants = final_result['total_objects']['Plants']
    print(f"Total Vases: {total_vases}")
    print(f"Total Plants: {total_plants}")
else:
    print("Vases were not detected")


============================== END ==============================


[Exctuion Failed]

Object_Detector_Tool.execute() missing 1 required positional argument: 'self'
code: 

from object_detector import Object_Detector_Tool

# Call the function
detected_objects, object_number = Object_Detector_Tool.execute(image='path/to/image.png', labels=['Vase'], save_object=True, saved_image_path='detected_objects')
final_result = {
  "object_number": object_number,
  "detect_results": [(detected_objects)]
}


============================== END ==============================


[Exctuion Failed]

Object_Detector_Tool.execute() missing 1 required positional argument: 'self'
code: 

from object_detector import Object_Detector_Tool

final_result = Object_Detector_Tool.execute(image='path/to/image.png', labels=['Vases'], save_object=True, saved_image_path='detected_objects')
print(final_result)


============================== END ==============================


[Exctuion Failed]

Object_Detector_Tool.execute() missing 1 required positional argument: 'self'
code: 

from object_detector import Object_Detector_Tool

final_result = Object_Detector_Tool.execute(image='image_path', labels=['vase', 'plant'], save_object=True, saved_image_path='detected_objects')

print("Number of Vases:", final_result['vase']['count'])
print("Number of Plants:", final_result['plant']['count'])


============================== END ==============================

