
============================== NEW EXECUTION ==============================

[EXECUTION EXCEPTION]
Object_Detector_Tool.execute() missing 1 required positional argument: 'self'
code:from object_detector import Object_Detector_Tool

# Load the image
final_result = Object_Detector_Tool.execute(image="/home/stud/wxie/BLINK_Dataset/Counting/val/images/val_Counting_13_image_1.jpg", labels=["hat"], save_object=True, saved_image_path="detected_objects")

total_count = final_result[1]["object_number"]

total_count

============================== NEW EXECUTION ==============================

[EXECUTION EXCEPTION]
Object_Detector_Tool.__init__() got an unexpected keyword argument 'labels'
code:from object_detector import Object_Detector_Tool

# Function to count the occurrence of the baseball and basketball objects in the image
def count_baseball_basketball_objects(image_path):

    # Initialize the object detection tool
    detector_tool = Object_Detector_Tool(image_path, labels=["baseball", "basket"], save_object=True, threshold=0.10, model_size="tiny")

    # Call the function and record the result
    objects, total_count = detector_tool.execute()

    # Filter object dictionaries based on label
    baseballs = [obj for obj in objects if obj["label"] == "baseball"]
    baskets = [obj for obj in total_count.keys() if obj != "baseball"]

    # Count the number of baseballs
    baseball_count = len(bases)

    return baseball_count

# Define the image path
image_path = "/home/stud/wxie/BLINK_Dataset/Counting/val/images/val_Counting_13_image_1.jpg"

# Call the function
baseball_count = count_baseball_basketball_objects(image_path)

final_result = {
    "person": count_baseball_basketball_objects("/home/stud/wxie/BLINK_Dataset/Counting/val/umbrella.jpg"),  # Example for man holding umbrella with color attribute
    "count": baseball_count,
    "prediction_method": None
}

# Determine the presence of an umbrella and calculate the presence attribute 
# The presence attribute will be used in the question with the option to specify the presence attribute using Python expression here

============================== NEW EXECUTION ==============================

[EXECUTION EXCEPTION]
name 'object_detector_tool' is not defined
code:def count_persons(image_path, labels, threshold, model_size, save_object=True, saved_image_path="detected_objects"):
    # Load the image
    image = object_detector_tool.execute(image=image_path)

    # Detect the bounding boxes of a person
    person_boxes = person_detection(image, labels=labels, threshold=threshold, model_size=model_size)

    # Extract the coordinates of the bounding boxes that belong to the person
    person_box_list = [bbox for bbox in person_boxes if any(centroid[1] < 0 for centroid in bbox)]

    if person_box_list:
        # Count the number of persons in the image
        person_count = 0
        for box in person_box_list:
            person_count += sum(box[3].item() - box[1] for box in person_box_list)
        return person_count
    else:
        return 0

# Path to the first image in the dataset
first_image_path = "/home/stud/wxie/BLINK_Dataset/Counting/val/images/val_Counting_13_image_1.jpg"

# Labels to detect
labels = ["baseball", "basket"]

# threshold for the confidence score
threshold = 0.45

# Model size
# You can use 'tiny' or 'base' depending on your requirements. In this example, I'm using 'tiny'
model_size = "tiny"

# Save object box list as detected_objects list
save_object = True
saved_image_path = "detected_objects"

# Call the function to count persons
person_count = count_persons(image_path=first_image_path, labels=labels, threshold=threshold, model_size=model_size, save_object=save_object, saved_image_path=saved_image_path)
final_result = [person_count]
print(final_result[0])

============================== NEW EXECUTION ==============================

[EXECUTION EXCEPTION]
No module named 'object_detector_tool'
code:from object_detector_tool import Object_Detector_Tool

def count_people_wearing_hat(image_path):
    person_count = 0
    with open(image_path, 'r', encoding='utf-8') as file:
        lines = file.readlines()
        for line in lines:
            lines = lines.split("\n")[0]
            people = lines.split(", ")[2:]
            for person in people:
                if "person." in person:
                    if "hat" in person:
                        person_count += 1

    return person_count

final_result = count_people_wearing_hat("/home/stud/wxie/BLINK_Dataset/Counting/val/images/val_Counting_13_image_1.jpg")
print("People wearing hats:", final_result)

if final_result > 0:
    print("People wearing hats")
else:
    print("People not wearing hats")

============================== NEW EXECUTION ==============================

[EXECUTION EXCEPTION]
Object_Detector_Tool.execute() missing 1 required positional argument: 'self'
code:from object_detector import Object_Detector_Tool

# Define the parameters for the tool
labels = ["baseball", "basket"]
detect_threshold = 0.45  # Confidence threshold
model_size = "tiny"
save_object = True
saved_image_path = "detected_objects"
object_number = []

# Execute the tool with the provided parameters
detected_objects, object_number = Object_Detector_Tool.execute(image="path/to/image.png", labels=labels, threshold=detect_threshold, model_size=model_size, save_object=save_object, saved_image_path=saved_image_path)

# Store the detected objects' information in the object_number list
for detected_object in detected_objects:
    object_number.append(detected_object[0]["label"])

# Calculate the number of people wearing hats
people_wearing_hats = object_number.count("hat")

final_result = {"people wearing hat": people_wearing_hats}

============================== NEW EXECUTION ==============================

[EXECUTION EXCEPTION]
Object_Detector_Tool.__init__() got an unexpected keyword argument 'labels'
code:from object_detector import Object_Detector_Tool

# Define input arguments
image_path = "/home/stud/wxie/BLINK_Dataset/Counting/val/images/val_Counting_13_image_1.jpg"  # Replace with actual image path
label_list = ["baseball", "basket"]  # Replace with actual label list
threshold = 0.3  # Threshold for detecting objects
model_size = "tiny"  # Size of the model to use ('tiny' or 'base', default: 'tiny')
save_object = True  # Whether to save the detected objects as images
saved_image_path = "detected_objects"  # Path to save the detected object images

# Initialize Object_Detector_Tool
tool = Object_Detector_Tool(image_path, labels=label_list, threshold=threshold, model_size=model_size, save_object=save_object, saved_image_path=saved_image_path)

# Detect objects
object_labels, total_count = tool.execute()

# Count the number of people wearing hat
hat_count = 0
for label in object_labels:
    if "hat" in label['name']:
        hat_count += label['confidence score']

hat_count

============================== NEW EXECUTION ==============================

[EXECUTION EXCEPTION]
Object_Detector_Tool.execute() got an unexpected keyword argument 'image_path'
code:from object_detector import Object_Detector_Tool

# Path of the image
image_path = '/home/stud/wxie/BLINK_Dataset/Counting/val/images/val_13_1.jpg'

# List of object labels to detect
labels = ['baseball', 'basket']

# Confidence threshold
threshold = 0.45

# Model size
model_size = 'tiny'

# Save object images (optional)
save_objects = True

# Path to save the detected objects images (optional)
saved_objects_path = 'detected_objects'

# Calculate object count
object_count = Object_Detector_Tool.execute(image_path=image_path, labels=labels, save_objects=save_objects,
                                             threshold=threshold, model_size=model_size)

# Find object with the highest count
object_count_max = max(object_count)

# Determine number of people wearing hat
hat_wearing_count = 1 if object_count_max['baseball']['confidence score']['count'] > object_count_max['basket']['confidence score']['count'] else 0

final_result = {'no. of people wearing hat': hat_wearing_count}

============================== NEW EXECUTION ==============================

[EXECUTION EXCEPTION]
type object 'Object_Detector_Tool' has no attribute 'delete_image'
code:from object_detector import Object_Detector_Tool

# The image path
image_path = "/home/stud/wxie/BLINK_Dataset/Counting/val/images/val_Counting_13_image_1.jpg"

# Parameters
labels = ["baseball", "basket"]
save_object = True
saved_image_path = "detected_objects"

try:
    # Call the function
    detected_objects, object_number = Object_Detector_Tool.execute(image_path, labels, save_object, saved_image_path, threshold=0.5, model_size="tiny")

    if len(detected_objects[0]) != 0:
        # Process the detected objects
        num_baseball = object_number[0][0]["label"].split(" ")[0]
        num_basket = object_number[0][0]["label"].split(" ")[1]

        final_result = [f"{num_baseball} baseball", f"{num_basket} basketball"]
        print(f"The number of baseball and basketball players are: {final_result}")

except Exception as e:
    print(f"An error occurred: {e}")
finally:
    # Clean up
    if saved_image_path:
        Object_Detector_Tool.delete_image(detected_objects[0], saved_image_path)
    
    if len(detected_objects) != 0:
        Object_Detector_Tool.delete_labels(detected_objects, labels)
