
[EXECUTION EXCEPTION]
Object_Detector_Tool.execute() got an unexpected keyword argument 'label'
code:from object_detector import Object_Detector_Tool

# Call the object_detector tool
tool_results = Object_Detector_Tool.execute(
    label=["horse", "bike"],
    save_object=True,
    saved_image_path="detected_objects/"
)

final_result = tool_results[1]["object_number"]
if final_result == 0:
    print("There are 0 motors near the wood horse.")
elif final_result == 1:
    print("There is 1 motor near the wood horse.")
else:
    print("There are 2 motors near the wood horse.")

[EXECUTION EXCEPTION]
Object_Detector_Tool.execute() got an unexpected keyword argument 'image_path'
code:from object_detector import Object_Detector_Tool

final_result = "A"

# Path to the image file
image_path = "/home/stud/wxie/BLINK_Dataset/Counting/val/images/val_Counting_14_image_1.jpg"

# Labels to detect (wood horse)
labels = ["wood_horse"]

# Confidence threshold
threshold = 0.45

# Model size (tiny or base)
model_size = "tiny"

# Save object
save_object_count = True

# Path to save detected object images
saved_image_path = "detected_objects"

# Call the tool method to detect and count objects
object_number = Object_Detector_Tool.execute(image_path=image_path, labels=labels, save_object=save_object_count, threshold=threshold, model_size=model_size, saved_image_path=saved_image_path)

# Count detected objects
num_objects = object_number["object_number"]

# Final result based on the detected objects and the confidence threshold
if num_objects > threshold:
    final_result = "A"
else:
    final_result = "B"

print(f"Final result: {final_result}")

[EXECUTION EXCEPTION]
Object_Detector_Tool.execute() missing 1 required positional argument: 'self'
code:from object_detector import Object_Detector_Tool

# Path to the image
image_path = "/home/stud/wxie/BLINK_Dataset/Counting/val/images/val_Counting_14_image_1.jpg"

# Create the object detector tool
detected_objects, object_number = Object_Detector_Tool.execute(image=image_path, labels=["horse"], save_object=True, saved_image_path="detected_objects")

# Analyze the results
if detected_objects.get("horse") and object_number == 1:
    final_result = "2"
else:
    # Get the count of detected objects
    total_count = detected_objects.get("horse", {}).get("total", 0) + object_number

    # Analyze the details or further process based on the total_count
    if total_count == 1:
        final_result = "1"
    elif total_count == 3:
        final_result = "3"
    elif total_count == 5:
        final_result = "5"
    else:
        final_result = "Unknown"

    # Print the result or further steps
    print(f"Number of horses seen in the image: {final_result}")

[EXECUTION EXCEPTION]
Object_Detector_Tool.execute() missing 1 required positional argument: 'self'
code:from object_detector import Object_Detector_Tool

# Load the image and perform object detection
output = Object_Detector_Tool.execute(image="val_Counting_14_image_1.jpg", labels=["baseball", "basket"], save_object=True, saved_image_path="detected_objects")
detected_objects, object_number = output

final_result = object_number - (len(detected_objects["boxes"]) - len(detected_objects["saved_image_paths"]))

print("Final result:", final_result)

[EXECUTION EXCEPTION]
Object_Detector_Tool.execute() missing 1 required positional argument: 'self'
code:from object_detector import Object_Detector_Tool

# Call the Object_Detector_Tool function
detected_objects, _ = Object_Detector_Tool.execute(image="/home/stud/wxie/BLINK_Dataset/Counting/val/images/val_Counting_14_image_1.jpg", labels=["motor"], save_object=True, saved_image_path="detected_objects")

# Extract the number of motors from the detected_objects tuple
number_of_motors = detected_objects["object_number"]

final_result = number_of_motors

[EXECUTION EXCEPTION]
unmatched ')' (<string>, line 4)
code:from object_detector import Object_Detector_Tool

image_path = "/home/stud/wxie/BLINK_Dataset/Counting/val/images/val_Counting_14_image_1.jpg"
labels = ["baseball"])
threshold = 0.45

tool = Object_Detector_Tool(image_path, labels, threshold, "base", True)
results = tool.execute()

for label in results["objects"]:
    total_count = len(results["objects"][label])
    final_result: str = f"{label:s:03}, {total_count}"
    print(final_result)

[EXECUTION EXCEPTION]
Object_Detector_Tool.execute() missing 1 required positional argument: 'self'
code:from object_detector import Object_Detector_Tool

# Define object labels to detect
labels = ["horse"]

# Set confidence threshold and model size
threshold = 0.45
model_size = "tiny"

# Execute object detection
detected_objects, object_count = Object_Detector_Tool.execute(image="horse_image_path.jpg", labels=labels, threshold=threshold, model_size=model_size, save_object=False)

# Check if objects were detected
if detected_objects and sum([len(objects['boxes']) for objects in detected_objects.values()]) == len(labels):
    final_result = 'A'  # The detected objects are successfully detected
else:
    final_result = 'B'  # The objects could not be detected

print(f"The number of motors (moter) near the wood horse is {final_result}")

[EXECUTION EXCEPTION]
list index out of range
code:from object_detector import Object_Detector_Tool

# Use Object_Detector_Tool to detect the image using the Grounding DINO model
object_detector = Object_Detector_Tool()
result = object_detector.execute(image="/home/stud/wxie/BLINK_Dataset/Counting/val/images/val_Counting_14_image_1.jpg", labels=["wood-horse"], threshold=0.45, save_object=True, saved_image_path="detected_objects")

final_result = "A"

for detected_objects in result[0]:
    for group in result[1]["boxes"]:
        if group["name"] == "wood-horse":
            final_result = "A"
    break

print(final_result)
