
[Exctuion Failed]

Object_Detector_Tool.__init__() got an unexpected keyword argument 'labels'
code: 

from object_detector import Object_Detector_Tool

# Path of image
path_to_image = '/nfs/data8/liao/wxie/SAT/SAT_images_train/5112_0.png'

# Detect objects
labels = ['baseball', 'basket']
confidence_threshold = 0.55

output_tool = Object_Detector_Tool(
    labels=labels,
    save_object=True,
    threshold=confidence_threshold,
    model_size='base',
    saved_image_path='detected_objects'
)

# Process the image
detected_objects = output_tool.execute(image=path_to_image)

# Calculate the number of detected objects for each label
object_labels = tuple(detected_objects['baseball'])
object_number = len(detected_objects)

# Print the results
final_result = """The image contains a total of {} detected objects. The detailed results are as follows:

Detected objects by label:
- baseball: {objects_by_label}
- basket: {objects_by_label}

Total number of objects detected: {total_num_objects}
Total detected objects: {objects_detected_total}"""

final_result_with_example = final_result.format(
  **detected_objects,
  **object_number,
  **total_num_objects,
  **objects_detected_total
)
print(final_result_with_example)


============================== END ==============================


[Exctuion Failed]

No module named 'tool_object_detector_tool'
code: 
from tool_object_detector_tool import Object_Detector_Tool
from tool_text_detector_tool import Text_Detector_Tool

# Define the image file and the labels for detection
image_file = '/nfs/data8/liao/wxie/SAT/SAT_images_train/5112_0.png'
labels = ['baseball', 'basket']

# Execute the detection based on the object types
detected_objects, object_number = Object_Detector_Tool.execute(image=image_file, labels=labels)

# Define the text detection parameters
_languages = ['en', 'de']
level_of_detail = 0

# Execute the text detection
result = Text_Detector_Tool.execute(image=image_file, languages=_languages, detail=level_of_detail)

# Get the found texts and their coordinates
found_texts = [item[0] for item in result if len(item) > 0]

# Convert the texts into the desired format for the result variable
final_result = detected_objects if type(detected_objects) == dict else {}

# Add the found text coordinates and text to the final result
final_result['found_text_coordinates'] = found_texts

# Write the final result to a file
with open('detected_objects.txt', 'w') as f:
    f.write(str(final_result))

result


============================== END ==============================


[Exctuion Failed]

No module named 'Object_Detector_Tool'
code: 

from Object_Detector_Tool import Object_Detector_Tool

# Sample image data
sample_image_path = '/nfs/data8/liao/wxie/SAT/SAT_images_train/5112_0.png'
labels = ['baseball', 'basket']
threshold = 0.35
model_size = 'tiny'
save_object = True
saved_image_path = 'detected_objects'

with Object_Detector_Tool(tool_version="1.0.0") as td:
    detected_objects = td.execute(image=sample_image_path, labels=labels, save_object=save_object, saved_image_path=saved_image_path, threshold=threshold, model_size=model_size)

final_result = [
    {"detected_objects" : detected_objects},
    {"total_objects" : {}}
]


============================== END ==============================


[Exctuion Failed]

invalid syntax (<string>, line 2)
code: 

```py
import Object_Detector_Tool
import Text_Detector_Tool

# Import the required classes and tools
from Module_name:object_detector import Object_Detector_Tool
from Module_name:text_detector import Text_Detector_Tool

# Define path to the image file, object labels, and the confidence threshold
path_to_image = '/nfs/data8/liao/wxie/SAT/SAT_images_train/5112_0.png'
labels = ['baseball', 'basket']
threshold = 0.35

# Define the level of detail for text detection
detail = 1

# Example of calling the Object_Detector_Tool
detected_objects = Object_Detector_Tool.execute(image=path_to_image, labels=labels, save_object=True, threshold=threshold, detail=detail)

# Example of calling the Text_Detector_Tool
text_info = Text_Detector_Tool.execute(image=path_to_image, languages=['en', 'de'], detail=detail)

# Combine detected objects and text information
final_result = {'detected_objects': detected_objects, 'object_number': text_info}

# Print the final result
print(final_result)
```


============================== END ==============================


[Exctuion Failed]

Object_Detector_Tool.execute() missing 1 required positional argument: 'self'
code: 

from object_detector import Object_Detector_Tool
fitted = [
  "baseball",
  "basket"
]

result = Object_Detector_Tool.execute(image='path/to/image.png', labels=fitted, save_object=True)
objects = result[0]['detected_objects']
print(objects)


============================== END ==============================

