
[QAid]2336_0

[Code does not include Tools Usage]
code: 
final_result = "1"

============================== END ==============================


[QAid]2336_0

[Code does not include Tools Usage]
code: 
final_result = "1"

============================== END ==============================


[QAid]2336_0

[Code does not include Tools Usage]
code: 
final_result = "1"

============================== END ==============================


[QAid]2336_0

[Code does not include Tools Usage]
code: 
final_result = 1

============================== END ==============================


[QAid]2336_0

[Code does not include Tools Usage]
code: 
final_result = "1"  # No dresser is visible in the scene

============================== END ==============================


[QAid]2336_0

[Code does not include Tools Usage]
code: 
final_result = "1"

============================== END ==============================

