
[EXECUTION EXCEPTION]
No module named 'Object_Detector_Tool'
code:from Object_Detector_Tool import Object_Detector_Tool

final_result = "D"

[EXECUTION EXCEPTION]
Object_Detector_Tool.execute() missing 1 required positional argument: 'self'
code:from object_detector import Object_Detector_Tool

final_result = b"Bottles detected"

detected_objects, object_number = Object_Detector_Tool.execute(image="/home/stud/wxie/BLINK_Dataset/Counting/val/images/val_Counting_112_image_1.jpg", labels=["bottle"], save_object=True)

len(detected_objects["detected_objects"][0]["boxes"])

[EXECUTION EXCEPTION]
type object 'Object_Detector_Tool' has no attribute 'object_detector'
code:from object_detector import Object_Detector_Tool

# Get the image file
with Object_Detector_Tool.object_detector(path) as image:
    # Detect the objects in the image
    labels = ["baseball", "basket"]
    object_number = Object_Detector_Tool.execute(image=image,
                                                labels=labels,
                                                threshold=0.5,
                                                model_size="tiny",
                                                save_object=True,
                                                saved_image_path="detected_objects")

# Get the object count
total_count = Object_Detector_Tool.execute(image=image,
                                           labels=labels,
                                           save_object=False)

# Find the object with the highest count
highest_count_object = max(total_count, key=total_count.get)

final_result = highest_count_object

[EXECUTION EXCEPTION]
No module named 'Object_Detector_Tool'
code:from Object_Detector_Tool import Object_Detector_Tool

# Load the Image
image_path = "/home/stud/wxie/BLINK_Dataset/Counting/val/images/val_Counting_112_image_1.jpg"
tool = Object_Detector_Tool()
detected_objects, object_number = tool.execute(image=image_path)

# Verify the detected objects
if "baseball" in object_number and "basket" in object_number:
    print("The image has baseball and basket.")
    final_result = "C"
elif "baseball" not in object_number and "basket" not in object_number:
    print("The image does not have baseball or basket.")
    final_result = "D"
else:
    print("The image has both baseball and basket.")
    final_result = "A"

[EXECUTION EXCEPTION]
Object_Detector_Tool.execute() missing 1 required positional argument: 'self'
code:from object_detector import Object_Detector_Tool

# Function to detect wine bottles on the table
def detect_wine_bottles(table):
    # Load the wine image to analyze
    wine_image_path = "wine_image_path"
    
    # Detect objects in the image
    objects, label_count = Object_Detector_Tool.execute(image=(wine_image_path, {"threshold": 0.45}), labels=["wine"], save_object=True, saved_image_path="detected_objects")

    # Count wine bottles
    wine_bottles = label_count["wine"].values()
    
    return wine_bottles

# Sample wine bottle image
wine_image_path = "wine_image_path"

# Find wine bottles on the detected image
final_result = detect_wine_bottles(wine_image_path)[0]
print(final_result)
