--- Completion 1 ---
<command>
from object_detector import Object_Detector_Tool

final_result = Object_Detector_Tool.execute(image='path/to/image.png', labels=['laptop'])
print(final_result)
</command>
Reward: 1.0

--- Completion 2 ---
<command>
from object_detector import Object_Detector_Tool

final_result = Object_Detector_Tool.execute(
  image="/nfs/data8/liao/wxie/SAT/SAT_images_train/708_0.png",

  labels=['laptop'],
  save_object=True,

  save_object_path="/nfs/data8/liao/wxie/SAT/SAT_images_train/708_0_save",
)
print(final_result)
</command>
Reward: 1.0

--- Completion 3 ---
<command>
from object_detector import Object_Detector_Tool
final_result = Object_Detector_Tool.execute(image='/path/to/image.png', labels=['laptop', 'mouse'], threshold=0.35, model_size='base', save_object=True)
print(final_result)
</command>
Reward: 1.0

--- Completion 4 ---
<command>
from object_detector import Object_Detector_Tool

final_result = Object_Detector_Tool.execute(image='path/to/image.png', labels=['Laptop'], threshold=0.35, model_size='tiny', save_object=True)
print(final_result)
</command>
Reward: 1.0

--- Completion 5 ---
<command>
from Object_Detector_Tool import object_detector
final_result = object_detector.execute(image='path/to/image.png', labels=['laptop'])
print(final_result)
</command>
Reward: 1.0

--- Completion 6 ---
<command>
from object_detector import Object_Detector_Tool

final_result = Object_Detector_Tool.execute(image='path/to_image.png', labels=['laptop', 'table'], save_object=True, saved_image_path='detected_objects')
print(final_result)
</command>
Reward: 1.0

