
[Exctuion Failed]

name 'object_detector' is not defined
code: 

from_tool_object_detector = "Object_Detector_Tool"
input_image_path = "/nfs/data8/liao/wxie/SAT/SAT_images_train/47_0.png"
detector_model = "tiny"
confidence_threshold = 0.35
output_directory = "detected_objects"
save_object = True

from_tool_object_detector = object_detector
detector_model_name = "Object_Detector_Tool"
input_image_path = image_path
language_labels = ["en", "de"]
detail = 1

from_tool_object_detector = text_detector
text_language = ["en", "de"]
language_labels += text_language
detail = detail

output = from_tool_object_detector.execute(image=input_image_path, languages=language_labels, detail=detail)
output = from_tool_object_detector.execute(image=input_image_path, languages=language_labels, detail=detail)

result_texts_list = [el[0] for el in output]
for entry in result_texts_list:
    print(entry[0])
    print(f"score: {entry[2]}")
    print(f"coordinates: {entry[3]}")

detected_objects_list = []
total_detected_objects = {}
for el in output:
    detected_objects_list.append(el[1])
    if el[1] not in total_detected_objects:
        total_detected_objects[el[1]] = 1
    else:
        total_detected_objects[el[1]] += 1

final_result = {
    0: {"total_objects": total_detected_objects, "detected_objects": detected_objects_list.tolist()}
}
print(final_result)


============================== END ==============================


[Exctuion Failed]

No module named 'Object_Detector_Tool'
code: 

from Object_Detector_Tool import object_detector, Object_Detector_Tool

final_result = object_detector.execute(image='/nfs/data8/liao/wxie/SAT/SAT_images_train/47_0.png', labels=['baseball', 'basket'], save_object=True, saved_image_path="detected_objects")

print("Number of detected objects:", final_result['object_number'])
print("Detected objects:", final_result['detected_objects'])


============================== END ==============================


[Exctuion Failed]

cannot import name 'Text_Detector_Tool' from 'object_detector' (/home/stud/wxie/miniconda3/envs/VisualThinker/lib/python3.11/site-packages/object_detector/__init__.py)
code: 

from object_detector import Object_Detector_Tool, Text_Detector_Tool

# Initialize the Object_Detector_Tool and Text_Detector_Tool instances
tool_object_detector = Object_Detector_Tool()
tool_text_detector = Text_Detector_Tool()

# Set the image path provided in the question
image_path = "/nfs/data8/liao/wxie/SAT/SAT_images_train/47_0.png"

# Detect objects (baseball and basket) in the image
tool_object_detector.execute(image=image_path, labels=['baseball', 'basket'], save_object=True, saved_image_path="detected_objects")
object_labels = tool_object_detector.output_types("object_number")

# Detect text in the image
tool_text_detector.execute(image=image_path, languages=['en', 'de'], detail=0)
text_blocks = tool_text_detector.output_types("\"list\"")

# Print the results (labels and text detection blocks)
print("Labels detected:", object_labels)
for label in object_labels:
    print("- ", label["label"])
    print(label["text_blocks"])

# Print the number of text blocks detected in the image
print("Total number of text blocks detected:", len(text_blocks))

# Add any additional Python code to display the results as per your needs



============================== END ==============================

