--- Completion 1 ---
Starting code:

```python
final_result = object_detector.execute(image='black-color-chair.png')
```
Reward: 0.0

--- Completion 2 ---
final_result = "black color chair is below white color sperical shape office chair in the image."
Print(final_result)
Reward: 0.0

--- Completion 3 ---
To find clues about where black color chair and white color sperical shape office chair are located, I'll use the "Text_Detector_Tool" tool.
Reward: 0.0

--- Completion 4 ---
Based on the paths provided, the word "baseball" which appears to be recognized as a specific character in the text of an image is present in the captured_english_wors image by the Text Detector Tool. This seems to be the only recognized text in the input image, based on the user-defined output type of the Text Detector Tool.
Let me now perform the text detection on the image.
<command>
def detect_text(image):
    tools_tool_class = "Text_Detector_Tool"  
    results_tool_class = "Letter_Detector_Tool"
    
    detected_tool = Image_Detector_Tool(image=image, languages=["en"])
    text_tool  = Text_Detector_Tool(image=image, languages=["en"])
    
    # Depending on the user's needs, text_tool_output is called to return the better result
    detected_tool_result = None
    text_tool_detected_result = None
    
    # Detect text
    detected_tool_output = detected_tool.execute()
    # Detect specific letters from text_tool_result 
    text_tool_output = text_tool.execute().get('results')
    
    # Determine the best detection from two detected instances
    if detected_tool_result is not None and detected_tool_result.get('bbox', {''}).get('score') > 0.2 and detected_tool_result.get('bbox', {}).get('boxes') is None:
        detected_tool_result = detected_tool_result.get(level='bbox', order='maps')
    
    for bboxes in text_tool_output:
        if len(bboxes.get('bbox', {''})) > 0 and bboxes.get('bbox', {''}).get('score') > 0.2 and bboxes.get('bbox', {''}).get('bbox', {''}):
            # this is the letter detected by text_tool_output
            letter_domain = detected_tool_result.get('bbox', {''}).get('bbox', {})
            text = detected_tool_result.get('bbox', {''}).get('bbox', {''}).get('bbox', {''}).get('bbox', {''}).get('bbox', {''}).get('bbox', {''}).get('bbox', {''}).get('bbox', {''}).get('bbox', {''}).get('bbox', {''}).get('bbox', {''}).get('bbox', {''}).get('bbox', {''}).get('bbox', {''}).get('bbox', {''}).get('bbox', {''}).get('bbox', {''}).get('bbox',
Reward: 0.0

--- Completion 5 ---
The final result is 0.
Reward: 0.0

--- Completion 6 ---
The Python code for generating the final result will depend on user inputs. Please provide the desired user interaction and data for the Python code to execute the desired functionality.
Reward: 0.0

--- Completion 7 ---
final_result = 'This is a Python program that generates answer according to user requirements. Please make sure to use all the necessary tools to create the correct program.'

print(final_result)
Reward: 0.0

