
[Exctuion Failed]

Object_Detector_Tool.execute() missing 1 required positional argument: 'self'
code: 

from object_detector import Object_Detector_Tool

final_result = Object_Detector_Tool.execute(image='path/to/image.png', labels=['Doorway'], save_object=True, saved_image_path='detected_objects')

if final_result:
    detected_objects = final_result['detected_objects']
else:
    detected_objects = []

if detected_objects:
    doorway_count = 0
    for i, detected_object in enumerate(detected_objects):
        if detected_object['bbox'][2] > 150 and detected_object['bbox'][3] > 250:
            doorway_count += 1
    final_result['doorway_count'] = doorway_count
else:
    final_result['doorway_count'] = 0

print(f"Doorway count is: {final_result['doorway_count']}")


============================== END ==============================


[Exctuion Failed]

invalid syntax (<string>, line 2)
code: 

```python
from object_detector import Object_Detector_Tool, saved_image_path

# Example with provided image
example_image_path = 'path/to/image.png'
example_labels = ['baseball', 'basket']
example_save_object = True

result = Object_Detector_Tool.execute(image=example_image_path, labels=example_labels, save_object=example_save_object, saved_image_path=saved_image_path)
print(result)
```


============================== END ==============================


[Exctuion Failed]

unexpected indent (<string>, line 2)
code: 

  import tool_module_name: 'object_detector'
  import tool_module_name: 'text_detector'
  import tool_module_name: 'letter_detector'

  # Detecting Bedroom
  detected_objects = tool_module_name: 'object_detector'.execute(image='path/to/image.jpg', labels=['bedroom'], threshold=0.2, save_object=True, saved_image_path='detected_objects')

  # Counting Bedroom, Bathroom
  object_count = {label: len(detected_objects.get(label)) for label in detected_objects.keys() if label == 'bedroom'}

  final_result = 'Doorway in front of blue color bed'


============================== END ==============================


[None RESULT]


[Successful Execution but Get None RESULT]
[EXEC CODE]

from object_detector import Object_Detector_Tool
from text_detector import Text_Detector_Tool
import cv2

def answer_question(detected_objects):
    if 'Door' in detected_objects[0].keys():
        further_distance = False
    else:
        further_distance = True

    if door in detected_objects[0].keys() and distance in detected_objects[0].keys():
        first_door = next(door for door in detected_objects[0] if door == 'Door')
        second_door = next(door for door in detected_objects[0] if door == 'Door')
        distance_of_door = int(second_door['bbox'][4]) - int(first_door['bbox'][4])
    else:
        first_door = None
        second_door = None
        distance_of_door = None

    if close in detected_objects[0].keys() and close == 'Close':
        distance_of_close = False
    else:
        distance_of_close = True

    if in_front_of_blue_in_image:
        direction = 'in front of blue bed'
    else:
        direction = 'further away from blue bed'

    final_result = {
        'further_distance': further_distance,
        'distance_of_door': distance_of_door,
        'distance_of_close': distance_of_close,
        'direction': direction
    }

    return final_result


============================== END ==============================


[Exctuion Failed]

invalid syntax (<string>, line 2)
code: 

final_result = Doorway is further away from the blue color bed.


============================== END ==============================


[Exctuion Failed]

Object_Detector_Tool.execute() got an unexpected keyword argument 'image_path'
code: 

from object_detector import Object_Detector_Tool

final_result = Object_Detector_Tool.execute(image_path='path/to/image.png',
                                           labels=[ 'doorway' ], threshold=0.35,
                                           model_size='tiny', save_object=True,
                                           saved_image_path='detected_objects')
print('final_result:', final_result)


============================== END ==============================

