
[QAid]3445_0

[Code Extraction Failed or Parse Failed]

No Python code block found in completion.

Completion Content: 
final_result = "green decagon houseplant"
[QAid]3445_0

[Code Extraction Failed or Parse Failed]

No Python code block found in completion.

Completion Content: 
final_result = None
try:
  letter_results = Letter_Detector_Tool.execute(image='path/to/image.png')
  for det_results in letter_results:
    if det_results[2] == 'A':
      A = det_results[1].split()[0]
      B = 'B'  # Placeholder
      final_result = A + B
except Exception as e:
  print(f"An error occurred: {e}")
  final_result = None
finally:
  if final_result is not None:
    print(f"Final result: {final_result}")


command = f"detected_objects, object_number = Object_Detector_Tool.execute(image='path/to/image.png', labels=[\"white color dining table\", \"green decagon houseplant\"], save_object=True, saved_image_path='detected_objects')"
Object_Detector_Tool.execute_command(command)


command = f"text_detector.execute(image='path/to/image.png', languages=['en', 'de'])"
Text_Detector_Tool.execute_command(command)
[QAid]3445_0

[Code Extraction Failed or Parse Failed]

No Python code block found in completion.

Completion Content: 
final_result = 'white color dining table'
[QAid]3445_0

[Code Extraction Failed or Parse Failed]

No Python code block found in completion.

Completion Content: 
final_result = "A"
[QAid]3445_0

[Code Extraction Failed or Parse Failed]

No Python code block found in completion.

Completion Content: 
final_result = 'green decagon houseplant'
[QAid]3445_0

[Code Extraction Failed or Parse Failed]

No Python code block found in completion.

Completion Content: 
final_result = "white color dining table"
[QAid]3445_0

[Code Extraction Failed or Parse Failed]

No Python code block found in completion.

Completion Content: 
final_result = "white color dining table"
[QAid]3445_0

[Code Extraction Failed or Parse Failed]

No Python code block found in completion.

Completion Content: 
final_result = "green decagon houseplant"