
[QAid]11329_0

[Code Extraction Failed or Parse Failed]

No Python code block found in completion.

Completion Content: 
from object_detector import Object_Detector_Tool

final_result = Object_Detector_Tool.execute(image='image_path.jpg', save_object=True)
============================== END ==============================


[QAid]11329_0

[Code Extraction Failed or Parse Failed]

No Python code block found in completion.

Completion Content: 
```python
from pixel_level_depth_estimator import Pixel_Depth_Tool

# Initialize the tool with the required parameters
tool = Pixel_Depth_Tool()

# Provide the input image paths
image_paths = ['path/to/image.png']

# Execute the tool to obtain the depth results
img_results = tool.execute(image_path=image_paths, output=True, outdir='./vis_depth')

# Print the results
final_result = "The paths of the image are as follows:" + ", ".join(img_results.keys())
final_result += " The paths and output names of the generated depth maps are:" + ",".join(img_results.values())

# Print the final results
print(final_result)
```
============================== END ==============================


[QAid]11329_0

[Code Extraction Failed or Parse Failed]

No Python code block found in completion.

Completion Content: 
final_result = "below"
============================== END ==============================


[QAid]11329_0

[Code Extraction Failed or Parse Failed]

No Python code block found in completion.

Completion Content: 
Here is the Python code that can answer questions based on visual inputs using the given tools.

```python
from object_detector import Object_Detector_Tool
from text_detector import Text_Detector_Tool
from letter_detector import Letter_Detector_Tool
from pixel_depth_tool import Pixel_Depth_Tool

def answer_image_question(image_path):
    detected_objects = []
    object_number = {}

    # Check whether the object detection tool is available and detects an object
    if Image_Detector_Tool:
        detected_objects = Image_Detector_Tool.execute(image=image_path, labels=["baseball"], model_size="tiny")
        object_number = Image_Detector_Tool.execute(image=image_path, model_size="tiny")

    # Convert text into list of bounding boxes
    text = Text_Detector_Tool.execute(image=image_path, languages=['en', 'de']).as_list('bbox')

    # Detecting objects (e.g. baseball, basketball)
    letter_detected = Letter_Detector_Tool.execute(image=image_path)

    # Calculating pixel level depth
    depth_image_options = ['image', 'video']
    outdir = './vis_depth'
    image_results = Pixel_Depth_Tool.execute(image_path=image_path, mode='image', outdir=outdir)
    video_results = Pixel_Depth_Tool.execute(image_path=image_path, mode='video', outdir=outdir)

    # Outputting results
    for object in detected_objects:
        detected_objects.append(object)

    for key in object_number:
        object_number[key] = object_number[key][key]

    final_result = [
        f"Detected {key} in the image."
    ] + [f"Confidence score: {score:.2f}" for key, score in object_number.items()]

    return final_result, image_results, video_results
```

You can use this code by passing the path of the image as a parameter:

```python
result, image_results, video_results = answer_image_question("/path/to/image.png")
```

Replace "/path/to/image.png" with the actual path to your image. The function `picture_output` will return the results, including the path of images with detected text (if available), a list of bounding box coordinates and confidence scores for each detected object, and the pixel-level depth image.
============================== END ==============================


[QAid]11329_0

[Code Extraction Failed or Parse Failed]

No Python code block found in completion.

Completion Content: 
<command>
 final_result = {
    "above": False,
    "below": False
}
============================== END ==============================


[QAid]11329_0

[Code Extraction Failed or Parse Failed]

No Python code block found in completion.

Completion Content: 
final_result = "below"
============================== END ==============================


[QAid]11329_0

[Code Extraction Failed or Parse Failed]

No Python code block found in completion.

Completion Content: 
final_result = "below"
============================== END ==============================


[QAid]11329_0

[Code Extraction Failed or Parse Failed]

No Python code block found in completion.

Completion Content: 
To find the black colour chair (highlighted by a blue box) with respect to the white color sperical shape office chair (highlighted by a red box) in the image, we can use the Letter_Detector_Tool tool to detect these objects in the image.

Here is the Python code that accomplishes this task:

```python
from object_detector import Object_Detector_Tool

def find_objects(image, label_names):
    detected_objects = Object_Detector_Tool.execute(image=image, labels=label_names, save_object=True)
    objects = detected_objects['detected_objects']
    print(f"Total detected objects: {''.join(label for label in objects.keys())}")
    print("Objects and their count:")
    for label, count in objects.items():
        print(f" - {label}: {''.join(objects.get(label), '-')}, found {count} times")
    return objects

if __name__ == "__main__":
    from letter_detector import Letter_Detector_Tool
    from pixel_depth_estimator import Pixel_Depth_Tool as pdt
    from text_detector import Text_Detector_Tool
    from object_detector import Object_Detector_Tool

    # Assuming object labels are available and saved
    label_names = ['baseball', 'basket']
    # Execute object detection
    objects = find_objects('path/to/image.png', label_names)

    # Check if objects exist for baseball
    if 'baseball' in objects:
        baseball_box = objects['baseball'][0]
        baseball_label = baseball_box[6]
        baseball_score = baseball_box[7]
        baseball_saved_image_path = baseball_box[8]

        # Execute letter detection to find and localize the baseball
        letter_results = Letter_Detector_Tool.execute(image='path/to/image.png', languages=[label_names[0]])
        baseball_letter = letter_results['bbox'][0][1]
        baseball_score = letter_results['bbox'][0][7]
        baseball_score = letter_results['bbox'][0][4]
        print(f"Detected 'baseball': bbox: {baseball_box}, score: {baseball_score}, saved image path: {baseball_saved_image_path}")
    else:
        print("No baseball found. Image may be empty or it contains an object that is outside of the valid object detection range.")
```

Replace `path/to/image.png` with the actual path to your image file, and save the image as `detected_objects` and detect all objects in the image. The Python code will output the total number and count of detected objects, as well as the coordinates and score of each object's bounding box. For each baseball detected, it will also output its letter and score. If baseball objects are not detected, the output will indicate that no baseball was found.
============================== END ==============================

