
[QAid]13027_0

[Code Extraction Failed or Parse Failed]

No Python code block found in completion.

Completion Content: 
final_result = 1
[QAid]13027_0

[Code Extraction Failed or Parse Failed]

No Python code block found in completion.

Completion Content: 
final_result = "1"
[QAid]13027_0

[Code Extraction Failed or Parse Failed]

No Python code block found in completion.

Completion Content: 
final_result = 1
[QAid]13027_0

[Code Extraction Failed or Parse Failed]

No Python code block found in completion.

Completion Content: 
final_result = "0"
[QAid]13027_0

[Code Extraction Failed or Parse Failed]

No Python code block found in completion.

Completion Content: 
final_result
[QAid]13027_0

[Code Extraction Failed or Parse Failed]

No Python code block found in completion.

Completion Content: 
final_result = 4  # There are 4 visible doorways in the scene.
[QAid]13027_0

[Code Extraction Failed or Parse Failed]

No Python code block found in completion.

Completion Content: 
final_result = int(len([x for x in ["baseball", "basket"] if x in ["baseball", "basket"])])
[QAid]13027_0

[Code Extraction Failed or Parse Failed]

No Python code block found in completion.

Completion Content: 
final_result = "0"