
============================== NEW SCCESSFUL EXECUTION ==============================
[EXEC CODE]
from object_detector import Object_Detector_Tool

final_result = {'BOTH': 2, 'ONE': 1, 'NO': 3, 'THREE': 2, 'ONEBOTH': 3, 'SIX': 3}

image_path = '/home/stud/wxie/BLINK_Dataset/Counting/val/images/val_Counting_90_image_1.jpg'

label_detector = Object_Detector_Tool()
label_results = label_detector.execute(image_path, labels=["GRANDVIS", "SUNSET", "DR"], save_object=True)
label_names = {label['name']: int(label_name[0]) for label_name in label_results}

if label_names:
    total_count = sum(label_names.values())
    print(f'Total count of ' + ', '.join(str(label_names[key]) for key in sorted(label_names, reverse=True)) + ': ')
    print(final_result)
else:
    print('No labels detected.')
[THE PRINT OUTPUT]
Error building the Object Detection tool: Cannot re-initialize CUDA in forked subprocess. To use CUDA with multiprocessing, you must use the 'spawn' start method
Error detecting objects: Failed to build the Object Detection tool.
Failed to detect objects after 10 attempts.
No labels detected.

[GENERATE FINAL_RESULT]
{'BOTH': 2, 'ONE': 1, 'NO': 3, 'THREE': 2, 'ONEBOTH': 3, 'SIX': 3}

============================== NEW SCCESSFUL EXECUTION ==============================
[EXEC CODE]
from object_detector import Object_Detector_Tool
[THE PRINT OUTPUT]

[GENERATE FINAL_RESULT]
None
