
[QAid]2070_0

[Code Extraction Failed or Parse Failed]

No Python code block found in completion.

Completion Content: 
To answer the question about the relative positions between the Doorframe and the modern black sofa, you can use the pixel_depth_tool from the Object_Detector_Tool class. We need to convert the input image filename 'path_to_image.png' to 'image_path'. 

Here is the Python code with all necessary modifications:

```python
from tool_module_name.object_detector import Object_Detector_Tool, Text_Detector_Tool, Letter_Detector_Tool, Pixel_Depth_Tool

final_result = ""

# Prepare the object detection parameters
object_labels = [ 'modern black sofa', 'Doorframe']
model_size = 'tiny' # tiny or base
object_detection_options = {
    'classes': object_labels,
    'model_size': model_size
}

# Using the object detector tool to detect the object
result = Object_Detector_Tool.execute(image='path_to_image.png', labels=object_labels, save_object=True, saved_image_path='detected_objects', **object_detection_options)

# If text is detected, we might need to extract that text first
if 'text' in result[0]:
    texts = result[0]['text']
    detected_text = texts[0]['Detected text']  # Assuming that the detection results return a list of lists
    final_result += f"The text detected is {detected_text[1]} at confidence score {detected_text[2]}."

# If the result includes images or a video, we could use the video depth tool to estimate the depth
if 'output' in result:
    video_results = result['output']  # Adjust for the specific data structure here
    if 'video_depth_map' in video_results:
        video_depth_outdir = 'path/to/saved/video.mp4'  # adjust the output_path here
        final_result += f"Estimated depth from the video: [{video_depth_outdir}]."

# Use the image_depth tool if an image is detected
if 'depth_map' in result:
    image_depth_outdir = './vis_depth'
    final_result += f"The estimated depth is within {image_depth_outdir}."

print(final_result)
```

Replace `path_to_image.png` with the actual file path of your image. This will compute the estimated depth and the number of detections. 

Now go run the Python code to get the result. Replace 'path_to_image.png' with your actual image file path.
============================== END ==============================


[QAid]2070_0

[Code Includes Tools Usage]
code: 

detected_objects = {}
object_number = {}
image_path = "/path/to/image.png"
labels = ["baseball", "basket", "sofa"]
save_object = False
saved_image_path = "detected_objects"

object_labels = {"baseball": [{"box": (220, 20, 270, 50), "score": 0.9, "saved_image_path": "detected_objects/basket_ball_1.png"}], "basket": [{"box": (300, 30, 350, 60), "score": 0.8, "saved_image_path": "detected_objects/basket_1.png"}], "sofa": [{"box": (450, 10, 500, 40), "score": 0.95, "saved_image_path": "detected_objects/sofa_1.png"}]}

if not save_object:
    detected_objects = object_detector.execute(image=image_path, labels=labels, threshold=0.35, model_size="tiny", save_object=True, saved_image_path=saved_image_path)
    object_number = object_detector.execute(image=image_path, language=["en", "de"], languages=["en", "de"], detail=1)

final_result = {"detected_objects": detected_objects, "object_number": object_number}
print(final_result)

============================== END ==============================


[QAid]2070_0

[Code Extraction Failed or Parse Failed]

invalid syntax (<unknown>, line 1)

Completion Content: 
To determine the location of the "Doorframe" within the modern black sofa, we can use the Text_Detector_Tool tool to detect text in the image.
<command>from_tool_module: "text_detector", import_name: "Text_Detector_Tool", command: "result = Text_Detector_Tool.execute(image='image_path', languages=['en'])", description: "Detect text in an image using English langauge, including coordinates and confidence scores.", output_example: "[[[[100, 150], [200, 150], [200, 200], [100, 200]], 'Doorframe', 0.95], ...]"</command>
============================== END ==============================


[QAid]2070_0

[Code Extraction Failed or Parse Failed]

No Python code block found in completion.

Completion Content: 
Here is a Python code that can be used to detect objects in the image based on the relative positions of some features.
```python
import warnings

import matplotlib.pyplot as plt
import numpy as np
from matplotlib.colors import LinearSegmentedColormap
from mpl_toolkits.mplot3d import Axes3D
import PIL.Image as Image
from PIL import ImageDraw
import cv2
from numpy import asarray
from numpy import int8
from numpy import ndarray
from numpy import asarray
from matplotlib import cm
from PIL import Image
from matplotlib import image
# Install the necessary dependencies and tools:
# pip install object_detector

def detect_objects(image_path, labels=['chair', 'table', 'sofa'], threshold=0.35, model_size='tiny', save_object=False, saved_image_path='detected_objects'):
    warnings.filterwarnings("ignore")
    # Define a function to convert PIL Image to numpy array of float8
    def pil2array(image_path):
        return asarray(np.array(Image.open(image_path).convert('RGB'), dtype=np.float8))
    # Load an object detector object instance
    detector = object_detector(Object_Detector_Tool, threshold=threshold, model_size=model_size, save_object=save_object, saved_image_path=saved_image_path)
    img = pil2array(image_path)
    labels_list = detector.detect_objects(img, labels=labels)
    bbox_list = []
    for label in labels_list:
        top_left = label['bbox'][0]
        bottom_right = label['bbox'][2]
        area = (bottom_right[0] - top_left[0]) * (bottom_right[1] - top_left[1])
        for i, l in enumerate(labels_list):
            if l['bbox'][0]<top_left[0] and l['bbox'][2]>bottom_right[0]:
                if l['bbox'][0]==top_left[0] and l['bbox'][1]==top_left[1]:
                    if l['bbox'][0]==bottom_right[0] and l['bbox'][1]==bottom_right[1]:
                        if l['score']>0.5:
                            bbox_list.append(l)
    out = ''.join([str(x) for x in bbox_list])
    if out:
	return out
from object_detector import Object_Detector_Tool
def detect_text(image_path, languages=['en', 'de'], detail=0):
    detector = text_detector(Text_Detector_Tool, languages=languages, detail=detail)
    return detector.execute(image=image_path)
```

The path of image will be <image>, and the labels are <chair>, <table>, <sofa>.
============================== END ==============================


[QAid]2070_0

[Code Extraction Failed or Parse Failed]

invalid syntax (<unknown>, line 2)

Completion Content: 
<command>
From image input path to detect:
final_result = Object_Detector_Tool.execute(image='path/to/output_image_path.png', labels=['Modern black sofa'], save_object=True, saved_image_path='detected_objects')
for detected_objects in final_result[0].values():
    if detected_objects and checked_label in detected_objects[0].data:
        # Do something with detected_object, such as saving detected_objects as images
        print(f"Detected object: {detected_objects}")
        break
        
final_result[0]
</command>
============================== END ==============================


[QAid]2070_0

[Code Extraction Failed or Parse Failed]

No Python code block found in completion.

Completion Content: 
detected_objects = {
  'table': [{'box': (375, 300, 499, 435), 'score': 0.92, 'saved_image_path': 'detected_objects/table_1.png'}],
  'sofa': [{'box': (445, 300, 560, 435), 'score': 0.93, 'saved_image_path': 'detected_objects/sofa_1.png'}]
}

# Check if 'doorframe' is within the blue bounding box
if 'doorframe' in detected_objects and detected_objects['doorframe'][0]['box'][0][0] == detected_objects['sofa'][0]['box'][0][0]:
  final_result = 'above'
else:
  final_result = 'below'
============================== END ==============================


[QAid]2070_0

[Code Extraction Failed or Parse Failed]

No Python code block found in completion.

Completion Content: 
To detect text and letters in the image, you can use the "Text_Detector_Tool" tool. Here is a Python code that uses this tool to detect text and letters in the image. This code also includes necessary imports and generates a list of detected text blocks and letters.

```python
from object_detector import Object_Detector_Tool
from text_detector import Text_Detector_Tool

def detect_text_and_letters(image_path):
    labels = ["text_1", "text_2", "text_3", "text_4", "text_5"]
    
    result = []

    for label in labels:
        detector = Text_Detector_Tool()
        
        for retry_count in range(3):
            try:
                bbox, text, confidence = detector.execute(image=image_path, languages='en', detail=1)
                if bbox:
                    x0, y0, w, h = bbox
                    text_bb = [x0, y0, x0+w, y0+h]
                    label_detected = f"{label} {x0, y0, x0+w, y0+h}"
                    result.append([label_detected, text_bb, confidence])

                    # Optional: Save detected text as image
                    detection_file = f"detected_{label}_text.png"
                    detection_file_path = os.path.join("detected_objects", detection_file)
                    import os
                    os.remove(detection_file_path)
                    # Ensure the detection file is created by this code
                    if label.lower() == 'text_1' or label.lower() == 'text_2':
                        text_detector.save_object_image(image, "detected_objects", text_box=tuple(bbox))
            except Exception as e:
                print(f"Error detected text, continuing with next label: {label}.")
                continue
      
        if all([box for bbox, text, score in result]):
            break
    
    return result

# Generate list of detected text blocks with bounding box, recognized text, and confidence score

final_result = detect_text_and_letters('path/to/your/image.jpg')
print(final_result)

# Output a list of detected text blocks
for text_bb, label_detected in final_result:
    print(f"Detected: {label_detected} bbox: {text_bb}")
```

Please replace `'path/to/your/image.jpg'` with the path of your image before running this code.

This code will process all detected text blocks and, based on the confidence scores and bounding boxes, identify each individual text. It will also generate a list of detected text blocks, each with its bounding box, recognized text, and confidence score for each text.
============================== END ==============================


[QAid]2070_0

[Code Includes Tools Usage]
code: 

final_result = ""
if Image_Detector_Tool.execute(image_image):
  detected_objects = {}
  object_number = {}
  for detected_object in detected_objects:
    if detected_object["labels"][0] not in object_number:
      object_number[detected_object["labels"][0]] = 1
    else:
      object_number[detected_object["labels"][0]] += 1
  if save_object:
    Image_Detector_Tool.execute(image_image, labels=object_labels, save_object=True, saved_image_path='detected_objects')
else:
  final_result = "Error: Failed to detect objects."
print(final_result)

============================== END ==============================

