
[Exctuion Failed]

Object_Detector_Tool.execute() missing 2 required positional arguments: 'self' and 'labels'
code: 

from object_detector import Object_Detector_Tool

final_result = Object_Detector_Tool.execute(
    image="/nfs/data8/liao/wxie/SAT/SAT_images_train/8219_0.png"
).iloc[0]
print(final_result)


============================== END ==============================


[Exctuion Failed]

not enough values to unpack (expected 2, got 0)
code: 

from object_detector import Object_Detector_Tool

# Initialize the Object_Detector_Tool with the necessary arguments
object_detector_tool = Object_Detector_Tool()

# Execute the object detection on the image
detected_objects, object_number = object_detector_tool.execute(image='path/to_image_1.png', labels=['baseball', 'basket'], save_object=True, saved_image_path='detected_objects_1')

# Final result:
final_result = f"{detected_objects} : {object_number}"


============================== END ==============================


[Exctuion Failed]

No module named 'object_detector_tool'
code: 

from object_detector_tool import Object_Detector_Tool

final_result = Object_Detector_Tool().execute(image='path/to_image.png', labels=['baseball', 'basket'], save_object=True)


============================== END ==============================

