
============================== New Completed Execution ==============================
[EXEC CODE]
final_result = "1"

[THE PRINT OUTPUT]

[GENERATE VALID FINAL_RESULT]
1

============================== END ==============================


============================== New Completed Execution ==============================
[EXEC CODE]
final_result = 1
[THE PRINT OUTPUT]

[GENERATE VALID FINAL_RESULT]
1

============================== END ==============================


============================== New Completed Execution ==============================
[EXEC CODE]
final_result = "0"

[THE PRINT OUTPUT]

[GENERATE VALID FINAL_RESULT]
0

============================== END ==============================


============================== New Completed Execution ==============================
[EXEC CODE]
final_result = "The scene contains a single painting, which is not explicitly associated with its bounding box or coordinates, making it difficult to count."
[THE PRINT OUTPUT]

[GENERATE VALID FINAL_RESULT]
The scene contains a single painting, which is not explicitly associated with its bounding box or coordinates, making it difficult to count.

============================== END ==============================


============================== New Completed Execution ==============================
[EXEC CODE]
final_result = 0

[THE PRINT OUTPUT]

[GENERATE VALID FINAL_RESULT]
0

============================== END ==============================


============================== New Completed Execution ==============================
[EXEC CODE]
final_result = "1"
[THE PRINT OUTPUT]

[GENERATE VALID FINAL_RESULT]
1

============================== END ==============================

