--- Completion 1 ---
<command>
from object_detector import Object_Detector_Tool

final_result = Object_Detector_Tool.execute(image='path/to/image.png', labels=['dresser'], save_object=True, saved_image_path='detected_objects')
print(final_result)
```
</command>
Reward: 1.0

--- Completion 2 ---
<command>
from object_detector import Object_Detector_Tool

final_result = Object_Detector_Tool.execute(
    image='/nfs/data8/liao/wxie/SAT/SAT_images_train/4188_0.png',
    labels=['DSR'],
    save_object=True,
    saved_image_path='test_images'
)
print(final_result)
</command>
Reward: 1.0

--- Completion 3 ---
<command>
from object_detector import Object_Detector_Tool

final_result = Object_Detector_Tool.execute(image='path/to/image.png', labels=['dresser'])
print(final_result)
</command>
Reward: 1.0

--- Completion 4 ---
<command>
from Object_Detector_Tool import Object_Detector_Tool

final_result = Object_Detector_Tool.execute(image='path/to/image.jpg', labels=['drawer'], threshold=0.5, model_size='base', save_object=True, saved_image_path='detected_objects')

print(final_result)
</command>
Reward: 1.0

--- Completion 5 ---
<command>
from object_detector import Object_Detector_Tool

final_result = Object_Detector_Tool.execute(
    image='/path/to/image.png', labels=['dresser'], save_object=True
)

print(final_result)
</command>
Reward: 1.0

--- Completion 6 ---
<command>
from Object_Detector_Tool import Object_Detector_Tool

final_result = Object_Detector_Tool.execute(image='path/to/image.png', threshold=0.35, labels=['dresser'], model_size='tiny')

if final_result:
    objects = final_result['detected_objects']
    
    for _, objects in objects.items():
        print(f"Dresser: {len(objects)} detected in the image.")
else:
    print("Error: Text detection failed after retries.")
</command>
Reward: 1.0

