
[QAid]14358_0

[Code Includes Tools Usage]
code: 

from object_detector import Object_Detector_Tool

final_result = Object_Detector_Tool().execute(image='path/to/image', labels=['baseball', 'basket'], save_object=True, saved_image_path='detected_objects')

============================== END ==============================


[QAid]14358_0

[Code Includes Tools Usage]
code: 

from object_detector import Object_Detector_Tool

final_result = Object_Detector_Tool().execute(image='/path/to/your/image.png', labels=['baseball'], save_object=True, saved_image_path='detected_objects')
print(final_result)

============================== END ==============================


[QAid]14358_0

[Code Includes Tools Usage]
code: 

from object_detector import Object_Detector_Tool

final_result = Object_Detector_Tool().execute(image=image_path, labels=['baseball', 'basket'], save_object=True, saved_image_path='detected_objects')
print(final_result)

============================== END ==============================


[QAid]14358_0

[Code Includes Tools Usage]
code: 

from object_detector import Object_Detector_Tool

final_result = Object_Detector_Tool().execute(image='path_to_image', labels=['baseball', 'basket'], save_object=True, saved_image_path='detected_objects').detected_objects
print(final_result)

============================== END ==============================


[QAid]14358_0

[Code Includes Tools Usage]
code: 

from object_detector import Object_Detector_Tool

final_result = Object_Detector_Tool().execute(image='path/to/image', labels=['baseball'], save_object=True, saved_image_path='detected_objects')
print(final_result)

============================== END ==============================


[QAid]14358_0

[Code Extraction Failed or Parse Failed]

No Python code block found in completion.

Completion Content: 
<command>
from object_detector import Object_Detector_Tool, Text_Detector_Tool

final_result = {}
final_result["object_number"] = {}

# Check how many doorways are visible
number_of_doorways = len([
    d['name'] for d in [
        door
        for door in 
        (door 
        for door in [
            door 
            for door in [
                door 
                for door in [
                    door 
                    for door in [
                        door 
                    for door in [
                        door 
                        for door in [
                            door 
                            for door in [
                                door 
                                for door in [
                                    door 
                                for door in [
                                    door 
                            for door in [
                                door
                            for door in [
                                door
                            for door in [
                                door
                        for door in [
                            door
                    for door in [
                        door
                for door in [
                    door
            for door in [
                door
        for door in [
            door
                    ]] for door in [
            door
                ]] for door in [
            door
]] for door in [
    door
        ]] for door in [
        door
     ]] for door in [
         door
 ]] for door in [
     ]] for door in [
            door 
            ]] for door in [
                door 
            ]] for door in [
        door 
            ]] for door in [
                door 
            ]] for door in [
            door 
            ]] for door in [
                door 
            ]] for door in [
        door 
            ]] for door in [
                           door 
                       ]] for door in [
                    door
                ]] for door in [
                    door ]] for door in [
                                 door  
                            ]] for door in [
                door ]] for door in [
        door ]] for door in [
        door   
                ]]for door in [
            door ]] for door in [
                door ]] for door in [
                    door]]) for door in [
            door ]] for door in [
        door ]] for door in [
            door ]] for door in [
            door ]] for door in [
                door ]] for door in [
                    door ]] for door in [
                       door ]] for door in [
                        door ]] for door in [
                            door ]] for door in [
                    door ]] for door in [
            door ]] for door in [
                door ]] for door in [
                    door ]] for door in [
           door ]] for door in [
                door ]] for door in [
                    door ]] for door in [

============================== END ==============================

