--- Completion 1 ---
Here is a Python program that can be used to detect and count paintings in the scene based on the visual inputs:
```python
import object_detector

# Path to camera image
image_path = "/nfs/data8/liao/wxie/SAT/SAT_images_train/6530_0.png"

# Model to use
model_size = "base"

# Threshold for detection
threshold = 0.75

# Input types
labels = ["painting"]
save_object = True

# Run detection
detected_objects, object_number = object_detector.execute(image=image_path, labels=labels, save_object=save_object, model_size=model_size, threshold=threshold)
print(f"Total number of detected painting objects: {object_number}")
```

This program should print the total number of detected painting objects in the scene, including the number of objects that correspond to the "Painting" label and any other objects that may be present in the scene that are labeled as paintings.
Reward: 0.0

--- Completion 2 ---
To estimate the pixel-level depth from the image and answer the question, we can use the `pixel_depth_tool` from the `tool_box` as follows:

```python
import pixel_depth_tool

# Execute pixel depth tool with the path
image_results = pixel_depth_tool.execute(image_path=['path/to/your_image1.jpg'], mode='image')
```

Ensure that the `pixel_depth_tool` module is installed and imported correctly. The value of `image_path` is the list of paths to the image you want to analyze. The function `execute` takes in the image path as an argument and calls the `execute` method of `pixel_depth_tool` with `image_path` as the argument. The option 'image' specifies that we are dealing with an image, and the mode is set to 'image' to analyze the provided image. The output will be a dictionary containing the depth maps for each input image.
Reward: 0.0

--- Completion 3 ---
To answer the question about the number of paintings visible in the scene, we can use the Text_Detector_Tool tool to detect text and count the number of words that match the word "painting". Here is the Python code to achieve this:

```python
import Object_Detector_Tool
import Text_Detector_Tool

# Define the number of paintings and the text detection threshold
paintings = 0
threshold = 0.35

# Detect text in the scene and count words that match the word "painting"
result = Text_Detector_Tool.execute(image='path/to/image.png', languages=['en'])

words_with_paintings = [word for word, score in result.items() if 'painting' in word and score > threshold]

# Calculate the number of paintings
paintings = len(words_with_paintings)

paintings
```

Replace `'path/to/image.png'` with the actual file path of the image you want to analyze. This Python code will print the number of paintings visible in the scene.
Reward: 0.0

--- Completion 4 ---
In order to generate a Python program that can answer questions based on visual inputs, we need to first identify the objects and the number of paintings in the scene.

Let's start by identifying the objects in the scene:

1. The scene has a ladder.
2. There is a ball on the floor.

The number of paintings in the scene can be determined based on the paint (which we will consider as a painting) and the framed picture on the wall. Since we don't have specific information about the paint, we can assume that there might be 2 paintings in the scene.

Here's the code:

```python
# Import the necessary tool class
from tool_module import Pixel_Depth_Tool

# Initialize the detection tool with empty padding (i.e., use default settings)
tool = Pixel_Depth_Tool()

# Define input file paths
image_path = 'scene.png'
image_output_path = 'detected_objects_image.png'
labelling_path = 'scene.json'
paints_path = 'paints.json'  # If you have the list of paints, replace this with the path to that file.

# Execute the detection tool
result = tool.execute(image_path=image_path, labels=['paintings'], save_object=True, saved_image_path=image_output_path)

# Process the result
if result:
    detected_objects = result[0]
    objects = detected_objects['object_number']
    if objects:
        paint_count = detected_objects['label_count']['paintings']
        print(f'There are {paint_count} paintings in the scene.')
    else:
        print('There are no paints in the scene.')
else:
    raise Exception('Failed to detect paintings.')
```

Make sure to replace 'scene.png' with the actual filename of your scene file. If you have the list of paints, replace 'paints.json' with the path to that file.
Reward: 0.0

--- Completion 5 ---
<command>
if image_results:
    print("There are",len(image_results), "paintings visible in the scene.")
else:
    print("There are", len(pixel_results['assets/image1.jpg']['depth_map'][0]), "paintings visible in the scene.")
</command>
Reward: 0.0

--- Completion 6 ---
<command>
from object_detector import Object_Detector_Tool

final_result = Object_Detector_Tool.execute(image='path/to/image.png', labels=['cat', 'mouse'], save_object=True, saved_image_path='detected_objects')

print(f"Objects detected: {final_result}")
</command>
Reward: 1.0

--- Completion 7 ---
To count the number of paintings in the scene, we need to first identify the labels that correspond to paintings. In this case, the labels are "baseball" and "basketball," which correspond to objects that are present in the scene.

<command>
import Object_Detector_Tool

labels = ['baseball', 'basketball']
Object_Detector_Tool.execute(image='path/to/image.png', labels=labels, save_object=True, saved_image_path='detected_objects')
detected_objects = Object_Detector_Tool.output
object_number = {l: int(type(result).__name__.split('.')[-1]) for l, result in detected_objects.items() if isinstance(result, dict) and 'saved_image_path' in result and result['saved_image_path'].endswith('.png')}

final_result = object_number['baseball'] + object_number['basketball']
final_result
</command>
Reward: 0.0

--- Completion 8 ---
<command>
from object_detector import Object_Detector_Tool

final_result = Object_Detector_Tool.execute(
    image='image_path',
    labels=['ball'],
    save_object=True,
    saved_image_path='detected_objects'
)
print(final_result)
</command>
Reward: 1.0

