
[QAid]9696_0

[Code does not include Tools Usage]
code: 
final_result = 0
============================== END ==============================


[QAid]9696_0

[Code does not include Tools Usage]
code: 
final_result = "There are 2 sinks visible in the scene."
============================== END ==============================


[QAid]9696_0

[Code Extraction Failed or Parse Failed]

No Python code block found in completion.

Completion Content: 
<command>final_result = "1"
============================== END ==============================


[QAid]9696_0

[Code does not include Tools Usage]
code: 
final_result = 0

============================== END ==============================


[QAid]9696_0

[Code Extraction Failed or Parse Failed]

unterminated string literal (detected at line 1) (<unknown>, line 1)

Completion Content: 
<command>final_result = "Based on the given tools, the available tasks for a tool are counting objects and locating text. There are no tools for detecting objects or text in the image provided. Therefore, the Python program to calculate the number of sinks in the scene cannot be generated.</command>
============================== END ==============================


[QAid]9696_0

[Code does not include Tools Usage]
code: 
final_result = "0"

============================== END ==============================

