
[QAid]2227_0

[Code does not include Tools Usage]
code: 
final_result = "1"

============================== END ==============================


[QAid]2227_0

[Code does not include Tools Usage]
code: 
final_result = "1"

============================== END ==============================


[QAid]2227_0

[Code does not include Tools Usage]
code: 
final_result = "1 SoapBottle"

============================== END ==============================


[QAid]2227_0

[Code does not include Tools Usage]
code: 
final_result = "1"
final_result = "1"

============================== END ==============================


[QAid]2227_0

[Code does not include Tools Usage]
code: 
final_result = "1 SoapBottle"

============================== END ==============================


[QAid]2227_0

[Code Includes Tools Usage]
code: 
import object_detector as od
final_result = "1"
final_result = od.execute(image='path/to_image.png', labels=['SoapBottles'], save_object=True, saved_image_path='detected_objects')

============================== END ==============================

