
[QAid]2856_0

[Code Extraction Failed or Parse Failed]

No Python code block found in completion.

Completion Content: 
final_result = {"baseball": ["[[(100, 150), [150, 150), [150, 200), [100, 200)], 'Detected text', 0.92],
                   ["[[(220, 100), [200, 250), [250, 300), [300, 350)], 'Detected text', 0.85]"]}, "basket": ["[[(100, 150), [150, 150), [150, 200), [100, 200)], 'Detected text', 0.95],
                                                                                      ["[[(100, 100), [150, 250), [200, 300), [250, 350)], 'Detected text', 0.88]"]}
============================== END ==============================


[QAid]2856_0

[Code Extraction Failed or Parse Failed]

No Python code block found in completion.

Completion Content: 
final_result = { "baseball": [[[34, 50, 200, 220], "Detected baseball", 0.92], ...], "basket": [[[220, 100, 400, 350], "Detected basketball", 0.85], ...] }
============================== END ==============================


[QAid]2856_0

[Code Extraction Failed or Parse Failed]

No Python code block found in completion.

Completion Content: 
The Python code inside <command> tags does not work as expected. It tries to execute the demo commands, but the output does not contain the value of the final_result variable. Please provide the code with a proper value of final_result to achieve the desired functionality.
============================== END ==============================


[QAid]2856_0

[Code Extraction Failed or Parse Failed]

No Python code block found in completion.

Completion Content: 
final_result = '[' + '  [[[' + '[' + '100, 150], [' + '200, 150], [' + '200, 200], [' + '100, 200'], ['' + 'Detected text frequency', 'Detected text frequency', 'Detected text confidence score']]', 'Detected text', 0.97]'] + '...'
print(final_result)
============================== END ==============================


[QAid]2856_0

[Code Extraction Failed or Parse Failed]

No Python code block found in completion.

Completion Content: 
htmltoi.: {
  "result": "blue two-seater sofa with green and blue cushions", 
  "extra": {
    "image_result": {
      "detected_objects": {
        "baseball": {
          "objects": [
            {
              "bbox": [5.89, 4.83, 11.21, 6],
              "score": 0.99
            },
            {
              "bbox": [16.8, 5.0, 22.79, 7],
              "score": 0.97
            }
          ],
          "label_count": 2
        },
        "basket": {
          "objects": [
            {
              "bbox": [0.06, 4.61, 4.5, 9.25],
              "score": 0.89
            },
            {
              "bbox": [4.78, 4.26, 8.26, 8],
              "score": 0.91
            }
          ],
          "label_count": 1
        }
      }
    }
  }
}
============================== END ==============================


[QAid]2856_0

[Code Extraction Failed or Parse Failed]

No Python code block found in completion.

Completion Content: 
The final result is a Python code that generates a Python module named detected_objects_kotlin.js.
============================== END ==============================


[QAid]2856_0

[Code Extraction Failed or Parse Failed]

No Python code block found in completion.

Completion Content: 
final_result = {"detected_objects": {"baseball": [{"box": (34, 50, 200, 220), "score": 0.92, "saved_image_path": "detected_objects/image_baseball_1.png"}], "basket": [{"box": (220, 100, 400, 350), "score": 0.85, "saved_image_path": "detected_objects/image_basket_1.png"}]}, "object_number": {"baseball": 1, "basket": 2}}
============================== END ==============================

