
============================== New Completed Execution ==============================
[EXEC CODE]
final_result = "Window (highlighted by a blue box)"
[THE PRINT OUTPUT]

[GENERATE VALID FINAL_RESULT]
Window (highlighted by a blue box)

============================== END ==============================


============================== New Completed Execution ==============================
[EXEC CODE]
final_result = "Window (highlighted by a blue box)"
[THE PRINT OUTPUT]

[GENERATE VALID FINAL_RESULT]
Window (highlighted by a blue box)

============================== END ==============================


============================== New Completed Execution ==============================
[EXEC CODE]
final_result = "Window"
[THE PRINT OUTPUT]

[GENERATE VALID FINAL_RESULT]
Window

============================== END ==============================


============================== New Completed Execution ==============================
[EXEC CODE]
final_result = "Window"
[THE PRINT OUTPUT]

[GENERATE VALID FINAL_RESULT]
Window

============================== END ==============================


============================== New Completed Execution ==============================
[EXEC CODE]
final_result = "Window (highlighted by a blue box)"
[THE PRINT OUTPUT]

[GENERATE VALID FINAL_RESULT]
Window (highlighted by a blue box)

============================== END ==============================


============================== New Completed Execution ==============================
[EXEC CODE]
final_result = "Window"
[THE PRINT OUTPUT]

[GENERATE VALID FINAL_RESULT]
Window

============================== END ==============================


============================== New Completed Execution ==============================
[EXEC CODE]
final_result = "Window"
[THE PRINT OUTPUT]

[GENERATE VALID FINAL_RESULT]
Window

============================== END ==============================


============================== New Completed Execution ==============================
[EXEC CODE]
final_result = "Window"
[THE PRINT OUTPUT]

[GENERATE VALID FINAL_RESULT]
Window

============================== END ==============================

