
[EXECUTION EXCEPTION]
No module named 'Text_Detector_Tool'
code: 
from Text_Detector_Tool import Text_Detector_Tool

# Create a Text Detector Tool object
text_detector = Text_Detector_Tool()

# Execute the command
result = text_detector.execute(image="val_Counting_42_image_1.jpg", languages=["en"], detail=1)

# Get the list of detected text blocks
detected_text_blocks = result[0]

# Loop through the detected text blocks and count them
text_count = 0
for block in detected_text_blocks:
    if block[3].split("(")[0] == "baseball":
        text_count += 1
    if block[3].split("(")[0] == "basket":
        text_count += 1

if final_result in ["C", "D"]:
    final_result = Text_Detector_Tool.output_example
else:
    final_result =_detected_text_blocks

detected_text_blocks

============================== END ==============================

[EXECUTION EXCEPTION]
Object_Detector_Tool.execute() missing 1 required positional argument: 'self'
code: 
from object_detector import Object_Detector_Tool

# Convert image path to a string for compatibility
path_to_image = "/home/stud/wxie/BLINK_Dataset/Counting/val/images/val_Counting_42_image_1.jpg"

# Execute object detection
result = Object_Detector_Tool.execute(image=path_to_image, labels=["baseball", "basket"], save_object=True, saved_image_path="detected_objects")
detected_objects = {obj['object_names'][0]: obj for obj in result['detected_objects']}  # Example: {key: value from detected_objects dictionary}

# Step 1: Calculate total number of words
total_words = 0

# Step 2: Count the number of words in the "detected_objects" dictionary (if there is any)
for word, word_count in detected_objects.items():
    if word != [] and word_count != {} and object_number:
        total_words += word_count  # Sum the count for the word in detected_objects dictionary

# Print the total number of letters found in detected_objects
final_result = f"The image contains {total_words} words."

============================== END ==============================

[EXECUTION EXCEPTION]
name 'bx0' is not defined
code: 
from letter_detector import Letter_Detector_Tool
# Load pre-trained letter detector model
model = Letter_Detector_Tool()

# Read the image and perform letter detection
results = model.execute(image='path_to_image.jpg')

# Convert the results to a list of lists, each containing the bounding box coordinates, the recognized text, and the confidence score
letter_bbx_lst = [[[bx0, by0], [bx1, by1], [bx2, by2], [bx3, by3]], letter] 
results = [[result] for result in results]

# Filter the results by text recognition and confidence score
image_txt = results[(results[1] == "A") & (results[2] >= 0.95)][[0, 1, 2, 3]][0]

# Print the letter and its bounding box
print(f"Detected letter: ' {letter} ' with bounding box: x1, y1 = {bbox[0]} , {bbox[1]} , x2, y2 = {bbox[2]} , {bbox[3]}")

============================== END ==============================
