
[EXECUTION EXCEPTION]
Object_Detector_Tool.execute() missing 1 required positional argument: 'self'
code:from object_detector import Object_Detector_Tool

final_result = "D"

detected_objects = Object_Detector_Tool.execute(image="/home/stud/wxie/BLINK_Dataset/Counting/val/images/val_Counting_117_image_1.jpg", labels=["car"])
objects_list = detected_objects["output_types"][0]

for objects in objects_list:
    if objects["label"] == "yellow car":
        final_result = "3"
    else:
        final_result = objects["total_count"]

print(final_result)

[EXECUTION EXCEPTION]
Object_Detector_Tool.execute() missing 1 required positional argument: 'self'
code:from object_detector import Object_Detector_Tool

final_result = "A"

detected_objects, object_number = Object_Detector_Tool.execute(image="/home/stud/wxie/BLINK_Dataset/Counting/val/images/val_Counting_117_image_1.jpg", labels=["yellow car"], save_object=True, saved_image_path="detected_objects")
print(detected_objects)
print(object_number)
if len(detected_objects) == 0:
    final_result = "A"

print(final_result)

[EXECUTION EXCEPTION]
EOF when reading a line
code:from object_detector import Object_Detector_Tool

final_result = ""
light = input("Please input the label of yellow car(s) you want to count: ")
for cars in ["yellow car"]:
    yellow_car_count = 0
    for cars in cars:
        yellow_car_count += object_dct["detected_objects"]["labels"][yellow_car][1]
    if yellow_car_count >= 3:
        final_result = cars
        break
if final_result == "":
    final_result = "No yellow cars detected"
print(final_result)

[EXECUTION EXCEPTION]
Object_Detector_Tool.execute() missing 1 required positional argument: 'self'
code:from object_detector import Object_Detector_Tool

# Load the image file and detect objects
detected_objects, object_number = Object_Detector_Tool.execute(image="path-to-image.png", labels=["yellow car"], save_object=True)

print(detected_objects)
final_result = "D"

[EXECUTION EXCEPTION]
invalid syntax (<string>, line 1)
code:python code
# import required tool
from object_detector import Object_Detector_Tool

# check image file
image_path = "/home/stud/wxie/BLINK_Dataset/Counting/val/images/val_Counting_117_image_1.jpg"

# set up label and threshold for detection
label = ["baseball", "basket"]
threshold = 0.45

# execute object detection
detected_objects, object_number = Object_Detector_Tool.execute(image=image_path, labels=label, threshold=threshold, save_object=True, saved_image_path="detected_objects")

# count detected objects
final_result = object_number["baseball"]

print("Final result:", final_result)
