
============================== New Completed Execution ==============================
[EXEC CODE]

final_result = "blue modern dining table (highlighted by a blue box)"

[THE PRINT OUTPUT]

[GENERATE VALID FINAL_RESULT]
blue modern dining table (highlighted by a blue box)

============================== END ==============================


============================== New Completed Execution ==============================
[EXEC CODE]

final_result = 'blue modern dining table (highlighted by a blue box)'

[THE PRINT OUTPUT]

[GENERATE VALID FINAL_RESULT]
blue modern dining table (highlighted by a blue box)

============================== END ==============================


============================== New Completed Execution ==============================
[EXEC CODE]

final_result = "blue modern dining table (highlighted by a blue box)"

[THE PRINT OUTPUT]

[GENERATE VALID FINAL_RESULT]
blue modern dining table (highlighted by a blue box)

============================== END ==============================


============================== New Completed Execution ==============================
[EXEC CODE]

final_result = "blue modern dining table (highlighted by a blue box)"

[THE PRINT OUTPUT]

[GENERATE VALID FINAL_RESULT]
blue modern dining table (highlighted by a blue box)

============================== END ==============================


============================== New Completed Execution ==============================
[EXEC CODE]

final_result = "blue modern dining table (highlighted by a blue box)"

[THE PRINT OUTPUT]

[GENERATE VALID FINAL_RESULT]
blue modern dining table (highlighted by a blue box)

============================== END ==============================


============================== New Completed Execution ==============================
[EXEC CODE]

final_result = "blue modern dining table (highlighted by a blue box)"

[THE PRINT OUTPUT]

[GENERATE VALID FINAL_RESULT]
blue modern dining table (highlighted by a blue box)

============================== END ==============================

