
[EXECUTION EXCEPTION]
Object_Detector_Tool.execute() missing 1 required positional argument: 'self'
code:from object_detector import Object_Detector_Tool

detect_birds = Object_Detector_Tool.execute(image="/home/stud/wxie/BLINK_Dataset/Counting/val/images/val_Counting_115_image_1.jpg", labels = ["falcon", "eagle"], save_object=True, saved_image_path="detected_objects")

[None RESULT]


[EXECUTION EXCEPTION]
not enough values to unpack (expected 2, got 0)
code:from object_detector import Object_Detector_Tool

# Step 1: Load the image
image_path = "/home/stud/wxie/BLINK_Dataset/Counting/val/images/val_Counting_115_image_1.jpg"
detector_tool = Object_Detector_Tool()
detected_objects, object_number = detector_tool.execute(image_path, labels=["bird"], save_object=True, saved_image_path="detected_objects")

# Check if the second bird is facing the right of the frame
if detected_objects[0]["bbox"][1] > 0 and detected_objects[0]["bbox"][3] > 0:
    final_result = Bird
else:
    final_result = None

[EXECUTION EXCEPTION]
not enough values to unpack (expected 2, got 0)
code:from object_detector import Object_Detector_Tool

path_to_image = "/home/stud/wxie/BLINK_Dataset/Counting/val/images/val_Counting_115_image_1.jpg"

# Initialize the Object_Detector_Tool
tool = Object_Detector_Tool()

# Execute the tool and get the results
detected_objects, bird_counts = tool.execute(image=path_to_image, labels=["bird"], save_object=True)

# Convert the bird_counts dictionary to a list
bird_counts_list = list(bird_counts.values())

# Determine if the first bird counts
is_first_bird_count = bird_counts_list[0]

# Check if the first bird counts are greater than 0
final_result = "B" if is_first_bird_count == 1 else "F"

print(final_result)

[EXECUTION EXCEPTION]
Object_Detector_Tool.__init__() takes 1 positional argument but 2 were given
code:from object_detector import Object_Detector_Tool

# Load the image file
image_path = "/home/stud/wxie/BLINK_Dataset/Counting/val/images/val_Counting_115_image_1.jpg"
object_dto = Object_Detector_Tool(image_path)

# Detect labels and count birds
labels = ["sandpiper", "black-beak"]
boxes, conf_scores, count_dict = object_dto.execute(labels=labels, threshold=0.35, model_size="tiny", save_object=False)

# Filter for sandpipers and count them
count_sandpiper = count_dict[labels[0]]

# Determine the right side of the frame
left_threshold = count_sandpiper * 0.5
right_threshold = count_sandpiper * 1.5

# Calculate the number of birds facing right
right_bird_count = 0
for bird_label, count in count_dict.items():
    if count > 0 and (left_threshold <= float(bird_label) < right_threshold) or left_threshold >= count <= right_threshold:
        right_bird_count += 1
        break

final_result = (
    "B",
    right_bird_count,
)

final_result
