
[Exctuion Failed]

f-string: f-string: unmatched '[' (<string>, line 15)
code: 

from object_detector_tool import Object_Detector_Tool

path_to_image = "/nfs/data8/liao/wxie/SAT/SAT_images_train/3767_0.png"
labels = ["baseball", "basket"]
threshold = 0.35
model_size = "tiny"
save_object = False

# Detection
object_detection_result = Object_Detector_Tool().execute(image=path_to_image, labels=labels, threshold=threshold, model_size=model_size, save_object=save_object)

for labels in object_detection_result:
  detected_object = object_detection_result[labels][0]
  print(f"{labels} : {[detected_object['score'], f'Detected {detected_object['saved_image_path']}', f'{detected_object['score']:.2f}']} ({detected_object['box']})")
  object_number = object_detection_result[labels][1]

print(f"Object Number: {object_number}")


============================== END ==============================


[Exctuion Failed]

name 'generated_lines' is not defined
code: 
generated_lines

============================== END ==============================


[Exctuion Failed]

No module named 'Object_Detector_Tool'
code: 

from Object_Detector_Tool import Object_Detector_Tool as object_detector

# Define the command module with the provided tools
command_module = {
    "tool_module_name": "Object_Detector_Tool",
    "tool_class_name": "Object_Detector_Tool",
    "tool_description": "A tool to detect objects in an image based on bounding boxes.",
    "tool_version": "0.1.0",
    "input_types": {"image": "str", "labels": "list", "threshold": "float", "model_size": "str", "save_object": "bool", "saved_image_path": "str"},
    "output_types": "tuple",
    "user_metadata": {"tool_dependencies": "The correct tool dependencies are not provided in the given JSON format. Please ensure dependencies are correctly loaded before using the tool.",
                      "tool_version": "0.1.0"
                      }
}

# Initialize the Object_Detector_Tool tool
object_detector_tool = object_detector(**command_module)

# Execute the command and assign the results
detected_objects, object_number = object_detector_tool.execute(image="/nfs/data8/liao/wxie/SAT/SAT_images_train/3767_0.png", labels=["baseball", "basket"], save_object=True, saved_image_path="detected_objects")

object_number


============================== END ==============================


[Exctuion Failed]

No module named 'Object_Detector_Tool'
code: 
from Object_Detector_Tool import Object_Detector_Tool
from Text_Detector_Tool import Text_Detector_Tool

final_result = {}

image_path = "/nfs/data8/liao/wxie/SAT/SAT_images_train/3767_0.png"

# Detect baseball and basketball
object_detector = Object_Detector_Tool()

with object_detector:
    detected_objects = object_detector.execute(image=image_path, labels=["baseball", "basket", "rug"], save_object=True)

    if detected_objects or object_detector.output_types["detected_objects"]:

        for label, detection_list in detected_objects.items():
            for detection in detection_list:
                final_result.update({
                    "detected_objects" : object_detector.output_types['detected_objects'][label].items(),
                    "object_number" : object_detector.output_types['object_number'][label]
                })

        final_result["detected_objects"] = object_detector.output_types['detected_objects']
        final_result["object_number"] = object_detector.output_types['object_number']
    else:
        final_result["detected_objects"] = []

print(final_result)


============================== END ==============================

