
[EXECUTION EXCEPTION]
No module named 'Object_Detector_Tool'
code:from Object_Detector_Tool import Object_Detector_Tool

[EXECUTION EXCEPTION]
Object_Detector_Tool.__init__() got an unexpected keyword argument 'root_path'
code:from object_detector import Object_Detector_Tool

# Load the tool with detection labels
detector = Object_Detector_Tool(root_path="/home/stud/wxie/BLINK_Dataset/Counting/val/images", labels=["baseball", "basket"], model_size="tiny", save_object=True)

# Load the image
image_path = "/home/stud/wxie/BLINK_Dataset/Counting/val/images/val_Counting_78_image_1.jpg"
labels, object_number = detector.execute(image_path, save_object=False)

# Get the label count
label_count = len(object_number)

final_result = (label_count, )

print("Final Result:", final_result)

[EXECUTION EXCEPTION]
Object_Detector_Tool.execute() got an unexpected keyword argument 'saved_object'
code:from object_detector import Object_Detector_Tool as detector_tool

# Path to the image
image_path = "/home/stud/wxie/BLINK_Dataset/Counting/val/images/val_Counting_78_image_1.jpg"

# Function to detect and count people climbing on the wall
def count_people_on_wall(image_path):
    # Initialize the detected_objects dictionary
    detected_objects = {}

    # Create Object_Detector_Tool instance
    detector_tool_instance = detector_tool()

    # Execute the detection
    result = detector_tool_instance.execute(image=image_path, labels=["person"], threshold=0.2, saved_object=True, save_image_path="detected_objects")

    # Count the detected objects
    counts = 0
    for label, count in result['counts'].items():
        detected_objects[label] = count

    # Return the detected_objects list
    return list(detected_objects.values())

# Call the function to count people climbing on the wall
final_result = count_people_on_wall(image_path)

# Extract the final counts
final_count = sum(final_result.values())  # Assuming counts are given as a list

print(f"The number of people climbing on the wall is: {final_count}")

[EXECUTION EXCEPTION]
Object_Detector_Tool.execute() missing 1 required positional argument: 'self'
code:final_result = 0
final_result = Object_Detector_Tool.execute(image="/home/stud/wxie/BLINK_Dataset/Counting/val/images/val_Counting_78_image_1.jpg", labels=["wall"], save_object=True, saved_image_path="detected_objects")
wall_label = final_result[1].get("wall")
wall_label_count = final_result[1].get("wall").get("total_count")
wall_label_count

[EXECUTION EXCEPTION]
invalid syntax (<string>, line 1)
code:def find_peoples_path(image_path): final_result = {} final_result["baseball"] = {"boxes": {}, "confidence_scores": 0.0, "saved_image_paths": []} final_result["basket"] = {"boxes": {}, "confidence_scores": 0.0, "saved_image_paths": []} result = Object_Detector_Tool.execute(image=image_path, labels=["baseball", "basket"], threshold=0.0, save_object=True, saved_image_path="detected_objects") for detected in result: if detected[0] == "basket": final_result["basket"]["boxes"] = detected[1] final_result["basket"]["confidence_scores"] = detected[2] elif detected[0] == "baseball": final_result["baseball"]["boxes"] = detected[1] final_result["baseball"]["confidence_scores"] = detected[2] return final_result

[EXECUTION EXCEPTION]
not enough values to unpack (expected 2, got 0)
code:from object_detector import Object_Detector_Tool

# Define object to locate
object_label = "baseball"

# Initialize the object_detector tool
object_detector = Object_Detector_Tool()

# Execute the tool
detected_objects, object_number = object_detector.execute(image="/home/stud/wxie/BLINK_Dataset/Counting/val/images/val_Counting_78_image_1.jpg", labels=[object_label], save_object=True, saved_image_path="detected_objects")

# Count the number of detected objects
final_result = object_number[
    object_label
]

final_result

[EXECUTION EXCEPTION]
'list' object has no attribute 'items'
code:from object_detector import Object_Detector_Tool

final_result = 0

path_to_image = "/home/stud/wxie/BLINK_Dataset/Counting/val/images/val_Counting_78_image_1.jpg"
labels = ["baseball", "basket"]
threshold = 0.45
model_size = "tiny"
save_object = False

object_detector_tool = Object_Detector_Tool()
result = object_detector_tool.execute(image=path_to_image, labels=labels, threshold=threshold, model_size=model_size, save_object=save_object)

for _, results in result.items():
    for _, details in results.items():
        if "boxes" in details and details["boxes"]:
            final_result += len(details["boxes"])

final_result
