
[QAid]4189_0

[Code Extraction Failed or Parse Failed]

No Python code block found in completion.

Completion Content: 
```python
import Text_Detector_Tool

# Initialize the detected objects and object count with empty tuple
detected_objects = {}
object_count = {}

# Example image path
example_image_path = "/nfs/data8/liao/wxie/SAT/SAT_images_train/4189_0.png"

# Detect text in the image
result = Text_Detector_Tool.execute(image=example_image_path, languages=['en', 'de'])

# Loop through the detected blocks in result
for block in result:
    # Extract the text and confidence score
    text = block[2][0]
    conf_score = block[4]
    # Create a tuple with the text, confidence score, and bounding box coordinates
    detected_object = ([(k, v) for k, v in block[0].items()], text, conf_score)
    # Append the detected object to the detected_objects and add the number of detected objects to the object_count
    if k not in detected_objects:
        detected_objects[k] = []
    detected_objects[k].append(detected_object)
    object_count[k] = object_count.get(k, 0) + 1

final_result = []
for label in detected_objects:
    if not object_count[label]:
        final_result.append(detected_objects[label])
    else:
        final_result.append(str(object_count[label]) + " " + str(len(detected_objects[label])))

# Calculate the total number of detected objects
total_objects = sum(object_count.values())

if not final_result:
    print("No text blocks detected in the given image.")
else:
    print("Detected objects:")
    print("---------------------------------------------------------")
    for label in detected_objects:
        print(f"{label}:")
        for detected_object in detected_objects[label]:
            print("----------")
            print(detected_object)
    print(f"Total: {total_objects} objects detected.")
```
</command>
Output:
```
No text blocks detected in the given image.
```
============================== END ==============================


[QAid]4189_0

[Code Includes Tools Usage]
code: 

from object_detector import Object_Detector_Tool

# Parameters for the tool
tool_params = {
  'tool_class_name': 'Object_Detector_Tool',
  'tool_description': 'Detects objects in an image',
  'tool_version': '1.0.0'}
  
tool_params['label'] = 'ประตู'
tool_params['threshold'] = 0.35
tool_params['model_size'] = 'base'
tool_params['input_types'] = {'image': 'str', 'labels': 'list'}
tool_params['output_types'] = {'tuple': 'dict'}
tool_params['saved_image_path'] = 'detected_objects'
tool_params['save_object'] = True

# Execute the tool to detect objects in the image
result = Object_Detector_Tool.execute(image='path/to/image.png', labels=[tool_params['label']], save_object=True, saved_image_path='detected_objects') 

final_result = result

print(final_result)

============================== END ==============================


[QAid]4189_0

[Code Includes Tools Usage]
code: 

from Object_Detector_Tool import Object_Detector_Tool
image_path = "/nfs/data8/liao/wxie/SAT/SAT_images_train/4189_0.png"

# Initialize the detection tool
tool = Object_Detector_Tool()

# Detect objects in the image
result = tool.execute(image=image_path, labels=[], languages=['eng', 'de'])

# Convert the result to a Python dict
result_dict = {"detected_objects": result}

# Extract object number
total_objects = {}
object_labels = [item for sublist in result_dict["detected_objects"] for item in sublist]
object_labels.sort()

for label in object_labels:
    object_num = total_objects.get(label, 0)
    total_objects[label] = object_num + 1
    result_dict["object_number"][label] = object_num + 1

final_result = {"label_number": result_dict, "object_number": total_objects}

============================== END ==============================


[QAid]4189_0

[Code Extraction Failed or Parse Failed]

No Python code block found in completion.

Completion Content: 
```python
from object_detector import Object_Detector_Tool

def detect_doorways(image_path, labels, threshold=0.35, model_size="tiny", save_object=False, saved_image_path="detected_objects"):
    """
    Detect doorways in an image using the Object_Detector_Tool and save detected objects images.

    Args:
    image_path (str): The path to the image file.
    labels (list): A list of object labels to detect.
    threshold (float): The confidence threshold for detection (default: 0.35).
    model_size (str): The size of the model to use ('tiny' or 'base', default: 'tiny').
    save_object (bool): Whether to save the detected objects as images (default: False).
    saved_image_path (str): The path to save the detected object images (default: 'detected_objects').

    Returns:
    str: A string with the detected doorways count and their detection results.
    """
    object_detector_tool = Object_Detector_Tool()
    detected_objects, object_number = object_detector_tool.execute(image=image_path, labels=labels, save_object=save_object, saved_image_path=saved_image_path, threshold=threshold, model_size=model_size)

    # Filter doorway in the list
    doorway_list = [obj for obj in detected_objects["baseball"]
                    if ("box" in obj) and ("y2" in obj) and ("x2" in obj)]

    # Determine how many doorway are there
    if doorways:
        return f"{len(doorways)} doorway{'s' if doorways else ''} were detected."
    else:
        return "'No doorway was detected.'"

# Example usage
results = detect_doorways("/path/to/photo.jpg")
print(results)
```

This program can be used to count and locate doorways in images by utilizing the bounding boxes. It will return a string with the detected doorway count and their detection results.
============================== END ==============================


[QAid]4189_0

[Code Extraction Failed or Parse Failed]

unexpected character after line continuation character (<unknown>, line 1)

Completion Content: 
<command>y\n</command>
============================== END ==============================


[QAid]4189_0

[Code Includes Tools Usage]
code: 

def count_doorways(image_path, languages=['en', 'de'], detail=0):
    from object_detector import Object_Detector_Tool

    # Load the object detector tool
    object_detector = Object_Detector_Tool(
        model_size="tiny", save_object=False, threshold=0.35
    )

    # Perform text detection on the image
    result = object_detector.execute(image=image_path, languages=languages, detail=detail)

    # Count the number of doors
    door_count = 0
    for box in result:
        # Check if the box corresponds to a door
        if box[4] + box[2] >= 300:
            door_count += 1

    return door_count

final_result = count_doorways("/nfs/data8/liao/wxie/SAT/SAT_images_train/4189_0.png")
print("The number of doorways visible in the scene is:", final_result)

============================== END ==============================

