
[Exctuion Failed]

Object_Detector_Tool.execute() missing 1 required positional argument: 'self'
code: 
from object_detector import Object_Detector_Tool

final_result = "3"

# Detecting objects
result = Object_Detector_Tool.execute(image="path/to/image.png", labels=["chair"], save_object=True, saved_image_path="detected_objects")

# Check the result
if len(result["detected_objects"]) == 0:
  final_result = "0"
else:
  final_result = str(len(result["detected_objects"]))

print(f"Final result: {final_result}")


============================== END ==============================


[Exctuion Failed]

invalid syntax (<string>, line 1)
code: 
import tool_object_detector from module_name import tool_class_name as name

final_result = "3"



============================== END ==============================

