
============================== New Completed Execution ==============================
[EXEC CODE]
final_result = "1 Sink"

[THE PRINT OUTPUT]

[GENERATE VALID FINAL_RESULT]
1 Sink

============================== END ==============================


============================== New Completed Execution ==============================
[EXEC CODE]
final_result = "1"

[THE PRINT OUTPUT]

[GENERATE VALID FINAL_RESULT]
1

============================== END ==============================


============================== New Completed Execution ==============================
[EXEC CODE]
final_result = "1"

[THE PRINT OUTPUT]

[GENERATE VALID FINAL_RESULT]
1

============================== END ==============================


============================== New Completed Execution ==============================
[EXEC CODE]
final_result = "1 Sink visible in the scene based on the given image path."

[THE PRINT OUTPUT]

[GENERATE VALID FINAL_RESULT]
1 Sink visible in the scene based on the given image path.

============================== END ==============================


============================== New Completed Execution ==============================
[EXEC CODE]
final_result = "1"

[THE PRINT OUTPUT]

[GENERATE VALID FINAL_RESULT]
1

============================== END ==============================


============================== New Completed Execution ==============================
[EXEC CODE]
final_result = "1 Sink"

[THE PRINT OUTPUT]

[GENERATE VALID FINAL_RESULT]
1 Sink

============================== END ==============================

