
============================== New Completed Execution ==============================
[EXEC CODE]
final_result = "1, 2, 0, 1, 2"

[THE PRINT OUTPUT]

[GENERATE VALID FINAL_RESULT]
1, 2, 0, 1, 2

============================== END ==============================


============================== New Completed Execution ==============================
[EXEC CODE]
final_result = "1"

[THE PRINT OUTPUT]

[GENERATE VALID FINAL_RESULT]
1

============================== END ==============================


============================== New Completed Execution ==============================
[EXEC CODE]
final_result = "1 TV"

[THE PRINT OUTPUT]

[GENERATE VALID FINAL_RESULT]
1 TV

============================== END ==============================


============================== New Completed Execution ==============================
[EXEC CODE]
final_result = "1\n{}0".format('1', 'None')
[THE PRINT OUTPUT]

[GENERATE VALID FINAL_RESULT]
1
10

============================== END ==============================


============================== New Completed Execution ==============================
[EXEC CODE]
final_result = "1 television"

[THE PRINT OUTPUT]

[GENERATE VALID FINAL_RESULT]
1 television

============================== END ==============================


============================== New Completed Execution ==============================
[EXEC CODE]
final_result = "1"

[THE PRINT OUTPUT]

[GENERATE VALID FINAL_RESULT]
1

============================== END ==============================

