
[QAid]7738_0

[Code does not include Tools Usage]
code: 
final_result = ""
final_result += "0HousePlants are visible in the scene."
final_result += "Expected result: 2HousePlants\n"

============================== END ==============================


[QAid]7738_0

[Code does not include Tools Usage]
code: 
final_result = "1"

============================== END ==============================


[QAid]7738_0

[Code Extraction Failed or Parse Failed]

unterminated string literal (detected at line 1) (<unknown>, line 1)

Completion Content: 
<command>final_result = "The Python program to answer the question has been generated.</command>
============================== END ==============================


[QAid]7738_0

[Code does not include Tools Usage]
code: 
final_result = "1"

============================== END ==============================


[QAid]7738_0

[Code does not include Tools Usage]
code: 
final_result = "1"

============================== END ==============================


[QAid]7738_0

[Code does not include Tools Usage]
code: 
final_result = "1"

============================== END ==============================

