
[Exctuion Failed]

No module named 'Pixel_Depth_Tool'
code: 
import Pixel_Depth_Tool as pdt
final_result = pdc.execute(image_path='6845_0.png', outdir='./vis_depth')


============================== END ==============================


[Exctuion Failed]

unterminated string literal (detected at line 3) (<string>, line 3)
code: 
To answer the question, we need to identify the location of the television in the image and then determine if it is directly to the right of the window. 

Let's start by identifying the television in the image and then checking if it is right next to the window.

============================== END ==============================


[None RESULT]


[Successful Execution but Get None RESULT]
[EXEC CODE]
print(final_result)

============================== END ==============================


[Exctuion Failed]

invalid syntax (<string>, line 3)
code: 
final_result = "yes"

</command>

============================== END ==============================


[Exctuion Failed]

invalid syntax (<string>, line 1)
code: 
Based on the image provided, the letter 'B' is located in the lower right corner. No.

============================== END ==============================


[Exctuion Failed]

expected 'else' after 'if' expression (<string>, line 1)
code: 
To determine if the window is to the right of the television, we need to identify the bounding boxes of the window and television and check if the window is located to the right of the television.
We can use the "object_detector" tool to detect bounding boxes of objects in the image.
Using the "letters" tool, we can detect bounding boxes of letters in the image.
Once we have detected the bounding boxes of the window and television, we can compare their bounding boxes to determine if the window is to the right of the television.
If the window is to the right of the television, the final_result should be "yes".
If the television is to the right of the window, the final_result should be "no".

============================== END ==============================


[Exctuion Failed]

No module named 'pixel_depth_tool'
code: 

from object_detector import *
from letter_detector import *
from pixel_depth_tool import *
from text_detector import *


============================== END ==============================


[Exctuion Failed]

name 'b' is not defined
code: 
b

============================== END ==============================

