
============================== New Completed Execution ==============================
[EXEC CODE]

final_result = "circular glass table with thin metallic legs"

[THE PRINT OUTPUT]

[GENERATE VALID FINAL_RESULT]
circular glass table with thin metallic legs

============================== END ==============================


============================== New Completed Execution ==============================
[EXEC CODE]

final_result = "circular glass table with thin metallic legs"

[THE PRINT OUTPUT]

[GENERATE VALID FINAL_RESULT]
circular glass table with thin metallic legs

============================== END ==============================


============================== New Completed Execution ==============================
[EXEC CODE]

final_result = "circular glass table with thin metallic legs"

[THE PRINT OUTPUT]

[GENERATE VALID FINAL_RESULT]
circular glass table with thin metallic legs

============================== END ==============================


============================== New Completed Execution ==============================
[EXEC CODE]

final_result = "circular glass table with thin metallic legs"

[THE PRINT OUTPUT]

[GENERATE VALID FINAL_RESULT]
circular glass table with thin metallic legs

============================== END ==============================


============================== New Completed Execution ==============================
[EXEC CODE]

final_result = "circular glass table with thin metallic legs"

[THE PRINT OUTPUT]

[GENERATE VALID FINAL_RESULT]
circular glass table with thin metallic legs

============================== END ==============================


============================== New Completed Execution ==============================
[EXEC CODE]
final_result = "circular glass table with thin metallic legs"

[THE PRINT OUTPUT]

[GENERATE VALID FINAL_RESULT]
circular glass table with thin metallic legs

============================== END ==============================


============================== New Completed Execution ==============================
[EXEC CODE]

final_result = "circular glass table with thin metallic legs"

[THE PRINT OUTPUT]

[GENERATE VALID FINAL_RESULT]
circular glass table with thin metallic legs

============================== END ==============================


============================== New Completed Execution ==============================
[EXEC CODE]
final_result = "circular glass table with thin metallic legs"
[THE PRINT OUTPUT]

[GENERATE VALID FINAL_RESULT]
circular glass table with thin metallic legs

============================== END ==============================

