
[Exctuion Failed]

Object_Detector_Tool.execute() missing 1 required positional argument: 'self'
code: 

from object_detector import Object_Detector_Tool

def count_dining_tables(image_path):
    """Detect dining tables in an image and count them."""
    detected_objects = Object_Detector_Tool.execute(
        image=image_path,
        save_object=True,
        labels=["dining table"]
    )
    
    object_count = {}
    for label in detected_objects.keys():
        if label == "dining table":
            objects = detected_objects[label]
            table_count = len(objects)
            object_count[label] = table_count
    
    dining_table_count = {
        label: len(detected_objects)
        if label == "dining table"
        else detected_objects["dining table"]
    }
    
    return {
        "dining_table_count": object_count,
        "total_objects": dining_table_count
    }

final_result = count_dining_tables("/nfs/data8/liao/wxie/SAT/SAT_images_train/13745_0.png")
print(final_result)


============================== END ==============================


[Exctuion Failed]

No module named 'Object_Detector_Tool'
code: 

import Object_Detector_Tool
import_text_detector_tool
final_result = "0"
final_result = Object_Detector_Tool.execute(image="path/to/image.png", labels=["DiningTable"])["detected_objects"]
total_dining_tables = final_result["baseball"] + final_result["basket"]
if total_dining_tables > 0:
    final_result = {"baseball": 1, "basket": total_dining_tables - 1}
    object_number = {"baseball": 1, "basket": 0}
else:
    final_result = {"baseball": total_dining_tables, "basket": 0}
    object_number = {"baseball": total_dining_tables, "basket": total_dining_tables}


============================== END ==============================


[Exctuion Failed]

invalid syntax (<string>, line 2)
code: 

```python
# Import necessary tools
from object_detector import Object_Detector_Tool
from text_detector import Text_Detector_Tool

# Define variables
image_path = '/nfs/data8/liao/wxie/SAT/SAT_images_train/13745_0.png'  # Path to the image file
labels = ['chair', 'bed', 'table']  # List of object labels to detect
confidence_threshold = 0.35  # Confidence threshold for detection
model_size = 'tiny'  # Size of the model to use ('tiny' or 'base', default: 'tiny')
save_object = False  # Whether to save the detected objects as images (default: False)
saved_image_path = 'detected_objects'  # Path to save the detected object images (default: 'detected_objects')

# Execute the object detector
detected_objects, object_number = Object_Detector_Tool.execute(image=image_path, labels=labels, save_object=save_object, saved_image_path=saved_image_path, confidence_threshold=confidence_threshold)

# Execute the text detector
result = Text_Detector_Tool.execute(image=image_path, languages=['en', 'de'])

# Check if text detection is successful after retries
if result:
    detected_text_blocks = result[0]
    print("Detected text:", detected_text_blocks)
else:
    print("Text detection failed after retries.")

final_result = {
    "dining_tables": len(detected_objects)
}

final_result["text_blocks"] = result
```


============================== END ==============================

