
============================== New Completed Execution ==============================
[EXEC CODE]
final_result = "1"

[THE PRINT OUTPUT]

[GENERATE VALID FINAL_RESULT]
1

============================== END ==============================


============================== New Completed Execution ==============================
[EXEC CODE]
final_result = "1"

[THE PRINT OUTPUT]

[GENERATE VALID FINAL_RESULT]
1

============================== END ==============================


============================== New Completed Execution ==============================
[EXEC CODE]
final_result = "1"

[THE PRINT OUTPUT]

[GENERATE VALID FINAL_RESULT]
1

============================== END ==============================


============================== New Completed Execution ==============================
[EXEC CODE]
final_result = "1"
[THE PRINT OUTPUT]

[GENERATE VALID FINAL_RESULT]
1

============================== END ==============================


============================== New Completed Execution ==============================
[EXEC CODE]
final_result = "1"

[THE PRINT OUTPUT]

[GENERATE VALID FINAL_RESULT]
1

============================== END ==============================


============================== New Completed Execution ==============================
[EXEC CODE]
final_result = "1"  # The final number of Dressers visible in the scene, as the image provided does not contain information on dressers
[THE PRINT OUTPUT]

[GENERATE VALID FINAL_RESULT]
1

============================== END ==============================

