
[Exctuion Failed]

invalid syntax (<string>, line 1)
code: 
final_result = Box A

============================== END ==============================


[Exctuion Failed]

name 'B' is not defined
code: 
final_result: B

============================== END ==============================


[Exctuion Failed]

name 'A' is not defined
code: 
A

============================== END ==============================


[None RESULT]


[Successful Execution but Get None RESULT]
[EXEC CODE]
# The correct answer is (B) Box B.

============================== END ==============================


[Exctuion Failed]

name 'A' is not defined
code: 
A

============================== END ==============================


[Exctuion Failed]

name 'A' is not defined
code: 
A

============================== END ==============================

