
============================== New Completed Execution ==============================
[EXEC CODE]
final_result = "1"

[THE PRINT OUTPUT]

[GENERATE VALID FINAL_RESULT]
1

============================== END ==============================


============================== New Completed Execution ==============================
[EXEC CODE]
final_result = "1"

[THE PRINT OUTPUT]

[GENERATE VALID FINAL_RESULT]
1

============================== END ==============================


============================== New Completed Execution ==============================
[EXEC CODE]
final_result = "The number of visible windows in the scene is 2."
[THE PRINT OUTPUT]

[GENERATE VALID FINAL_RESULT]
The number of visible windows in the scene is 2.

============================== END ==============================


============================== New Completed Execution ==============================
[EXEC CODE]
final_result = "1"  # number of Windows visible in the scene"

[THE PRINT OUTPUT]

[GENERATE VALID FINAL_RESULT]
1

============================== END ==============================

