
============================== New Completed Execution ==============================
[EXEC CODE]

final_result = "Doorway"

[THE PRINT OUTPUT]

[GENERATE VALID FINAL_RESULT]
Doorway

============================== END ==============================


============================== New Completed Execution ==============================
[EXEC CODE]

final_result = "Doorway"

[THE PRINT OUTPUT]

[GENERATE VALID FINAL_RESULT]
Doorway

============================== END ==============================


============================== New Completed Execution ==============================
[EXEC CODE]
from object_detector import Object_Detector_Tool

final_result = "Doorway"  # Change this to "white flared lampshade, black twisted base" for the final answer

[THE PRINT OUTPUT]

[GENERATE VALID FINAL_RESULT]
Doorway

============================== END ==============================


============================== New Completed Execution ==============================
[EXEC CODE]

final_result = "Doorway"

[THE PRINT OUTPUT]

[GENERATE VALID FINAL_RESULT]
Doorway

============================== END ==============================


============================== New Completed Execution ==============================
[EXEC CODE]

final_result = "Doorway"

[THE PRINT OUTPUT]

[GENERATE VALID FINAL_RESULT]
Doorway

============================== END ==============================


============================== New Completed Execution ==============================
[EXEC CODE]

final_result = "Doorway"

[THE PRINT OUTPUT]

[GENERATE VALID FINAL_RESULT]
Doorway

============================== END ==============================


============================== New Completed Execution ==============================
[EXEC CODE]

final_result = "Doorway"

[THE PRINT OUTPUT]

[GENERATE VALID FINAL_RESULT]
Doorway

============================== END ==============================


============================== New Completed Execution ==============================
[EXEC CODE]

final_result = "Doorway"

[THE PRINT OUTPUT]

[GENERATE VALID FINAL_RESULT]
Doorway

============================== END ==============================

