
[QAid]7600_0

[Code Includes Tools Usage]
code: 

from object_detector import Object_Detector_Tool

final_result = Object_Detector_Tool.execute(image='path/to/image.png', labels=['bed'])

print(final_result)

============================== END ==============================


[QAid]7600_0

[Code Includes Tools Usage]
code: 

from object_detector import Object_Detector_Tool

final_result = Object_Detector_Tool.execute(image='path/to/image.png', labels=['bed'], threshold=0.35, save_object=True, saved_image_path='detected_objects')
result = final_result[0]['saved_image_path']
print(result)

============================== END ==============================


[QAid]7600_0

[Code Includes Tools Usage]
code: 

from object_detector import Object_Detector_Tool
final_result = Object_Detector_Tool.execute(image='path/to/image.png', labels=['bed'], save_object=True, saved_image_path='detected_objects')
print(final_result)

============================== END ==============================


[QAid]7600_0

[Code Includes Tools Usage]
code: 

from tool_object_detector import Object_Detector_Tool

final_result = Object_Detector_Tool.execute(image='path/to/image.png',
                         labels=['baseball', 'basket'], save_object=True,
                         saved_image_path='detected_objects/')

print(final_result)

============================== END ==============================


[QAid]7600_0

[Code Includes Tools Usage]
code: 

from object_detector import Object_Detector_Tool

final_result = Object_Detector_Tool.execute(image='path_to_your_image.png', labels=['bed'], save_object=True, saved_image_path='detected_objects')

print(final_result)

============================== END ==============================


[QAid]7600_0

[Code Includes Tools Usage]
code: 

from Object_Detector_Tool import Object_Detector_Tool

final_result = Object_Detector_Tool.execute(image='path/to/image.png', labels=['bed'])
print(final_result)

============================== END ==============================

