
[QAid]9758_0

[Code Extraction Failed or Parse Failed]

No Python code block found in completion.

Completion Content: 
```python
from object_detector import Object_Detector_Tool

tools = ["Object_Detector_Tool"]

final_result = ""

for tool in tools:
    tool_class_name = tool.get("tool_class_name")
    if tool_class_name == "Object_Detector_Tool":
        arg_text = ", ".join([f"labels=['baseball', 'basket']", f"save_object=True", ""])
        command = f"detected_objects, object_number = {tool_class_name}.execute(image='{path_to_image}', labels=['baseball', 'basket'], save_object=True, saved_image_path=os.path.join('detected_objects'))"
        response = Object_Detector_Tool.execute(command, arg_text)
        if response:
            if "detected_objects" in response:
                detected_objects = response["detect_objects"]
                if "total_count" in response:
                    object_number = response["total_count"]

                if detected_objects:
                    final_result += f"Number of counters: {object_number}\n"
                else:
                    final_result += "No counters detected\n"

                if "detected_objects" in detected_objects:
                    for label in detected_objects:
                        coordinates = label['coordinates']
                        text = label['text']
                        score = label['score']
                        final_result += f"{label['text']} (score: {score}) at coordinates: {coordinates}\n"

                final_result += "\n"
    elif tool_class_name == "Text_Detector_Tool":
        arg_text = ", ".join(["languages=['en', 'de']", "detail=1"])
        if "result" in tool:
            result = tool["result"]
            if result:
                text_blocks = result.get("text_blocks")
                if text_blocks:
                    for text in text_blocks:
                        if "text" in text:
                            final_result += f"Text detected: {text['text']} with coordinates: {text['coordinates']} and confidence score: {text['score']}\n"
        else:
            final_result += "No text blocks detected\n"

    elif tool_class_name == "Tool_Engine":
        args = [f"image='{path_to_image}", "languages['en', 'de']", "detected_objects"]
        if "detected_objects" in tool:
            detected_objects = tool["detected_objects"]
            if detected_objects:
                for object_info in detected_objects:
                    coordinates = object_info["coordinates"]
                    text = object_info["text"]
                    confidence = object_info["score"]

============================== END ==============================


[QAid]9758_0

[Code Extraction Failed or Parse Failed]

No Python code block found in completion.

Completion Content: 
```python
from object_detector import Object_Detector_Tool

question = '''How many Counters are visible in the scene?'''

# Retrieve the detected objects
detected_objects, object_number = Object_Detector_Tool.execute(image='path/to/image.png', labels=['Counter'], save_object=True, saved_image_path='detected_objects')
total_objects_in_image = len(detected_objects)

final_result = (total_objects_in_image == 1) 
```
============================== END ==============================


[QAid]9758_0

[Code Extraction Failed or Parse Failed]

No Python code block found in completion.

Completion Content: 
```python
from object_detector import Object_Detector_Tool
final_result = []
detected_objects = Object_Detector_Tool.execute(image='path/to/image.png', labels=['baseball', 'basket'], save_object=True, saved_image_path='detected_objects')

for obj in detected_objects['baseball']:
    img = detected_objects['baseball'][0].pop('saved_image_path', None)
    final_result.append(detected_objects['baseball'][0])

result = text_detector.Text_Detector_Tool.execute(image='path/to/image.png', languages=["en", "de"], detail=1)

for text in result:
    final_result.append(text)

# Assuming the object names are known for debugging
unknown_objects = [
    {'bbox': (0, 0), 'text': 'Unknown', 'confidence': 0},
    {'bbox': (150, 150), 'text': 'Unknown', 'confidence': 0.9}
]

unknown_objects.extend(detected_objects)
unknown_objects.extend(result)

for obj in unknown_objects:
    final_result.append(obj)

print(final_result)
```
============================== END ==============================


[QAid]9758_0

[Code Extraction Failed or Parse Failed]

No Python code block found in completion.

Completion Content: 
```python
import object_detector
import text_detector

final_result = {
    "count": 2,
    "label_counts": {
        "carpet": 0,
        "counters": 2,
    }
}
```
============================== END ==============================


[QAid]9758_0

[Code Extraction Failed or Parse Failed]

No Python code block found in completion.

Completion Content: 
from Object_Detector_Tool import Object_Detector_Tool
from Text_Detector_Tool import Text_Detector_Tool

def detect_objects(image_path, labels, save_object=True, saved_image_path="detected_objects"):
    detection_results, object_number = Object_Detector_Tool.execute(image=image_path, labels=labels, save_object=save_object, saved_image_path=saved_image_path)
    if "object_number" in object_number:
        if save_object:
            for label in labels:
                if label in object_number and object_number[label] > 0:
                    # Detect objects by label
                    detected_objects = Object_Detector_Tool.detect_objects(image_path, label, labels, save_object=True, saved_image_path=None)
                    object_number[label] = len(detected_objects)
    return detection_results, object_number

def detect_text_in_image(image_path, languages, detail=0):
    text_results = Text_Detector_Tool.execute(image=image_path, languages=languages, detail=detail)
    result = []
    for text_result in text_results:
        result.append([text_result[6:6 + 19].strip(), text_result[1], text_result[2]])
    detected_text = len(result)
    return result, detected_text

final_result = detect_objects("/nfs/data8/liao/wxie/SAT/SAT_images_train/9758_0.png", ["baseball", "basket"], save_object=True, saved_image_path="/tmp")
print("Detected objects:", final_result[0])

result, detected_text = detect_text_in_image("/nfs/data8/liao/wxie/SAT/SAT_images_train/9758_0.png", ["en", "de"], 2)
converted_text = [item for _, item in result]
print("Detected text:", converted_text)
============================== END ==============================


[QAid]9758_0

[Code Includes Tools Usage]
code: 

from object_detector import Object_Detector_Tool

def count_counter_top():
    # Detect objects in the image
    detected_objects = Object_Detector_Tool.execute(image='path/to/image.png', labels=['Counter Top'], save_object=True, saved_image_path='detected_objects')

    # Get the number of objects detected in total
    count = len(detected_objects)  # Assuming there's only one label

    return count

final_result = count_counter_top()
print("The total number of Counter Tops:", final_result)

============================== END ==============================

