
[EXECUTION EXCEPTION]
name 'C' is not defined
code:from object_detector import Object_Detector_Tool

final_result = (C)

[EXECUTION EXCEPTION]
Object_Detector_Tool.execute() missing 1 required positional argument: 'self'
code:from object_detector import Object_Detector_Tool as tool

# Call the tool
detected_objects, box_results = tool.execute(image="/home/stud/wxie/BLINK_Dataset/Counting/val/images/val_Counting_61_image_1.jpg", labels=["baseball", "basket"], save_object=True, saved_image_path="detected_objects")

# Check if any objects were detected
if not box_results:
    final_result = C
else:
    # Convert the results to a dictionary
    detected_labels = [f for _, _, labels in box_results.values()]
    detected_count = len(detected_labels)

    # Final result: the count of people sitting near the motorcycle based on detected locations
    final_result = D if detected_count > 0 else C

# Print the final result
print(final_result)

[EXECUTION EXCEPTION]
'str' object cannot be interpreted as an integer
code:import_module: 'object_detector'
import_name: 'Object_Detector_Tool'

image_path = "/home/stud/wxie/BLINK_Dataset/Counting/val/images/val_Counting_61_image_1.jpg"

labels_list = ['motorcycle', 'person']

confidence_threshold = 0.45

model_size = "tiny"

save_object = True

saved_image_path = "detected_objects"

final_result = Object_Detector_Tool.execute(image_path, labels_list, confidence_threshold, model_size, save_object, saved_image_path)
detected_objects, object_number = final_result
