
[EXECUTION EXCEPTION]
Object_Detector_Tool.execute() missing 1 required positional argument: 'self'
code:from object_detector import Object_Detector_Tool
# Load the image file and detect the objects
object_number = Object_Detector_Tool.execute(image="/home/stud/wxie/BLINK_Dataset/Counting/val/images/val_Counting_24_image_1.jpg", labels=["baseball"], model_size="tiny", save_object=True, saved_image_path=None)
final_result = "B" if object_number["count"]["baseball"].get("boxes") else "D"
print(final_result)

[None RESULT]


[EXECUTION EXCEPTION]
Object_Detector_Tool.execute() missing 1 required positional argument: 'self'
code:from object_detector import Object_Detector_Tool

# Path to the image
image_path = '/home/stud/wxie/BLINK_Dataset/Counting/val/images/val_Counting_24_image_1.jpg'

# Detect the bus objects
detected_objects, object_count = Object_Detector_Tool.execute(image=image_path, labels=["window"], save_object=True, saved_image_path="detected_objects")

# Count the number of windows
num_windows = sum(len(window) for window in detected_objects['window']['boxes'])

final_result = "The front of the bus has " + str(num_windows) + " visible windows."

[None RESULT]


[EXECUTION EXCEPTION]
invalid syntax (<string>, line 1)
code:from object_detector import Object_Detector.Tool as object_detector_tool

# Read image and extract labels
image_path = "/home/stud/wxie/BLINK_Dataset/Counting/val/images/val_Counting_24_image_1.jpg"
labels = ["baseball", "basket"]

# Call tool
detected_objects, object_number = object_detector_tool.execute(image_path=image_path, labels=labels)

# Analyze detected objects
if object_number == 2:
    # If detected, save detected objects
    for label in detected_objects:
        if "boxes" in label and "scores" in label:
            boxes = label["boxes"]
            scores = label["scores"]
            image_paths = label["saved_image_paths"]
            for i, path in enumerate(image_paths):
                # Save detected object as a thumbnail
                image_path = path
                image_shape = image_path.split("/")[-1].split(".")[0].split("/")[-1]
                image_label = f"elgyssim_{image_shape}_{image_path.split('/')[-3]}_{score_str}.jpg"
                image_tool = object_detector_tool.Tool(image_path=image_path)
                tool_detection = image_tool.execute_tool(image=image_path)
                for det in tool_detection:
                    det_to_save = {"box": det[2], "confidence": det[1]}
                    saved_image_path = "/home/stud/wxie/BLINK_Dataset/Counting/val/images/val_Counting_24_image_1_" + image_label
                    object_detection_result = {"label": f"{labels[label["label"]]}", "boxes": det_to_save, "confidence": f"{det[1]:.6f}"}
                    final_result = object_detector_tool.Tool().execute(tool=tool_detection[0], tool_output=object_detection_result)
        if scores[i] < 0.45:
            # If score is below the threshold, skip detection
            continue
else:
    # If no objects are detected, raise exception
    raise Exception("No objects detected.")
