
[EXECUTION EXCEPTION]
Object_Detector_Tool.__init__() takes 1 positional argument but 2 were given
code:from object_detector import Object_Detector_Tool

# Path to the image
image_path = '/home/stud/wxie/BLINK_Dataset/Counting/val/images/val_Counting_10_image_1.jpg'

# Create the Object_Detector_Tool instance
object_detector = Object_Detector_Tool(image_path)

# Detect objects
labels = object_detector.label_image(image_path)[0]

# Get the number of tall buildings with a flat top
num_tall_buildings = len([label for label in labels if 'tall' in label and 'tower' not in label])

# Print the result
final_result = {"label": "tall", "count": num_tall_buildings}
print("Number of tall buildings with a flat top:", num_tall_buildings)

[EXECUTION EXCEPTION]
No module named 'torchvision.models.detection.fasterrcnn_resnet50_fpn'
code:from torchvision.models.detection.fasterrcnn_resnet50_fpn import FasterRCNN
from object_detector import Object_Detector_Tool
import glob
import pandas as pd
import numpy as np
import skimage
import os
import PIL.Image
import torchvision.transforms as T
import torch
import numpy as np
import torch
from sklearn.metrics import accuracy_score

# Load the image file
path_image = '/home/stud/wxie/BLINK_Dataset/Counting/val/images/val_Counting_10_image_1.jpg'
img = PIL.Image.open(os.path.expanduser(path_image))

# Apply the object detection tool
detector = Object_Detector_Tool(input_type='image', labels=['baseball', 'basket'])
object_number, detected_objects = detector.execute(img=img)

# Check if the number of objects is different from 0
final_result = object_number != 0

# Save the final result
if final_result:
    final_result_df = pd.DataFrame(detected_objects)
    final_result_df['final_result'] = final_result
    print(final_result_df)
else:
    print("No detected objects found in the image.")

[EXECUTION EXCEPTION]
not enough values to unpack (expected 2, got 0)
code:from object_detector import Object_Detector_Tool

# Load image
image_path = "path/to/image.jpg"
detector_tool = Object_Detector_Tool()
labels = ["lackawanna"]
threshold = 0.45
model_size = "tiny"
save_object = True
saved_image_path = "detected_objects"

# Detect objects
detected_objects, object_number = detector_tool.execute(image=image_path, labels=labels, threshold=threshold, model_size=model_size, save_object=save_object)
print(detected_objects)
print(object_number)

# Calculate height
tall_building_height = 0
for object_key, object_value in detected_objects.items():
    for obj in object_value['boxes']:
        if obj != [] and saved_image_path and saved_image_path:
            file_name = saved_image_path + "/" + object_key + "_" + object_key + ".png"
            # Calculate height
            height = file_size[0] / file_size[1]
            # Print height of each tall building
            # ...
            tall_building_height += height
            break

# Determine if the building has a flat top
if tall_building_height > 2.0:
    final_result = 1
else:
    final_result = 0

print(final_result)

[EXECUTION EXCEPTION]
Object_Detector_Tool.execute() missing 1 required positional argument: 'self'
code:from object_detector import Object_Detector_Tool

# Provide the path to the image file
# In this case, the path is 'path/to/image.png'
image_path = '/home/stud/wxie/BLINK_Dataset/Counting/val/images/val_Counting_10_image_1.jpg'

# Provide the labels to detect
# In this case, the labels are 'baseball' and 'basket'
labels = ['baseball', 'basket']

# Set the confidence threshold
threshold = 0.45

# Set the model size
model_size = 'tiny'

# Set the save object option
save_object = True

# Set the saved image path
saved_image_path = 'detected_objects'

# Call the tool to detect the objects
result = Object_Detector_Tool.execute(image=image_path, labels=labels, threshold=threshold, model_size=model_size, save_object=save_object, saved_image_path=saved_image_path)
