--- Completion 1 ---
<command>
from object_detector import Object_Detector_Tool

final_result = Object_Detector_Tool.execute(image='question_image_path.png', labels=['door'], threshold=0.35, model_size='tiny', save_object=True, saved_image_path='detected_objects')

print(final_result)
</command>
Reward: 1.0

--- Completion 2 ---
<command>
from object_detector import Object_Detector_Tool

final_result = Object_Detector_Tool.execute(image='/nfs/data8/liao/wxie/SAT/SAT_images_train/353_0.png', labels=['baseball', 'basket'], save_object=True)

print(final_result)
</command>
Reward: 1.0

--- Completion 3 ---
<command>
from object_detector import Object_Detector_Tool

# Call the Object_Detector_Tool with the image path
final_result = Object_Detector_Tool.execute(image='path/to/image.png', labels=['baseball', 'basket'], save_object=True)

print(final_result)
</command>
Reward: 1.0

--- Completion 4 ---
<command>
from Object_Detector_Tool import Object_Detector_Tool

final_result = Object_Detector_Tool.execute(image='path/to/room.png', labels=['door'], threshold=0.3, model_size='tiny', save_object=True)
print(final_result)
</command>
Reward: 1.0

--- Completion 5 ---
<command>
from object_detector import Object_Detector_Tool

final_result = (
    Object_Detector_Tool.execute(image="/nfs/data8/liao/wxie/SAT/SAT_images_train/trainingImage_353_0.png", labels=['baseball', 'basket'], save_object=True, saved_image_path="detected_objects")
    if "baseball" in final_result[0].keys() and "basket" in final_result[0].keys()
    else []
)

final_result
</command>
Reward: 1.0

--- Completion 6 ---
<command>
from object_detector import Object_Detector_Tool

final_result = Object_Detector_Tool.execute(image='path/to/image.png',
                                           labels=['baseball', 'basket'],
                                           save_object=True,
                                           saved_image_path='detected_objects')

print(final_result)
</command>
Reward: 1.0

