--- Completion 1 ---
<command>
from object_detector import Object_Detector_Tool

final_result = Object_Detector_Tool.execute(image='/path/to/image.png', labels=['Television'], save_object=True, saved_image_path='televisions'))

print(final_result)
</command>
Reward: 1.0

--- Completion 2 ---
<command>
from object_detector import Object_Detector_Tool
final_result = Object_Detector_Tool.execute(
    image='/nfs/data8/liao/wxie/SAT/SAT_images_train/5864_0.png',
    labels=['baseball', 'basket'],
    save_object=True,
    saved_image_path='detected_objects'
)
print(final_result)
</command>
Reward: 1.0

--- Completion 3 ---
<command>
from object_detector import Object_Detector_Tool

final_result = Object_Detector_Tool.execute(image="/nf/data8/liao/wxie/SAT/SAT_images_train/5864_0.png", labels=["Television"])
print(final_result)
</command>
Reward: 1.0

--- Completion 4 ---
<command>
from object_detector import Object_Detector_Tool

# Run the Python code
final_result = Object_Detector_Tool.execute(image='path/to_image.png', labels=['baseball', 'basket'], save_object=True, saved_image_path='detected_objects')

print(final_result)
</command>
Reward: 1.0

--- Completion 5 ---
<command>
from object_detector import Object_Detector_Tool

final_result = Object_Detector_Tool.execute(image='scenario.png')
print(final_result)
</command>
Reward: 1.0

--- Completion 6 ---
<command>
from Object_Detector_Tool import Object_Detector_Tool

final_result = Object_Detector_Tool.execute(image='/path/to/image.png', labels=['Television'], save_object=True)
print(final_result)
</command>
Reward: 1.0

