
============================== New Completed Execution ==============================
[EXEC CODE]
final_result = "1TVStands" 
[THE PRINT OUTPUT]

[GENERATE VALID FINAL_RESULT]
1TVStands

============================== END ==============================


============================== New Completed Execution ==============================
[EXEC CODE]
final_result = "1"  # There is only one TV Stand visible

[THE PRINT OUTPUT]

[GENERATE VALID FINAL_RESULT]
1

============================== END ==============================


============================== New Completed Execution ==============================
[EXEC CODE]
final_result = "1"

[THE PRINT OUTPUT]

[GENERATE VALID FINAL_RESULT]
1

============================== END ==============================


============================== New Completed Execution ==============================
[EXEC CODE]
final_result = '1'  # Assuming there is only one TVstand visible, based on the options

print(final_result)

[THE PRINT OUTPUT]
1

[GENERATE VALID FINAL_RESULT]
1

============================== END ==============================


============================== New Completed Execution ==============================
[EXEC CODE]
final_result = "1"

[THE PRINT OUTPUT]

[GENERATE VALID FINAL_RESULT]
1

============================== END ==============================


============================== New Completed Execution ==============================
[EXEC CODE]
final_result = "1 TVStand is visible in the scene."
[THE PRINT OUTPUT]

[GENERATE VALID FINAL_RESULT]
1 TVStand is visible in the scene.

============================== END ==============================

