--- Completion 1 ---
<command>final_result = "2"
</command>
Reward: 0.5

--- Completion 2 ---
<command>final_result = "2"
</command>
Reward: 0.5

--- Completion 3 ---
<command>final_result = "2"
</command>
Reward: 0.5

--- Completion 4 ---
<command>final_result = "0"
</command>
Reward: 0.5

--- Completion 5 ---
<command>import object_detector
object_detector.Tool().execute(image='path/to_image.png', labels=['baseball', 'basket'], save_object=True, saved_image_path='detected_objects')</command>
Reward: 0.5

--- Completion 6 ---
<command>final_result = "0"  # No boxes detected in the image
</command>
Reward: 0.5

