
============================== New Completed Execution ==============================
[EXEC CODE]

final_result = "dark blue fabric sofa with high armrests"

[THE PRINT OUTPUT]

[GENERATE VALID FINAL_RESULT]
dark blue fabric sofa with high armrests

============================== END ==============================


============================== New Completed Execution ==============================
[EXEC CODE]

final_result = "dark blue fabric sofa with high armrests"

[THE PRINT OUTPUT]

[GENERATE VALID FINAL_RESULT]
dark blue fabric sofa with high armrests

============================== END ==============================


============================== New Completed Execution ==============================
[EXEC CODE]

final_result = "brown top white leg dining table"

[THE PRINT OUTPUT]

[GENERATE VALID FINAL_RESULT]
brown top white leg dining table

============================== END ==============================


============================== New Completed Execution ==============================
[EXEC CODE]
final_result = 'dark blue fabric sofa with high armrests'

[THE PRINT OUTPUT]

[GENERATE VALID FINAL_RESULT]
dark blue fabric sofa with high armrests

============================== END ==============================


============================== New Completed Execution ==============================
[EXEC CODE]

final_result = "brown top white leg dining table"

[THE PRINT OUTPUT]

[GENERATE VALID FINAL_RESULT]
brown top white leg dining table

============================== END ==============================


============================== New Completed Execution ==============================
[EXEC CODE]
final_result = "dark blue fabric sofa with high armrests"

[THE PRINT OUTPUT]

[GENERATE VALID FINAL_RESULT]
dark blue fabric sofa with high armrests

============================== END ==============================


============================== New Completed Execution ==============================
[EXEC CODE]

final_result = "brown top white leg dining table"

[THE PRINT OUTPUT]

[GENERATE VALID FINAL_RESULT]
brown top white leg dining table

============================== END ==============================


============================== New Completed Execution ==============================
[EXEC CODE]

final_result = "dark blue fabric sofa with high armrests"

[THE PRINT OUTPUT]

[GENERATE VALID FINAL_RESULT]
dark blue fabric sofa with high armrests

============================== END ==============================

