
[EXECUTION EXCEPTION]
Object_Detector_Tool.execute() missing 1 required positional argument: 'labels'
code:from object_detector import Object_Detector_Tool

# Image path
image_path = "/home/stud/wxie/BLINK_Dataset/Counting/val/images/val_Counting_111_image_1.jpg"

# Load the image
detector_tool = Object_Detector_Tool()
detections = detector_tool.execute(image=image_path)

# Check whether tigers are detected
animals = detections['detected_objects']
tiger_count = sum((d['type'] == 'tiger' for d in animal['results']))
final_result = tiger_count

[EXECUTION EXCEPTION]
Object_Detector_Tool.execute() missing 1 required positional argument: 'self'
code:from object_detector import Object_Detector_Tool

最终结果 = 0

考勤结果 = Object_Detector_Tool.execute(image="考勤.jpg",
  labels=["考勤"],
  save_object=True, saved_image_path="考勤")
考勤结果

[EXECUTION EXCEPTION]
'confidence_scores'
code:from object_detector import Object_Detector_Tool

final_result = []

# First sheep
sheep_1_box = [
    {"boxes": [302, 173, 453, 222, 400, 229, 464, 232, 493, 233]},
    {"boxes": [320, 164, 461, 205, 475, 264, 508, 267, 535]},
    {"boxes": [261, 187, 402, 238, 446, 298, 528, 297]},
    {"boxes": [360, 210, 490, 250, 429, 312, 473, 311]},
    {"boxes": [285, 198, 426, 248, 505, 319, 573, 318]},
    {"boxes": [230, 188, 372, 232, 529, 319, 581, 318]},
    {"boxes": [315, 225, 456, 275, 521, 338, 590, 335]},
    {"boxes": [230, 300, 374, 353, 530, 439, 610, 438]},
    {"boxes": [244, 192, 382, 232, 592, 308, 644, 306]},
    {"boxes": [331, 203, 453, 255, 467, 355, 523, 353]},
    {"boxes": [330, 179, 484, 227, 445, 314, 598, 315]},
]

sheep_1_boxes = sheep_1_box[0]

if sheep_1_boxes["confidence_scores"] < 0.45:
    print(f"No. of tigers detected in the image = {len(sheep_1_boxes)}")
else:
    final_result.append({"label": "tiger", "number": len(sheep_1_boxes)})

# Second sheep
sheep_2_box = [
    {"boxes": [305, 175, 454, 224, 434, 242, 493, 240, 524]},
    {"boxes": [312, 166, 459, 207, 492, 257, 542, 255, 573]},
    {"boxes": [269, 199, 410, 250, 445, 321, 526, 323]},
    {"boxes": [344, 218, 489, 266, 538, 409, 592, 406]},
    {"boxes": [250, 198, 395, 246, 516, 318, 591, 317]},
    {"boxes": [289, 201, 426, 247, 529, 35, 660, 35]},
    {"boxes": [240, 210, 382, 251, 522, 316, 571, 315]},
    {"boxes": [304, 303, 438, 353, 524, 435, 588, 434]},
]

sheep_2_boxes = sheep_2_box[0]

if sheep_2_boxes["confidence_scores"] < 0.45:
    final_result.append({"label": "tiger", "number": len(sheep_2_boxes)})
else:
    final_result.append({"label": "tiger", "number": 0})

print(f"The number of Detected tigers are {len(final_result)}")

[EXECUTION EXCEPTION]
not enough values to unpack (expected 2, got 0)
code:import random

# Example image path
image_path = "/home/stud/wxie/BLINK_Dataset/Counting/val/images/val_Counting_111_image_1.jpg"

# Detection model size and object labels
model_size = "tiny"
object_labels = ["sheep"]

# Confidence threshold
confidence_threshold = 0.45

# Load the object detection model
object_detector = Object_Detector_Tool()

# Detect the objects in the image
detected_objects, object_number = object_detector.execute(image=image_path, labels=object_labels, save_object=True, threshold=confidence_threshold, model_size=model_size)

# Get the total number of "sheep" detected
sheep_number = object_number.get("sheep")
sheep_number

[EXECUTION EXCEPTION]
Object_Detector_Tool.execute() missing 1 required positional argument: 'self'
code:from object_detector import Object_Detector_Tool

# Execute the tool with the given questions
result = Object_Detector_Tool.execute(image="path/to/image.png", labels=["sheep", "tiger"], save_object=True, saved_image_path="detected_objects")
final_result = result[0]
total_label_count = result[1]

if final_result["tiger"]:
  print(f"There are {final_result['tiger']} tigers near the sheep.")
else:
  print("There are 0 tigers near the sheep.")

[EXECUTION EXCEPTION]
Object_Detector_Tool.execute() missing 1 required positional argument: 'self'
code:from object_detector import Object_Detector_Tool

final_result = Object_Detector_Tool.execute(image="/home/stud/wxie/BLINK_Dataset/Counting/val/images/val_Counting_111_image_1.jpg", labels=["Sheep", "Tree"], save_object=True, saved_image_path="Sheep_tree")

detected_objects = final_result[0]
object_number = final_result[1]

if "Sheep" in detected_objects:
    sheep_count = detected_objects["Sheep"].count()
else:
    sheep_count = 0

if "Tree" in detected_objects:
    tree_count = detected_objects["Tree"].count()
else:
    tree_count = 0

sheep_sitting_on_tree = detected_objects.get("Sheep").get("Sheep") == 1

if sheep_sitting_on_tree:
    print("There is", sheep_sitting_on_tree, "sheep sitting on a tree.")
else:
    print("There is", sheep_sitting_on_tree, "sheep not sitting on a tree.")

[EXECUTION EXCEPTION]
invalid syntax (<string>, line 23)
code:from object_detector import Object_Detector_Tool

# Load pre-trained image-detector model
tool = Object_Detector_Tool()

# Load image
image_path = '/home/stud/wxie/BLINK_Dataset/Counting/val/images/val_Counting_111_image_1.jpg'
image = tool.load_image(image_path)

# Detect objects in the image
results = tool.execute(image_path, labels=["sheep"], threshold=0.3, save_object=True, saved_image_path="detected_objects")

# Print results
for det_labels, labels, total_count in results:
    print(f"Detected {det_labels} in image: {labels}")
    print("Total Count:", total_count)

# Check if detected object matches "sheep"
if "sheep" in results[0]:
    print("It appears the image contains a sheep.")
else:
    print("It doesn't seem that the image contains a sheep.")
```

[EXECUTION EXCEPTION]
Object_Detector_Tool.execute() missing 1 required positional argument: 'self'
code:from object_detector import Object_Detector_Tool

# Read the image and apply object detection
detected_objects = Object_Detector_Tool.execute(image="path/to/image.jpg", labels=["sheep"], save_object=True, saved_image_path="detected_objects")

# Check for tigers
has_tigers = "sheep" in detected_objects["object_number"]
print("Number of tigers:", has_tigers)  # Output: 0

final_result = "0"
if has_tigers:
    final_result = "1"
else:
    final_result = "2"
