--- Completion 1 ---
# From module: object_detector
from object_detector import *

final_result = Object_Detector_Tool.execute(
  image = imgpath,
  labels = ["Dining Table"],
  save_object = True,
  saved_image_path = "dining_table"
)

type(final_result)[0]["saved_image_path"].pop()
final_result.pop()

final_result[0]["objects"].pop()

len(final_result[0])
Reward: 0.0

--- Completion 2 ---
final_result = ""
Reward: 0.0

--- Completion 3 ---
final_result = "1"
 generated code is: ```python
print(final_result)
```
Reward: 0.0

--- Completion 4 ---
<command>
def determine_number_of_dining_tables(image_path):
    # Load the image
    image_path = "/nfs/data8/liao/wxie/SAT/SAT_images_train/7784_0.png"
    image = get_image(image_path)
    
    # Detect the dining tables
    dining_tables = detect_tables(image, "baseball")
    
    # Calculate the number of dining tables
    number_of_dining_tables = len(dining_tables)
    
    return number_of_dining_tables

# Call the function
number_of_dining_tables = determine_number_of_dining_tables("/nfs/data8/liao/wxie/SAT/SAT_images_train/7784_0.png")
final_result = str(number_of_dining_tables)
print(f"The number of DiningTables is:{final_result}")
</command>
Reward: 1.0

--- Completion 5 ---
final_result
Reward: 0.0

--- Completion 6 ---
To answer the question about the number of visible DiningTables (the floorplan contains one table) within the scene:

```python
final_result = 1
```
Reward: 0.0

