
[QAid]13959_0

[Code Extraction Failed or Parse Failed]

No Python code block found in completion.

Completion Content: 
To accurately answer the question about the number of desk lamps in the scene, we first need to use the `text_detector` tool to identify the location of any text, as these can often indicate elements in a scene that are related to the use of the lamps.

In the given code snippet, we have:
- The `Text_Detector_Tool` tool with no language specification (since we are supposed to detect text of all languages) and no `detail` parameter in it.
- The user must specify the paths to an image file and a directory for saving detected images.

Therefore, the modified Python code snippet should look like:
```python
from object_detector_tool import Object_Detector_Tool
from text_detector_tool import Text_Detector_Tool

# Assuming the image file and the directory to save detected images are set correctly here

# Generate the Python program
final_result_count = {}
for language in ["en", "de"]:
    result = Text_Detector_Tool.execute(image='path_to_an_image', languages=[language])
    # Assuming the text results are stored in the 'text_results' dictionary as tuples of detection results and scores
    for text_result in result:
        # Filter out the text blocks that look like desk lamps based on their bounding box
        if text_result[1] == 'baseball' and 'boxes' in text_result[0]:
            for i, detected_box in enumerate(text_result[0]['boxes']):
                # Extract the coordinates of the bounding box corresponding to each detected text block
                x1, y1, x2, y2 = detected_box[0], detected_box[1], detected_box[2], detected_box[3]

                # Calculate the minimum and maximum coordinates of a desk lamp based on its bounding box
                min_x = min(x1, x2)
                max_x = max(x1, x2)
                min_y = min(y1, y2)
                max_y = max(y1, y2)

                if language not in final_result:
                    final_result[language] = 0
                final_result[language] += 1  # Increment the count for the specific language

# Check there are texts detected in the image or not
if len(final_result) == 2 and final_result[0] != 1:
    print("No texts detected")
else:
    print(f"{len(final_result)} texts detected")
```
In this updated program, we only check for the presence of "baseball" text
============================== END ==============================


[QAid]13959_0

[Code Extraction Failed or Parse Failed]

No Python code block found in completion.

Completion Content: 
<command>
from object_detector_tool import Object_Detector_Tool
import name: Object_Detector_Tool

input_image = "/nfs/data8/liao/wxie/SAT/SAT_images_train/13959_0.png"
labels = ["baseball", "basket"]
threshold = 0.35
model_size = "tiny"

image_path = name: os.path.join("/nfs/data8/liao/wxie/SAT/SAT_images_train", input_image)
labels_path = name: "/nfs/data8/liao/wxie/SAT/labels.txt"

detected_objects = []
object_count = {}

for label in labels:
  image_path += f"_{label}"
  label_dir_path = "/nfs/data8/liao/wxie/SAT/saved_objects" + label + "/"
  if not os.path.exists(label_dir_path):
    os.makedirs(label_dir_path)

  path_to_image = f"{image_path}_{label}.png"
  image_path = os.path.join(label_dir_path, path_to_image)

  object_count[label] = object_count.get(label, 0) + 1
  detection_result = Object_Detector_Tool.execute(
    image=image_path,
    labels=labels,
    threshold=threshold,
    model_size=model_size,
    save_object=False,
    saved_image_path=labels_path
  )

  detected_objects.append(detection_result[0]["box"])
  detected_objects[-1] += [[0, 0, 0, 0, 0, 0]]

  for bbox in detection_result[0]["box"]:
    object_count[label] += 1
    detected_objects[-1].append(bbox)

  result = [{"box": detected_objects[-1][-1], "score": detected_objects[-1][-2], "saved_image_path": labels_path}]
  detected_objects[-1].append(label)
  detected_objects[-1].append(str(object_count[label]))
  detected_objects[-1].append(str(object_count))

  if save_object and labels_path:
    from object_detector_tool import Object_Detect_Save

    Object_Detect_Save.label_detection_result = result
    Object_Detect_Save.save_labels()

object_count_path = "/nfs/data8/liao/wxie/SAT/saved_count.txt"
with open(object_count_path, "w", encoding="utf-8") as f:
  text = f"{'label':.8s}  {'count':.8s}  {'text
============================== END ==============================


[QAid]13959_0

[Code Includes Tools Usage]
code: 

from Object_Detector_Tool import Object_Detector_Tool

# Demo commands
command = """
object_detector_tool = Object_Detector_Tool()

detected_objects, object_number = object_detector_tool.execute(image="image_path", save_object=True, labels=["baseball", "basket"], model_size="large")

if detected_objects["baseball"] is detected_objects["basket"]:
    print("Number of detected baseballs =", object_number["baseball"])
else:
    print(detected_objects)
"""

# Run the demo
exec(command)
final_result = object_detector_tool.execute(image="image_path", save_object=False, labels=["baseball", "basket"], model_size="large")

print(f"Number of detected baseballs is {final_result['baseball']}")
print(f"Number of detected basketballs is {final_result['basket']}")


============================== END ==============================


[QAid]13959_0

[Code Includes Tools Usage]
code: 

from Object_Detector_Tool import Object_Detector_Tool
from Text_Detector_Tool import Text_Detector_Tool

def count_desk_lamps(image_path):
    tool = Object_Detector_Tool()
    object_labels = ['desk_lamps']
    tool.execute(image_path=image_path, labels=object_labels, threshold=0.35)

    tool = Text_Detector_Tool()
    lang_codes = ['ar']  # English and German
    tool.execute(image_path=image_path, languages=lang_codes, detail=0)

    detected_objects = tool.execute()

    total_objects = len(detected_objects)
    
    final_result = {
        'total_objects': total_objects
    }

    if detected_objects:
        for i in range(total_objects):
            detected_object = detected_objects['baseball'][i] if detected_objects['baseball'] else detected_objects['basket'][i]
            if detected_object:
                final_result['baseball_count'] = len(detected_objects['baseball'])
                final_result['basket_count'] = len(detected_objects['basket'])

    return final_result

============================== END ==============================


[QAid]13959_0

[Code Extraction Failed or Parse Failed]

invalid syntax (<unknown>, line 2)

Completion Content: 
<command>
```python
from Object_Detector_Tool import Object_Detector_Tool
from Text_Detector_Tool import Text_Detector_Tool

# Get the model size
MODEL_SIZE = "tiny"

# Execute the object_detection function to detect objects
detected_objects, object_number = Object_Detector_Tool().execute(image='path/to/image', labels=['baseball', 'basket'], save_object=True, saved_image_path='detected_objects')

# Get the number of detected objects per class
object_number_per_class = len(detected_objects)

# Construct the final result
final_result = {
    "detected_objects": {
        "baseball": sorted([{"box": detection['box'], "score": detection['score']} for detection in detected_objects if detection['label'] == "baseball"]),
        "basket": sorted([{"box": detection['box'], "score": detection['score']} for detection in detected_objects if detection['label'] == "basket"]),
        "total": object_number_per_class
    }
}
```

<command>final_result</command>
============================== END ==============================


[QAid]13959_0

[Code Includes Tools Usage]
code: 

from object_detector_tool import object_detector_tool  # Import Object_Detector_Tool

def count_objects(image_path, save_objects=False):
    # Execute object detection using custom Object_Detector_Tool
    detected_objects, object_count = object_detector_tool.execute(image=image_path, labels=['baseball', 'basket'], save_object=save_objects)
    return object_count

def analyze_objects(image_path, languages=['en', 'de'], detail=0):
    # Execute text detection using Custom Text_Detector_Tool
    result = text_detector_tool.execute(image=image_path, languages=languages, detail=detail)
    return result

def process_answer(answer, languages=['en', 'de']):

    # Retrieve object count using count_objects
    object_count = count_objects('path/to/image')

    # Initialize an empty list to store detected text blocks
    detected_text_list = []

    if 'basket' in data:
        # Analyze text detection using Analyze_Text_Object function and add the detected text to detected_text_list
        detected_texts = analyze_objects('path/to/image', languages=languages, detail=1)
        for desc, score in detected_texts:
            if 'basket' in desc:
                detected_text_list.append({'text': desc, 'confidence': score})

    return object_count, detected_text_list

# Example usage
def extract_text_objects(image_path):
    object_count, detected_text_list = process_answer()

    # Return object_count and detected_text_list
    return object_count, detected_text_list

============================== END ==============================

