
============================== New Completed Execution ==============================
[EXEC CODE]
final_result = "1"

[THE PRINT OUTPUT]

[GENERATE VALID FINAL_RESULT]
1

============================== END ==============================


============================== New Completed Execution ==============================
[EXEC CODE]
final_result = "1"
print(f"Final result: {final_result}")

[THE PRINT OUTPUT]
Final result: 1

[GENERATE VALID FINAL_RESULT]
1

============================== END ==============================


============================== New Completed Execution ==============================
[EXEC CODE]
final_result = "1 Windows"

[THE PRINT OUTPUT]

[GENERATE VALID FINAL_RESULT]
1 Windows

============================== END ==============================


============================== New Completed Execution ==============================
[EXEC CODE]
final_result = "1"

[THE PRINT OUTPUT]

[GENERATE VALID FINAL_RESULT]
1

============================== END ==============================


============================== New Completed Execution ==============================
[EXEC CODE]
final_result = "1 Window"

[THE PRINT OUTPUT]

[GENERATE VALID FINAL_RESULT]
1 Window

============================== END ==============================


============================== New Completed Execution ==============================
[EXEC CODE]
final_result = "1 Window (progressive render)"
[THE PRINT OUTPUT]

[GENERATE VALID FINAL_RESULT]
1 Window (progressive render)

============================== END ==============================

