
[None RESULT]


[Successful Execution but Get None RESULT]
[EXEC CODE]


============================== END ==============================


[Exctuion Failed]

Text_Detector_Tool.execute() missing 1 required positional argument: 'self'
code: 

from object_detector import Object_Detector_Tool
from text_detector import Text_Detector_Tool
from letter_detector import Letter_Detector_Tool

text_result = Text_Detector_Tool.execute(image='assets/counter_2.png', languages=['en', 'de'])
letters = []

for letter_result in text_result:
	if letter_result[1]:
		letter_result = letter_result[1]
		letters.append((letter_result, letter_result[2], letter_result[4]))

final_result = {"letters": letters}
print(final_result)


============================== END ==============================


[Exctuion Failed]

Object_Detector_Tool.execute() missing 1 required positional argument: 'self'
code: 

from object_detector import Object_Detector_Tool
final_result = Object_Detector_Tool.execute(image='path/to/image.png', labels=['brown rectangular extendable dining table'], save_object=True, saved_image_path='detected_objects')
print(final_result)


============================== END ==============================


[Exctuion Failed]

No module named 'object_detector_tool'
code: 

import object_detector_tool

# Call the tool with the image_path and labels
with open('path/to/image.png', 'rb') as f:
    image = f.read()

result = object_detector_tool.execute(image=image, labels=[label for label in ['baseball', 'basket']], save_object=True, saved_image_path='detected_objects')

# Check the returned model size
if 'ModelSize' in result:
    model_size = result['ModelSize']
else:
    model_size = 'unknown'

# Match the labels with the detected objects and their bounding boxes
detected_objects = result['detected_objects']
objects = result['object_number']

for label in objects:
    for DetectionResult in detected_objects[label]:
        object_bbox = DetectionResult['bbox']
        if 'x0' in object_bbox:
            if 'x1' in object_bbox:
                if 'x2' in object_bbox:
                    if 'x3' in object_bbox:
                        # Position of the table relative to the Window
                        table_position = object_bbox['x1'] - object_bbox['x0']
                        window_position = object_bbox['y1'] - object_bbox['y0']
                        if model_size == 'base':
                            table_position = table_position * 2
                        if model_size == 'tiny':
                            table_position = table_position / 2

                        # Position of the window relative to the table
                        table_offset = window_position / 2
                        position = (table_position + table_offset) / 2.0

                result_str = 'The brown rectangular Extendable Dining table is {0} inches from the Window and the position of the table relative to the window is {1}'.format(position, 'left' if position <= 0 else 'right')
                print(result_str)
                break
else:
    print('No labels found during detection.')


============================== END ==============================

