
============================== NEW SCCESSFUL EXECUTION ==============================
[EXEC CODE]
from object_detector import Object_Detector_Tool

final_result = 4
[THE PRINT OUTPUT]

[GENERATE FINAL_RESULT]
4

[EXECUTION EXCEPTION]
Object_Detector_Tool.execute() missing 1 required positional argument: 'self'
code:from object_detector import Object_Detector_Tool

# Assume the image path is 'path_to_your_image'
detected_objects, _, _ = Object_Detector_Tool.execute(image='path_to_your_image', labels=['baseball', 'basket'], save_object=True, saved_image_path='detected_objects')
final_result = detected_objects['baseball'] + detected_objects['basket']
len(final_result)

============================== NEW SCCESSFUL EXECUTION ==============================
[EXEC CODE]
from object_detector import Object_Detector_Tool

final_result = 4
[THE PRINT OUTPUT]

[GENERATE FINAL_RESULT]
4

[EXECUTION EXCEPTION]
not enough values to unpack (expected 2, got 0)
code:from object_detector import Object_Detector_Tool

# Get the input image path
image_path = '/home/stud/wxie/BLINK_Dataset/Counting/val/images/val_Counting_106_image_1.jpg'

# Create an Object_Detector_Tool instance
tool = Object_Detector_Tool()

# Call the detect_objects function with the image path
detected_objects, object_number = tool.execute(image=image_path, labels=["tennis court"], save_object=True, saved_image_path="detected_objects")


if detected_objects["object_number"]["tennis court"]:
    final_result = len(detected_objects["object_number"]["tennis court"])
else:
    final_result = 0

print("Number of white vertical lines on the ground:", final_result)

[EXECUTION EXCEPTION]
Object_Detector_Tool.execute() missing 2 required positional arguments: 'self' and 'labels'
code:from object_detector import Object_Detector_Tool

# Load and display the image from the provided URL
detected_objects, object_number = Object_Detector_Tool.execute(image="/home/stud/wxie/BLINK_Dataset/Counting/val/images/val_Counting_106_image_1.jpg")

final_result = {i: len(detected_objects[i]['boxes']) for i in detected_objects.keys()}

============================== NEW SCCESSFUL EXECUTION ==============================
[EXEC CODE]
from object_detector import Object_Detector_Tool

final_result = 4

final_result
[THE PRINT OUTPUT]

[GENERATE FINAL_RESULT]
4

[EXECUTION EXCEPTION]
Object_Detector_Tool.execute() missing 1 required positional argument: 'self'
code:from object_detector import Object_Detector_Tool

final_result = {}
labels_to_count = {"white vertical lines"}

detected_objects, object_number = Object_Detector_Tool.execute(image="path/to/tennis-court.jpg", labels=labels_to_count, save_object=True, saved_image_path="detected_objects")
for labels in detected_objects:
    for label in labels:
        if labels["boxes"]:
            white_vertical_lines_points = labels["boxes"].values().sum()
            final_result[label] = white_vertical_lines_points

final_result
