--- Completion 1 ---
<command>
from object_detector import Object_Detector_Tool

final_result = Object_Detector_Tool.execute(image="path/to_image.png", labels=["window", "door"], save_object=True)
print(final_result)
</command>
Reward: 1.0

--- Completion 2 ---
<command>
from object_detector import Object_Detector_Tool

final_result = Object_Detector_Tool.execute(image='image_path.png', labels=['baseball', 'basket'], save_object=True, saved_image_path='detected_objects')["object_number"]
final_result
</command>
Reward: 1.0

--- Completion 3 ---
<command>
from object_detector import Object_Detector_Tool

final_result = Object_Detector_Tool.execute(image='/nfs/data8/liao/wxie/SAT/SAT_images_train/14086_0.png', labels=['baseball', 'basket'], save_object=True)

for detected_objects in final_result:
    print(f"Africa : [{detected_objects['basket"]} basketball image and [{detected_objects['baseball']} baseball image].")  # Change 'basball' and 'basket' names in the condition to detect for different sports.
</command>
Reward: 1.0

--- Completion 4 ---
<command>
from object_detector import Object_Detector_Tool

final_result = Object_Detector_Tool.execute(image='/nfs/data8/liao/wxie/SAT/SAT_images_train/14086_0.png', languages=['en', 'de'], detail=2)

print(final_result)
</command>
Reward: 1.0

--- Completion 5 ---
<command>
from object_detector import Object_Detector_Tool

final_result = Object_Detector_Tool.execute(image='path/to/mypicture.png',  # Change this to the image path
                                         labels=['window'],  # Change this to the labels you want to detect
                                         save_object=True,
                                         saved_image_path='detected_windows')

print("Number of Windows:", final_result['object_number'])
</command>
Reward: 1.0

--- Completion 6 ---
<command>
from object_detector import Object_Detector_Tool

final_result = Object_Detector_Tool.execute(image="path/to/directory/scene1.png", labels=["night_sky", "night_light", "night_light"], save_object=True)
print(final_result)
</command>
Reward: 1.0

