
============================== New Completed Execution ==============================
[EXEC CODE]

final_result = "2"
print("The number of DiningTables visible in the scene is:", final_result)

[THE PRINT OUTPUT]
The number of DiningTables visible in the scene is: 2

[GENERATE VALID FINAL_RESULT]
2

============================== END ==============================


============================== New Completed Execution ==============================
[EXEC CODE]

final_result = "2"

[THE PRINT OUTPUT]

[GENERATE VALID FINAL_RESULT]
2

============================== END ==============================


============================== New Completed Execution ==============================
[EXEC CODE]

final_result = "2"
print(final_result)

[THE PRINT OUTPUT]
2

[GENERATE VALID FINAL_RESULT]
2

============================== END ==============================


============================== New Completed Execution ==============================
[EXEC CODE]

final_result = "2"
print(final_result)

[THE PRINT OUTPUT]
2

[GENERATE VALID FINAL_RESULT]
2

============================== END ==============================


============================== New Completed Execution ==============================
[EXEC CODE]

final_result = "0"

[THE PRINT OUTPUT]

[GENERATE VALID FINAL_RESULT]
0

============================== END ==============================


============================== New Completed Execution ==============================
[EXEC CODE]

final_result = "2"

[THE PRINT OUTPUT]

[GENERATE VALID FINAL_RESULT]
2

============================== END ==============================


============================== New Completed Execution ==============================
[EXEC CODE]

final_result = "2"

[THE PRINT OUTPUT]

[GENERATE VALID FINAL_RESULT]
2

============================== END ==============================

