
[Exctuion Failed]

Object_Detector_Tool.execute() missing 1 required positional argument: 'self'
code: 

from object_detector import Object_Detector_Tool

final_result = Object_Detector_Tool.execute(image='path/to/image.png', labels=['Chair'], threshold=0.8, model_size='small')

final_result[0][0].pop('saved_image_path')  # removing saved image paths


============================== END ==============================


[Exctuion Failed]

expected an indented block after 'for' statement on line 15 (<string>, line 18)
code: 
final_result = {}
total_chairs = 0
# Detect chairs
detected_objects = Object_Detector_Tool.execute(image='images_train/14638_0.png', labels=['chair'], save_object=True, saved_image_path='detected_objects')
if len(detected_objects) >= 1:
    chair_labels = [detected_object['label'] for detected_object in detected_objects]
    chair_counts = {chair_label: detected_objects.count(detected_object) for chair_label, detected_objects in zip(detected_objects, chair_labels) if detected_objects}
    # Count chairs
    for chair_label, chair_count in chair_counts.items():
        if chair_label in chair_list:
            total_chairs += chair_count
    
# Save detected objects if requested
if save_objects:
    for detected_object in detected_objects:
        # Crops and saves detected objects
        # ...
    total_objects += 1

final_result.update({'total_chairs': total_chairs, 'objects_count': total_objects})
print(final_result)


============================== END ==============================


[Exctuion Failed]

'return' outside function (<string>, line 12)
code: 

from object_detector import Object_Detector_Tool

# Demo for Object_Detector_Tool
detected_objects, objects_count = Object_Detector_Tool.execute(image='path/to/image.png',
                                                                 labels=['baseball', 'basket'], save_object=True)

if detected_objects:
    detected_objects
    objects_count
else:
    return None


============================== END ==============================


[Exctuion Failed]

name 'Object_Detector_Tool' is not defined
code: 
final_result = Object_Detector_Tool.execute(image=image_path)

============================== END ==============================

