
[EXECUTION EXCEPTION]
Object_Detector_Tool.__init__() got an unexpected keyword argument 'image_path'
code:from object_detector import Object_Detector_Tool

final_result = "B"

# Image path
image_path = "/home/stud/wxie/BLINK_Dataset/Counting/val/images/val_Counting_8_image_1.jpg"

# Run object detection tool
tool = Object_Detector_Tool(image_path=image_path)
labels, _ = tool.execute(save_object=True, saved_image_path="detected_objects")

if labels.get("baseball") and labels.get("basket"):
    final_result = "B"  # Both 'baseball' and 'basket' were detected

print(final_result)

[None RESULT]


[EXECUTION EXCEPTION]
Object_Detector_Tool.execute() missing 1 required positional argument: 'self'
code:from object_detector import Object_Detector_Tool

# Step 1: Define the input parameters
im_path = "path/to/image.png"
labels = ["baseball", "basket"]
save_object = True
saved_image_path = "detected_objects"

# Step 2: Execute the detection tool
object_number = Object_Detector_Tool.execute(image=im_path, labels=labels, save_object=save_object, saved_image_path=saved_image_path)

final_result = "B"

[EXECUTION EXCEPTION]
Object_Detector_Tool.execute() missing 1 required positional argument: 'self'
code:from object_detector import Object_Detector_Tool

# Open image and detect objects
detect_result = Object_Detector_Tool.execute(image="path/to/image.jpg", labels=["cat"], save_object=False)

# Count result for "cat" number
cat_count = len(detect_result["object_number"]["cat"])

final_result = str(cat_count)
print(final_result)

[EXECUTION EXCEPTION]
No module named 'object_detector_tool'
code:from object_detector_tool import Object_Detector_Tool

# Step 1: Load the object detection model
tool = Object_Detector_Tool()

# Step 2: Load the image
image_path = '/home/stud/wxie/BLINK_Dataset/Counting/val/images/val_Counting_8_image_1.jpg'
# Uncomment the below line to check the model has been loaded successfully
# import_path = ' '.join((from_module, import_name))
# print(f'Tool Path: {import_path} Object Detection Tool')
# tool.execute(image_path)

# Step 3: Detect the presence of 'baseball' and 'basket' in the image
labels_to_check = ['baseball', 'basket']
detected_objects, object_number = tool.execute(image_path=image_path, labels=labels_to_check, save_object=True, saved_image_path="detected_objects")

# Step 4: Count the occurrences of 'baseball' and 'basket' in the image
count_baseball = len(detected_objects['baseball'].keys())
count_basket = len(detected_objects['basket'].keys())

# Check if 'baseball' and 'basket' are present in the image
if count_baseball > 0 and count_basket > 0:
    final_result = 'D'
else:
    final_result = 'C'

print(f"Final Result: {final_result}")

[EXECUTION EXCEPTION]
invalid syntax (<string>, line 1)
code:```python
from object_detector import Object_Detector_Tool

# Step 1: Initialize the object detector module with the provided parameters
detector = Object_Detector_Tool(
    image="path_to_image.jpg",
    labels=["baseball", "basket"],
    save_object=True,
    saved_image_path="detected_objects"
)

# Step 2: Call the function to detect the baseball and basket objects
detected_objects, object_number = detector.execute()

# Step 3: Analyze the results and determine the final choice
final_result = 2
print("The number of people wearing red shirts is", object_number)
```
