
[Exctuion Failed]

name 'Text_Detector_Tool' is not defined
code: 

import_text_detector_tool = Text_Detector_Tool()
result = import_text_detector_tool.execute(image='path/to/image', languages=['en', 'de'], detail=0)
if result:
  text_blocks = result[0]
  for text_block in text_blocks:
    print(f"Detected text: {text_block['text']}, confidence score: {text_block['score']}")
else:
  print("Text detection failed after retries.")


============================== END ==============================


[Exctuion Failed]

No module named 'objects_tool'
code: 

from objects_tool import Object_Detector_Tool
from texts_tool import Text_Detector_Tool

final_result = {
    "description": {
        "number_of_tv_stands": 1
    }
}


============================== END ==============================

