
============================== New Completed Execution ==============================
[EXEC CODE]
final_result = "1BEDS"

[THE PRINT OUTPUT]

[GENERATE VALID FINAL_RESULT]
1BEDS

============================== END ==============================


============================== New Completed Execution ==============================
[EXEC CODE]
final_result = "1 Bed"

[THE PRINT OUTPUT]

[GENERATE VALID FINAL_RESULT]
1 Bed

============================== END ==============================


============================== New Completed Execution ==============================
[EXEC CODE]
final_result = "1"

[THE PRINT OUTPUT]

[GENERATE VALID FINAL_RESULT]
1

============================== END ==============================


============================== New Completed Execution ==============================
[EXEC CODE]
final_result = "1"

[THE PRINT OUTPUT]

[GENERATE VALID FINAL_RESULT]
1

============================== END ==============================


============================== New Completed Execution ==============================
[EXEC CODE]
final_result = "1"

[THE PRINT OUTPUT]

[GENERATE VALID FINAL_RESULT]
1

============================== END ==============================


============================== New Completed Execution ==============================
[EXEC CODE]
final_result = "1"

[THE PRINT OUTPUT]

[GENERATE VALID FINAL_RESULT]
1

============================== END ==============================

