--- Completion 1 ---
To answer your question, I will use the Object_Detector_Tool tool to detect the objects in the image and then compare the results with the given information. Here are the steps I will follow:

1. Import the Object_Detector_Tool class and module.
2. Execute the tool with the image file path "path_to_image".
3. Check if the "message" attribute contains any text, which would indicate that the tool found objects in the image.

Let's perform the tool execution.
```python
from object_detector import Object_Detector_Tool

# Import required modules
import pytesseract

# Invoke the_object_detection function and set the parameters
data = dict(image="path_to_image", labels=['A', 'B', 'C', 'Door'], save_object=True, saved_image_path="detected_objects")

result = Object_Detector_Tool.execute(**data)
```

Now, I will unpack the returned results to find the information you need.
```python
import tuple_to_dict

results = tuple_to_dict.decode((tuple_to_dict, result))

# Check if the identified objects match the labels given in the question
if "baseball" in results[0]['bbox']:
    # Example text detection result with box, text, and score
    example_result = ([(100, 150), (200, 150), (200, 200), (100, 200)],
                       'Detected text', 0.95)

    if "Basket" in results[1]['bbox']:
        # Check if "Basket" is one of the detected objects
        if 'basket' in example_result or 'Basket' in example_result:
            # Decoding the tuple into a dictionary to extract the object
            decoded_objects = (dict(result))

            # Check if the detected object matches the "Basket" criteria
            if 'count' in decoded_objects and decoded_objects['count'] == 2:
                # Return true since a basketball exists
                final_result = 'yes'
            elif 'Basket' in example_result:
                # Return true since 'Basket' is detected and matches the question
                final_result = 'yes'
        else:
            # If the 'Basket' object is not found, return false
            final_result = 'no'
else:
    # If the tool did not find any baseball objects, return false
    final_result = 'no'
```

The question asks whether a dark wooden countertop island to the right of black shelving unit with two shelves exists. The answer is provided based on the results returned from the tool execution.
Reward: 0.0

--- Completion 2 ---
```python
detected_objects = {}
object_number = {}

# Step 1: Detect objects
detected_objects = Object_Detector_Tool.execute(image=image_path1, labels=['iOffice Desk'])

# Step 2: Extract object information
object_identifier = ImageHandler.extract_objects_from_dot_text(image_path=image_path2)

final_result = {
    'iOffice Desk': [
        [box, {"score": obj['score']} for obj in object_identifier['iOffice Desk']],
        object_number['iOffice Desk'],
    ],
    'iOffice Chair': [
        [box, {"score": obj['score']} for obj in object_identifier['iOffice Chair']],
        object_number['iOffice Chair'],
    ],
}

# Step 3: Check if objects were detected correctly
for obj_name, detected_objs in await household.local.background_coroutines.detection хот_produce.generate():
    for detected_object in detected_objs:
        detected_object['foo'] = 'bar'

# Conclusion
final_result['iOffice Desk'] = {
    'bbox': [
        [box, 0, 0, 0]
    ],
    'label': 'iOffice Desk',
}
final_result['iOffice Chair'] = {
    'bbox': [
        [box, 0, 0, 0]
    ],
    'label': 'iOffice Chair',
}
print(final_result)

```
Reward: 0.0

--- Completion 3 ---
final_result = ["yes"]
print(final_result)
Reward: 0.0

--- Completion 4 ---
final_result = None
Reward: 0.0

--- Completion 5 ---
You are not provided with a question related to visual inputs or visual content with textual details. You will need to provide a question or scene that uses features or objects available in the game to determine if the asker would be able to use a tool to answer the question.

I will use the following sets of data to generate a Python code with relevant tools to answer your image-requirement question. UnTampon requires assistance with object delineation with digital tools.

The final path of images: /nfs2/data8/liao/wxie/web/she/person/imagesчатика/25_0.jpg, which are related to the image.

If the above image content is converted to a Python code snippet using the available tools, here is an example:

```python
class ImageSceneResolver:

    def __init__(self, images_path, tools_sign_up, tool_click_result):
        self.images_path = images_path
        self.tools_sign_up = tools_sign_up
        self.tool_click_result = tool_click_result

    def get_image_details(self, curr_pos):
        # Implement tool logic to process Actual Image detailing you want it to perform
        pass

    def run_or_constraint(self):
        result = self.get_image_details(curr_pos)
        return result

    def resolver_elements(self):
        result = {
            'details': [100, 150, 200, 200],
            'text': 'Words',
            'letter': 'l'
        }
        return result

plantation_for_wasow:
```
Reward: 0.0

--- Completion 6 ---
final_result = 'no'
if 'baseball' in detected_objects['baseball']:
  final_result = 'yes'
print(final_result)
Reward: 0.0

--- Completion 7 ---
This image contains a desk, a chair, and a door. The desk is towards the left side of the image. The chair is placed next to the desk. The door is to the right of the desk. Is the door on the right side of the desk?
Reward: 0.0

--- Completion 8 ---
to
Reward: 0.0

