
[QAid]11721_0

[Code does not include Tools Usage]
code: 
final_result = "1"

============================== END ==============================


[QAid]11721_0

[Code does not include Tools Usage]
code: 
final_result = "1 Doorway"

============================== END ==============================


[QAid]11721_0

[Code does not include Tools Usage]
code: 
final_result = "1"

============================== END ==============================


[QAid]11721_0

[Code does not include Tools Usage]
code: 
final_result = "2"

============================== END ==============================


[QAid]11721_0

[Code does not include Tools Usage]
code: 
final_result = "1"

============================== END ==============================


[QAid]11721_0

[Code does not include Tools Usage]
code: 
final_result = "1"

============================== END ==============================

