
[Exctuion Failed]

No module named 'Object_Detector_Tool'
code: 

from Object_Detector_Tool import Object_Detector_Tool

final_result = Object_Detector_Tool().execute({
    "image": "/nfs/data8/liao/wxie/SAT/SAT_images_train/2197_0.png",
    "save_object": True,
    "saved_image_path": "detected_objects"
})
print(final_result)


============================== END ==============================


[Exctuion Failed]

EOF when reading a line
code: 

from object_detector import Object_Detector_Tool

# Instantiate the object_detector_tool
object_detector_tool = Object_Detector_Tool()

# Get information from the command
command_output = input("Enter the command: ")

# Execute the object_detector_tool
detected_objects, object_count = object_detector_tool.execute(image=command_output, labels=['Baseball', 'Basket'], save_object=True, saved_image_path="detected_objects")

# Convert the detected results to a string
final_result = ""
for label, detection in detected_objects.items():
  final_result += f"{'Baseball' if label == 'Baseball' else 'Basket' if label == 'Basket' else label}:\n" + \
                 f"  {'saved_image_path':0} {detection['saved_image_path']}\n" + \
               f"{'count':0} : {detection['count']} \n"

print(f"Detected results: {final_result}")


============================== END ==============================


[Exctuion Failed]

No module named 'Object_Detector_Tool'
code: 

from Object_Detector_Tool import Object_Detector_Tool

final_result = Object_Detector_Tool().execute(image='path/to/image', labels=['baseball', 'basket'], save_object=True, saved_image_path='detected_objects')
print(final_result)


============================== END ==============================


[Exctuion Failed]

Object_Detector_Tool.execute() missing 1 required positional argument: 'self'
code: 

from object_detector import Object_Detector_Tool

# Assuming the image path and the objects to detect is given in the environment variables
final_result = Object_Detector_Tool.execute(image='/nfs/data8/liao/wxie/SAT/SAT_images_train/2197_0.png', labels=['baseball', 'basket'],
                                            save_object=True, saved_image_path='detected_objects')

object_number = final_result[0]


============================== END ==============================

