
============================== New Completed Execution ==============================
[EXEC CODE]

from object_detector import Object_Detector_Tool

final_result = Object_Detector_Tool().execute(image='path/to/image', labels=['baseball', 'basket'], threshold=0.35, model_size='tiny', save_object=True, saved_image_path='detected_objects')
print(final_result)

[THE PRINT OUTPUT]
Error building the Object Detection tool: Cannot re-initialize CUDA in forked subprocess. To use CUDA with multiprocessing, you must use the 'spawn' start method
Error detecting objects: Failed to build the Object Detection tool.
Failed to detect objects after 10 attempts.
[]

[GENERATE VALID FINAL_RESULT]
[]

============================== END ==============================


============================== New Completed Execution ==============================
[EXEC CODE]

from object_detector import Object_Detector_Tool

final_result = Object_Detector_Tool().execute(image='path/to/image', labels=['baseball', 'basket'], save_object=True, saved_image_path='detected_objects')
print(final_result)

[THE PRINT OUTPUT]
Error building the Object Detection tool: Cannot re-initialize CUDA in forked subprocess. To use CUDA with multiprocessing, you must use the 'spawn' start method
Error detecting objects: Failed to build the Object Detection tool.
Failed to detect objects after 10 attempts.
[]

[GENERATE VALID FINAL_RESULT]
[]

============================== END ==============================


============================== New Completed Execution ==============================
[EXEC CODE]

from object_detector import Object_Detector_Tool

final_result = Object_Detector_Tool().execute(image="path/to/image", labels=["fridge"], save_object=True)
print(final_result)

[THE PRINT OUTPUT]
Error building the Object Detection tool: Cannot re-initialize CUDA in forked subprocess. To use CUDA with multiprocessing, you must use the 'spawn' start method
Error detecting objects: Failed to build the Object Detection tool.
Failed to detect objects after 10 attempts.
[]

[GENERATE VALID FINAL_RESULT]
[]

============================== END ==============================


============================== New Completed Execution ==============================
[EXEC CODE]

from object_detector import Object_Detector_Tool

final_result = Object_Detector_Tool().execute(image='3659_0.png', labels=['sink', 'fridge'], save_object=True, saved_image_path='detected_objects')
print(final_result)

[THE PRINT OUTPUT]
Error building the Object Detection tool: Cannot re-initialize CUDA in forked subprocess. To use CUDA with multiprocessing, you must use the 'spawn' start method
Error detecting objects: Failed to build the Object Detection tool.
Failed to detect objects after 10 attempts.
[]

[GENERATE VALID FINAL_RESULT]
[]

============================== END ==============================


============================== New Completed Execution ==============================
[EXEC CODE]
from object_detector import Object_Detector_Tool
final_result = Object_Detector_Tool().execute(image='path/to/image', labels=['fridge'], threshold=0.35, model_size='tiny', save_object=True, saved_image_path='detected_objects')

print(final_result)

[THE PRINT OUTPUT]
Error building the Object Detection tool: Cannot re-initialize CUDA in forked subprocess. To use CUDA with multiprocessing, you must use the 'spawn' start method
Error detecting objects: Failed to build the Object Detection tool.
Failed to detect objects after 10 attempts.
[]

[GENERATE VALID FINAL_RESULT]
[]

============================== END ==============================


============================== New Completed Execution ==============================
[EXEC CODE]

from object_detector import Object_Detector_Tool
final_result = Object_Detector_Tool().execute(image='image_path', labels=['fridge'], save_object=True, saved_image_path='detected_fridge')
print(final_result)

[THE PRINT OUTPUT]
Error building the Object Detection tool: Cannot re-initialize CUDA in forked subprocess. To use CUDA with multiprocessing, you must use the 'spawn' start method
Error detecting objects: Failed to build the Object Detection tool.
Failed to detect objects after 10 attempts.
[]

[GENERATE VALID FINAL_RESULT]
[]

============================== END ==============================

