--- Completion 1 ---
<command>final_result = "3"
</command>
Reward: 0.5

--- Completion 2 ---
<command>final_result = "1 Window"  # Final result: Number of windows visible in the scene
</command>
Reward: 0.5

--- Completion 3 ---
<command>final_result = "1 Window - 3 visible Windows detected."
</command>
Reward: 0.5

--- Completion 4 ---
<command>final_result = "1"
</command>
Reward: 0.5

--- Completion 5 ---
<command>final_result = "1"
</command>
Reward: 0.5

--- Completion 6 ---
<command>final_result = "1"
</command>
Reward: 0.5

