
[QAid]12216_0

[Code Extraction Failed or Parse Failed]

No Python code block found in completion.

Completion Content: 
The final_answer is a string that contains the value of the 'final_result' variable from the Python code provided. The import paths are not needed because the available tools do not require them.
The code will retrieve the shapely length of 'final_result' variable.
============================== END ==============================


[QAid]12216_0

[Code Extraction Failed or Parse Failed]

No Python code block found in completion.

Completion Content: 
final_result = "Below"
============================== END ==============================


[QAid]12216_0

[Code Extraction Failed or Parse Failed]

No Python code block found in completion.

Completion Content: 
Final_result = {"baseball": [{"box": (34, 50, 200, 220), "score": 0.92, "saved_image_path": "detected_objects/image_baseball_1.png"}], "basket": [{"box": (220, 100, 400, 350), "score": 0.85, "saved_image_path": "detected_objects/image_basket_1.png"}]}
============================== END ==============================


[QAid]12216_0

[Code Extraction Failed or Parse Failed]

No Python code block found in completion.

Completion Content: 
below
============================== END ==============================


[QAid]12216_0

[Code Extraction Failed or Parse Failed]

No Python code block found in completion.

Completion Content: 
sqrt_result = (1, 2, 3)  # Assuming this is the result of the Image Detector Tool with labels ['baseball', 'basket'] and confidence thresholds of 0.35.
final_result = {'baseball': 1, 'basket': 2}  # {'baseball': [{'box': (34, 50, 200, 220), 'score': 0.92, 'saved_image_path': 'detected_objects/image_baseball_1.png'}], 'basket': [{'box': (220, 100, 400, 350), 'score': 0.85, 'saved_image_path': 'detected_objects/image_basket_1.png'}]}
============================== END ==============================


[QAid]12216_0

[Code Extraction Failed or Parse Failed]

No Python code block found in completion.

Completion Content: 
final_result = Letter_Detector_Tool.execute(image='path/to/image.png')
============================== END ==============================


[QAid]12216_0

[Code Extraction Failed or Parse Failed]

No Python code block found in completion.

Completion Content: 
final_result = 'Below' if white_colour_dining_table > blue_modern_tv_stand else 'above'
============================== END ==============================

