
[QAid]10847_0

[Code Extraction Failed or Parse Failed]

No Python code block found in completion.

Completion Content: 
```python
final_result = int(input("How many Beds are visible in the scene? (1, 2, 3, or 4)"))

if final_result == 0:
    print("No bed")
elif final_result == 1:
    print("1 bed")
else:
    print(final_result, "bdes")
```
[QAid]10847_0

[Code Extraction Failed or Parse Failed]

No Python code block found in completion.

Completion Content: 
final_result = "0"
[QAid]10847_0

[Code Extraction Failed or Parse Failed]

No Python code block found in completion.

Completion Content: 
final_result = "2"
[QAid]10847_0

[Code Extraction Failed or Parse Failed]

No Python code block found in completion.

Completion Content: 
final_result = "2"
[QAid]10847_0

[Code Extraction Failed or Parse Failed]

No Python code block found in completion.

Completion Content: 
final_result = [1]  # There is 1 bed visible in the scene.
[QAid]10847_0

[Code Extraction Failed or Parse Failed]

No Python code block found in completion.

Completion Content: 
final_result = 1
print(final_result)
[QAid]10847_0

[Code Extraction Failed or Parse Failed]

No Python code block found in completion.

Completion Content: 
final_result = 2
print(final_result)
[QAid]10847_0

[Code Extraction Failed or Parse Failed]

No Python code block found in completion.

Completion Content: 
final_result = '2'