--- Completion 1 ---
<command>
from object_detector import Object_Detector_Tool
final_result = Object_Detector_Tool().execute(image='path_to_camera_image', labels=['armchair'], threshold=0.35, save_object=True, saved_image_path='detected_objects')
print(final_result)
</command>
Reward: 1.0

--- Completion 2 ---
<command>
from object_detector import Object_Detector_Tool
final_result = Object_Detector_Tool().execute("path/to/image", ["baseball", "basket"], save_object=True, saved_image_path="detected_objects")
print(final_result)
</command>
Reward: 1.0

--- Completion 3 ---
<command>
from object_detector import Object_Detector_Tool

final_result = Object_Detector_Tool().execute(image="path/to/image", labels=["baseball", "basket"], save_object=True, saved_image_path="detected_objects")

print(final_result)
</command>
Reward: 1.0

--- Completion 4 ---
<command>from object_detector import Object_Detector_Tool
final_result = Object_Detector_Tool().execute(image='path/to/image', labels=['baseball'], save_object=True, saved_image_path='detected_objects')
print(final_result)</command>
Reward: 1.0

--- Completion 5 ---
<command>
from object_detector import Object_Detector_Tool

final_result = Object_Detector_Tool().execute(image='9248_0.png', labels=['ArmChair'], save_object=True, saved_image_path='detected_objects')
print(final_result[0])
</command>
Reward: 1.0

--- Completion 6 ---
<command>
from object_detector import Object_Detector_Tool
final_result = Object_Detector_Tool().execute(image='path/to/image', labels=['armchair'], save_object=True)
print(final_result)
</command>
Reward: 1.0

