
============================== NEW SCCESSFUL EXECUTION ==============================
[EXEC CODE]
final_result = 0;
[THE PRINT OUTPUT]

[GENERATE FINAL_RESULT]
0

============================== END ==============================

============================== NEW SCCESSFUL EXECUTION ==============================
[EXEC CODE]
final_result = "A"
[THE PRINT OUTPUT]

[GENERATE FINAL_RESULT]
A

============================== END ==============================

============================== NEW SCCESSFUL EXECUTION ==============================
[EXEC CODE]
Final_result = 2
[THE PRINT OUTPUT]

[GENERATE FINAL_RESULT]
None

============================== END ==============================
