
[QAid]1983_0

[Code does not include Tools Usage]
code: 
final_result = "1"

============================== END ==============================


[QAid]1983_0

[Code does not include Tools Usage]
code: 
final_result = "1"  # The result will be printed in "1" after evaluating the tool's functionality.
============================== END ==============================


[QAid]1983_0

[Code does not include Tools Usage]
code: 
final_result = "1"
============================== END ==============================


[QAid]1983_0

[Code does not include Tools Usage]
code: 
final_result = "1"
============================== END ==============================


[QAid]1983_0

[Code does not include Tools Usage]
code: 
final_result = "1"

============================== END ==============================


[QAid]1983_0

[Code does not include Tools Usage]
code: 
final_result = "1"

============================== END ==============================

