
[QAid]8482_0

[Code does not include Tools Usage]
code: 
final_result = "1"
============================== END ==============================


[QAid]8482_0

[Code does not include Tools Usage]
code: 
final_result = "1"

============================== END ==============================


[QAid]8482_0

[Code does not include Tools Usage]
code: 
final_result = "1"

============================== END ==============================


[QAid]8482_0

[Code does not include Tools Usage]
code: 
final_result = "1"  # The number of newspapers found in the image


============================== END ==============================


[QAid]8482_0

[Code does not include Tools Usage]
code: 
final_result = "1"

============================== END ==============================


[QAid]8482_0

[Code does not include Tools Usage]
code: 
final_result = "1"
============================== END ==============================

