--- Completion 1 ---
Based on the relative positions shown in the image, the wall paint (point A) is above the 6-drawer dresser (point B). Therefore, the final answer is "above".
Reward: 0.0

--- Completion 2 ---
Based on the relative positions in the image, the wall paint is above the six-drawer dresser in gray.
Reward: 0.0

--- Completion 3 ---
Based on the visual inputs, the wall paint is above the six-drawer dresser in gray. Therefore, the final answer is "above".
Reward: 0.0

--- Completion 4 ---
To solve this question, we will use the Text_Detector_Tool tool to detect text in the image, and then compare the text content with the expected answer. Here is the Python program:

```python
from object_detector import Object_Detector_Tool

# Input image (path to image file)
image_path = "/path/to/image.png"

# Languages to use for OCR
languages = ['en', 'de']

# Setting the number of retries
max_retries = 3

# Setting the detail level (0 for simpler output, 1 for detailed output)
detail = 0

# Create Object_Detector_Tool instance
obj_detector = Object_Detector_Tool(image_path, languages=languages, max_retries=max_retries, detail=detail)

# Execute OCR
result = obj_detector.execute()

# Check if there are any results
if result is not None and 'Detected text' in result[0][0]:
    detected_text_blocks = result

    # Get only the text block that has the expected content
    expected_text_blocks = next((block for (bbox, text, score) in detected_text_blocks if text == "expected_text_content" and score >= 0.9), None)

    if expected_text_blocks:
        final_result = expected_text_blocks[0][0] + ", detected text: " + expected_text_blocks[0][1] + ", score: " + "{:.0f}".format(expected_text_blocks[0][2])
    else:
        final_result = "No detected text match expected_content."
else:
    final_result = "No detection results."

print(final_result)
```
Reward: 0.0

--- Completion 5 ---
The tool used in this solution is the Object_Detector_Tool, which can detect objects in an image using the Grounding DINO model and save individual object images with empty padding.

To find the answer to your question, we can use the following Python code:
```python
import object_detector

detected_objects, object_count = object_detector.execute(
    labels=['baseball', 'basket', 'cat', 'dog', 'pillbox'],
    threshold=0.35,
    save_object=True,
    saved_image_path='detected_objects')

object_count
```
By executing this code, we will obtain the total number of objects detected in the image, including 'baseball', 'basket', 'cat', 'dog', and 'pillbox'.
Reward: 0.0

--- Completion 6 ---
To determine if wall paint is above or below the six-drawer dresser using the virtual classroom environment, you can employ the Object_Detector_Tool tool. This tool requires an image, a threshold for detection, and a model size for the object classifier. Once you have the threshold, proceed with the following steps to identify the relative positions:

1. Import the Object_Detector_Tool class and the necessary parameters from the metadata dictionary:
```python
from object_detector import Object_Detector_Tool

threshold = 0.35  # Confidence threshold for detection
model_size = 'tiny'  # The size of the model to use
```

2. Use the Object_Detector_Tool tool to execute its `execute` function with the image, labels, and threshold set:
```python
detected_objects, object_number = Object_Detector_Tool.execute(image="path_to_your_image_file.png", labels=['baseball', 'basket'], threshold=threshold, saved_image_path='detected_objects')
```

3. Iterate through the output dictionary `detected_objects` to identify the two "baseball" objects.
```python
baseball_details = detected_objects['baseball']
ball_score = baseball_details['score']  # Check the score for each "baseball" object
basket_details = detected_objects['basket']
basket_score = basket_details['score']
```

4. Check the distance between the two detected baseball or basketball objects:
```python
distance_between_objects = baseball_details['box'][2] - basketball_details['box'][0]
if 0 <= float(distance_between_objects) < 100:  # Distance range
    near_baseball = baseball_details['box'][2] <= float(6)
    below_baseball = baseball_details['box'][0] >= float(2)
else:
    near_baseball = baseball_details['box'][0] >= float(6)
    below_baseball = baseball_details['box'][2] >= float(2)
```

5. Based on the identification and distance check, output the final results:
```python
if near_baseball:
    final_result = "The wall (and dresser) are below the objects."
else:  # near_baseball == False
    final_result = "The wall and dresser are above the objects."
```

This Python program utilizes the Image and Text_Detector_Tool classes to analyze and identify the objects in the virtual classroom environment, including their bounding boxes, scores, and names. By evaluating the
Reward: 0.0

--- Completion 7 ---
The relative positions of wall paint, sixdrawer dresser, and a bed in the room are as follows:

- Wall paint is above the bed
- Sixdrawer dresser is below the bed
- Three drawers of the sixdrawer dresser are on the left side of the bed
Reward: 0.0

--- Completion 8 ---
To determine where wall paint is above or below the six-drawer dresser in gray, we need to analyze the image and label the objects. Here are the steps:

1. Load the image file: `object_detector: `object_detector`, `image: 'path/to/image.png'`

2. Perform text detection: `text_detector: `text_detector`, `langs: ['en', 'de']`

3. Analyze the text detected for dresser: `analyze_text: text_detector`

4. Check if dresser is above the other objects detected: `if dresser is 'above':`

5. If dresser is above, print: `print("The wall paint is above the six-drawer dresser in gray.")`

6. If dresser is below, print: `print("The wall paint is below the six-drawer dresser in gray.")`

Here's the Python code to achieve this:

```python
import object_detector
import text_detector

def detect_object(image):
    detected_objects = object_detector.execute(image=image, model_size='tiny', save_object=True, saved_image_path='detected_objects')
    object_number = object_detector.object_number(detected_objects)

    text = text_detector.execute(image=image, langs=['en', 'de'], detail=1)
    dresser = text.detect('baseball', 'basket')  # Assume that "baseball" and "basket" are the names of the dresser objects

    if dresser:
        if dresser[0][3] > 0.5:  # Assuming dresser has a detected bounding box
            return f"The wall paint is above the six-drawer dresser in gray."
        else:
            return f"The wall paint is below the six-drawer dresser in gray."
    else:
        return "Could not detect dresser objects."

# Load image
folder_path = '/nfs/data8/liao/wxie/SAT/SP_257_images/train/'
image_path = folder_path + '2458_0.png'
image = open(image_path, 'rb').read()

# Detect objects
result = detect_object(image)

print(result)
```
Reward: 0.0

