
[QAid]13419_0

[Code does not include Tools Usage]
code: 
final_result = "1"

============================== END ==============================


[QAid]13419_0

[Code does not include Tools Usage]
code: 
final_result = "1"
============================== END ==============================


[QAid]13419_0

[Code does not include Tools Usage]
code: 
final_result = "1"

============================== END ==============================


[QAid]13419_0

[Code does not include Tools Usage]
code: 
final_result = "1"  # The final result is "1", because the answer is 1 TVStands visible in the scene
============================== END ==============================


[QAid]13419_0

[Code does not include Tools Usage]
code: 
from object_detector import Object_Detector_Tool

final_result = "1"


============================== END ==============================


[QAid]13419_0

[Code does not include Tools Usage]
code: 
final_result = "1"

============================== END ==============================

