
[QAid]7028_0

[Code does not include Tools Usage]
code: 
final_result = "1"  # Number of desks visible in the scene, which is 1 based on user input
============================== END ==============================


[QAid]7028_0

[Code does not include Tools Usage]
code: 
final_result = "1"

============================== END ==============================


[QAid]7028_0

[Code does not include Tools Usage]
code: 
final_result = "1"

============================== END ==============================


[QAid]7028_0

[Code does not include Tools Usage]
code: 
final_result = "1"

============================== END ==============================


[QAid]7028_0

[Code does not include Tools Usage]
code: 
final_result = "1"
============================== END ==============================


[QAid]7028_0

[Code does not include Tools Usage]
code: 
final_result = "1"
============================== END ==============================

