
[QAid]10649_0

[Code does not include Tools Usage]
code: 
final_result = "1"

============================== END ==============================


[QAid]10649_0

[Code does not include Tools Usage]
code: 
final_result = "1"

============================== END ==============================


[QAid]10649_0

[Code does not include Tools Usage]
code: 
final_result = "1"

============================== END ==============================


[QAid]10649_0

[Code does not include Tools Usage]
code: 
import object_detector

final_result = "1"

============================== END ==============================


[QAid]10649_0

[Code does not include Tools Usage]
code: 
final_result = "1"  # Based on the image in question (10649_0.png), no dresser was detected in the image

============================== END ==============================


[QAid]10649_0

[Code does not include Tools Usage]
code: 
final_result = "1"

============================== END ==============================

