--- Completion 1 ---
<command>
from object_detector import Object_Detector_Tool

final_result = Object_Detector_Tool().execute(image='path/to/image', labels=['baseball', 'basket'], save_object=False)
print(final_result)
</command>
Reward: 1.0

--- Completion 2 ---
<command>
from object_detector import Object_Detector_Tool

final_result = Object_Detector_Tool().execute(image='path/to/image', labels=['baseball', 'basket'], save_object=True, saved_image_path='detected_objects')

print(final_result)
</command>
Reward: 1.0

--- Completion 3 ---
<command>from object_detector import Object_Detector_Tool
from text_detector import Text_Detector_Tool

final_result = Object_Detector_Tool().execute(image='/path/to/image', labels=['baseball', 'basket'], save_object=True, saved_image_path='detected_objects')
print(final_result)
text_detector_tool = Text_Detector_Tool()
result = text_detector_tool.execute(image='/path/to/image', languages=['en', 'de'], detail=0.5)
print(result)</command>
Reward: 1.0

--- Completion 4 ---
<command>
from object_detector import Object_Detector_Tool

final_result = Object_Detector_Tool().execute(image='path_to_image', labels=['baseball'], thresholds=[0.3], save_object=True, saved_image_path='detected_objects')

print(final_result)
</command>
Reward: 1.0

--- Completion 5 ---
<command>
from object_detector import Object_Detector_Tool

final_result = Object_Detector_Tool().execute(image="path/to/image", labels=["baseball"], threshold=0.35,
                                              save_object=True, saved_image_path="detected_objects")
print(final_result)
</command>
Reward: 1.0

--- Completion 6 ---
<command>
from object_detector import Object_Detector_Tool

final_result = Object_Detector_Tool().execute(image='9559_0.png', labels=['sofa', 'chair'], save_object=True, saved_image_path='detected_objects')

print(final_result)
</command>
Reward: 1.0

