--- Completion 1 ---
<command>final_result = "1 Dogs"
final_result = final_result.replace(", ", " ").replace(", 0 ", " ")
print(final_result)
</command>
Reward: 0.5

--- Completion 2 ---
<command>final_result = "1 DogBed is visible in the scene."
</command>
Reward: 0.5

--- Completion 3 ---
<command>final_result = "1"
print("There is 1 DogBed visible in the scene.")
</command>
Reward: 0.5

--- Completion 4 ---
<command>final_result = "1"
</command>
Reward: 0.5

--- Completion 5 ---
<command>final_result = "1 DogBed"
final_result = "final_result"

# Sample execution with provided tool and image path
final_result = "detected_objects"
final_result = "detected_objects"
final_result = "final_result"

# The final result is the number of DogBeds visible in the scene
print(final_result)
</command>
Reward: 0.5

--- Completion 6 ---
<command>final_result = "1"
print(f"Final result: {final_result}")
</command>
Reward: 0.5

