
============================== NEW EXECUTION ==============================

[EXECUTION EXCEPTION]
Object_Detector_Tool.execute() missing 1 required positional argument: 'self'
code:from object_detector import Object_Detector_Tool

# Given image path
image_path = "/home/stud/wxie/BLINK_Dataset/Counting/val/images/val_Counting_59_image_1.jpg"

# Labels to detect
labels = ["Baseball", "Basket"]

# Detection threshold
threshold = 0.45

# Size of the model to use (assuming 'base' as default)
model_size = "base"

# Default value for saving detected object images and its path as a placeholder
saved_image_path = "detected_objects"

# Use the Object_Detector_Tool to detect objects in the image
detected_objects, object_detection_count = Object_Detector_Tool.execute(image=image_path, labels=labels, save_object=True, saved_image_path=saved_image_path, threshold=threshold, model_size=model_size)

# Check if the model did not detect any object
if len(detected_objects) == 0:
    final_result = '0'
else:
    # Initialize final_result with 0 initially
    final_result = 0

# Check if the label 'Baseball' is detected
baseball_detected = True if 'Baseball' in detected_objects else False

# Check if the label 'Basket' is detected
basket_detected = True if 'Basket' in detected_objects else False

# If both labels are detected, add one to the final result
if baseball_detected and basket_detected:
    final_result = 1
else:
    # If only one label is detected, count it
    if baseball_detected:
        final_result = 1
    elif basket_detected:
        final_result = 2
    # If neither label is detected, final result is 0

# Print the final result indicating the count of people wearing white hats
print(f'The count of people wearing white hats detected in the image is: {final_result}')

============================== NEW EXECUTION ==============================

[EXECUTION EXCEPTION]
Object_Detector_Tool.execute() missing 1 required positional argument: 'self'
code:for row in Object_Detector_Tool.execute(image="/home/stud/wxie/BLINK_Dataset/Counting/val/images/val_Counting_59_image_1.jpg", labels=["baseball", "basket"], save_object=True, saved_image_path="detected_objects"):
    objects = row[0]
    for object in objects:
        if object['label'] == 'baseball':
            count = object['confidence score']
            print("Baseball detected," + str(count))
            break

============================== NEW EXECUTION ==============================

[EXECUTION EXCEPTION]
Object_Detector_Tool.execute() missing 1 required positional argument: 'self'
code:def count_hat_wearing_count(image_path):
    # Load the image and detect the object
    det_objects = []
    labels = ["baseball", "basket"]
    conf_threshold = 0.45
    model_size = "tiny"
    save_object = True
    detected_objects = Object_Detector_Tool.execute(image=image_path, labels=labels, threshold=conf_threshold, model_size=model_size, save_object=save_object)
    
    # Initialize a total count dictionary
    total_count = {}
    for obj in detected_objects:
        if obj["label"] == "baseball" or obj["label"] == "basket":
            total_count[obj["label"]] = obj["confidence score"]
    
    # Return the count if it exists
    if total_count:
        count = sum([count["confidence score"] for count in total_count.values()])
        return count
    else:
        return 0

# Call the function with the image path
final_result = count_hat_wearing_count("/home/stud/wxie/BLINK_Dataset/Counting/val/images/val_Counting_59_image_1.jpg")
print(final_result)

============================== NEW EXECUTION ==============================

[EXECUTION EXCEPTION]
Object_Detector_Tool.execute() missing 1 required positional argument: 'image'
code:from object_detector import Object_Detector_Tool

# Set thresholds for detection
threshold = 0.45

# Load the image file
image_path = "/home/stud/wxie/BLINK_Dataset/Counting/val/images/val_Counting_59_image_1.jpg"

# Detect the detected objects
output = Object_Detector_Tool.execute(image_path, labels=["baseball", "basket"], save_object=True, threshold=threshold, model_size="small")

# Count the total number of detections
label_count = len(output)

final_result = {
    "count": label_count
}

============================== NEW EXECUTION ==============================

[EXECUTION EXCEPTION]
name 'white_hats_count' is not defined
code:from object_detector import Object_Detector_Tool

# Define the question regarding the number of people wearing white hats
question = "How many people are wearing white hats?"

# Generate Python code to solve the question
python_code = """
def white_hats_count(input_image_path, labels=["baseball", "basket"], saved_object=False):
    # Load the image
    input_image = Image.open(input_image_path)

    # Detect objects in the image
    detector_tool = Object_Detector_Tool()
    detected_objects, total_object_numbers = detector_tool.execute(input_image, labels, saved_object)

    # Count the total number of objects detected
    total_count = 0
    for labels_list in detected_objects:
        for object_info in labels_list:
            if object_info["label"] == "baseball" or object_info["label"] == "basket":
                total_count += 1

    return total_count, total_object_numbers

# Ask the question and get the result
result = white_hats_count("/home/stud/wxie/BLINK_Dataset/Counting/val/images/val_Counting_59_image_1.jpg", labels=["baseball", "basket"])
print(f"The count of people wearing white hats is: {result[0]}")

finally:
    # Print the final result
    print(f"The total count including saved objects is: {result[0]} (+ detected and saved object)")
"""

# Run the code with the actual image location
result = white_hats_count("/home/stud/wxie/BLINK_Dataset/Counting/val/images/val_Counting_59_image_1.jpg")
print(result[1])

============================== NEW EXECUTION ==============================

[EXECUTION EXCEPTION]
Object_Detector_Tool.__init__() got an unexpected keyword argument 'labels'
code:from object_detector import Object_Detector_Tool

# Load the image
image_path = '/home/stud/wxie/BLINK_Dataset/Counting/val/images/val_Counting_59_image_1.jpg'
object_labels = ['baseball', 'basket']
thresh = 0.45
model_size = 'tiny'

# Create the object detection object
detector = Object_Detector_Tool(image_path, labels=object_labels, threshold=thresh, model_size=model_size)

# Count the number of detections
# Since the tool outputs dictionaries with keys 'label' and 'confidence score', we just take the 'label' keys for now
num_detection_labels = {label: 0 for label in detector.objects}

# Filter for detection of 'baseball' or 'basket' and count it
num_baseball_balls = sum(num_detection_labels[label] == 1 for label in object_labels + ['baseball', 'basket'])
num_basketBALLs = sum(num_detection_labels[label] == 1 for label in object_labels + ['baseball', 'basket'])

num_baseball_balls

============================== NEW EXECUTION ==============================

[EXECUTION EXCEPTION]
Object_Detector_Tool.__init__() got an unexpected keyword argument 'labels'
code:from object_detector import Object_Detector_Tool

def count_white_hats(image_path, labels):
    detector_tool = Object_Detector_Tool(image_path, labels=labels[0], threshold=0.5, model_size='tiny', save_object=True)
    labels_count = detector_tool.output_type[1]
    return labels_count

def count_white_hats_for_each_image(images_path):
    white_hats_count = []
    for image_path in images_path:
        labels = "baseball, basket"
        white_hats_count.append(count_white_hats(image_path, labels))
    return white_hats_count

# List of file paths where images are stored
images_path = ['/home/stud/wxie/BLINK_Dataset/Counting/val/images/val_Counting_59_image_1.jpg']
white_hats_count = count_white_hats_for_each_image(images_path)

# There are 7 white hats
final_result = white_hats_count[4]
