
[Exctuion Failed]

Object_Detector_Tool.execute() missing 1 required positional argument: 'self'
code: 

from object_detector import Object_Detector_Tool

final_result = Object_Detector_Tool.execute(image='/nfs/data8/liao/wxie/SAT/SAT_images_train/12685_0.png', labels=['baseball', 'basket'], save_object=True, saved_image_path='detected_objects')

print("Number of fridges:", final_result['object_number'])
print("Detected object images:", final_result['detected_objects'])


============================== END ==============================


[Exctuion Failed]

invalid syntax (<string>, line 2)
code: 

```py
from Object_Detector_Tool import *

# Setting up object detection
detected_objects, object_number = execute(image='path/to/image.png', labels=['baseball', 'basket'], save_object=False)

# Check the image for text using the 'text_detector'
result = None
if text_detector(image='path/to/image.png', languages=['English', 'German'], detail=1):
    text_blocks = result.splitlines()
    print("Detected text:")
    for text_block in text_blocks:
        print(f"Detected text: {text_block.strip()}")
    result = None

# Checking if text was correctly detected
if result:
    detected_text = result.splitlines()
    found_blocks = []
    for block in detected_text:
        found_blocks.extend(block.split('.'))
    detected_blocks = [block.split('.') for block in found_blocks]
    detected_blocks = [block for block in detected_blocks if len(block) > 0]
    print(f"Found the following text blocks: {detected_blocks}")
    print(f"Text blocks found: {found_blocks}")
else:
    print("Text detection failed after retries.")
```


============================== END ==============================

