
[Exctuion Failed]

invalid syntax (<string>, line 2)
code: 

```python
from tool_module import Object_Detector_Tool, Text_Detector_Tool

import_name = 'Object_Detector_Tool'
demo_command = "object_detector_tool = Tool(Module = Module.Module.Module_name())"

text_dict = {'baseball': 1, 'basket': 2}
text_image_count = text_dict.keys()

# Generate object_detection_results
(object_labels, object_number) = object_detector_tool.execute(image="path/to/image", labels=["baseball", "basket"], save_object=True, saved_image_path="detected_objects")

# Generate text_detection
(text_blocks) = text_detector_tool.execute(image="path/to/image", languages=["en", "de"], detail=1)

# Check for successful detection of text
if text_blocks and len(text_blocks) == len(text_image_count):
    # Extract text blocks from detected images
    detected_image_data = []
    for block in text_blocks:
        box = block[0]
        text = block[1]
        score = block[2]
        det_image = image_path / detector_name / detected_images[det_image]
        try:
            # Copy the image to avoid modifying the original
            with image.open(det_image, mode='r') as f, image.open(image_path / detector_name, mode='w') as target:
                f.paste(target)
            detected_image_data.append({"box": box, "text": text, "score": score})
        except Exception as e:
            print(f"Error: {e}")
finally:
    final_result = {"object_labels": object_labels, "object_number": object_number, "text_image_count": text_image_count, "detected_image_data": detected_image_data}
```


============================== END ==============================


[Exctuion Failed]

No module named 'object_detector_tool'
code: 

from object_detector_tool import Object_Detector_Tool

result = Object_Detector_Tool().execute(image="path/to/image", labels=["baseball", "basket"], save_object=True, saved_image_path="detected_objects")

if result[0]:
  detected_objects, object_number = result
  final_result = {
    "detect_object_confident" : result[1]
  }
else:
  final_result = {}
  for obj in detected_objects:
    final_result[obj] = [obj[0][1]]
  final_result["detected_objects"] = final_result

if "detected_objects" in final_result:
  print(final_result["detected_objects"])

if "object_number" in final_result:
  print(final_result["object_number"])


============================== END ==============================


[Exctuion Failed]

closing parenthesis '}' does not match opening parenthesis '[' (<string>, line 14)
code: 

from object_detector_tool import Object_Detector_Tool

object_detector_tool = Object_Detector_Tool()

# Execute the detection
result = object_detector_tool.execute(image="path/to_image", labels=["baseball", "basket"], save_object=True, saved_image_path="detected_objects")

detected_objects = result[0]
object_number = result[1]

# Example output: 
detected_objects = [
    {'baseball': [ {'box': (34, 50, 200, 220), 'score': 0.92, 'saved_image_path': 'detected_objects/image_baseball_1.png' } , 'count': 1 }, 
     'basket': [ {'box': (220, 100, 400, 350), 'score': 0.85, 'saved_image_path': 'detected_objects/image_basket_1.png' } , 'count': 2 }]
}

final_result = {"detected_objects": dict(detected_objects), "object_number": object_number}


============================== END ==============================

