
[QAid]384_0

[Code does not include Tools Usage]
code: 
final_result = "4"

============================== END ==============================


[QAid]384_0

[Code does not include Tools Usage]
code: 
final_result = "4"

============================== END ==============================


[QAid]384_0

[Code does not include Tools Usage]
code: 
final_result = "The paths of images mentioned in the question are not provided. Please provide the paths of the images to calculate the number of doorways in the scene using the Python code you provided."

============================== END ==============================


[QAid]384_0

[Code does not include Tools Usage]
code: 
final_result = "1 Doorway"

============================== END ==============================


[QAid]384_0

[Code does not include Tools Usage]
code: 
final_result = "1"
print(final_result)
============================== END ==============================


[QAid]384_0

[Code Extraction Failed or Parse Failed]

invalid syntax (<unknown>, line 1)

Completion Content: 
<command>final_result = "final_result = "1 Doorway is visible in the scene." 1 Doorway is visible in the scene. In this case, only one doorway is visible, so "1" is correctly determined."
</command>
============================== END ==============================

