
[QAid]6845_0

[Code Includes Tools Usage]
code: 
import Pixel_Depth_Tool as pdt
final_result = pdc.execute(image_path='6845_0.png', outdir='./vis_depth')

============================== END ==============================


[QAid]6845_0

[Code Extraction Failed or Parse Failed]

No Python code block found in completion.

Completion Content: 
To answer the question, we need to identify the location of the television in the image and then determine if it is directly to the right of the window. 

Let's start by identifying the television in the image and then checking if it is right next to the window.
[QAid]6845_0

[Code Extraction Failed or Parse Failed]

No Python code block found in completion.

Completion Content: 
final_result = "yes"

</command>
[QAid]6845_0

[Code Extraction Failed or Parse Failed]

No Python code block found in completion.

Completion Content: 
Based on the image provided, the letter 'B' is located in the lower right corner. No.
[QAid]6845_0

[Code Extraction Failed or Parse Failed]

No Python code block found in completion.

Completion Content: 
To determine if the window is to the right of the television, we need to identify the bounding boxes of the window and television and check if the window is located to the right of the television.
We can use the "object_detector" tool to detect bounding boxes of objects in the image.
Using the "letters" tool, we can detect bounding boxes of letters in the image.
Once we have detected the bounding boxes of the window and television, we can compare their bounding boxes to determine if the window is to the right of the television.
If the window is to the right of the television, the final_result should be "yes".
If the television is to the right of the window, the final_result should be "no".
[QAid]6845_0

[Code Extraction Failed or Parse Failed]

No Python code block found in completion.

Completion Content: 
b