
[Exctuion Failed]

unmatched ')' (<string>, line 4)
code: 

from object_detector import Object_Detector_Tool

final_result = Object_Detector_Tool.execute(image='/path/to/image.png', labels=['Television'], save_object=True, saved_image_path='televisions'))

print(final_result)


============================== END ==============================


[Exctuion Failed]

Object_Detector_Tool.execute() missing 1 required positional argument: 'self'
code: 

from object_detector import Object_Detector_Tool
final_result = Object_Detector_Tool.execute(
    image='/nfs/data8/liao/wxie/SAT/SAT_images_train/5864_0.png',
    labels=['baseball', 'basket'],
    save_object=True,
    saved_image_path='detected_objects'
)
print(final_result)


============================== END ==============================


[Exctuion Failed]

Object_Detector_Tool.execute() missing 1 required positional argument: 'self'
code: 

from object_detector import Object_Detector_Tool

final_result = Object_Detector_Tool.execute(image="/nf/data8/liao/wxie/SAT/SAT_images_train/5864_0.png", labels=["Television"])
print(final_result)


============================== END ==============================


[Exctuion Failed]

Object_Detector_Tool.execute() missing 1 required positional argument: 'self'
code: 

from object_detector import Object_Detector_Tool

# Run the Python code
final_result = Object_Detector_Tool.execute(image='path/to_image.png', labels=['baseball', 'basket'], save_object=True, saved_image_path='detected_objects')

print(final_result)


============================== END ==============================


[Exctuion Failed]

Object_Detector_Tool.execute() missing 2 required positional arguments: 'self' and 'labels'
code: 

from object_detector import Object_Detector_Tool

final_result = Object_Detector_Tool.execute(image='scenario.png')
print(final_result)


============================== END ==============================


[Exctuion Failed]

No module named 'Object_Detector_Tool'
code: 

from Object_Detector_Tool import Object_Detector_Tool

final_result = Object_Detector_Tool.execute(image='/path/to/image.png', labels=['Television'], save_object=True)
print(final_result)


============================== END ==============================

