
[QAid]8910_0

[Code Extraction Failed or Parse Failed]

No Python code block found in completion.

Completion Content: 
final_result = "B"
[QAid]8910_0

[Code Includes Tools Usage]
code: 

pixel_depth_tool = Object_Detector_Tool
result = Object_Detector_Tool.execute(pixel_depth_tool, image='path/to/image.png', outdir='vis_depth') 
distances = result['depth_map']
print(distances)

============================== END ==============================


[QAid]8910_0

[Code Extraction Failed or Parse Failed]

No Python code block found in completion.

Completion Content: 
final_result = "Right"
[QAid]8910_0

[Code Extraction Failed or Parse Failed]

No Python code block found in completion.

Completion Content: 
final_result = "right"
[QAid]8910_0

[Code Extraction Failed or Parse Failed]

No Python code block found in completion.

Completion Content: 
final_result = "A"
[QAid]8910_0

[Code Extraction Failed or Parse Failed]

No Python code block found in completion.

Completion Content: 
final_result = "left"
[QAid]8910_0

[Code Extraction Failed or Parse Failed]

No Python code block found in completion.

Completion Content: 
final_result = "A"
[QAid]8910_0

[Code Extraction Failed or Parse Failed]

No Python code block found in completion.

Completion Content: 
final_result = "left"