
[QAid]8144_0

[Code Extraction Failed or Parse Failed]

No Python code block found in completion.

Completion Content: 
```python

from Object_Detector_Tool import Object_Detector_Tool

object_detector_tool = Object_Detector_Tool()

result = object_detector_tool.execute(image='path/to/image', labels=['baseball', 'basket'], save_object=True, saved_image_path='detected_objects')

detected_objects = result[0]
object_number = result[1]

print("Detected objects:")
for label, result in detected_objects.items():
    print(f"```json\n'@id': {label},\n'vel': 1,\n'bbox': {json.dumps(result)},\n'score': {result[5]},\n'save_image_path': {result[4]}```json")
    
print(f"Total detected objects: {object_number}")

```
============================== END ==============================


[QAid]8144_0

[Code Includes Tools Usage]
code: 

from object_detector import Object_Detector_Tool

object_detector_tool = Object_Detector_Tool()
detected_objects, object_number = object_detector_tool.execute(image="8144_0.png", labels=["baseball", "basket"], save_object=True, saved_image_path="detected_objects")
print("Number of Bed(s):", object_number["basket"])

============================== END ==============================


[QAid]8144_0

[Code Includes Tools Usage]
code: 

from text_detector_tool import *

image_path = '/nfs/data8/liao/wxie/SAT/SAT_images_train/8144_0.png'
languages = ['en', 'de']
detail = 1

text_result = text_detector_tool.execute(image=image_path, languages=languages, detail=detail)

detected_texts = text_result[0]

for block in detected_texts:
    print("Detected text:", block[2], "with confidence:", block[1])

============================== END ==============================


[QAid]8144_0

[Code Includes Tools Usage]
code: 

detect_beds = True  # This is a boolean value indicating whether the function is meant to count the beds. For demonstration purposes, a simple count is added.
number_of_furniture = 0  # Counting the number of beds

for i in range(4):
    image_path = '/nfs/data8/liao/wxie/SAT/SAT_images_train/8144_0.png'  # This is the path to one of the images.
    bed_object = []

    try:
        bed_object = Object_Detector_Tool().execute(image=image_path, labels=['bed'], languages=['en', 'de'], detail=0)  # This code runs for each bed and uses the tool to detect the bed in the image.
    except Exception as e:
        bed_image_path = 'detected_objects/' + str(i) + '_unknown.jpg'  # This code tries to save a detected bed image even if an error is encountered.
        bed_object = object_detector_tool.execute(image=image_path, labels=[None], save_object=True, saved_image_path=bed_image_path)  # This code changes the detected bed object to an unknown image.

    if bed_object:
        bed_object = bed_object[0]
        number_of_furniture += 1
        bed_image_path = bed_image_path.replace('detected_objects/', '')  # This code saves the bed image in a specified directory, as detected beds are of 'detected_objects' type.

if not number_of_furniture:
    number_of_furniture = 0  # This code detects beds that are unknown

final_result = [number_of_furniture, number_of_furniture]

============================== END ==============================


[QAid]8144_0

[Code Includes Tools Usage]
code: 

from object_detector_tool import Object_Detector_TOOL

def count_identified_beds(image_path):
    """
    Function to count and locate beds in an image.
    """
    object_dector = Object_Detector_TOOL()

    # Assuming the input path is 'path/to/image.png'
    # and you want to detect baseball and basket
    labels = ['baseball', 'basket']
    threshold = 0.4  # custom threshold value
    model_size = 'tiny'  # choose model_size as 'tiny' and 'base'
    save_object = True  # Boolean for saving the detected objects in images

    if save_object:
        image = 'path/to/image.png'
        result = object_dector.execute(image=image, labels=labels, threshold=threshold, model_size=model_size, save_object=save_object)
        # Process the detected objects to get total count
    else:
        result = []

    # Display the results
    total_count = len(result)
    print(f"Total beds found: {total_count}")


============================== END ==============================


[QAid]8144_0

[Code Includes Tools Usage]
code: 


from object_detector_Tool import Object_Detector_Tool

def count_beds(image_path):
    # Load the image
    image = Image.open(image_path)
    
    # Convert the image to grayscale
    image_gray = cv2.cvtColor(image, cv2.COLOR_BGR2GRAY)
    
    # Calculate the median blur of the image
    median_blurred = cv2.medianBlur(image_gray, 5)
    
    # Define parameters for object detection
    model_size = "tiny"
    label_list = ["bed"]

    # Detect objects using object_detector_Tool
    object_detector = Object_Detector_Tool(
        model_size=model_size, 
        labels=label_list, 
        threshold=0.35, 
        save_object=True, 
        saved_image_path="detected_objects"
    )
    detected_objects, object_number = object_detector.execute(image=median_blurred)

    bed_count = len(detected_objects.get("bed", []))
    
    # Convert the detected objects to a list format
    detected_objects = [{"box": DetectionEntry.box, "score": DetectionEntry.score, "saved_image_path": DetectionEntry.saved_image_path} for DetectionEntry in detected_objects["baseball"]]
    
    # Return the detected objects list and the bed count as a tuple
    return {"objects": detected_objects, "bed_count": bed_count}

# Usage example
image_path = "/nfs/data8/liao/wxie/SAT/SAT_images_train/8144_0.png"
final_result = count_beds(image_path)
print("Number of beds in the scene:", final_result["bed_count"])
final_result


============================== END ==============================

