
[QAid]6082_0

[Code does not include Tools Usage]
code: 
final_result = "3"

============================== END ==============================


[QAid]6082_0

[Code does not include Tools Usage]
code: 
final_result = "3"

============================== END ==============================


[QAid]6082_0

[Code does not include Tools Usage]
code: 
final_result = "3"

============================== END ==============================


[QAid]6082_0

[Code does not include Tools Usage]
code: 
final_result = "3"

============================== END ==============================


[QAid]6082_0

[Code does not include Tools Usage]
code: 
final_result = "3"

============================== END ==============================


[QAid]6082_0

[Code does not include Tools Usage]
code: 
final_result = "3"

============================== END ==============================

