
[QAid]6410_0

[Code Includes Tools Usage]
code: 

from object_detector import Object_Detector_Tool

final_result = Object_Detector_Tool().execute(image='path/to/image', labels=['baseball', 'basket'], save_object=True, saved_image_path='detected_objects')

============================== END ==============================


[QAid]6410_0

[Code Includes Tools Usage]
code: 

from object_detector import Object_Detector_Tool

final_result = Object_Detector_Tool().execute(image='/nfs/data8/liao/wxie/SAT/SAT_images_train/6410_0.png', labels=['baseball', 'basket'], save_object=True)
print(final_result)

============================== END ==============================


[QAid]6410_0

[Code Includes Tools Usage]
code: 

from object_detector import Object_Detector_Tool

final_result = Object_Detector_Tool().execute(image='path/to/image', labels=['baseball', 'basket'], save_object=True, saved_image_path='detected_objects')

============================== END ==============================


[QAid]6410_0

[Code Includes Tools Usage]
code: 

from object_detector import Object_Detector_Tool

final_result = Object_Detector_Tool().execute(image='path/to_image', labels=['baseball', 'basket'], save_object=True, saved_image_path='detected_objects')

for i in final_result:
    if i[2] >= 0.85:  # Check if the detected object is in the 'basket' category
        print(f'The image contains {i[1]} basket')
    elif i[2] >= 0.95:  # Check if the detected object is in the 'baseball' category
        print(f'The image contains {i[1]} baseball')

============================== END ==============================


[QAid]6410_0

[Code Includes Tools Usage]
code: 

from object_detector import Object_Detector_Tool

# Initialize object detector
object_detector = Object_Detector_Tool()

# Assume 'path/to/image.png' is your image and you want to detect 'baseball' and 'basket'
detected_objects, object_number = object_detector.execute(image="path/to/image.png", labels=["baseball", "basket"], save_object=False, saved_image_path="")
final_result = detected_objects + object_number

============================== END ==============================


[QAid]6410_0

[Code Includes Tools Usage]
code: 

from object_detector import Object_Detector_Tool

final_result = Object_Detector_Tool().execute(image='path/to/image', labels=['baseball', 'basket'], save_object=True, saved_image_path='detected_objects')

============================== END ==============================

