--- Completion 1 ---
To calculate the number of paintings in the scene, we need to detect the objects in the image and count their number. First, we will detect the objects in the image using the Text_Detector_Tool.

```python
from text_detector import Text_Detector_Tool

# Example path to the image file
image_path = '/nfs/data8/liao/wxie/SAT/SAT_images_train/3235_0.png'

# Detection parameters
languages = ['en', 'de']
detail = 0  # For simplicity, we assume the detection should be for all text, including any additional text

# Function to execute the detection
def detect_text(image, languages, detail):
    result = []
    total_detection_results = []

    for language in languages:
        response = Text_Detector_Tool.execute(image=image, languages=[language], detail=detail)
        for detection in response:
            if detection['box'] is not None:
                result.append([detection['box'], language, detection['score']])
        total_detection_results.append([detection['box'], language, detection['score']])

    return total_detection_results

total_detection_results = detect_text(image_path, languages=['en', 'de'], detail=0)
total_detection_results.sort()
total_detection_results = [tuple(result) for result in total_detection_results if result[0] is not None]
total_detection_results_count = len([result for result in total_detection_results if result[0][0] is not None])

print("Detected text in the image:")
for detection in total_detection_results:
    print(f"Text detected on coordinates: ({detection[-1][0]}, {detection[-1][1]}, {detection[-1][2]}, {detection[-1][3]}) - Text in: {detection[-1][1]}")

final_result = f"{} paintings are detected in the scene." if len(total_detection_results) == 0 else f"{} painting(s) are detected in the scene." Format(total_detection_results_count)
```

Note: The above code will only work if the 'Text_Detector_Tool' is installed. If you haven't installed it, you can try the other command for the object_detector\_tool to get the object count.
Reward: 0.0

--- Completion 2 ---
final_result = ""
Reward: 0.0

--- Completion 3 ---
final_result: "2"
Reward: 0.0

--- Completion 4 ---
# import paths
from object_detector import Object_Detector_Tool as OD_Tool
from text_detector import Text_Detector_Tool as TD_Tool

# image path
image_path = "/nfs/data8/liao/wxie/SAT/SAT_images_train/7276_0.png"

# object detector set threshold
OD_Tool.set_device("cuda:0")

# set detection confi
OD_Tool.confi = 0.35

# set image type
OD_Tool.model_size = "tiny"

# set object labels
labels = ["baseball", "basket"]

# clear saved object path
saved_image_path = "detected_objects"

# execution
result = OD_Tool.execute(image_path=image_path, labels=labels, threshold=OD_Tool.confi, model_size=OD_Tool.model_size, save_object=True, saved_image_path=saved_image_path)

# check if found any objects
if "detected_objects" in result:
  for obj in result["detected_objects"]:
    try:
      # check object label
      if obj[0] == "basket":
        final_result = "There is 1 object with coordinates (x1, y1, x2, y2): [100, 150, 200, 150] and name: Basketball.\n"
        print(final_result)
      else:
        final_result += f"There is 1 found object with coordinates ({result[0][0]}, {result[0][1]}, {result[0][2]}, {result[0][3]}): 'Detected text' with confidence score: {result[0][4]}. "
        print(final_result)
    except IndexError as e:
      final_result += "An object failed to be correctly detected at coordinates: x: {x}, y: {y}, width: {width}, height: {height}".format(x=result[0][0], y=result[0][1], width=result[0][2], height=result[0][3])
      print(final_result)
  final_result += "Total detected objects: {}.".format(len(result["detected_objects"]))
else:
  final_result = "No objects detected at the coordinates, coordinates are: x: {x}, y: {y}, width: {width}, height: {height}".format(x=result[0][0], y=result[0][1], width=result[0][2], height=result[0][3])
  print
Reward: 0.0

--- Completion 5 ---
```python
ImageDetected = []

def execute(image, languages):
    detected = []
    text_analysis = []
    if not languages:
        languages = [x for x in ['en', 'zh', 'de']]
    for lang in languages:
        try:
            if hasattr(ImageDeteAC, 'execute') and f"{image}.{lang}" in dir(ImageDeteAC):
                execute_func = getattr(ImageDeteAC, f"{language}_execute")
                text_analysis = execute_func(image, lang)
                for text_block in text_analysis:
                    if text_block:
                        detected.append({
                            'box': (text_block[0], text_block[1], text_block[2], text_block[3]),
                            'text': text_block[2],
                            'score': text_block[4]
                        })
                if not detected:
                    return [[], 0]
            elif hasattr(ImageDeteAC, 'execute'):
                if f"{language}" in dir(ImageDeteAC):
                    execute_func = getattr(ImageDeteAC, f"{language}{image}_execute")
                    text_analysis = execute_func(image)
                    for text_block in text_analysis:
                        if text_block:
                            detected.append({
                                'box': (text_block[0], text_block[1], text_block[2], text_block[3]),
                                'text': text_block[2],
                                'score': text_block[4]
                            })
            text_analysis = []
        except:
            pass
    return [[], 0]

final_result = execute(image, languages=['en', 'de'])[0]
```
Reward: 0.0

--- Completion 6 ---
# Import necessary tools
from object_detector import Object_Detector_Tool
from text_detector import Text_Detector_Tool

# Available tools
available_tools = {"object_detector": "Object_Detector_Tool",
                  "text_detector": "Text_Detector_Tool"

Question: How many Paintings are visible in the scene?
Reward: 0.0

