
[QAid]1953_0

[Code does not include Tools Usage]
code: 
final_result = "1"

============================== END ==============================


[QAid]1953_0

[Code does not include Tools Usage]
code: 
final_result = "1 Doorway"

============================== END ==============================


[QAid]1953_0

[Code does not include Tools Usage]
code: 
final_result = "1 Doorway"

============================== END ==============================


[QAid]1953_0

[Code does not include Tools Usage]
code: 
final_result = "1"

============================== END ==============================


[QAid]1953_0

[Code does not include Tools Usage]
code: 
final_result = "1 Doorway"

============================== END ==============================


[QAid]1953_0

[Code does not include Tools Usage]
code: 
final_result = "1 Doorway".ljust(11)  # The result "1 Doorway"

============================== END ==============================

