
============================== NEW EXECUTION ==============================

[EXECUTION EXCEPTION]
name 'image_path' is not defined
code:from object_detector import Object_Detector_Tool

def count_red_jackets(image_path):
    detector = Object_Detector_Tool(image_path)
    labels = ['baseball', 'basket']
    mask = 'baseball'
    threshold = 0.45
    return detector.run(labels=labels, mask=mask, threshold=threshold, model_size='tiny', save_object=True, saved_image_path='detected_objects')

def count_total_red_jackets(image_path):
    detector = Object_Detector_Tool(image_path)
    labels = ['baseball', 'basket', 'red_jacket']
    masks = ['baseball', 'basket']
    return detector.run(labels=labels, mask=masks, threshold=threshold, model_size='tiny', save_object=True, saved_image_path='detected_objects')

label1 = 'red_jacket'
label2 = 'baseball'
mask1 = 'basket'
mask2 = 'basket'

total_count_label1 = count_total_red_jackets(image_path)
red_jackets_count = count_red_jackets(image_path)

final_result = {'Total': total_count_label1, 'Red_Jackets': red_jackets_count}
print(final_result)

============================== NEW EXECUTION ==============================

[EXECUTION EXCEPTION]
Object_Detector_Tool.__init__() got an unexpected keyword argument 'image'
code:from object_detector import Object_Detector_Tool
import numpy as np

# 1. Get the image path
image_path = "/home/stud/wxie/BLINK_Dataset/Counting/val/images/united_kings.jpg"

# 2. Initialize the tool with the image path and the desired output type
tool = Object_Detector_Tool(image=image_path, labels=['parent', 'child'], save_object=True)

# 3. Execute the tool to get the detected objects and their counts
objects, labels_count = tool.execute()

# 4. Extract the count of the person wearing a red coat
person_label = "parent"
person_count = labels_count[person_label]

# 5. Convert the count to an integer
person_count = int(person_count)

final_result = person_count

============================== NEW EXECUTION ==============================

[EXECUTION EXCEPTION]
Object_Detector_Tool.execute() missing 1 required positional argument: 'self'
code:from object_detector import Object_Detector_Tool

# Provided image and labels
image_path = "/home/stud/wxie/BLINK_Dataset/Counting/val/images/val_Counting_17_image_1.jpg"
labels = ["baseball", "basket"]
threshold = 0.45

# Execute the object detection using Grounding DINO
result = Object_Detector_Tool.execute(image=image_path, labels=labels, threshold=threshold)

# Extract the total count for each label
label_count = result[1]

# Determine the number of people wearing a red coat
red_coat_count = label_count.get("baseball", 0) + label_count.get("basket", 0)

final_result = red_coat_count

============================== NEW EXECUTION ==============================

[EXECUTION EXCEPTION]
'utf-8' codec can't decode byte 0xff in position 0: invalid start byte
code:from object_detector import Object_Detector_Tool

# Define the command to get the count of people wearing a red coat
def count_people_wearing_red_coat(image_path):
    # Load the image and create a list of object labels
    with open(image_path) as image_file:
        image_content = image_file.read()
    labels = Object_Detector_Tool.model_name('tiny')
    
    # Execute the command to detect and count the objects
    detected_objects, object_number = Object_Detector_Tool.execute(image=image_content, labels=labels, save_object=True)
    
    # Determine the count of people wearing a red coat
    count_red_coat = sum(1 for _, label, box, _ in detected_objects if label == 'baseball' or label == 'basket')
    
    return count_red_coat

# Test the command with the image file 
final_result = count_people_wearing_red_coat('/home/stud/wxie/BLINK_Dataset/Counting/val/images/val_Counting_17_image_1.jpg')  # Replace with the actual image path
print('Number of people wearing a red coat:', final_result)

============================== NEW EXECUTION ==============================

[EXECUTION EXCEPTION]
No module named 'object_detector.object_detector'
code:from object_detector.object_detector import Object_Detector_Tool

def count_red_coat_person(image_path):
    # Load image
    detector_tool = Object_Detector_Tool(image_path, labels=["red coat"], threshold=0.45, model_size="tiny", save_object=False)
    objects = detector_tool.execute()

    # Count red coat people
    red_coat_count = objects[0]

    return red_coat_count

# Path to the image
image_path = "/home/stud/wxie/BLINK_Dataset/Counting/val/images/val_Counting_17_image_1.jpg"

# Extract the number of people wearing a red coat from the image
red_coat_count = count_red_coat_person(image_path)

# Print the result
print(f"The number of people wearing a red coat in the image is: {red_coat_count}")
