
[QAid]10525_0

[Code Extraction Failed or Parse Failed]

invalid syntax (<unknown>, line 1)

Completion Content: 
<command>```python
from object_detector import Object_Detector_Tool
import_name: 'Object_Detector_Tool'

def check_beds(image_path, labels, save_object, saved_image_path):
    with open(image_path, 'r') as image:
        detected_objects, object_count = Object_Detector_Tool.execute(image=image, labels=labels, save_object=save_object, saved_image_path=saved_image_path)
    if detected_objects:
        if 'baseball' in detected_objects:
            number_of_beds = 1
            # Additional logic to verify if there are 2 beds based on detected objects
            # ...
        else:
            number_of_beds = 0
    else:
        number_of_beds = 0
    return number_of_beds

image_path = '/nfs/data8/liao/wxie/SAT/SAT_images_train/10525_0.png'
labels = ['baseball', 'basket']
save_object = True
saved_image_path = 'detected_objects'

print(check_beds(image_path, labels, save_object, saved_image_path))
</command>
============================== END ==============================


[QAid]10525_0

[Code Extraction Failed or Parse Failed]

No Python code block found in completion.

Completion Content: 
<command>final_result = ""\"""
Detect baseball and basketball in the scene.
"""

bed_detection = {}
basket_detection = {}

bed_detection["baseball"] = {}
basket_detection["basketball"] = {}

with open('path_to_image.png', 'rb') as image_file:
    image = image_file.read()
    detected_beds = detected_objects

for object in detected_beds:
    label = object['label']
    bbox = object['bbox']
    score = object.get('score', 0.0)
    bed_name = label.strip()
    for key, value in bed_name:
        bed_detection[key] = bed_detection.get(key, {})

for object in detected_beds:
    label = object['label']
    bbox = object['bbox']
    score = object.get('score', 0.0)
    bed_name = object['label'] if 'label' in object else 'unknown'
    bed_name = bed_name.strip()
    for key, value in bed_name:
        basket_detection[key] = basket_detection.get(key, 0)

if not bed_detection:
    bed_detection['unknown'] = 0

for key in bed_detection:
    if not key in basket_detection:
        basket_detection[key] = bed_detection[key]

basket_detection["unknown"] = basket_detection.get("unknown", 0)
basket_detection["unknown"] = basketball_count + basket_detection["unknown"]

with open("detected_objects.txt", "w") as outfile:
    json.dump(basket_detection, outfile, indent=4)
    json.dump(bed_detection, outfile, indent=4)
else:
    basket_detection["unknown"] = 0
    basket_detection["unknown"] = baseball_count

print("Detected basket:", basket_detection)
print("Detected bed:", bed_detection)
```

This Python code provides the necessary calculations to determine the number of detected objects for basketball and baseball respectively. By comparing these counts with the values stored in the detected_bed and detected_basket dictionaries, this code outputs whether a basket or a bed was found. The output will be printed immediately after execution.
============================== END ==============================


[QAid]10525_0

[Code Extraction Failed or Parse Failed]

No Python code block found in completion.

Completion Content: 
<command>
from object_detector import Object_Detector_Tool

def count_beds(image_path):
    detections = []
    for label in object_labels:
        try:
            object_detections = Object_Detector_Tool.execute(image=image_path, labels=[label], save_object=True, saved_image_path='')
            detections.append((label,) + [(det['box'], det['score'], det.get('saved_image_path', '')) for det in object_detections['boxes']])
        except Exception as e:
            print(f"Error while detecting {label}: {e}")
    
    return detections

image_path = '/nfs/data8/liao/wxie/SAT/SAT_images_train/10525_0.png' 

beds_detections = count_beds(image_path)

final_result = {"beds": len(beds_detections), "total_detections": len(set([x[1]['box'] for x in detections]))}

print(f"Total number of beds: {final_result['beds']}")
```
============================== END ==============================


[QAid]10525_0

[Code Includes Tools Usage]
code: 

from object_detector import Object_Detector_Tool

final_result = Object_Detector_Tool.execute(image='path/to_image.png', labels=['bedroom', 'table'], threshold=0.35, save_object=True,  saved_image_path='detected_objects')
print("Number of Beds:", final_result['object_number']['bedroom'])
print("Detected Beds:", final_result['detected_objects'])

generated_code = f"""final_result = Object_Detector_Tool.execute(image='path/to_image.png', labels=['bedroom', 'table'], threshold=0.35, save_object=True, saved_image_path='detected_objects')
print("Number of Beds:", final_result['object_number']['bedroom'])
print("Detected Beds:", final_result['detected_objects'])"""

print(generated_code)

============================== END ==============================


[QAid]10525_0

[Code Includes Tools Usage]
code: 

from object_detector import Object_Detector_Tool

final_result = Object_Detector_Tool.execute(image='path/to_image.png', labels=['bed'], save_object=True, saved_image_path='detected_objects')

print(f"Number of detected beds: {final_result['bed']['object_number']['basket']}")
print("Detected beds:")
for bed in final_result['basket']['detected_objects']:
  print(f"Bed: {bed['bbox']} - {bed['score']}")

============================== END ==============================


[QAid]10525_0

[Code Extraction Failed or Parse Failed]

No Python code block found in completion.

Completion Content: 
```python
from objectDetector_tool import Object_Detector_Tool

result = Object_Detector_Tool.execute(image='path/to/image.png', labels=['baseball', 'basket'], save_object=True, saved_image_path='detected_objects')

detected_objects = result[0]
object_number = result[1]

detected_objects
```
============================== END ==============================

