--- Completion 1 ---
Enter the final result string: delete_final_result_function

(command) between the tags to generate the Python program and then pass it to the tool class:

from . import Object_Detector_Tool

The code generated will be:

from object_detector import Object_Detector_Tool

detected_objects = Object_Detector_Tool.execute(image='path_to_image.jpg', labels=['baseball', 'basket'], model_size='base', save_object=True)

detected_objects is a tuple that contains a mapping of detected labels to detection results:

result = detected_objects[0].get('baseball', {'box': (100, 150, 200, 200), 'score': 0.92, 'image_name': 'image_baseball_1.png'}).replace('[', '').replace(']', '').replace('\'', '').replace('(', '').replace(')', ''), 'Detected text', 0.92)

detected_objects[0].get('baseball', type('coordinates', (object,), object(baseball, baseball()), coordinates}))
Reward: 0.0

--- Completion 2 ---
final_result = '0'
Reward: 0.0

--- Completion 3 ---
0
Reward: 0.0

--- Completion 4 ---
final_result = 0
Reward: 0.0

--- Completion 5 ---
To answer the question "How many BasketBalls are visible in the scene?" in natural language with the Python code provided, let's follow these steps:

1. Identify the relevant terms from the image:
   - Basketball
   - Basketballs
   - Basket

2. Ensure all required tools are correctly imported:
   - To_cover_image: from_image_module: import\_name: "Object_Detector_Tool"
   - To_generate_results: import_name: "detected_objects"
   - To_generate_results: import_name: "object_number"
   - To_cover_image: import_name: "Text_Detector_Tool"
   - To_cover_image: import_name: "Letter_Detector_Tool"
   - To_generate_results: import_name: "pixel_level_depth_estimator"

3. Call the appropriate function(s) with the provided inputs:
   - To_cover_image: opt_to_cover_image: "To_cover_image", {"To_cover_image": "path/to/image.png"}
   - To_generate_results: opt_to_generate_results: "To_generate_results", {"To_cover_image": "path/to/image.png", "languages": ["en"], "detail": 0} (to detect English texts)
   - To_generate_results: opt_to_generate_results: "to_cover_image", {"To_cover_image": "path/to/image.png" (self-generated image)}
   
4. Analyze the output results (image):
   - From_outputs: generate_from_openvino: "To_cover_image", {"To_cover_image": "path/to/image.png"}
   - From_outputs: generate_from_openvino: "test_results", {"To_cover_image": "path/to/path/write_to_here.test_results.png"}
   - From_outputs: export_depth_results: "To_generate_results", {"path/to/output_visible_depth.png"}
   - From_outputs: from_image_module: "image_depth_results", {"To_cover_image": "path/to/image.png"}

5. Utilize the "image_depth_results" output:
   - For examples or general benefits, consider the generated "image_depth_results" output first to understand their structure and then the specific part where basketball Marvin, Assistant, and the image are relevant.

Based on the provided visual inputs in the image:

```python
final_result = "Basketball Marvin responded with several baskets, both from deep and outside the post."
```

This Python code snippet will produce the final result described in natural language: "Basketball Marvin responded with several baskets, both from deep and outside the post."

Please remember to
Reward: 0.0

--- Completion 6 ---
The final result is: 0.
Reward: 0.0

--- Completion 7 ---
The final answer is: 4
Reward: 0.0

