
[QAid]8172_0

[Code Includes Tools Usage]
code: 

from object_detector import Object_Detector_Tool

# Initialize the object detector tool
object_detector_tool = Object_Detector_Tool()

# Given image path
image_path = "/nfs/data8/liao/wxie/SAT/SAT_images_train/8172_0.png"

# Options for the object detector tool
options = {"model_size": "base", "save_object": True, "threshold": 0.35}

# Call the object counting and text detection functions
counted_objects, detected_text = object_detector_tool.execute(image=image_path, labels=["baseball", "basket"], **options)

final_result = {
    "counted_objects": counted_objects,
    "text_detected": detected_text
}

============================== END ==============================


[QAid]8172_0

[Code Extraction Failed or Parse Failed]

invalid syntax (<unknown>, line 3)

Completion Content: 
<command>from object_detector import Object_Detector_Tool

from_text_detector import Text_Detector_Tool

final_result = Object_Detector_Tool().execute(image="path/to/image", labels=["baseball", "basket"], save_object=True, saved_image_path="detected_objects")
result_texts = Text_Detector_Tool().execute(image="path/to/image", languages=["en", "de"], detail=0)

detected_objects = [
    {"baseball": [{"box": (34, 50, 200, 220), "score": 0.92, "saved_image_path": "detected_objects/image_baseball_1.png"}], 
     "basket": [{"box": (220, 100, 400, 350), "score": 0.85, "saved_image_path": "detected_objects/image_basket_1.png"}]},
]

text_blocks = [{"bounding_box": [[100, 150], [200, 150], [200, 200], [100, 200]], "text": "Detected text", "confidence": 0.95}, ...]

final_result = {
  "detected_objects": detected_objects,
  "text_blocks": text_blocks,
  "language": ["Simplified Chinese", "English", "Deutscher"]
}

print(final_result)
</command>
============================== END ==============================


[QAid]8172_0

[Code Includes Tools Usage]
code: 

from object_detector import Object_Detector_Tool

final_result = Object_Detector_Tool().execute(image="/path/to/image", labels=["ball", "chair"], save_object=True, saved_image_path="detected_objects")
print(final_result)

============================== END ==============================


[QAid]8172_0

[Code Includes Tools Usage]
code: 

from object_detector import Object_Detector_Tool

final_result = Object_Detector_Tool().execute(image="path/to/image", labels=["baseball", "basket"], save_object=True, saved_image_path="detected_objects")
print(final_result)

============================== END ==============================


[QAid]8172_0

[Code Includes Tools Usage]
code: 

from object_detector import Object_Detector_Tool

final_result = Object_Detector_Tool().execute(image="/nfs/data8/liao/wxie/SAT/SAT_images_train/8172_0.png", labels=["stool"], save_object=True, saved_image_path="detected_objects")

print(final_result)

============================== END ==============================


[QAid]8172_0

[Code Includes Tools Usage]
code: 

from object_detector import Object_Detector_Tool

final_result = Object_Detector_Tool().execute(image="path/to/image", labels=["baseball", "basket"], save_object=True, saved_image_path="detected_objects")

print(final_result)

============================== END ==============================

