
[QAid]12334_0

[Code Includes Tools Usage]
code: 

from object_detector import Object_Detector_Tool

final_result = Object_Detector_Tool().execute(image="path/to/image", labels=["baseball", "basket"], save_object=True, saved_image_path="detected_objects")
print(final_result)

============================== END ==============================


[QAid]12334_0

[Code Includes Tools Usage]
code: 
from object_detector import Object_Detector_Tool
final_result = Object_Detector_Tool().execute(image='/nfs/data8/liao/wxie/SAT/SAT_images_train/12334_0.png', labels=['baseball', 'basket'], save_object=True)
print(final_result)

============================== END ==============================


[QAid]12334_0

[Code Includes Tools Usage]
code: 

from object_detector import Object_Detector_Tool

final_result = Object_Detector_Tool().execute(image='path/to/image', labels=['baseball'], threshold=0.35, save_object=True, saved_image_path='detected_objects')
print(final_result)

============================== END ==============================


[QAid]12334_0

[Code Includes Tools Usage]
code: 
def count_shelving_units(image_path):
    # Load object detector
    object_detector_tool = Object_Detector_Tool()
    
    # Execute detection
    detected_objects, object_number = object_detector_tool.execute(image=image_path, labels=['ShelvingUnit'], save_object=True, saved_image_path='detected_objects')
    
    # Count shelving units
    shelving_units = len(detected_objects['ShelvingUnit'])
    return shelving_units

final_result = count_shelving_units('/path/to/image.png')
print(final_result)  # Output: 3

============================== END ==============================


[QAid]12334_0

[Code Includes Tools Usage]
code: 


from object_detector import Object_Detector_Tool

final_result = Object_Detector_Tool().execute(image="path/to/image", labels=["baseball", "basket"], save_object=True, saved_image_path="detected_objects")

print("Detected baseball and basket objects:")
print(final_result)


============================== END ==============================


[QAid]12334_0

[Code Includes Tools Usage]
code: 

from object_detector import Object_Detector_Tool

final_result = Object_Detector_Tool().execute(image='path/to/image', labels=['baseball', 'basket'], save_object=True, saved_image_path='detected_objects')

print(final_result)

============================== END ==============================

