
[QAid]4679_0

[Code Extraction Failed or Parse Failed]

No Python code block found in completion.

Completion Content: 
final_result = "1"
[QAid]4679_0

[Code Extraction Failed or Parse Failed]

No Python code block found in completion.

Completion Content: 
final_result = Object_Detector_Tool.execute(image='path/to/image.jpg', labels=['painting'], save_object=False)
[QAid]4679_0

[Code Extraction Failed or Parse Failed]

No Python code block found in completion.

Completion Content: 
final_result = "1"
[QAid]4679_0

[Code Extraction Failed or Parse Failed]

No Python code block found in completion.

Completion Content: 
final_result = "1"
[QAid]4679_0

[Code Extraction Failed or Parse Failed]

No Python code block found in completion.

Completion Content: 
final_result ""
[QAid]4679_0

[Code Extraction Failed or Parse Failed]

No Python code block found in completion.

Completion Content: 
final_result = "1"
[QAid]4679_0

[Code Extraction Failed or Parse Failed]

No Python code block found in completion.

Completion Content: 
final_result = "1"
[QAid]4679_0

[Code Extraction Failed or Parse Failed]

No Python code block found in completion.

Completion Content: 
final_result = "1"