
[None RESULT]


[EXECUTION EXCEPTION]
Object_Detector_Tool.execute() got an unexpected keyword argument 'image_path'
code:from object_detector import Object_Detector_Tool

final_result = Object_Detector_Tool.execute(image_path="/home/stud/wxie/BLINK_Dataset/Counting/val/images/val_Counting_88_image_1.jpg", labels=["yellow", "pink"], save_object=False)

[EXECUTION EXCEPTION]
Object_Detector_Tool.execute() missing 1 required positional argument: 'self'
code:from object_detector import Object_Detector_Tool

# Get the image file path
image_path = "/home/stud/wxie/BLINK_Dataset/Counting/val/images/val_Counting_88_image_1.jpg"

# Create the object detector tool
detected_objects = Object_Detector_Tool.execute(image=image_path, labels=["yellow"], save_object=True, saved_image_path="detected_objects")

# Get the number of yellow bears
yellow_bears = detected_objects["counters"]["yellow"]
yellow_bears

[EXECUTION EXCEPTION]
Object_Detector_Tool.execute() missing 1 required positional argument: 'self'
code:import os
from object_detector import Object_Detector_Tool

# Image path
image_path = "/home/stud/wxie/BLINK_Dataset/Counting/val/images/val_Counting_88_image_1.jpg"

# Image with labels detected and saved
detected_objects, object_number = Object_Detector_Tool.execute(image=image_path, labels=["beaver", "bear"], save_object=True, saved_image_path="detected_objects")

[None RESULT]


[EXECUTION EXCEPTION]
closing parenthesis ')' does not match opening parenthesis '[' (<string>, line 10)
code:from object_detector import Object_Detector_Tool

# Read image path
image_path = "/home/stud/wxie/BLINK_Dataset/Counting/val/images/val_Counting_88_image_1.jpg"

# Initialize object detector
detector = Object_Detector_Tool(label_ids=["yellow"], threshold=0.45, model_size="tiny", save_object=True, saved_image_path="detectedbears")

# Detect and save detected objects
detector.execute(image_path, labels=["yellow"), saved_image_path="detectedbears")

# Get the counts of objects
objects_results = detector.output_types
labels_counts = objects_results[0]

[EXECUTION EXCEPTION]
Object_Detector_Tool.execute() got an unexpected keyword argument 'saved_object'
code:from object_detector import Object_Detector_Tool

# Read image path
image_path = "/home/stud/wxie/BLINK_Dataset/Counting/val/images/val_Counting_88_image_1.jpg"

# Initialize object detector tool
object_detector_tool = Object_Detector_Tool()

# Detect objects in the image
labels = "baseball, basket"
detected_objects, object_number = object_detector_tool.execute(image=image_path, labels=labels, saved_object=True)

# Check if 'basket' is detected
if 'basket' in detected_objects.values():
    basket_box = detected_objects[labels]["boxes"]
    basket_box = [box["bbox"] for box in basket_box]
    basket_conf = detected_objects[labels]["confidence_scores"]
    for (bbox, conf) in zip(basket_box, basket_conf):
        print(bbox, conf)
    
    final_result = sum(conf for (bbox, conf) in basket_box)
    
    if final_result > 0:
        print("Basket detected. Number of basket detected objects: ", int(final_result))
else:
    print("Basket not detected.")

# Print number of detected bears
if 'baseball' in detected_objects.values():
    ball_box = detected_objects[labels]["boxes"]
    ball_box = [box["bbox"] for box in ball_box]
    ball_conf = detected_objects[labels]["confidence_scores"]
    for (bbox, conf) in zip(ball_box, ball_conf):
        print(bbox, conf)

number_of_bears = sum(conf for (bbox, conf) in ball_box)
print("Number of bears: ", number_of_bears)
