
[QAid]9004_0

[Code Extraction Failed or Parse Failed]

No Python code block found in completion.

Completion Content: 
final_result = {"positions": None, "response": None}
Image_Detector_Tool: object_detector = Object_Detector_Tool()
image = "/nfs/data8/liao/wxie/SAT/SAT_images_train/9004_0.png"
labels = ["Baseball", "Basketball"]
threshold = 0.35
object_model_size = "tiny"
save_object = True
saved_image_path = "detected_objects"

result = Image_Detector_Tool.execute(image=image, labels=labels, save_object=True, threshold=threshold, model_size=object_model_size, saved_image_path=saved_image_path)

positions = {"image": result, "total": dict()}
if any(label in result for label in labels):
    positions["total"]["Baseball"] = result["object_number"]["Baseball"]
    positions["total"]["Basketball"] = result["object_number"]["Basketball"]
    positions["total"]["balls"] = sum(count for count in locations.values())
    final_result["positions"] = positions
    final_result["response"] = f"Baseball and Basketball are the only interest objects in the image, they have a total count of {positions['total']['balls']}."

else:
    final_result["response"] = f"Baseball and Basketball were not detected in the image."

print(final_result)
============================== END ==============================


[QAid]9004_0

[Code Extraction Failed or Parse Failed]

No Python code block found in completion.

Completion Content: 
The white refrigerator with water dispenser is on the right side of the doorway.
============================== END ==============================


[QAid]9004_0

[Code Extraction Failed or Parse Failed]

No Python code block found in completion.

Completion Content: 
To answer the question, we need to use the text_detector tool to identify any text in the image. You can replace the image path with your image file and the language codes (e.g., ['en', 'de'], which in this case is simplified Chinese, German, etc.) with your actual languages. Then, after running the `execute()` function, you can check the output to identify any text in the image.

Since the question is unrelated to the text_detector tool that can identify text in an image, and the prompt asks for the final result of an object detector tool, I cannot proceed without a specific tool and image to analyze. However, you can continue with your Python program and provide a revised prompt with the actual image and language codes. Once you provide the actual image file and languages, I will run the code accordingly.
============================== END ==============================


[QAid]9004_0

[Code Extraction Failed or Parse Failed]

No Python code block found in completion.

Completion Content: 
<command>python3 -m object_detector --input='/path/to/image.png' --labels=['baseball', 'basket'] --threshold=0.35 --model_tiny --save_object=True &<command>
============================== END ==============================


[QAid]9004_0

[Code Extraction Failed or Parse Failed]

No Python code block found in completion.

Completion Content: 
final_result = "The white refrigerator with water dispenser is on the right side of the doorway."
============================== END ==============================


[QAid]9004_0

[Code Extraction Failed or Parse Failed]

No Python code block found in completion.

Completion Content: 
final_result = "Doorway"
============================== END ==============================


[QAid]9004_0

[Code Extraction Failed or Parse Failed]

No Python code block found in completion.

Completion Content: 
final_result = "White refridgerator with water dispenser is on the left side of the doorway."
print(final_result)
============================== END ==============================


[QAid]9004_0

[Code Extraction Failed or Parse Failed]

No Python code block found in completion.

Completion Content: 
final_result = "right"
============================== END ==============================

