
[QAid]12793_0

[Code does not include Tools Usage]
code: 
final_result = "2"

============================== END ==============================


[QAid]12793_0

[Code does not include Tools Usage]
code: 
final_result = "1"

# The total number of HousePlants detected in the scene is 1.
============================== END ==============================


[QAid]12793_0

[Code does not include Tools Usage]
code: 
final_result = "0"

============================== END ==============================


[QAid]12793_0

[Code does not include Tools Usage]
code: 
final_result = "1"

============================== END ==============================


[QAid]12793_0

[Code does not include Tools Usage]
code: 
final_result = "1 or 2"

============================== END ==============================


[QAid]12793_0

[Code does not include Tools Usage]
code: 
final_result = "1"  # There is only one HousePlant in the scene

============================== END ==============================

