--- Completion 1 ---
<command>final_result = "1"
</command>
Reward: 0.5

--- Completion 2 ---
<command>final_result = "1"
</command>
Reward: 0.5

--- Completion 3 ---
<command>final_result = "1 SoapBottle"
</command>
Reward: 0.5

--- Completion 4 ---
<command>final_result = "1"
final_result = "1"
</command>
Reward: 0.5

--- Completion 5 ---
<command>final_result = "1 SoapBottle"
</command>
Reward: 0.5

--- Completion 6 ---
<command>import object_detector as od
final_result = "1"
final_result = od.execute(image='path/to_image.png', labels=['SoapBottles'], save_object=True, saved_image_path='detected_objects')
</command>
Reward: 0.5

