
[Exctuion Failed]

Object_Detector_Tool.execute() missing 1 required positional argument: 'self'
code: 

from object_detector import Object_Detector_Tool

# Given image path
image_path = '/nfs/data8/liao/wxie/SAT/SAT_images_train/13961_0.png'

# Assuming 1 is the minimum number of objects detected
min_objects = 1

final_result = Object_Detector_Tool.execute(image=image_path, labels=[1], save_object=True, saved_image_path="detected_objects")

print(f"Detected objects: {final_result[0]['object_number']} objects")


============================== END ==============================


[Exctuion Failed]

No module named 'object_detector.object_detector'
code: 

from object_detector.object_detector import Object_Detector_Tool
from text_detector.text_detector import Text_Detector_Tool

final_result = Object_Detector_Tool.execute(image='/nfs/data8/liao/wxie/SAT/SAT_images_train/13961_0.png')
object_count = final_result['object_number']
print(final_result)
print(object_count)


============================== END ==============================


[Exctuion Failed]

Object_Detector_Tool.execute() missing 1 required positional argument: 'self'
code: 

from object_detector import Object_Detector_Tool

final_result = Object_Detector_Tool.execute(
    image='path/to/image.png', 
    labels=['floorlamp'], 
    save_object=True, 
    saved_image_path='detected_objects'
)

def process_result(data):
    labels = data.get('labels', [])
    floorlamps = [entry for entry in labels if entry['location']['x'] == 0 and entry['location']['y'] == 0]

    object_number = {'floorlamp': len(floorlamps)}
    return object_number

process_result(final_result)


============================== END ==============================


[Exctuion Failed]

Object_Detector_Tool.execute() missing 1 required positional argument: 'self'
code: 

from object_detector import Object_Detector_Tool

final_result = Object_Detector_Tool.execute(image='path/to/image.png', labels=['floor lamp'], save_object=True, saved_image_path='detected_objects')
print(final_result)


============================== END ==============================


[Exctuion Failed]

No module named 'Object_Detector_Tool'
code: 

import Object_Detector_Tool

final_result = Object_Detector_Tool.execute(image='/nfs/data8/liao/wxie/SAT/SAT_images_train/13961_0.png', save_object=True)
print(final_result)


============================== END ==============================


[Exctuion Failed]

No module named 'Object_Detector_Tool'
code: 

from Object_Detector_Tool import Object_Detector_Tool

final_result = Object_Detector_Tool.execute(
    labels=["Floor Lamp"],
    saved_image_path="fLOOR-LAMPS"
)

if final_result['object_number'] == 4:
    print("There are 4 Floor Lamps visible in the scene.")
else:
    print("There are 1 or 3 Floor Lamps visible in the scene.")

final_result


============================== END ==============================

