
============================== New Completed Execution ==============================
[EXEC CODE]

final_result = "further away"

[THE PRINT OUTPUT]

[GENERATE VALID FINAL_RESULT]
further away

============================== END ==============================


============================== New Completed Execution ==============================
[EXEC CODE]
final_result = "further away"

[THE PRINT OUTPUT]

[GENERATE VALID FINAL_RESULT]
further away

============================== END ==============================


============================== New Completed Execution ==============================
[EXEC CODE]
final_result = "further away"

[THE PRINT OUTPUT]

[GENERATE VALID FINAL_RESULT]
further away

============================== END ==============================


============================== New Completed Execution ==============================
[EXEC CODE]
final_result = "further away"

[THE PRINT OUTPUT]

[GENERATE VALID FINAL_RESULT]
further away

============================== END ==============================


============================== New Completed Execution ==============================
[EXEC CODE]
final_result = "further away"

[THE PRINT OUTPUT]

[GENERATE VALID FINAL_RESULT]
further away

============================== END ==============================


============================== New Completed Execution ==============================
[EXEC CODE]
final_result = 'further away'

[THE PRINT OUTPUT]

[GENERATE VALID FINAL_RESULT]
further away

============================== END ==============================


============================== New Completed Execution ==============================
[EXEC CODE]
final_result = "further away"

[THE PRINT OUTPUT]

[GENERATE VALID FINAL_RESULT]
further away

============================== END ==============================

