
[QAid]5864_0

[Code Includes Tools Usage]
code: 

from object_detector import Object_Detector_Tool

final_result = Object_Detector_Tool().execute(image='path/to_image.png', labels=['baseball', 'basket'], save_object=True, saved_image_path='detected_objects')

============================== END ==============================


[QAid]5864_0

[Code Includes Tools Usage]
code: 

from object_detector import Object_Detector_Tool

final_result = Object_Detector_Tool().execute(image="path/to/image", labels=["baseball", "basket"], save_object=True, saved_image_path="detected_objects")

============================== END ==============================


[QAid]5864_0

[Code Includes Tools Usage]
code: 

from object_detector import Object_Detector_Tool

final_result = Object_Detector_Tool().execute(image='path/to/scene.png', labels=['televisions'], save_object=True)

============================== END ==============================


[QAid]5864_0

[Code Includes Tools Usage]
code: 

from object_detector import Object_Detector_Tool

final_result = Object_Detector_Tool().execute(image="path/to/image", labels=["baseball", "basket"], save_object=True, saved_image_path="detected_objects")

============================== END ==============================


[QAid]5864_0

[Code Includes Tools Usage]
code: 

from object_detector import Object_Detector_Tool

final_result = Object_Detector_Tool().execute(image="/nfs/data8/liao/wxie/SAT/SAT_images_train/5864_0.png", labels=['TV'], save_object=True, saved_image_path="tv_detected_objects")

============================== END ==============================


[QAid]5864_0

[Code Includes Tools Usage]
code: 

from object_detector import Object_Detector_Tool

final_result = Object_Detector_Tool().execute(image='path/to/image', labels=['baseball', 'basket'], save_object=True)
print(final_result)

============================== END ==============================

