
[Exctuion Failed]

Object_Detector_Tool.execute() missing 1 required positional argument: 'self'
code: 

from object_detector import Object_Detector_Tool

final_result = Object_Detector_Tool.execute(image='path/to/image.png', labels=['baseball', 'basket'], save_object=False, saved_image_path='detected_objects')
print(final_result)


============================== END ==============================


[Exctuion Failed]

Object_Detector_Tool.execute() missing 1 required positional argument: 'self'
code: 

from object_detector import Object_Detector_Tool

final_result = Object_Detector_Tool.execute(image="path/to/image.png", labels=["baseball", "basket", "basketball"], save_object=False)

print(final_result)


============================== END ==============================


[Exctuion Failed]

module 'object_detector' has no attribute 'execute'
code: 

import object_detector

result = object_detector.execute(image='path/to/image.png', languages=['en', 'de'])
for detected_objects in result['detected_objects']:
    if 'baseball' in detected_objects[1]:
        print(f'Baseball detected in image at coordinates: {detected_objects[0]}')
for detected_objects in result['object_number']:
    print(f'Total baseball detection: {detected_objects}')


============================== END ==============================


[Exctuion Failed]

name 'Object_Detector_Tool' is not defined
code: 

from typing import List

final_result = {"Doorway": 2}
for result in Object_Detector_Tool.execute(image="path/to_image.png", languages=["en", "de"])[0]:
    final_result["Doorway"][result["label"]] = result["score"]

print(final_result)


============================== END ==============================


[Exctuion Failed]

Object_Detector_Tool.execute() missing 1 required positional argument: 'self'
code: 

from object_detector import Object_Detector_Tool

final_result = Object_Detector_Tool.execute(
    image='path/to/wedding_image.png',
    labels=['bench', 'table'],
    save_object=False
)[0]

print(final_result)


============================== END ==============================


[Exctuion Failed]

Object_Detector_Tool.execute() missing 1 required positional argument: 'self'
code: 

from object_detector import Object_Detector_Tool as object_detection_tool

final_result = object_detection_tool.execute(image='path_to_your_image.png', labels=['baseball'], save_object=True, saved_image_path='detected_objects', model_size='tiny')
print(final_result)


============================== END ==============================

