
[QAid]11507_0

[Code does not include Tools Usage]
code: 
final_result = "1 Windows were visible in the scene."
============================== END ==============================


[QAid]11507_0

[Code does not include Tools Usage]
code: 
final_result = "1 Windows visible in the scene"

============================== END ==============================


[QAid]11507_0

[Code does not include Tools Usage]
code: 
final_result = "1"

============================== END ==============================


[QAid]11507_0

[Code does not include Tools Usage]
code: 
final_result = "1, 2"

============================== END ==============================


[QAid]11507_0

[Code does not include Tools Usage]
code: 
final_result = "1"

============================== END ==============================


[QAid]11507_0

[Code does not include Tools Usage]
code: 
final_result = '1'

============================== END ==============================

