
[QAid]6486_0

[Code Includes Tools Usage]
code: 

from object_detector import Object_Detector_Tool

final_result = Object_Detector_Tool().execute(image='path/to_image.png', labels=['baseball', 'basket'], save_object=True, saved_image_path='detected_objects')
print(final_result)

============================== END ==============================


[QAid]6486_0

[Code Includes Tools Usage]
code: 

from object_detector import Object_Detector_Tool

final_result = Object_Detector_Tool().execute(image='6486_0.png', labels=['DiningTable'], threshold=0.35, saved_object=True)
print(final_result)

============================== END ==============================


[QAid]6486_0

[Code Includes Tools Usage]
code: 


from object_detector import Object_Detector_Tool

final_result = Object_Detector_Tool().execute(image='path/to/image', labels=['baseball', 'basket'], save_object=True, saved_image_path='detected_objects')

print(final_result)


============================== END ==============================


[QAid]6486_0

[Code Includes Tools Usage]
code: 

from object_detector import Object_Detector_Tool

final_result = Object_Detector_Tool().execute(image='6486_0.png', 
                                   labels=['DiningTable', 'Chair'], 
                                   save_object=False, 
                                   saved_image_path='')

============================== END ==============================


[QAid]6486_0

[Code Includes Tools Usage]
code: 

from object_detector import Object_Detector_Tool

final_result = Object_Detector_Tool().execute(image="path/to_image", labels=["baseball", "basket"], save_object=True, saved_image_path="detected_objects")
print(final_result)

============================== END ==============================


[QAid]6486_0

[Code Includes Tools Usage]
code: 

from object_detector import Object_Detector_Tool

final_result = Object_Detector_Tool().execute(image="6486_0.png", labels=["dining table"], save_object=True, saved_image_path="detected_objects")

============================== END ==============================

