
============================== NEW SCCESSFUL EXECUTION ==============================
[EXEC CODE]
from object_detector import Object_Detector_Tool

final_result = "A"
[THE PRINT OUTPUT]

[GENERATE FINAL_RESULT]
A

============================== NEW SCCESSFUL EXECUTION ==============================
[EXEC CODE]
from object_detector import Object_Detector_Tool
final_result = "2"
[THE PRINT OUTPUT]

[GENERATE FINAL_RESULT]
2

============================== NEW SCCESSFUL EXECUTION ==============================
[EXEC CODE]
from object_detector import Object_Detector_Tool
final_result = "0"
[THE PRINT OUTPUT]

[GENERATE FINAL_RESULT]
0

============================== NEW SCCESSFUL EXECUTION ==============================
[EXEC CODE]
from object_detector import Object_Detector_Tool 

final_result = "A" # Please assign the value of final_result based on the generated code.
[THE PRINT OUTPUT]

[GENERATE FINAL_RESULT]
A
