
[QAid]10461_0

[Code does not include Tools Usage]
code: 
final_result = 0
============================== END ==============================


[QAid]10461_0

[Code does not include Tools Usage]
code: 
final_result = 0
============================== END ==============================


[QAid]10461_0

[Code does not include Tools Usage]
code: 
final_result = 0
============================== END ==============================


[QAid]10461_0

[Code does not include Tools Usage]
code: 
final_result = 0
============================== END ==============================


[QAid]10461_0

[Code does not include Tools Usage]
code: 
final_result = 0
============================== END ==============================


[QAid]10461_0

[Code does not include Tools Usage]
code: 
final_result = 0
============================== END ==============================

