
[Exctuion Failed]

Object_Detector_Tool.__init__() got an unexpected keyword argument 'model_size'
code: 

from object_detector import Object_Detector_Tool
saved_image_path = "/nfs/data8/liao/wxie/SAT/SAT_images_train/13729_0.png"
labels = ["baseball", "basket"]
threshold = 0.35
model_size = "tiny"
object_numbers = {}
model = Object_Detector_Tool(model_size=model_size)
result = model.execute(image=saved_image_path, labels=labels, threshold=threshold)
detected_objects = result[0]
total_labels_count = result[1]
final_result = {
    "Detected objects": {
        "baseball": detected_objects["baseball"],
        "basket": detected_objects["basket"]
    },
    "Object number": total_labels_count
}


============================== END ==============================


[Exctuion Failed]

name 'Image' is not defined
code: 

from object_detector import Object_Detector_Tool

def get_objects_with_count(image, labels, image_path="13729_0.png", save_objects=True):
    # Load image
    label_image = Image.fromarray(image)

    # Detect objects
    result = []
    for label in labels:
        # Set threshold for confidence
        try:
            threshold = float(label[4])
        except IndexError:
            threshold = 0.35
        # Detect object
        try:
            result.append(Object_Detector_Tool.execute(image_path, labels=[label], threshold=threshold, save_object=save_objects))
            print(f"detected \"{label}\" with confidence > {threshold}")
        except Exception as e:
            print(f"Failed to detect {label} label: {e}")
    return result

# Define image
image_path = "/nfs/data8/liao/wxie/SAT/SAT_images_train/13729_0.png"

# Define labels
labels = ["baseball", "basket"]

# Detection
objects = get_objects_with_count(image=image_path, labels=labels)

# Calculate object count
object_count = {label: len(objects) for label, objects in objects}

final_result = {"labels": object_count, "objects": objects.tolist()}

# Print detected objects as JSON
json_objects = {obj : {"bbox": obj[3], "score": round(obj[2][3]*100, 2), "label": obj[1], "filename": obj[2]} for obj in objects}

final_result["result"] = json_objects

final_result


============================== END ==============================


[Exctuion Failed]

Object_Detector_Tool.execute() missing 2 required positional arguments: 'self' and 'labels'
code: 

from object_detector import Object_Detector_Tool
from text_detector import Text_Detector_Tool

def check_pillows(image_path):
    result = Object_Detector_Tool.execute(image=image_path)
    pillow_count = len(result['baseball']) + len(result['basket'])
    
    texts = Text_Detector_Tool.execute(image=image_path, languages=['en'])
    
    detected_pillows = []
    for detection in texts:
        if 'baseball' in detection[0][1]:
            detected_pillows.extend(result['baseball'])
        if 'basket' in detection[0][1]:
            detected_pillows.extend(result['basket'])
            
    pillow_count += len(detected_pillows)
    
    return pillow_count

final_result = check_pillows(image_path="/nfs/data8/liao/wxie/SAT/SAT_images_train/13729_0.png")
print("Number of Pillows:", final_result)


============================== END ==============================


[None RESULT]


[Successful Execution but Get None RESULT]
[EXEC CODE]
final_result

============================== END ==============================


[Exctuion Failed]

closing parenthesis ')' does not match opening parenthesis '[' (<string>, line 6)
code: 

from object_detector import Object_Detector_Tool

def count_pillows(image_path, save_object=False, saved_image_path="detected_objects"):
    # Execute the tool and get the object detection results and object number dictionaries
    detected_objects, object_number = Object_Detector_Tool.execute(image=image_path, labels=["pil"), save_object=True, saved_image_path=saved_image_path)
    
    # Calculate the total number of detected objects in the image
    total_object_count = sum(len(detected_objects[key]) for key in detected_objects)
    
    # Create a dictionary mapping each detected label to the number of detected objects and the object numbers
    pillow_count = {detected_objects[label].count({}) for label in detected_objects if len(detected_objects[label]) > 0}
    object_number_by_label = dict()
    
    # Create the final result dictionary
    final_result = {"total_objects": total_object_count, "pil_object_count": pillow_count, "object_number": object_number}
    
    return final_result

# Example usage
# image_path = "/nfs/data8/liao/wxie/SAT/SAT_images_train/13729_0.png"
# result = count_pillows(image_path)

# Access the final answer
final_result = {
  "total_objects": object_number
}


============================== END ==============================

