
[QAid]10065_0

[Code Includes Tools Usage]
code: 

from object_detector import Object_Detector_Tool
final_result = Object_Detector_Tool.execute(image='path/to/image.png', labels=['chair', 'table'], save_object=True)
print(final_result)

============================== END ==============================


[QAid]10065_0

[Code Includes Tools Usage]
code: 

from object_detector import Object_Detector_Tool

final_result = Object_Detector_Tool.execute(labels=['Table', 'Chair'], save_object=True, saved_image_path="detected_objects")
print(final_result)

============================== END ==============================


[QAid]10065_0

[Code Includes Tools Usage]
code: 

from object_detector import Object_Detector_Tool

# Assuming the path to the image file is 'path/to/image.png'
final_result = Object_Detector_Tool.execute(image='path/to/image.png', labels=['Chairs'])
print(final_result)  # This will print a tuple with detected chairs and a count of chairs

============================== END ==============================


[QAid]10065_0

[Code Includes Tools Usage]
code: 

from object_detector import Object_Detector_Tool

final_result = Object_Detector_Tool.execute(image='path/to/image.png', save_object=True)
final_result

============================== END ==============================


[QAid]10065_0

[Code Includes Tools Usage]
code: 

from object_detector import Object_Detector_Tool

final_result = Object_Detector_Tool.execute(
    image='path_to_image.png',
    labels=['baseball', 'basket'],
    save_object=True
)

print(f"Number of Chairs detected: {final_result['object_number']['baseball']}")
print("Detected Chairs:")
for chair in final_result['detected_objects']:
    for box in chair['box']:
        print(f"Chair coordinates: {box['x1'], box['y1'], box['x2'], box['y2']}")
    print("")

============================== END ==============================


[QAid]10065_0

[Code Includes Tools Usage]
code: 

from object_detector import Object_Detector_Tool

final_result = Object_Detector_Tool.execute(image=path_to_image, labels=["baseball", "basket"], save_object=True)
print("detected_objects : ", final_result["detected_objects"])
print("object_number : ", final_result["object_number"])

============================== END ==============================

