
[QAid]11124_0

[Code Includes Tools Usage]
code: 

from Object_Detector_Tool import Object_Detector_Tool

final_result = Object_Detector_Tool.execute(image='path/to/image.png', labels=['toilet'], save_object=True, saved_image_path='detected_objects')
print(final_result)

============================== END ==============================


[QAid]11124_0

[Code Includes Tools Usage]
code: 

from object_detector import Object_Detector_Tool

final_result = Object_Detector_Tool.execute(image='path_to_your_image.png', labels=['toilet', 'sink'], save_object=True, saved_image_path='detected_objects')

print("Number of Toilets Detected:", final_result['object_number']['toilet'])
print(final_result)

============================== END ==============================


[QAid]11124_0

[Code Includes Tools Usage]
code: 

from object_detector import Object_Detector_Tool

final_result = Object_Detector_Tool.execute(image='/nfs/data8/liao/wxie/SAT/SAT_images_train/11124_0.png', labels=['toilet'], save_object=True, saved_image_path='detected_objects')

print(final_result)

============================== END ==============================


[QAid]11124_0

[Code Includes Tools Usage]
code: 

from object_detector import Object_Detector_Tool

final_result = Object_Detector_Tool.execute(image='path/to/image.png', labels=['toilet'])
print(final_result)

============================== END ==============================


[QAid]11124_0

[Code Includes Tools Usage]
code: 

from object_detector import Object_Detector_Tool

final_result = Object_Detector_Tool.execute(image='path/to/image.png', labels=['toilet'], save_object=True, saved_image_path='detected_objects')
print(final_result)

============================== END ==============================


[QAid]11124_0

[Code Includes Tools Usage]
code: 

from object_detector import Object_Detector_Tool

final_result = Object_Detector_Tool.execute(image='path/to_image.jpg', save_object=True)
print(final_result)

============================== END ==============================

