
[QAid]7060_0

[Code Includes Tools Usage]
code: 

from text_detector import text_detector

final_result = text_detector.execute(image='image.png', languages=['en', 'de'])
print(final_result)

============================== END ==============================


[QAid]7060_0

[Code Includes Tools Usage]
code: 

from object_detector import Object_Detector_Tool
from text_detector import Text_Detector_Tool

final_result = []
label = 'baseball'
threshold = 0.3
model_size = 'tiny'
save_object = True
saved_image_path = 'detected_objects'

image_path = '/nfs/data8/liao/wxie/SAT/SAT_images_train/7060_0.png'

# Detect and save objects
result = Object_Detector_Tool.execute(image=image_path, labels=[label], threshold=threshold, model_size=model_size, save_object=save_object, saved_image_path=saved_image_path)
detected_objects = result['object_number']
total_count = len(set(detected_objects))

# Detect and save text
result = Text_Detector_Tool.execute(image=image_path)

result = result['result']
result

============================== END ==============================


[QAid]7060_0

[Code Includes Tools Usage]
code: 


from object_detector import Object_Detector_Tool
object_result = Object_Detector_Tool.execute(image='path_to_your_image.png', labels=['telephone'], threshold=0.35, save_object=True, saved_image_path='detected_objects')
objects = object_result['detected_objects']
number_of_objects = {'telephone': 1}
final_result = {
  1: [object_result, number_of_objects],
  2: [object_result, number_of_objects],
  3: [object_result, number_of_objects]
}


============================== END ==============================


[QAid]7060_0

[Code Includes Tools Usage]
code: 

from object_detector import Object_Detector_Tool

final_result = {"televisions": 1, "total": 0}
object_path = "/nfs/data8/liao/wxie/SAT/SAT_images_train/7060_0.png"

# Execute object detection tool
result = Object_Detector_Tool.execute(image=object_path, labels=["television"], save_object=True)
televisions_count = len(result["baseball"])
final_result["televisions"] = televisions_count

# Calculate total number of detected objects
total_count = len(result["baseball"]) + len(result["basket"])
final_result["total"] = total_count

print(f"Final result: {final_result}")

============================== END ==============================


[QAid]7060_0

[Code Includes Tools Usage]
code: 

from object_detector import Object_Detector_Tool

final_result = Object_Detector_Tool.execute(image="your_image.png", labels=["television"], save_object=True, saved_image_path="detected_objects")
print(final_result)

============================== END ==============================


[QAid]7060_0

[Code Extraction Failed or Parse Failed]

unterminated string literal (detected at line 7) (<unknown>, line 7)

Completion Content: 
<command>
from object_detector import Object_Detector_Tool

final_result = Object_Detector_Tool.execute(image='7060_0.png', labels=['television'], save_object=True, saved_image_path='detected_objects')

print(f"Detected television: {final_result[0]}")
print(f"Total number of detected televisions: {final_result[1]['television']}
</command>
============================== END ==============================

