
[Exctuion Failed]

invalid syntax (<string>, line 1)
code: 
<form_action>
def question_answer():
  """
  Assign the final answer (as a string, e.g., "B") to a variable named final_result within the Python code.

  Given:
  - The relative positions of objects in an image.
  - The names of the objects.
  - The relative position of an object on the court in a simulated room.
  
  Question: What is the name of the object on the court (highlighted by a green box)?
  
  Expected Answer: basketball
  """
  
  objects = {
    # Represent the position and names of objects in the room
  
  }
  
  result = objects['basketball']  # Assign the final answer
  
  print(final_result = result)  # Print the value of the final_result variable only

  return final_result 

response = question_answer()
print(response)

============================== END ==============================

