
[QAid]13478_0

[Code Includes Tools Usage]
code: 

from object_detector import Object_Detector_Tool

final_result = Object_Detector_Tool().execute(image='path/to/image', labels=['baseball', 'basket'], save_object=True, saved_image_path='detected_objects')
print(final_result)

============================== END ==============================


[QAid]13478_0

[Code Includes Tools Usage]
code: 

from object_detector import Object_Detector_Tool

final_result = Object_Detector_Tool().execute(image="/nfs/data8/liao/wxie/SAT/SAT_images_train/13478_0.png", labels=["baseball", "basket"], save_object=True)
print(final_result)

============================== END ==============================


[QAid]13478_0

[Code Includes Tools Usage]
code: 

from object_detector import Object_Detector_Tool

final_result = Object_Detector_Tool().execute(image="/nfs/data8/liao/wxie/SAT/SAT_images_train/13478_0.png", labels=["baseball", "basket"], save_object=True, saved_image_path="detected_objects")
print(final_result)

============================== END ==============================


[QAid]13478_0

[Code Includes Tools Usage]
code: 

from object_detector import Object_Detector_Tool

final_result = Object_Detector_Tool().execute(
  image="/nfs/data8/liao/wxie/SAT/SAT_images_train/kk_777_0.png",
  labels=["basketball"],
  save_object=True,
  saved_image_path="detected_objects/labels"
)
print(final_result)

============================== END ==============================


[QAid]13478_0

[Code Includes Tools Usage]
code: 

from object_detector import Object_Detector_Tool

final_result = Object_Detector_Tool().execute(image='path/to/image', labels=['baseball', 'basket'], save_object=True, saved_image_path='detected_objects')

if final_result:
    detected_objects = final_result[0]
    object_number = final_result[1]

    print("Number of detected objects: ", object_number)
    print("Detected objects:")
    for block in detected_objects:
        print("Block: ", block)
else:
    print("No text detected.")

============================== END ==============================


[QAid]13478_0

[Code Includes Tools Usage]
code: 

from object_detector import Object_Detector_Tool

final_result = Object_Detector_Tool().execute(image='/nfs/data8/liao/wxie/SAT/SAT_images_train/13478_0.png', labels=['television'], save_object=True, saved_image_path='detected_objects')
print(final_result)

============================== END ==============================

