--- Completion 1 ---
<command>final_result = "1 house plant is visible in the scene."
</command>
Reward: 0.5

--- Completion 2 ---
<command>final_result = "1 HousePlants are visible in the scene."
</command>
Reward: 0.5

--- Completion 3 ---
<command>final_result = "1"
</command>
Reward: 0.5

--- Completion 4 ---
<command>final_result = "1"  # 从输出中提取 HousePlants 的数量
</command>
Reward: 0.5

--- Completion 5 ---
<command>final_result = "1 HousePlant"
</command>
Reward: 0.5

--- Completion 6 ---
<command>final_result = "1"
final_result = final_result + ", 2"
final_result = final_result + ", 0"
</command>
Reward: 0.5

