
[EXECUTION EXCEPTION]
No module named 'pytesseract'
code: 
import cv2
from pytesseract import pytesseract

# Original image path
original_image_path = 'path/to/image.jpg'

# Path of text detector tool
letter_detector_tool_path = '/path/to/letter_detector_tool'

# Create a new image, set the path, and save it
new_image_path = 'new_image.jpg'
cv2.imwrite(new_image_path, original_image_path)

# Load the image and save the result
result = cv2.imread(original_image_path)
detector = Text_Detector_Tool(command_line=['--tessedit_char_set', 'Hanna-Tess', '--oof', new_image_path])

# Get the result by letter
results = []

for _, letter, score in detector.execute(new_image_path):
    results.append([[letter, score], letter])

final_result = ' '.join([r[1] for r in results])

print(final_result)

============================== END ==============================
