
[QAid]8861_0

[Code does not include Tools Usage]
code: 
final_result = "1 Doorway"

============================== END ==============================


[QAid]8861_0

[Code does not include Tools Usage]
code: 
final_result = "1"

============================== END ==============================


[QAid]8861_0

[Code does not include Tools Usage]
code: 
final_result = "1"
final_result = "1"  # The number of Doorways visible in the scene

============================== END ==============================


[QAid]8861_0

[Code does not include Tools Usage]
code: 
final_result = "1"
print(final_result)

============================== END ==============================


[QAid]8861_0

[Code does not include Tools Usage]
code: 
final_result = "1 Doorway"
============================== END ==============================


[QAid]8861_0

[Code does not include Tools Usage]
code: 
final_result = "1 (Doorway)"

============================== END ==============================

