--- Completion 1 ---
<command>final_result = "The number of Windows visible in the scene is 0."</command>
Reward: 0.5

--- Completion 2 ---
<command>final_result = "1"
</command>
Reward: 0.5

--- Completion 3 ---
<command>final_result = "2"
</command>
Reward: 0.5

--- Completion 4 ---
<command>final_result = "The number of windows visible in the scene is 2."</command>
Reward: 0.5

--- Completion 5 ---
<command>final_result = "The number of visible Windows is 0."</command>
Reward: 0.5

--- Completion 6 ---
<command>final_result = "0"
</command>
Reward: 0.5

