
[QAid]7306_0

[Code Extraction Failed or Parse Failed]

invalid syntax (<unknown>, line 2)

Completion Content: 
<command>
```python
import import_module:Object_Detector_Tool

command = "detected_objects, object_number = Object_Detector_Tool.execute(image='path/to/image.png', labels=['basketball', 'baseball'], save_object=True, saved_image_path='detected_objects')"

result = import_module:text_detector.execute(command, languages=['en', 'de'], detail=0)
final_result = result[0]
```
</command>
============================== END ==============================


[QAid]7306_0

[Code does not include Tools Usage]
code: 

final_result = {
    'total': 1,
    'statue': {'name': 'Baseball', 'count': 1},
    'name': 'Basket',
    'count': 2
}

============================== END ==============================


[QAid]7306_0

[Code Extraction Failed or Parse Failed]

No Python code block found in completion.

Completion Content: 
generate_text

final_result = "No Statues are visible in the scene."

# Example usage:
# result = Text_Detector_Tool.execute(image='path/to/image.png', languages=['en', 'de'])
# if len(result) == 1: 
#     detected_text = result[0][2][0]
# else:
#     detected_text = "No text detected in the image."
# print("Detected text:", detected_text)
============================== END ==============================


[QAid]7306_0

[Code Extraction Failed or Parse Failed]

No Python code block found in completion.

Completion Content: 
```python
final_result = ['2', '0', '3', '2']
```
============================== END ==============================


[QAid]7306_0

[Code Extraction Failed or Parse Failed]

No Python code block found in completion.

Completion Content: 
Here is the Python program to count and locate interest-objects in an image based on the given tools and question:

```python
import Object_Detector_Tool
import Text_Detector_Tool

# Generate a dict mapping each label to the number of detected objects in the image
object_number_result = Object_Detter_Tool.execute(image='path/to/image.png', labels=['baseball', 'basket'])

# Output the object number as a Python dictionary
final_object_number = object_number_result = object_number_result.get('baseball', {})
final_object_number.update(object_number_result.get('basket', {}))

# Extract and print the number of Statues visible in the scene
print(final_object_number)
```
============================== END ==============================


[QAid]7306_0

[Code does not include Tools Usage]
code: 
final_result: 0
============================== END ==============================

