
============================== New Completed Execution ==============================
[EXEC CODE]

final_result = "1"

[THE PRINT OUTPUT]

[GENERATE VALID FINAL_RESULT]
1

============================== END ==============================


============================== New Completed Execution ==============================
[EXEC CODE]

final_result = "1"
print(final_result)

[THE PRINT OUTPUT]
1

[GENERATE VALID FINAL_RESULT]
1

============================== END ==============================


============================== New Completed Execution ==============================
[EXEC CODE]

final_result = "3"

[THE PRINT OUTPUT]

[GENERATE VALID FINAL_RESULT]
3

============================== END ==============================


============================== New Completed Execution ==============================
[EXEC CODE]

final_result = "1"
print(final_result)

[THE PRINT OUTPUT]
1

[GENERATE VALID FINAL_RESULT]
1

============================== END ==============================


============================== New Completed Execution ==============================
[EXEC CODE]

final_result = "final_result"
print(final_result)

[THE PRINT OUTPUT]
final_result

[GENERATE VALID FINAL_RESULT]
final_result

============================== END ==============================


============================== New Completed Execution ==============================
[EXEC CODE]

final_result = "3"
print(final_result)

[THE PRINT OUTPUT]
3

[GENERATE VALID FINAL_RESULT]
3

============================== END ==============================


============================== New Completed Execution ==============================
[EXEC CODE]

final_result = "3"
print(final_result)

[THE PRINT OUTPUT]
3

[GENERATE VALID FINAL_RESULT]
3

============================== END ==============================


============================== New Completed Execution ==============================
[EXEC CODE]

final_result = "3"

[THE PRINT OUTPUT]

[GENERATE VALID FINAL_RESULT]
3

============================== END ==============================

