--- Completion 1 ---
<command>final_result = "There are no desks visible in this scene."
Reward: 0.0

--- Completion 2 ---
<command>final_result = "0"
final_result = "0"
final_result = "2"
</command>
Reward: 0.5

--- Completion 3 ---
<command>final_result = "2"
</command>
Reward: 0.5

--- Completion 4 ---
<command>final_result = "2"
</command>
Reward: 0.5

--- Completion 5 ---
<command>final_result = "2"
</command>
Reward: 0.5

--- Completion 6 ---
<command>final_result = "2"
</command>
Reward: 0.5

