
============================== New Completed Execution ==============================
[EXEC CODE]

from object_detector import Object_Detector_Tool

class ImageProcessor:
    def detect_entities(self, image_path):
        try:
            results = Object_Detector_Tool().execute(image=image_path, labels=['baseball', 'basket'], save_object=True)
            return results
        except ValueError:
            print("Error:", sys.exc_info()[0])
            return []

final_result = ImageProcessor().detect_entities('/nfs/data8/liao/wxie/SAT/SAT_images_train/3506_0.png')
print(f"Detected entities: {' '.join(x[1]['bbox'] for x in final_result if x[1]['bbox'])}")

[THE PRINT OUTPUT]
Error building the Object Detection tool: Cannot re-initialize CUDA in forked subprocess. To use CUDA with multiprocessing, you must use the 'spawn' start method
Error detecting objects: Failed to build the Object Detection tool.
Failed to detect objects after 10 attempts.
Detected entities: 

[GENERATE VALID FINAL_RESULT]
[]

============================== END ==============================

