
============================== NEW SCCESSFUL EXECUTION ==============================
[EXEC CODE]
from object_detector import Object_Detector_Tool

final_result = "C"
[THE PRINT OUTPUT]

[GENERATE FINAL_RESULT]
C

============================== NEW SCCESSFUL EXECUTION ==============================
[EXEC CODE]
from object_detector import Object_Detector_Tool

# Code to be executed
final_result = "C"
[THE PRINT OUTPUT]

[GENERATE FINAL_RESULT]
C

============================== NEW SCCESSFUL EXECUTION ==============================
[EXEC CODE]
from object_detector import Object_Detector_Tool

final_result = 2
[THE PRINT OUTPUT]

[GENERATE FINAL_RESULT]
2
