
[Exctuion Failed]

Object_Detector_Tool.execute() missing 1 required positional argument: 'self'
code: 

from object_detector import Object_Detector_Tool

final_result = Object_Detector_Tool.execute(image="path/to/image.png", labels=["baseball", "basket"], save_object=True, saved_image_path="detected_objects")

print(final_result)


============================== END ==============================


[Exctuion Failed]

not enough values to unpack (expected 2, got 0)
code: 

from object_detector import Object_Detector_Tool
final_result = []
command = "detected_objects, object_number = Object_Detector_Tool.execute(image='path/to/image.png', labels=[\"baseball\", \"basket\"], save_object=True, saved_image_path='detected_objects')"
detected_objects, object_number = Object_Detector_Tool().execute(image='path/to/image.png', labels=['baseball', 'basket'], save_object=True, saved_image_path='detected_objects')
if detected_objects:
    total_objects = len(detected_objects)
    final_result.append({"Objects detected in the image": detected_objects, "Total objects detected": total_objects})
else:
    final_result.append({"No objects detected in the image": total_objects})

print("Objects detected in the image")
print(final_result)


============================== END ==============================


[Exctuion Failed]

Object_Detector_Tool.execute() got an unexpected keyword argument 'languages'
code: 

from object_detector import Object_Detector_Tool

final_result = Object_Detector_Tool.execute(image='5499_0.png', languages=['en'], detail=1)
for detected_objects in final_result['detected_objects']:
    if detected_objects['id'] == 'baseball':
        print(f"Identified baseball: {' '.join(detected_objects['bbox'])}, Confidence: {detected_objects['score']}")
    elif detected_objects['id'] == 'basket':
        print(f"Identified basketball: {' '.join(detected_objects['bbox'])}, Confidence: {detected_objects['score']}")


============================== END ==============================


[Exctuion Failed]

Object_Detector_Tool.execute() missing 1 required positional argument: 'self'
code: 

from object_detector import Object_Detector_Tool

final_result = Object_Detector_Tool.execute(image='path/to_image.png', labels=['DiningTable'], save_object=True, saved_image_path='detected_objects')

print(final_result)


============================== END ==============================


[Exctuion Failed]

Object_Detector_Tool.execute() missing 1 required positional argument: 'self'
code: 

from object_detector import Object_Detector_Tool

final_result = Object_Detector_Tool.execute(image='path/to/image.png', labels=['baseball', 'basket'])
print(final_result)


============================== END ==============================


[Exctuion Failed]

Object_Detector_Tool.execute() missing 1 required positional argument: 'self'
code: 

from object_detector import Object_Detector_Tool
final_result = Object_Detector_Tool.execute(image='path/to_image.png', labels=['baseball', 'basket'], save_object=True, saved_image_path='detected_objects')
print(final_result)


============================== END ==============================

