
[QAid]7088_0

[Code does not include Tools Usage]
code: 
final_result = "1 CounterMaxTop"

============================== END ==============================


[QAid]7088_0

[Code does not include Tools Usage]
code: 
final_result = "1"

============================== END ==============================


[QAid]7088_0

[Code does not include Tools Usage]
code: 
final_result = "1\n"

============================== END ==============================


[QAid]7088_0

[Code does not include Tools Usage]
code: 
final_result = "1"  # Assuming there's only one CounterTop in the scene

============================== END ==============================


[QAid]7088_0

[Code does not include Tools Usage]
code: 
final_result = "1"

============================== END ==============================


[QAid]7088_0

[Code does not include Tools Usage]
code: 
final_result = "1"

============================== END ==============================

