
[QAid]9773_0

[Code does not include Tools Usage]
code: 
final_result = "1"

============================== END ==============================


[QAid]9773_0

[Code does not include Tools Usage]
code: 
final_result = "1"

============================== END ==============================


[QAid]9773_0

[Code does not include Tools Usage]
code: 
final_result = "1"

============================== END ==============================


[QAid]9773_0

[Code does not include Tools Usage]
code: 
final_result = "1" if final_result_str.startswith("1") else "0"  # This is a placeholder for extracting the count of paintings visually in the image

============================== END ==============================


[QAid]9773_0

[Code does not include Tools Usage]
code: 
final_result = "1"

============================== END ==============================


[QAid]9773_0

[Code Extraction Failed or Parse Failed]

No Python code block found in completion.

Completion Content: 
<command>final_result = "1"
============================== END ==============================

