
[QAid]5096_0

[Code Includes Tools Usage]
code: 

from object_detector import Object_Detector_Tool

final_result = Object_Detector_Tool().execute(image="path/to/image", labels=["baseball", "basket"], save_object=True, saved_image_path="detected_objects")

print(final_result)

============================== END ==============================


[QAid]5096_0

[Code Includes Tools Usage]
code: 

from object_detector import Object_Detector_Tool

final_result = Object_Detector_Tool().execute(image='5096_0.png', labels=['baseball', 'basket'], save_object=True, saved_image_path='detected_objects')
print(final_result)

============================== END ==============================


[QAid]5096_0

[Code Includes Tools Usage]
code: 

from tool.object_detector import Object_Detector_Tool

final_result = Object_Detector_Tool().execute(image="5096_0.png", labels=["baseball", "basket"], save_object=True, saved_image_path="detected_objects")

============================== END ==============================


[QAid]5096_0

[Code Includes Tools Usage]
code: 

from object_detector import Object_Detector_Tool

final_result = Object_Detector_Tool().execute(image='path/to/image', labels=['baseball', 'basket'], save_object=True, saved_image_path='detected_objects')
print(final_result)

============================== END ==============================


[QAid]5096_0

[Code Includes Tools Usage]
code: 

from object_detector import Object_Detector_Tool

def answer_question(image_path, object_labels, save_object=False):
    final_result = Object_Detector_Tool().execute(image=image_path, labels=object_labels, save_object=save_object)
    return final_result

============================== END ==============================


[QAid]5096_0

[Code Includes Tools Usage]
code: 
from object_detector import Object_Detector_Tool

final_result = Object_Detector_Tool().execute(image='path/to/image', labels=['baseball', 'basket'], save_object=True, saved_image_path='detected_objects')
print(final_result)

============================== END ==============================

