
============================== NEW SCCESSFUL EXECUTION ==============================
[EXEC CODE]
import object_detector as Object_Detector_Tool
final_result = "C"
[THE PRINT OUTPUT]

[GENERATE FINAL_RESULT]
C

============================== NEW SCCESSFUL EXECUTION ==============================
[EXEC CODE]
from object_detector import Object_Detector_Tool

final_result = "C"
[THE PRINT OUTPUT]

[GENERATE FINAL_RESULT]
C

============================== NEW SCCESSFUL EXECUTION ==============================
[EXEC CODE]
from object_detector import Object_Detector_Tool

final_result = 3
[THE PRINT OUTPUT]

[GENERATE FINAL_RESULT]
3

============================== NEW SCCESSFUL EXECUTION ==============================
[EXEC CODE]
from object_detector import Object_Detector_Tool

final_result = "C"
[THE PRINT OUTPUT]

[GENERATE FINAL_RESULT]
C

============================== NEW SCCESSFUL EXECUTION ==============================
[EXEC CODE]
from object_detector import Object_Detector_Tool

final_result = 'D'
[THE PRINT OUTPUT]

[GENERATE FINAL_RESULT]
D

============================== NEW SCCESSFUL EXECUTION ==============================
[EXEC CODE]
from object_detector import Object_Detector_Tool

final_result = "D"
[THE PRINT OUTPUT]

[GENERATE FINAL_RESULT]
D
