
[Exctuion Failed]

name 'Object_Detector_Tool' is not defined
code: 

from_object_detector = Object_Detector_Tool
path = "/home/user/SAT_images_train/46_0.png"
labels = ["baseball", "basket"]
threshold = 0.35
device = "CPU" or "TX1" or "CPU"
model_size = 'tiny'
save_object = False or True
saved_image_path = 'detected_objects'

result = from_object_detector.execute(image=path, labels=labels, threshold=threshold, device=device, model_size=model_size, save_object=save_object, saved_image_path=saved_image_path)
final_result = {
    "result": result,
    "image_description": {
        "description": "The image contains one detected baseball and two detected baskets."
    }
}
print(final_result)


============================== END ==============================


[Exctuion Failed]

name 'detected_bats' is not defined
code: 

from object_detector import Object_Detector_Tool

final_result = {"objects_count": 0}

# Calculate objects count
objects_count = 0
for result in detected_bats.values():
  total_count += 1
  objects_count += 1

objects_count_result = {"baseball": total_count, "basket": objects_count}

final_result.update({"objects_count": objects_count_result})

generated_code = f"""
from object_detector import Object_Detector_Tool

final_result = {"objects_count": 0}

# Calculate objects count
objects_count = 0
for result in detected_bats.values():
  total_count += 1
  objects_count += 1

objects_count_result = {"baseball": total_count, "basket": objects_count}

final_result.update({"objects_count": objects_count_result})

text_results = Text_Detector_Tool.execute(image='path/to/image.png', languages=['ar', 'he'], detail=1)

for result in text_results:
  label = result[0]
  box = result[1]
  text = result[2]
  
  detected_objects = True

detect = Object_Detector_Tool.execute(image='path/to/image.png', labels=["baseball", "basket"], languages=["ar", "he"], threshold=0.35, detail=2, save_object=True, saved_image_path="detected_objects")

for label, info in result:
  if label == "baseball" and detected_objects:
    print(f"Baseball found: {box}")

  if label != "baseball" and detector.label == "basket" and detected_objects:
    print(f"Basketball found: {box}")
"""

print(f"Final result: {final_result}")
print(f"Detected baseball and basketball objects.\nGenerated code: \n{generated_code}")
# Uncomment the following line to run the program:
# import os
# import sys
# script_path = os.path.abspath(__file__)
# sys.path.append(os.path.dirname(script_path))
# from test_data.scripts.text_detector import execute as execute_test
# execute_test()


============================== END ==============================


[Exctuion Failed]

Object_Detector_Tool.execute() missing 1 required positional argument: 'self'
code: 

from object_detector import Object_Detector_Tool

# Call the Object_Detector_Tool to detect baseball bats
result_object = Object_Detector_Tool.execute(image='path/to/image.png', labels=['baseball'], save_object=False)

# Output the detected objects as a list
final_result = result_object[0]


============================== END ==============================


[Exctuion Failed]

Object_Detector_Tool.__init__() got an unexpected keyword argument 'input_image_path'
code: 

from object_detector import Object_Detector_Tool

def count_bamboo_bats(input_image_path, labels=['baseball', 'basket', 'broom'], save_object=False, saved_image_path="detected_objects"):
    final_result = {}

    object_detector_tool = Object_Detector_Tool(input_image_path=input_image_path, labels=labels, save_object=save_object, saved_image_path=saved_image_path)

    for output_dict in object_detector_tool.execute():  # Assuming output_dict contains data for 'baseball', 'basket', and 'broom'
        if 'baseball' in output_dict["labels"]:
            if 'box' in output_dict["labels"]:
                ball_length = output_dict["labels"]["baseball"]["boxes"][0][1] - output_dict["labels"]["baseball"]["boxes"][0][0]
                bat_length = output_dict["labels"]["basketball"]["boxes"][0][1] - output_dict["labels"]["basketball"]["boxes"][0][0]

                if ball_length > bat_length:
                    final_result["baseball"] += 1
                else:
                    final_result["basketball"] += 1

    # Convert the result to a dictionary and return with the object number
    return final_result, len(final_result), labels

input_image_path = "/nfs/data8/liao/wxie/SAT/SAT_images_train/46_0.png" # Path to the input image
detect_bat_balls = count_bamboo_bats(input_image_path)
print(detect_bat_balls)


============================== END ==============================

