
[EXECUTION EXCEPTION]
Object_Detector_Tool.execute() got an unexpected keyword argument 'saved_object'
code:res = Object_Detector_Tool.execute('path/to/tennis_image.png', labels=["tennis player"], saved_object=False)
if len(res[0]) > 0:
    final_result = 1
else:
    final_result = 0

[None RESULT]


[EXECUTION EXCEPTION]
not enough values to unpack (expected 2, got 0)
code:from object_detector import Object_Detector_Tool

# Read image
image_path = "/home/stud/wxie/BLINK_Dataset/Counting/val/images/val_Counting_116_image_1.jpg"
object_detector = Object_Detector_Tool()

# Detect objects
detected_objects, object_numbers = object_detector.execute(image=image_path, labels=["tennis", "tennis_racket"], save_object=False)

print(f"Detected objects: {detected_objects}")
print(f"Number of detected objects: {len(detected_objects[0])}")

# Calculate the total number of people playing tennis
total_tennis_players = object_numbers["tennis"] + object_numbers["tennis_racket"]

total_tennis_players

[EXECUTION EXCEPTION]
Object_Detector_Tool.execute() missing 1 required positional argument: 'self'
code:from object_detector import Object_Detector_Tool

# Load the necessary objects from the object_detector library
detected_objects, object_counts = Object_Detector_Tool.execute(image="path_to_tennis_image.jpg", labels=["tennis_racket", "tennis_player"], save_object=True)

# Print the detected objects dictionary
print("Detected objects:", detected_objects)

# Extract the total number of tennis players from the dictionary
total_players = detected_objects['tennis_player']['count']

# Print the total number of tennis players
print("Total number of tennis players:", total_players)

[EXECUTION EXCEPTION]
No module named 'object_detector.dino'
code:from object_detector.dino import Object_Detector_Tool

final_result = Object_Detector_Tool.execute(image="/home/stud/wxie/BLINK_Dataset/Counting/val/images/val_Counting_116_image_1.jpg", labels=["tennis_player"], save_object=True, saved_image_path="detected_objects")
print(final_result)

[EXECUTION EXCEPTION]
Object_Detector_Tool.execute() missing 1 required positional argument: 'self'
code:from object_detector import Object_Detector_Tool

final_result = Object_Detector_Tool.execute(image="/home/stud/wxie/BLINK_Dataset/Counting/val/images/val_Counting_116_image_1.jpg", labels=["tennis player"], save_object=True, saved_image_path="tennis_player")

[EXECUTION EXCEPTION]
Object_Detector_Tool.execute() missing 1 required positional argument: 'self'
code:from object_detector import Object_Detector_Tool

final_result = "D"

# Assuming the image is 'val_Counting_116_image_1.jpg'
detected_objects_result = Object_Detector_Tool.execute(image="/home/stud/wxie/BLINK_Dataset/Counting/val/images/val_Counting_116_image_1.jpg", labels=["baseball", "basket"], save_object=True, saved_image_path="detected_objects")

# Assuming we want to detect 'baseball' and 'basket'
baseball_object_result = detected_objects_result[0]["boxes"][(i for i, text in detected_objects_result["labels"].items() if text[0][0].upper() == "B")][0]
basket_object_result = detected_objects_result[0]["boxes"][(i for i, text in detected_objects_result["labels"].items() if text[0][0].upper() == "B")]

if tennis in baseball_object_result:
    final_result = "A"
elif tennis in basket_object_result:
    final_result = "C"
else:
    final_result = "D"
