
[QAid]13619_0

[Code does not include Tools Usage]
code: 
final_result = "1"  # Initialize final_result with '1' for the number of detectable objects, as we don't have an actual image to analyze yet
============================== END ==============================


[QAid]13619_0

[Code does not include Tools Usage]
code: 
final_result = "1"

============================== END ==============================


[QAid]13619_0

[Code does not include Tools Usage]
code: 
final_result = "1"

============================== END ==============================


[QAid]13619_0

[Code does not include Tools Usage]
code: 
final_result = "1 Window"
============================== END ==============================


[QAid]13619_0

[Code does not include Tools Usage]
code: 
final_result = "1"

============================== END ==============================


[QAid]13619_0

[Code does not include Tools Usage]
code: 
final_result = '1'  # Final result is '1'

============================== END ==============================

