
[Exctuion Failed]

Object_Detector_Tool.execute() got an unexpected keyword argument 'saved_object'
code: 

from object_detector import Object_Detector_Tool

final_result = Object_Detector_Tool.execute(
    image='path/to/image.png',
    labels=['dresser'],
    saved_object=True,
    saved_image_path='detected_objects'
)

print(final_result)


============================== END ==============================


[Exctuion Failed]

Object_Detector_Tool.execute() missing 1 required positional argument: 'self'
code: 

from object_detector import Object_Detector_Tool

final_result = Object_Detector_Tool.execute(image='image_path.png', labels=['Dresser'], save_object=True, saved_image_path='dresser')
print(final_result)


============================== END ==============================


[Exctuion Failed]

Object_Detector_Tool.execute() missing 1 required positional argument: 'self'
code: 

from object_detector import Object_Detector_Tool

final_result = Object_Detector_Tool.execute(image='path/to/drawer_image.png', labels=['dresser'], save_object=True, saved_image_path='detected_objects')
print(final_result)


============================== END ==============================


[Exctuion Failed]

Object_Detector_Tool.execute() got an unexpected keyword argument 'languages'
code: 

from object_detector import Object_Detector_Tool

final_result = Object_Detector_Tool.execute(image='image_path.jpg', languages=['en', 'de'], detail=1)

print(final_result)


============================== END ==============================


[Exctuion Failed]

Object_Detector_Tool.execute() missing 1 required positional argument: 'self'
code: 

from object_detector import Object_Detector_Tool

final_result = Object_Detector_Tool.execute(image='path_to_dresser_image.png', labels=['dressing_table'], save_object=True, saved_image_path='dressing_table')

print(final_result)


============================== END ==============================


[Exctuion Failed]

Object_Detector_Tool.execute() missing 1 required positional argument: 'self'
code: 

from object_detector import Object_Detector_Tool

final_result = Object_Detector_Tool.execute(image='path/to/desired_image.png', labels=['dressing_table', 'statue'], save_object=True, saved_image_path='detected_objects')
print(final_result)


============================== END ==============================

