
[QAid]299_0

[Code Includes Tools Usage]
code: 

from Pixel_Depth_Tool import *  # Import necessary tools

image_results = Pixel_Depth_Tool.execute(image_path=['path/to/image.png'])

============================== END ==============================


[QAid]299_0

[Code Extraction Failed or Parse Failed]

No Python code block found in completion.

Completion Content: 
To find the relative positions of the simple wooden bench and the dark brown dresser, we will use the Object Detector Tool along with the Text Detector Tool.

First, we need to load and display the image using the ImageDetector_Tool and TextDetector_Tool.

Then, we will detect text in the image.

Finally, we will identify the relative positions by comparing the bounding box coordinates and the recognized text.

Let's execute the program.

```python
from object_detector import Object_Detector_Tool, Text_Detector_Tool
from letter_detector import Letter_Detector_Tool
from pixel_depth_tool import Pixel_Depth_Tool

# Load and display the image
detected_object_images = []
labels = ['baseball', 'basket']
threshold = 0.35
model_size = 'tiny'
save_object = True
path_to_image = 'path/to/image.png'

detected_object_images.append(Object_Detector_Tool.execute(image=path_to_image, labels=labels, save_object=save_object, model_size=model_size).detected_objects)

text_results = Text_Detector_Tool.execute(image=path_to_image, languages=['en', 'de']).text_results

all_detection_results = []
for obj_results in detected_object_images:
    for result in obj_results[0]:
        all_detection_results.append((result, result[1]))

for (object_name, bounding_box), score in text_results.items():
    all_detection_results.append((object_name, object_name, score))

letter_results = Letter_Detector_Tool.execute(image=path_to_image).results

all_detection_results.extend(letter_results)

for result in all_detection_results:
    if 'A' in result[1] and 'baseball' not in result[1]:
        print(f"{result[0][0]} is above {result[1]}")
    elif 'basket' in result[1]:
        print(f"{result[0][0]} is below {result[1]}")
============================== END ==============================


[QAid]299_0

[Code Includes Tools Usage]
code: 

import Pixel_Depth_Tool
import Object_Detector_Tool

def analyze_image(image_path):
    detected_objects = Object_Detector_Tool.execute(image_path=image_path, labels=['simple wooden bench', 'dark brown dresser'], save_object=True, saved_image_path="detected_objects")
    result= {
        "detected_objects": detected_objects,
        "num_detections": {"baseball": 3, "basket": 1},
        "image_path": image_path,
    }
    Pixel_Depth_Tool.image_results = result

image_path = "/nfs/data8/liao/wxie/SAT/SAT_images_train/299_0.png"
analyze_image(image_path)

============================== END ==============================


[QAid]299_0

[Code Extraction Failed or Parse Failed]

No Python code block found in completion.

Completion Content: 
To detect simple wooden bench with respect to dark brown dresser, you can use the following Python code:
```python
from object_detector import Object_Detector_Tool

# Set demo_parameters parameters
detected_objects = {
    'baseball': [],
    'basket': []
}
object_number = {
    'baseball': 0,
    'basket': 0
}

# Define demo_command for Object_Detector_Tool class
def detect_objects(image_path, labels, save_object, saved_image_path):
    detected_objects, object_number = Object_Detector_Tool.execute(image=image_path, labels=labels, save_object=save_object, saved_image_path=saved_image_path)

detect_objects(image_path='path/to/image.png', labels=['baseball', 'basket'], save_object=True, saved_image_path='detected_objects')

# Check if any objects were detected
if detected_objects is None:
    print("No objects detected.")
else:
    # Print detected objects
    for label in detected_objects:
        detected_objects[label].append({'bbox': detected_objects[label][0]['bbox'], 'score': detected_objects[label][0]['score']})
        print(f"{label}: {detected_objects[label][0]['bbox']}, {detected_objects[label][0]['score']}")
    # Print number of detected objects
    print(object_number)
```
This code will output:
```python
No objects detected.
```

The code will raise an error if no objects were detected, and nothing else will be printed. This is because the `detect_objects` function returns `None` for any input data except for an image path, labels, and save_object flag.
============================== END ==============================


[QAid]299_0

[Code Extraction Failed or Parse Failed]

No Python code block found in completion.

Completion Content: 
The final answer is: above
============================== END ==============================


[QAid]299_0

[Code Extraction Failed or Parse Failed]

unexpected indent (<unknown>, line 2)

Completion Content: 
To answer your question, I will use the `Pixel_Depth_Tool` tool.

<command>
  Pixel_Depth_Tool.execute(image_path=['path/to/image.png'], mode='image', output=True, outdir='path/to/save/depth')
</command>
============================== END ==============================


[QAid]299_0

[Code Extraction Failed or Parse Failed]

No Python code block found in completion.

Completion Content: 
To estimate the depth of the篮球, we can use the Pixel_Depth_Tool tool to estimate pixel-level depth from the image of the篮球. We will execute the tool and save the generated depth image in 'path/to/saved/image.png'. Here is the Python program to do that:

```
from object_detector_tool import Object_Detector_Tool
from pixel_depth_tool import Pixel_Depth_Tool

detected_objects = Object_Detector_Tool.execute(image='path/to/image.png', labels=['basket'], save_object=True, saved_image_path='detected_objects')
depth_image = Pixel_Depth_Tool.execute(image_path=['path/to/image.png'], save_output=True, outdir='./vis_depth')

detected_objects, depth_image
```
============================== END ==============================


[QAid]299_0

[Code Extraction Failed or Parse Failed]

No Python code block found in completion.

Completion Content: 
To count the number of times simple wooden bench is located above the dark brown dresser in the image provided, you can use the following Python code:

```python
from object_detector import Object_Detector_Tool

def count_bench_location(image_path):
    detected_objects = Object_Detector_Tool.execute(image_path=image_path, labels=['simple wooden bench', 'dark brown dresser'], threshold=0.35, model_size='tiny', save_object=True, saved_image_path='detected_objects')
    # Print the total number of detected objects
    print("Total number of detected objects:", len(detected_objects))

    # Filter and count objects located above the dresser
    bench_above_dresser_count = len([obj for obj in detected_objects if obj['class'] == 'simple wooden bench' and obj['bbox'][1] > obj['bbox'][3]])
    return bench_above_dresser_count

# Example usage
image_path = '/path/to/image.png'
bench_above_dresser_count = count_bench_location(image_path)
print("Number of objects above the dresser:", bench_above_dresser_count)
```

This code will count the instances of "simple wooden bench", which is located above the "dark brown dresser", in the image specified by `image_path`. If you have a specific image or path to a scene where the objects are located above the dresser, you can replace the `image_path` variable with the path to that image.
============================== END ==============================

