
[QAid]4175_0

[Code does not include Tools Usage]
code: 
final_result = 1
============================== END ==============================


[QAid]4175_0

[Code does not include Tools Usage]
code: 
final_result = 0
============================== END ==============================


[QAid]4175_0

[Code does not include Tools Usage]
code: 
final_result = "1"
self.path = "detected_objects/image_baseball_1.png"
detected_objects = self.object_number['baseball']
with open(detected_objects, "wb") as obj_detection_file:
   for (k, v) in detected_objects.items():
      im = v["bbox"]
      if v["score"] > 0.35:
         
         if v["saved_image_path"]:
           _, ax = plt.subplots()
   
   
           ax.imshow(input_image)
   
           # Draw bounding box, label, and score of the object.
   
           
           # Add the text to the plot.
           
   
           # Display the plot.
           
   if save_object:
  
     
     print(save_object) # output the path of detected objects


============================== END ==============================


[QAid]4175_0

[Code does not include Tools Usage]
code: 
final_result = 0
============================== END ==============================


[QAid]4175_0

[Code does not include Tools Usage]
code: 
final_result = 1
============================== END ==============================


[QAid]4175_0

[Code does not include Tools Usage]
code: 
final_result = "1"

============================== END ==============================

