
[EXECUTION EXCEPTION]
name 'Image' is not defined
code:from object_detector import Object_Detector_Tool

# Function to check if 'baseball' and 'basket' exist in the image
def has_baseball_and_basket(image_path):
    # Load the image using Object_Detector_Tool
    detector_tool = Object_Detector_Tool()
    # Convert the image to PIL Image format
    img = Image.open(image_path)
    # Use Object_Detector_Tool to detect the baseball and basketball
    baseball_result = detector_tool.execute(image=img, labels=["baseball"], saveObject=True)
    basketball_result = detector_tool.execute(image=img, labels=["basket"], saveObject=True)
    # Check if 'baseball' and 'basket' exist in the result
    if 'baseball' in baseball_result.keys() and 'basket' in basketball_result.keys():
        return True
    else:
        return False

# Path to the image
image_path = "/home/stud/wxie/BLINK_Dataset/Counting/val/images/val_Counting_102_image_1.jpg"
# Check if 'baseball' and 'basket' exist in the image
has_baseball_basket_image_path = has_baseball_and_basket(image_path)
# Print the result
print(has_baseball_basket_image_path)
final_result = 1 if has_baseball_basket_image_path else 0

[EXECUTION EXCEPTION]
Object_Detector_Tool.execute() missing 1 required positional argument: 'self'
code:from object_detector import Object_Detector_Tool

# Image file path
image_path = "/home/stud/wxie/BLINK_Dataset/Counting/val/images/val_Counting_102_image_1.jpg"

# Detect labels in the image
labels = ['baseball', 'basket']
detected_objects, object_number = Object_Detector_Tool.execute(image=image_path, labels=labels, save_object=True, saved_image_path="detected_objects")

# Count detected objects
total_object_number = detected_objects['object_number']

final_result = {
    "Total labeled objects in the image": total_object_number
}

[EXECUTION EXCEPTION]
Object_Detector_Tool.execute() missing 1 required positional argument: 'self'
code:import numpy as np
import cv2
from object_detector import Object_Detector_Tool

# Find bounding boxes for sports objects using the ground detection model
labels_for_detection = ['soccer']
saved_image_path = 'soccer_boxes'
detected_objects, object_number = Object_Detector_Tool.execute(image="/home/stud/wxie/BLINK_Dataset/Counting/val/images/val_Counting_102_image_1.jpg",
                                                             labels=labels_for_detection,
                                                             threshold=0.4,
                                                             model_size="base",
                                                             saved_image_path=saved_image_path)

# Retrieve the labels number of detected objects
label_nums = sorted(detected_objects.keys())
print(f"Number of detected sports objects: {label_nums.count('soccer')}")

# Check if detected baseball
if 'baseball' in detected_objects:
    ball_nums = len(detected_objects['baseball'])
    print(f"Number of detected baseballs: {ball_nums}")

# Check if detected basketball
if 'basket' in detected_objects:
    basket_nums = len(detected_objects['basket'])
    print(f"Number of detected basketballs: {basket_nums}")

[EXECUTION EXCEPTION]
Object_Detector_Tool.execute() missing 1 required positional argument: 'self'
code:from object_detector import Object_Detector_Tool

# Parameters for the tool
input_type = 'image'
label_sets = ['blue_shirt']
confidence_threshold = 0.45
model_size = 'tiny'
save_object = True
saved_image_path = 'detected_objects'

# Load detected objects
result = Object_Detector_Tool.execute(image="path/to/image.png", labels=label_sets)

# Print the result
print(result)

[EXECUTION EXCEPTION]
Object_Detector_Tool.execute() got an unexpected keyword argument 'confidence_threshold'
code:from object_detector import Object_Detector_Tool

# Load image and set confidence threshold
image_path = "/home/stud/wxie/BLINK_Dataset/Counting/val/images/val_Counting_102_image_1.jpg"
confidence_threshold = 0.45
model_size = 'tiny'
save_object = True

# Detect objects using the groundation DINO model
Object_Detector_Tool.execute(image_path, labels=["baseball", "basket"], save_object=save_object, saved_image_path="detected_objects", confidence_threshold=confidence_threshold, model_size=model_size).detected_objects

# Count the total number of detected objects
final_result = {"detected_labels": Object_Detector_Tool.execute(image_path, labels=["baseball", "basket"], save_object=False, saved_image_path="detected_objects", confidence_threshold=confidence_threshold, model_size=model_size).output_types[0]["1"], 
               "total_count": Object_Detector_Tool.execute(image_path, labels=["baseball", "basket"], save_object=False, saved_image_path="detected_objects", confidence_threshold=confidence_threshold, model_size=model_size).output_types[1]["total_count"]}

final_result
