
[EXECUTION EXCEPTION]
Object_Detector_Tool.execute() missing 1 required positional argument: 'self'
code:from object_detector import Object_Detector_Tool

# Load the objects to detect
labels = ["baseball", "basket"]

# Set the confidence threshold and model size
threshold = 0.45
model_size = "tiny"

# Execute the object detection
detected_objects, object_number = Object_Detector_Tool.execute(image="/home/stud/wxie/BLINK_Dataset/Counting/val/images/val_Counting_118_image_1.jpg", labels=labels, save_object=True, saved_image_path="detected_objects")

# Count the number of objects not wearing blue hats
not_wearing_blue_hat_count = 0
for label, results in detected_objects["detections"].items():
    boxes = results["boxes"]
    scores = results["confidence_scores"]
    image_path = results["saved_image_paths"]
    for box in boxes:
        if box["confidence"] < threshold and box["color"][0] != 0:
            not_wearing_blue_hat_count += 1

final_result = {'not_wearing_blue_hat_count': not_wearing_blue_hat_count}

[EXECUTION EXCEPTION]
expected ':' (<string>, line 16)
code:from object_detector import Object_Detector_Tool

# Replace `path_to_image` with the actual path to the image
image_path = "/home/stud/wxie/BLINK_Dataset/Counting/val/images/val_Counting_118_image_1.jpg"

tool = Object_Detector_Tool()

# Run the tool to detect people in the image
detected_objects, person_counts = tool.execute(image_path)

# Check if the person count is greater than 0
if detected_objects:
    # Check if a blue hat is worn by each person
    for detected_objects_list in detected_objects.values():
        for obj in detected_objects_list:
            if obj["label"] == "military personnel:"
                if obj["label"] == "male" or obj["label"] == "female":
                    if obj["label"] == "male":
                        final_result += 1
                    else:
                        final_result += 2
                elif obj["label"] == "military personnel:":
                    final_result += 3
else:
    final_result = 0

[None RESULT]


[None RESULT]


[EXECUTION EXCEPTION]
duplicate argument 'threshold' in function definition (<string>, line 4)
code:import os
from object_detector import Object_Detector_Tool

def count_people_in_blue_hats(image_path, save_objects=None, save_object=False, labels=None, threshold=0.85, model_size='tiny', threshold=0.85, model_size='tiny'):
    detector_tool = Object_Detector_Tool(image_path=image_path, labels=labels, threshold=threshold, model_size=model_size, save_object=save_object)
    results = detector_tool.execute()

    # Convert results to a dictionary mapping each person to their presence in the group 
    group_count = {person_label: results[l][0]["count"] for person_label, results in results.items()}
    
    # Count the total number of blue hat people
    num_blue_hats = sum(group_count.values())
    
    return num_blue_hats

[EXECUTION EXCEPTION]
Object_Detector_Tool.execute() missing 1 required positional argument: 'self'
code:from object_detector import Object_Detector_Tool

# Check if the dataset image exists and load it
import os
if os.path.exists("/home/stud/wxie/BLINK_Dataset/Counting/val/images/val_Counting_118_image_1.jpg"):
    dataset_image = "/home/stud/wxie/BLINK_Dataset/Counting/val/images/val_Counting_118_image_1.jpg"
else:
    raise ValueError("Dataset image not found.")

# Use the object detector tool to locate the objects
detected_objects, object_number = Object_Detector_Tool.execute(
    image=dataset_image, labels=["baseball", "basket"], save_object=True, saved_image_path="detected_objects"
)

# Analyze the object number and count the number of people wearing a blue hat
total_number_people = detected_objects["label_counts"]["baseball"] + detected_objects["label_counts"]["basket"]
number_wearing_blue_hat = min(object_number["label_counts"]["baseball"], object_number["label_counts"]["basket"])

final_result = {
    "A": number_wearing_blue_hat,
    "B": 0,
    "C": 0,
    "D": 1
}

[EXECUTION EXCEPTION]
list indices must be integers or slices, not str
code:from object_detector import Object_Detector_Tool

# Step 1: Set the image file path
image_path = "/home/stud/wxie/BLINK_Dataset/Counting/val/images/val_Counting_118_image_1.jpg"

# Step 2: Use the tool to detect objects in the image
labels = ['baseball', 'basket']
object_number = Object_Detector_Tool.execute(image_path, labels, True, "detected_objects")
object_number

# Step 3: Print the label that has the least number of objects in the image
final_result = '0'

# Step 4: Check if the label 'baseball' has the least number of objects in the image
if object_number['detected_objects'][0]['category'] == 'baseball' and float(object_number['detected_objects'][0]['box'][5]) < 0.90:
    final_result = '0'

# Step 5: Close the tool
Object_Detector_Tool.close_tool()

[None RESULT]

