
============================== NEW SCCESSFUL EXECUTION ==============================
[EXEC CODE]
from object_detector import Object_Detector_Tool
final_result = "B"
[THE PRINT OUTPUT]

[GENERATE FINAL_RESULT]
B

============================== END ==============================

============================== NEW SCCESSFUL EXECUTION ==============================
[EXEC CODE]
final_result = {
    'B': 1,
    'C': 1,
    'D': 2,
    'E': 2
}
[THE PRINT OUTPUT]

[GENERATE FINAL_RESULT]
{'B': 1, 'C': 1, 'D': 2, 'E': 2}

============================== END ==============================
