
[EXECUTION EXCEPTION]
Object_Detector_Tool.execute() missing 1 required positional argument: 'labels'
code:from object_detector import Object_Detector_Tool

# Load image and classify object labels
detector_tool = Object_Detector_Tool()
labels = detector_tool.execute(image="/home/stud/wxie/BLINK_Dataset/Counting/val/images/val_Counting_91_image_1.jpg", save_object=True)

# Check for 'i' in each object label
final_result = False
for label in labels['output_types'][1]['labels']:
    if "i" in label:
        print(f"Object {label.get('label', '')} contains 'i' in the label.")
        final_result = True

# Determine the correct option based on the result
if final_result:
    print("One or more object labels contain the letter 'i'.")
else:
    print("No object label contains the letter 'i'.")

[EXECUTION EXCEPTION]
Object_Detector_Tool.execute() missing 1 required positional argument: 'labels'
code:from object_detector import Object_Detector_Tool

# Load the image and get the labels to be detected
image_path = "/home/stud/wxie/BLINK_Dataset/Counting/val/images/val_Counting_91_image_1.jpg"
labels_to_detect = ["skiing","singing","ski", "winter sports"]
object_detector_tool = Object_Detector_Tool()
object_detector_tool.object_labels = labels_to_detect
result = object_detector_tool.execute(image_path)

# Print the detected labels and counts
for label, count in result['object_number'].items():
    print(f"Label: {label}, Detected Count: {count}")

# Count the labels with "ski" in them
results_counts = object_detector_tool['object_number']
for label, count in results_counts.items():
    if 'ski' in label:
        num_ski = count
        break

# Check if the label "skiing" has exactly 10 as the count
if num_ski == 10:
    final_result = "B"
else:
    final_result = "D"

print(final_result)

[EXECUTION EXCEPTION]
Object_Detector_Tool.execute() missing 1 required positional argument: 'self'
code:from object_detector import Object_Detector_Tool  # Import the object_detector utility.

# Call the object_detector utility to find words containing the letter "i"
labels = ["i", "in", "is", "the", "in"]
detected_objects, obj_count = Object_Detector_Tool.execute(image="/home/stud/wxie/BLINK_Dataset/Counting/val/images/val_Counting_91_image_1.jpg", labels=labels)

# Analyze the object_count dictionary
if obj_count.get("i", 0) + obj_count.get("in", 0) + obj_count.get("is", 0) + obj_count.get("the", 0) + obj_count.get("in", 0) > 0:
    final_result = "D"
elif obj_count.get("i", 0) + obj_count.get("in", 0) + obj_count.get("is", 0) + obj_count.get("the", 0) + obj_count.get("in", 0) <= 5:
    final_result = "C"  # A few objects
else:
    final_result = "B"  # Many objects

final_result

[EXECUTION EXCEPTION]
not enough values to unpack (expected 2, got 0)
code:from object_detector import Object_Detector_Tool

# Initialize the object detector tool
object_detector_tool = Object_Detector_Tool()

# Set the image path and other parameters
image_path = '/home/stud/wxie/BLINK_Dataset/Counting/val/images/val_Counting_91_image_1.jpg'
labels = ["baseball", "basket"]
threshold = 0.45
model_size = "tiny"
save_object = True
saved_image_path = "detected_objects"

# Detect the sports related objects
detected_objects, object_number = object_detector_tool.execute(image=image_path, labels=labels, save_object=save_object, threshold=threshold, model_size=model_size)
object_number

[EXECUTION EXCEPTION]
'str' object has no attribute 'items'
code:from object_detector import Object_Detector_Tool

# Sample image data
path_to_image = "/home/stud/wxie/BLINK_Dataset/Counting/val/images/val_Counting_91_image_1.jpg"

# Initialize tool
detector_tool = Object_Detector_Tool()

# Detect objects in the image and save results
object_number = detector_tool.execute(image=path_to_image, labels=["i", "i", "i"], save_object=True, saved_image_path="object_detected")

# Check for the presence of 'i' in at least one detected object
for label, detection_results in detector_tool.output_types[1].items():
    for result in detection_results['boxes']:
        if 'i' in label:
            final_result = label
            break
    else:
        final_result = "A"
    break

# Output final result
final_result

[EXECUTION EXCEPTION]
closing parenthesis ')' does not match opening parenthesis '[' (<string>, line 6)
code:from object_detector import Object_Detector_Tool

# Load the image file
image_path = '/home/stud/wxie/BLINK_Dataset/Counting/val/images/val_Counting_91_image_1.jpg'
object_detector = Object_Detector_Tool()
detected_objects, object_number = object_detector.execute(image=image_path, labels=['ski'), save_object=True, saved_image_path='detected_objects', threshold=.95)
print(detected_objects)
final_result = object_number['baseball']

if final_result == 0 or final_result == 0:
    final_result = 1

print(max(final_result.values(), default=0))

[None RESULT]


[EXECUTION EXCEPTION]
Object_Detector_Tool.__init__() got an unexpected keyword argument 'saved_image_path'
code:from object_detector import Object_Detector_Tool

# Load the image and use the object detector tool to detect objects
image_path = "/path/to/image.png"  # Replace with your image path
labels = ["baseball", "basket"]
threshold = 0.45
model_size = "tiny"
save_object = True

object_detector_tool = Object_Detector_Tool(image_path, labels, threshold, model_size, save_object, saved_image_path="detected_objects")

# Count detected objects
label_counts = {label: object_detector_tool.result[1]["count"] for label, result in object_detector_tool.result.items()}

# Filter for "baseball" and "basket" and group them by label
baseball_hitters = ["baseball"]
basketball_wingers = ["basket"]

baseball_hitters_counts = {label: count for label, count in object_detector_tool.result["baseball_hitters"].items() if label in baseball_hitters}
basketball_wingers_counts = {label: count for label, count in object_detector_tool.result["basketball_wingers"].items() if label in basketball_wingers}

# Calculate the total number of "baseball" and "basket" detected
total_baseball_bills = sum(baseball_hitters_counts.values())
total_Basketball_Wings = sum(basketball_wingers_counts.values())

# Example usage:
# total_baseball_bills, total_Basketball_Wings
(final_result, count) = object_detector_tool.execute(image=image_path, labels=labels, threshold=threshold, model_size=model_size, save_object=save_object)
