
[Exctuion Failed]

Object_Detector_Tool.execute() got an unexpected keyword argument 'languages'
code: 

from object_detector import Object_Detector_Tool

def count_pillows():
    # Retrieve the image from the provided path
    image_path = "/nfs/data8/liao/wxie/SAT/SAT_images_train/5020_0.png"

    # Execute the object_detector tool with the specified path
    detected_objects, object_number = Object_Detector_Tool.execute(image=image_path, save_object=True, languages=['en', 'es', 'fr'])

    # Check if text detection failed any time
    failed = False
    for label, detections in detected_objects.items():
        failed = not all(d['saved_image_path'] or d.get('box') for d in detections)

    if not failed:
        return len(detected_objects['baseball']) + len(detected_objects['basket'])

    return "Failed to count pillows because text detection failed."

# The program will run and then return the response within the final_result variable

final_result = count_pillows()
print("Number of pillows:", final_result)


============================== END ==============================


[Exctuion Failed]

Object_Detector_Tool.execute() missing 1 required positional argument: 'self'
code: 

from object_detector import Object_Detector_Tool

file = '/nfs/data8/liao/wxie/SAT/SAT_images_train/5020_0.png'
labels = ['baseball', 'basket']
threshold = 0.35
save_object = True
saved_image_path = 'detected_objects'

detected_objects, object_number = Object_Detector_Tool.execute(image=file, labels=labels, save_object=save_object, saved_image_path=saved_image_path)

object_number


============================== END ==============================


[Exctuion Failed]

Object_Detector_Tool.execute() missing 1 required positional argument: 'self'
code: 

from object_detector import Object_Detector_Tool

# Specify the image path and other parameters
image_path = "/nfs/data8/liao/wxie/SAT/SAT_images_train/5020_0.png"
labels = ['baseball', 'basket']
threshold = 0.35
model_size = 'base'
save_object = True

result = Object_Detector_Tool.execute(image=image_path, labels=labels, threshold=threshold, model_size=model_size, save_object=save_object)

if not save_object:
    print(f"Detected objects: {result}")
else:
    detected_objects = result[0]
    objects = [image + '/object_' + object + '_box.png' for object in detected_objects]
    
    total_count = len(detected_objects)
    print(f"Total objects: {total_count}, saved at: {objects}")

if total_count > 0:
    print(f"Detailed object names and counts:")

    obj_objects = [detected_objects[i] for i in range(len(detected_objects)) for obj in detected_objects]

    for i, obj in enumerate(obj_objects):
        print(f"Object {i}. Labels: {detected_objects[i]}, Confidences: {obj['score']}, Path: {obj['saved_image_path']}")


============================== END ==============================


[Exctuion Failed]

Text_Detector_Tool.execute() missing 1 required positional argument: 'self'
code: 
from object_detector import Object_Detector_Tool
from text_detector import Text_Detector_Tool

result = Text_Detector_Tool.execute(image="5020_0.png", languages=["de"])

print(result) # the detected text and its confidence scores would be printed in this part

for detected in result:
    print(f"Text {detected[2]}: [{detected[1]}], {detected[0]} {detected[3]}")

output = Object_Detector_Tool.execute(image="5020_0.png", labels=["baseball", "basket"], save_object=True, saved_image_path="detected_objects")

for label, detections in output.items():
    print(f"Labels: {label}, {label} {len(detections)}")



============================== END ==============================


[Exctuion Failed]

unexpected indent (<string>, line 2)
code: 

 from object_detector import Object_Detector_Tool

final_result = {
    "Pillows": 0
}

# Demonstration of object detection using the Object_Detector_Tool with given parameter values
detected_objects, object_number = Object_Detector_Tool.execute(image='/nfs/data8/liao/wxie/SAT/SAT_images_train/5020_0.png', labels=['pillow', 'dust'], save_object=True)

objects = detected_objects['pillow']

# Calculating number of pillows
number_of_pillows = {"pillow": len(objects) }

if not num_of_pillows['pillow'] > 0:
    final_result['Pillows'] = 0

print(final_result)


============================== END ==============================

