
[QAid]9350_0

[Code Extraction Failed or Parse Failed]

No Python code block found in completion.

Completion Content: 
The correct answer is: B
[QAid]9350_0

[Code Extraction Failed or Parse Failed]

No Python code block found in completion.

Completion Content: 
After analyzing the final answer (as a string), the output will be displayed as:
B
[QAid]9350_0

[Code Extraction Failed or Parse Failed]

No Python code block found in completion.

Completion Content: 
The relative positions are not given directly, but we can determine them by analyzing the images and their bounding box coordinates.

From the objects found by the Object_Detector_Tool, we can see the coordinates and objects' names:
- A: (A)
- C: (C)
- B: (B)

We can further analyze the objects B, C, and A based on their bounding box coordinates:
- Object B has a bounding box with coordinates (x1, y1, x2, y2) at (A, A), and it has a score of 0.5.
- Object C has a bounding box with coordinates (x1, y1, x2, y2) at (C, C), and it has a score of 0.5.
- Object A has a bounding box with coordinates (x1, y1, x2, y2) at (B, B), and it has a score of 0.3.

Since Object B is the least specific (its bounding box is the same as Object A), we can assume B and A to be close to each other on the board.

Therefore, the relative positions of the objects are not explicitly given, but it can be inferred that Object B and Object A are positioned close to each other, possibly due to their similar bounding boxes and low scores.
[QAid]9350_0

[Code Extraction Failed or Parse Failed]

No Python code block found in completion.

Completion Content: 
final_result = "right"
print(final_result)
[QAid]9350_0

[Code Extraction Failed or Parse Failed]

No Python code block found in completion.

Completion Content: 
Based on the visual input you provided, the black wooden dresser is to the left of the walnut TV stand.
[QAid]9350_0

[Code Extraction Failed or Parse Failed]

No Python code block found in completion.

Completion Content: 
The final answer (as a string, e.g., "B") is:
right
[QAid]9350_0

[Code Extraction Failed or Parse Failed]

No Python code block found in completion.

Completion Content: 
To determine the relative positions of the black wooden dresser and the walnut tv stand, let's analyze the image step by step:

1. The black wooden dresser (letter A) is positioned to the left of the walnut tv stand (letter C).
2. The walnut tv stand (letter C) is positioned directly to the right of the black wooden dresser (letter A).

Based on this analysis, the correct answer is letter C, which represents the walnut tv stand.
[QAid]9350_0

[Code Extraction Failed or Parse Failed]

No Python code block found in completion.

Completion Content: 
To determine whether black wooden dresser is to the left or right of walnut tv stand, we need to compare the relative positions of these two objects in the image.

In the image, we can observe:

- The black wooden dresser is located on the left side of the room.
- The walnut tv stand is located in the center of the right side of the room.

Analyzing these positions, we find that the black wooden dresser is indeed to the left of the walnut tv stand.

Therefore, the final answer is:
B