
[QAid]4854_0

[Code does not include Tools Usage]
code: 
final_result = 0 
============================== END ==============================


[QAid]4854_0

[Code does not include Tools Usage]
code: 
final_result = 0
============================== END ==============================


[QAid]4854_0

[Code does not include Tools Usage]
code: 
final_result = 0
============================== END ==============================


[QAid]4854_0

[Code does not include Tools Usage]
code: 
final_result = 0
============================== END ==============================


[QAid]4854_0

[Code does not include Tools Usage]
code: 
final_result = 0
============================== END ==============================


[QAid]4854_0

[Code Extraction Failed or Parse Failed]

invalid syntax (<unknown>, line 11)

Completion Content: 
<command>
def count_dining_tables(image_path):
    with Image.open(image_path) as img:
        detected_objects = Object_Detector_Tool.execute(image=img, labels=['DiningTable'], save_object=True)
        if len(detected_objects) > 0:
            return len(detected_objects)
    return 0

final_result = count_dining_tables('/nfs/data8/liao/wxie/SAT/SAT_images_train/4854_0.png')
if final_result:
    print(f"A DiningTable is visible in the scene.") else:
    print(f"No DiningTable is visible in the scene.")
</command>
============================== END ==============================

