
[Exctuion Failed]

No module named 'Object_Detector_Tool'
code: 

import Object_Detector_Tool

# Execute the object_detection function using the provided dataset
object_result = Object_Detector_Tool.execute(image="path_to_image",
                                            labels=["baseball", "basket"],
                                            save_object=True)

object_result


============================== END ==============================


[Exctuion Failed]

No module named 'object_detector_tool'
code: 

from object_detector_tool import Object_Detector_Tool

# Executing the object_detector_tool
object_detector_result = Object_Detector_Tool.execute(image="path/to/image", labels=["baseball", "basket"], save_object=True, saved_image_path="detected_objects")

# Extracting the object number and detected labels
object_number = object_detector_result["object_number"]

# Checking if text detection was successful
if "detected_objects" in object_detector_result:
    detected_objects = object_detector_result["detected_objects"]
else:
    detected_objects = None

# final_result
final_result = {
    "objects": object_number,
    "detected_objects": detected_objects
}


============================== END ==============================


[Exctuion Failed]

No module named 'Object_Detector_Tool'
code: 

from Object_Detector_Tool import Object_Detector_Tool

object_detector_tool = Object_Detector_Tool()

image_path = '/nfs/data8/liao/wxie/SAT/SAT_images_train/880_0.png'  # Replace with the actual image path

# Detect objects using the image_path
label_results = object_detector_tool.execute(image=image_path,
                                             labels=['baseball', 'basket'],
                                             save_object=False,
                                             saved_image_path=None)

# Get the number of detected labels
label_count = len(label_results['detected_objects'])

final_result = {
    'label_count': label_count,
    'detected_labels': len(label_results['detected_objects']) if label_results.get('detected_objects', []) else 0
}


============================== END ==============================


[Exctuion Failed]

unexpected character after line continuation character (<string>, line 14)
code: 

from object_detector_tool import Object_Detector_Tool

final_result = Object_Detector_Tool.execute(
    image="/nfs/data8/liao/wxie/SAT/SAT_images_train/880_0.png", 
    labels=["chair", "table", "cup", "sink"], 
    save_object=True, 
    saved_image_path="detected_objects"
)

if final_result:
    detected_objects = final_result[0]
    object_number = len(detected_objects)
    final_result = f"detected_objects : {"\n".join(detection_info['box'] for detection_info in detected_objects)}\nobject_number : {object_number}\n"
else:
    final_result = ""


============================== END ==============================


[Exctuion Failed]

No module named 'object_detector_tool'
code: 

from object_detector_tool import Object_Detector_Tool

result = Object_Detector_Tool().execute(image="path/to/image", labels=["baseball", "basket"], save_object=True, saved_image_path="detected_objects")

# Output information
detected_objects = result[0]
object_number = result[1]

if detected_objects:
  detected_objects = {k: v for k, v in detected_objects.items() if v and isinstance(v[0], str)}
  final_result = f"{len(detected_objects)} Chairs detected\ndetected_objects:\n{detected_objects}\none"
else:
  final_result = "No detected objects"


============================== END ==============================


[Exctuion Failed]

No module named 'object_detector_tool'
code: 

from object_detector_tool import Object_Detector_Tool

# Initialize the object detector tool
object_detector_tool = Object_Detector_Tool()

# Initialize an empty dictionary to map detected objects
detected_objects = {
  'baseball': [],
  'basket': []
}

# Check if the "baseball" and "basket" are present in the image
if 'baseball' in object_detector_tool.labels:
  # Execute the object detection engine and store the detected objects in the dictionary
  detected_objects['baseball'] = object_detector_tool.execute(image='path/to/image', labels=[ 'baseball'], save_object=True, saved_image_path="detected_objects")

if 'basket' in object_detector_tool.labels:
  # Execute the object detection engine and store the detected objects in the dictionary
  detected_objects['basket'] = object_detector_tool.execute(image='path/to/image', labels=[ 'basket'], save_object=True, saved_image_path="detected_objects")

# Get the total number of objects detected
object_number = object_detector_tool.execute(image='path/to/image', labels=[ 'baseball', 'basket'], save_object=True, saved_image_path="detected_objects")
final_result = {**detected_objects, 'object_number' : object_number} 
print(final_result)


============================== END ==============================

