
[QAid]2068_0

[Code Includes Tools Usage]
code: 

from_object_detector= Object_Detector_Tool

result=from_object_detector.execute(image='path_to_image.png',labels=['Framed mountain landscape'], save_object=True, saved_image_path='focal_point')
result

============================== END ==============================


[QAid]2068_0

[Code Extraction Failed or Parse Failed]

No Python code block found in completion.

Completion Content: 
To answer the question, we need to specify the coordinates and confidence scores of the objects in the input image. However, since we don't have a specific image file, we can't directly use the 'object_detector' tool to detect objects in the image. Instead, we can use the 'text_detector' tool to detect the text in the image.

Here's the Python code:

```python
from object_detector import Object_Detector_Tool
from text_detector import Text_Detector_Tool

image_path = 'path/to/image.png'
detected_objects = Object_Detector_Tool.execute(image_path)
text_results = Text_Detector_Tool.execute(image_path)

# Separate objects and text
objects = [detected_objects['baseball']]['bbox' in result for result in text_results]
text = [result['text'] for result in text_results]

# Filter objects to have confidence scores > 0.35
objects_filtered = [(obj, result['bbox'][0]) for obj, result in zip(objects, text_results) if result['bbox'][2] > 0.35]

fin_result = ''
for obj, coord in obj_filtered:
    fin_result += f'{coord} ({obj})\n'

print("Final result:", fin_result)
```

Note: The `object_detector` and `text_detector` tools are the main tools used in the solution, not any of the other listed tools.
============================== END ==============================


[QAid]2068_0

[Code does not include Tools Usage]
code: 

final_result = {
    "fence": False,
    "closed": False,
    "kitchen": False,
    "dining": False
}

============================== END ==============================


[QAid]2068_0

[Code Extraction Failed or Parse Failed]

No Python code block found in completion.

Completion Content: 
final_result = "left"
============================== END ==============================


[QAid]2068_0

[Code Extraction Failed or Parse Failed]

No Python code block found in completion.

Completion Content: 
To determine the relative positions of the framed mountain landscape photo to the door in the image, we would need to analyze it pixel by pixel. For this specific task, the given environment does not provide information suitable for such detailed analysis. Therefore, the Python code to generate a final answer based on the image would require detailed information on bounding boxes and colors of detected objects, which are not provided in this case.
============================== END ==============================


[QAid]2068_0

[Code Extraction Failed or Parse Failed]

No Python code block found in completion.

Completion Content: 
To determine the relative positions of the framed mountain landscape photo with respect to the doorframe, we can use the `pixel_depth_tool` from the `pixel_level_depth_estimator` toolkit. First, we need to load the image using the `object_detector` toolkit:

```python
from object_detector_tool import Object_Detector_Tool

object_detector_tool = Object_Detector_Tool()
image_path = image_path
labels = ["mountain landscape"]
threshold = 0.7
model_size = "tiny"
# Save detected objects as images if 'save_object' is True
if save_object:
    object_detector_tool.execute(image=image_path, labels=labels, save_object=True, saved_image_path="detected_objects")
```

Now, we will use the `pixel_depth_tool` to analyze the depth of the image:

```python
import image

# Process input image using pixel_depth_tool
output_depth_results = pixel_depth_tool.execute(image=image_path)

# Check if the result list is empty: If not, we will take the first depth map
if len(output_depth_results["image1_results"]) > 0:
    depth_image = output_depth_results["image1_results"][0]["depth_map"]
    output_image_path = output_depth_results["image1_results"][0]["output_image_path"]

    # Save the depth image if the 'save_output' parameter is True
    if save_output:
        output_image_path = f"{outdir}/image_depth.png"
        pixel_depth_tool.save_output(image_path, image_path, output_image_path)
```

The `pixel_depth_tool` will perform different operations based on the inputs, so ensure you refer to the `pixel_depth_tool` documentation to see the full functionality. This script will analyze the depth map and save it if the 'save_output' parameter is True. The final processing will differ based on the specific requirements of your task.
============================== END ==============================


[QAid]2068_0

[Code Includes Tools Usage]
code: 

Object_Detector_Tool.execute(image='path_to_image.png', labels=['basket'], languages=('fr', 'en'), detail=1)

============================== END ==============================


[QAid]2068_0

[Code Extraction Failed or Parse Failed]

No Python code block found in completion.

Completion Content: 
from object_detector import Object_Detector_Tool

# Initialize the object detector tool
object_detector = Object_Detector_Tool()

# Define the image path
image_path = 'path/to/image.png'

# Detect interest objects in the image
object_info = object_detector.execute(image=image_path, labels=['basketball', 'baseball'], threshold=0.35, model_size='tiny', save_object=True, saved_image_path='detected_objects')

# Access the object information
detected_objects = object_info[0]
object_number = object_info[1]

# Print the detected objects and their counts
print(json.dumps(detected_objects, indent=2))
print(json.dumps(object_number, indent=4))
============================== END ==============================

