
[Exctuion Failed]

Object_Detector_Tool.execute() missing 1 required positional argument: 'self'
code: 

from object_detector import Object_Detector_Tool

final_result = Object_Detector_Tool.execute(image='image.png', labels=['television'], threshold=0.35, model_size='tiny')

if 'status' not in final_result[0]['image_info']:
    print(final_result)
else:
    print(final_result[0]['image_info']['status'])


============================== END ==============================


[None RESULT]


[Successful Execution but Get None RESULT]
[EXEC CODE]

def detect_tv_position(image_path):
    # import object detector tool
    from object_detector import Object_Detector_Tool

    # retrieve the detected objects
    detected_objects = Object_Detector_Tool.execute(image_path, labels={'TV': 'baseball'}, save_object=True, saved_image_path='detected_objects')
    
    # calculate the distance between the TV and the TV stand
    distance_tv_to_stand = 1.5

    # return the calculated distance
    return distance_tv_to_stand


============================== END ==============================

