--- Completion 1 ---
<command>
from object_detector import Object_Detector_Tool

final_result = Object_Detector_Tool.execute(image='path/to/image.png', labels=['basketball', 'baseball'], save_object=True, saved_image_path='detected_objects')
print(final_result)
</command>
Reward: 1.0

--- Completion 2 ---
<command>
from object_detector.Object_Detector_Tool import Object_Detector_Tool

final_result = Object_Detector_Tool.execute(image='8219_0.png', labels=['basketball', 'television'], save_object=True)

if isinstance(final_result[0], dict):
        for label in final_result[0]:
        if label.get("object_number") == final_result[0].get("basketball"):
            print("Basketball can be seen. Number of Basketball: ",label.get("object_number"))         
        elif label.get("object_number") == final_result[0].get("television"):
            print("Television can be seen. Number of Television: ",label.get("object_number"))
else:
        print("No detected objects.")
</command>
Reward: 1.0

--- Completion 3 ---
<command>
from object_detector import Object_Detector_Tool

# Executing the Image Text Detection
detected_objects = Object_Detector_Tool.execute(image=r'', labels=[], save_object=True)

print(detected_objects)
</command>
Reward: 0.5

--- Completion 4 ---
<command>
from object_detector import Object_Detector_Tool

final_result = Object_Detector_Tool.execute(
  image='living_room_room_10_20151222204561688.png',
  labels=['电视', '桌子'],
  save_object=True,
  saved_image_path='detected_objects'
)

print(final_result)
</command>
Reward: 1.0

--- Completion 5 ---
<command>
from object_detector import Object_Detection_Tool

final_result = Object_Detection_Tool.execute(image='/nfs/data8/liao/wxie/SAT/SAT_images_train/8219_0.png', labels=['television'], threshold=0.35, model_size='tiny', save_object=True, saved_image_path='detected_objects')
print(final_result)
</command>
Reward: 1.0

--- Completion 6 ---
<command>
from object_detector import Object_Detector_Tool

final_result = Object_Detector_Tool.execute(image='path_to_your_image.png', labels=['baseball', 'basket'], save_object=True, saved_image_path='detected_objects')
print(final_result)
</command>
Reward: 1.0

