
[QAid]11491_0

[Code Includes Tools Usage]
code: 

from object_detector import Object_Detector_Tool

final_result = Object_Detector_Tool().execute(image='path/to_image', labels=['baseball', 'basket'], save_object=True, saved_image_path='detected_objects')

============================== END ==============================


[QAid]11491_0

[Code Includes Tools Usage]
code: 

from object_detector import Object_Detector_Tool

final_result = Object_Detector_Tool().execute(image='path/to/image', labels=['House Plant'], save_object=False)

============================== END ==============================


[QAid]11491_0

[Code Includes Tools Usage]
code: 

from object_detector import Object_Detector_Tool

final_result = Object_Detector_Tool().execute(image='path_to_image', labels=['House Plant'], threshold=0.35, save_object=True, saved_image_path='detected_objects')

============================== END ==============================


[QAid]11491_0

[Code Includes Tools Usage]
code: 

from object_detector import Object_Detector_Tool

final_result = Object_Detector_Tool().execute(image='path/to/image', labels=['baseball', 'basket'], save_object=True, saved_image_path='detected_objects')

============================== END ==============================


[QAid]11491_0

[Code Includes Tools Usage]
code: 

from object_detector import Object_Detector_Tool

final_result = Object_Detector_Tool().execute(image='path/to_image', labels=['houseplant'], save_object=True, saved_image_path='detected_objects')
print(final_result)

============================== END ==============================


[QAid]11491_0

[Code Includes Tools Usage]
code: 

from object_detector import Object_Detector_Tool

final_result = Object_Detector_Tool().execute(image='11491_0.png',
                                             labels=['HousePlants'],
                                             save_object=True,
                                             saved_image_path='detected_objects')

============================== END ==============================

