
[EXECUTION EXCEPTION]
Object_Detector_Tool.execute() missing 1 required positional argument: 'self'
code:from object_detector import Object_Detector_Tool

# Load image and labels
path_to_image = "/path/to/val_Counting_116_image_1.jpg"
labels = ["baseball", "basket"]
label_grouped_detection_results = None
labels_count = None

# Use object_detector to detect objects
detected_objects, labels_count = Object_Detector_Tool.execute(image=path_to_image, 
                                                               labels=labels, 
                                                               save_object=True, 
                                                               saved_image_path="detected_objects")

# Group detection results by label
labels_grouped_detection_results = detected_objects.groupby(0)

# Determine number of objects
number_of_objects = len(labels_grouped_detection_results)

# Print results
print(f"Number of objects detected: {number_of_objects}")
if labels_count is not None:
    print(f"Count of labels detected: {labels_count}")

final_result = number_of_objects

[EXECUTION EXCEPTION]
Object_Detector_Tool.execute() missing 1 required positional argument: 'self'
code:from object_detector import Object_Detector_Tool

final_result = Object_Detector_Tool.execute(image='/home/stud/wxie/BLINK_Dataset/Counting/val/images/val_Counting_116_image_1.jpg', labels=["tennis"], save_object=True, saved_image_path="detected_objects")
detected_objects, object_number = final_result

for detected_obj_dict in detected_objects:
    for obj_val in detected_obj_dict.values():
        for box_val in obj_val['boxes']:
            for score_val in obj_val['confidence_scores']:
                print(f"Detected object: {detected_obj_dict['labels'][box_val['class_name']]} ({box_val['score']:.2f}).")

[EXECUTION EXCEPTION]
No module named 'object_detector.object_detector'
code:from object_detector.object_detector import Object_Detector_Tool

# Load the image
image_path = "/home/stud/wxie/BLINK_Dataset/Counting/val/images/val_Counting_116_image_1.jpg"
detector = Object_Detector_Tool()
results = detector.execute(image_path, labels=["player"], save_object=True)
final_result = results[0]
labels = final_result["labels"]
boxes = final_result["boxes"]
confidence_scores = final_result["confidence_scores"]
for detection in labels.values():
    print(f"Player {detection['image_path']} at ({detection['left']}, {detection['top']}, {detection['width']}, {detection['height']}), Confidence Score: {detection['confidence_score']}")
