
[Exctuion Failed]

No module named 'Object_Detector_Tool'
code: 
from Object_Detector_Tool import Object_Detector_Tool
from text_detector import Text_Detector_Tool

# Assuming 'path/to/image.png' is the path to the image
result1 = Text_Detector_Tool.execute(image='path/to/image.png', languages=['en', 'de'], detail=0)
final_result1 = result1[0][1]

result2 = Object_Detector_Tool.execute(image='path/to/image.png', labels=[result1[0][1].split(", ")[0]], save_object=True)
final_result2 = [obj["file_name"] for obj in result2]

final_result = final_result1 + final_result2

print(final_result)


============================== END ==============================


[Exctuion Failed]

Object_Detector_Tool.execute() missing 3 required positional arguments: 'self', 'image', and 'labels'
code: 

from object_detector import Object_Detector_Tool

final_result = Object_Detector_Tool.execute()
print(final_result)


============================== END ==============================


[Exctuion Failed]

Object_Detector_Tool.execute() missing 1 required positional argument: 'self'
code: 

from object_detector import Object_Detector_Tool

# Define the variables
image_path = "/nfs/data8/liao/wxie/SAT/SAT_images_train/1616_0.png"
labels = ['baseball', 'basket']
threshold = 0.35
model_size = 'tiny'
save_object = True
saved_image_path = 'detected_objects'

# Execute the object detector
result = Object_Detector_Tool.execute(image=image_path, labels=labels, threshold=threshold, model_size=model_size, save_object=save_object, saved_image_path=saved_image_path)

# Extract the total count for each detected label from the result
object_number = result['object_number']

# Print the results for the user
final_result = {
    'detected_objects': {
        'baseball': result['detected_objects'].get('baseball', []),
        'basket': result['detected_objects'].get('basket', [])
    },
    'object_number': object_number
}


============================== END ==============================


[Exctuion Failed]

No module named 'tools'
code: 

from tools.object_detector import Object_Detector_Tool

final_result = Object_Detector_Tool.execute(image='"path/to/image.png"', labels=['baseball', 'basket'], save_object=True, saved_image_path='detected_objects')

if final_result:
    detected_objects = final_result['detected_objects']
    object_number = final_result['object_number']
    print(f'Number of detected objects: {object_number}\n')
    for obj in detected_objects.values():
        print(f'  - {obj["save_image_path"]} ({obj["score"]}: {obj["bbox"]})\n')
else:
    print('No text detected.')


============================== END ==============================

