--- Completion 1 ---
<command>final_result = "1"
print("The number of fridges visible in the scene is 1.")
</command>
Reward: 0.5

--- Completion 2 ---
<command>final_result = "1"  # The correct answer is the number of visible fridges, which is 1 in this scenario
</command>
Reward: 0.5

--- Completion 3 ---
<command>final_result = "1"
</command>
Reward: 0.5

--- Completion 4 ---
<command>final_result = "1"
</command>
Reward: 0.5

--- Completion 5 ---
<command>final_result = "1"
</command>
Reward: 0.5

--- Completion 6 ---
<command>final_result = "1"
</command>
Reward: 0.5

