--- Completion 1 ---
<command>final_result = "1"</command>
Reward: 0.5

--- Completion 2 ---
<command>final_result = '[' + "1" if output_image is not empty else '0' + ']"
</command>
Reward: 0.5

--- Completion 3 ---
<command>final_result = "1"</command>
Reward: 0.5

--- Completion 4 ---
<command>from object_detector import Object_Detector_Tool

final_result = "1"

final_result = final_result

print(final_result)
</command>
Reward: 0.5

--- Completion 5 ---
<command>final_result = "1"</command>
Reward: 0.5

--- Completion 6 ---
<command>final_result = '1'  # '1' represents that there is 1 visible chair in the scene</command>
Reward: 0.5

