
[QAid]12131_0

[Code Includes Tools Usage]
code: 

from object_detector import Object_Detector_Tool

final_result = Object_Detector_Tool().execute(image='path/to/image', labels=['bed'], save_object=True)

============================== END ==============================


[QAid]12131_0

[Code Includes Tools Usage]
code: 

from object_detector import Object_Detector_Tool

final_result = Object_Detector_Tool().execute(image='path/to/image', labels=['bed'], save_object=True, saved_image_path='detected_objects')

============================== END ==============================


[QAid]12131_0

[Code Includes Tools Usage]
code: 

from object_detector import Object_Detector_Tool

final_result = Object_Detector_Tool().execute(image='path_to_image', labels=['bed'], save_object=True, saved_image_path='detected_objects')

============================== END ==============================


[QAid]12131_0

[Code Includes Tools Usage]
code: 

from object_detector import Object_Detector_Tool

final_result = Object_Detector_Tool().execute(image='/nfs/data8/liao/wxie/SAT/SAT_images_train/12131_0.png', labels=['bed', 'desk'], threshold=0.6, save_object=True, saved_image_path='detected_objects')

============================== END ==============================


[QAid]12131_0

[Code Extraction Failed or Parse Failed]

closing parenthesis '}' does not match opening parenthesis '[' (<unknown>, line 4)

Completion Content: 
<command>
from object_detector import Object_Detector_Tool

final_result = Object_Detector_Tool().execute(image='path/to/bedroom_image', labels=['bed'}, save_object=True, saved_image_path='result_images')
</command>
============================== END ==============================


[QAid]12131_0

[Code Includes Tools Usage]
code: 

from object_detector import Object_Detector_Tool

final_result = Object_Detector_Tool().execute(image='path/to/image', labels=['baseball', 'basket'], save_object=True, saved_image_path='detected_objects')

============================== END ==============================

