
============================== NEW SCCESSFUL EXECUTION ==============================
[EXEC CODE]
from object_detector import Object_Detector_Tool

def count_glasses():
    # Path of the image file
    image_path = "/home/stud/wxie/BLINK_Dataset/Counting/val/images/val_Counting_12_image_1.jpg"

    # Labels to detect
    labels = ["water glass"]

    # confidence threshold
    confidence_threshold = 0.5

    # model size
    model_size = "tiny"

    # Save object detection results as images
    save_objects = True

    # Create the object detector tool object
    object_detector_tool = Object_Detector_Tool(image_path, labels=labels, confidence_threshold=confidence_threshold, model_size=model_size, save_objects=save_objects)

    # Get the total count for each label
    detected_objects = object_detector_tool.execute()

    # Check if there are detected objects
    if detected_objects:
        # Retrieve the object labels list
        labels_list = detected_objects["object_number"]

        # Count the number of detected objects
        object_count = detected_objects["object_number"]["baseball"] + detected_objects["object_number"]["basket"]
    else:
        object_count = 0

    # Print the number of detected objects
    print(f"Number of glasses: {object_count}")

if __name__ == "__main__":
    count_glasses()
[THE PRINT OUTPUT]

[GENERATE FINAL_RESULT]
None
