
[QAid]1553_0

[Code Includes Tools Usage]
code: 

from object_detector import Object_Detector_Tool
final_result = Object_Detector_Tool().execute(image='path/to/image', labels=['baseball'], save_object=True, saved_image_path='detected_objects')
print(final_result)

============================== END ==============================


[QAid]1553_0

[Code Includes Tools Usage]
code: 

from object_detector import Object_Detector_Tool
final_result = Object_Detector_Tool().execute(image='./ SAT_images_train/1553_0.png', labels=['baseball', 'basket'], save_object=True, saved_image_path="detected_objects")
print(final_result)

============================== END ==============================


[QAid]1553_0

[Code Includes Tools Usage]
code: 

from object_detector import Object_Detector_Tool

final_result = Object_Detector_Tool().execute(image='path/to/image', labels=['baseball', 'basket'], threshold=0.35)
print(final_result)

============================== END ==============================


[QAid]1553_0

[Code Includes Tools Usage]
code: 

from object_detector import Object_Detector_Tool
import_name: 'Object_Detector_Tool'

final_result = Object_Detector_Tool().execute(image='path/to/image', labels=['baseball', 'basket'], save_object=True, saved_image_path='detected_objects')
print(final_result)

============================== END ==============================


[QAid]1553_0

[Code Includes Tools Usage]
code: 

from object_detector import Object_Detector_Tool

final_result = Object_Detector_Tool().execute(image="path/to/image", labels=["baseball", "basket"], save_object=True, saved_image_path="detected_objects")

print(final_result)

============================== END ==============================


[QAid]1553_0

[Code Includes Tools Usage]
code: 

from object_detector import Object_Detector_Tool
final_result = Object_Detector_Tool().execute(image='path/to/image', labels=['painting'], save_object=True, saved_image_path='detected_objects')
print(final_result)

============================== END ==============================

