
[Exctuion Failed]

No module named 'object_detector'
code: 
import object_detector
import text_detector
import letter_detector

def multiple_choice_answer():
    # image_path = '/home/stud/wxie/BLINK_Dataset/Spatial_Relation/val/images/val_Spatial_Relation_90_image_1.jpg'
    # labels = ['cat', 'teddybear']
    
    # image_path = 'path/to/image.png'
    # languages = ['en', 'de']
    # detail = 1
    # output_path = 'detected_objects'
    
    # results = text_detector.execute(image=image_path, languages=languages, detail=detail)
    # detected_objects = [{"bbox": [100, 150, 200, 150], "text": "cat", "score": 0.95}, {"bbox": [500, 200, 600, 200], "text": "teddybear", "score": 0.85}]
    
    results = letter_detector.execute()
    detected_objects = [{"bbox": [100, 150, 200, 150], "letter": "cat", "score": 0.95}, {"bbox": [500, 200, 600, 200], "letter": "teddybear", "score": 0.85}]

    if "cat" in detected_objects or "teddybear" in detected_objects:
        final_result = "yes"
    else:
        final_result = "no"
    
    print(final_result)

multiple_choice_answer()

============================== END ==============================


[Exctuion Failed]

unmatched ')' (<string>, line 2)
code: 
The cat with teddy bear is:
A) no
final_result: A

============================== END ==============================

