
[QAid]6060_0

[Code does not include Tools Usage]
code: 

============================== END ==============================


[QAid]6060_0

[Code Includes Tools Usage]
code: 

from pixel_depth_tool import Pixel_Depth_Tool

# Executing the tool with the image
depth_results = Pixel_Depth_Tool.execute(image_path=['image_path_1.jpg', 'image_path_2.jpg'], output=True)
print(depth_results)

============================== END ==============================


[QAid]6060_0

[Code Includes Tools Usage]
code: 

final_result = Object_Detector_Tool.execute(image=image_path, labels=[colors_chairs], save_object=True, saved_image_path="detected_objects")
print(final_result)

============================== END ==============================


[QAid]6060_0

[Code Includes Tools Usage]
code: 

from object_detector import Object_Detector_Tool

# Execute the Object_Detector_Tool
final_result = Object_Detector_Tool.execute(image='path/to/image.png', save_object=True, saved_image_path='detected_objects')

print(final_result)

============================== END ==============================


[QAid]6060_0

[Code Extraction Failed or Parse Failed]

No Python code block found in completion.

Completion Content: 
<command>
from object_detector import Object_Detector_Tool

# Call the function
detected_objects, _ = Object_Detector_Tool.execute(image='path/to/image.png', labels=['baseball', 'basket'], save_object=True, saved_image_path='detected_objects')

# Print the results
print(f"Detected objects: {detected_objects}")
"""

<command>
import object_detector

# Call the function
image_results = object_detector.pixel_level_depth_estimator(mode='image', image_path=['assets/image1.jpg', 'assets/image2.jpg'], output=True, outdir='/path/to/saved/depth-images')

# Print the results
print(f"Generated depth images: {image_results['image1.png']}")
"""

"
============================== END ==============================


[QAid]6060_0

[Code Extraction Failed or Parse Failed]

No Python code block found in completion.

Completion Content: 
Now let's create the Python program based on the requirements:

```python
from object_detector import Object_Detector_Tool, detected_objects, object_number

def detect_objects(image_path, labels, save_object=True, saved_image_path="detected_objects", threshold=0.35):
    # Load the image
    image = Image.open(image_path)
    
    # Detect the objects
    result = Object_Detector_Tool.execute(image=image, labels=labels, save_object=save_object, saved_image_path=saved_image_path, threshold=threshold)
    
    # Extract the detected objects
    detected_objects = result[0]
    detected_object_numbers = result[1]
    
    return (detected_objects, detected_object_numbers)

# Example usage
image_path = 'path/to/image.png'
labels = ['baseball', 'basket']
detected_objects, detected_object_numbers = detect_objects(image_path, labels, save_object=True, saved_image_path='detected_objects')
print(detected_objects)
print(detected_object_numbers)
```

This program will process the image according to the documentation provided by the `object_detector` class, detecting and counting basebal and basket in the given image. The detected objects would be returned as a dictionary and their count as well.
============================== END ==============================


[QAid]6060_0

[Code Includes Tools Usage]
code: 

from pixel_depth_tool import Pixel_Depth_Tool

final_result = Pixel_Depth_Tool.execute(image_path=['path/to/image.png'], output=True, outdir='./vis_depth')
print(final_result)

============================== END ==============================


[QAid]6060_0

[Code does not include Tools Usage]
code: 

import object_detector

# Function to calculate the distance between a chair (in blue) and a doorway (in red)
def calculate_distance(chair_bbox, doorway_bbox):
    chair_ox = chair_bbox[0]
    chair_oy = chair_bbox[1]
    doorway_width = doorway_bbox[2] - doorway_bbox[0]
    doorway_height = doorway_bbox[3] - doorway_bbox[1]
    
    chair_ox_diff = (chair_ox - doorway_bbox[0]) - (doorway_bbox[2] - doorway_bbox[0])
    chair_oy_diff = (chair_oy - doorway_bbox[1]) - (doorway_bbox[3] - doorway_bbox[1])
    
    distance = np.hypot(chair_ox_diff**2 + chair_oy_diff**2)**0.5
    return distance

# Function to get the distance between a black chair (in blue) and a doorway (in red)
# Using the image of the room
# It can be used to calculate the distance based on bounding box information for the chair and the doorway

chair_bbox = [400, 200, 1000, 700] # Define the bounding box coordinates of the chair
doorway_bbox = [50, 100, 200, 500]  # Define the bounding box coordinates of the doorway

# Calculate the distance using the chair and doorway coordinates
distance = calculate_distance(chair_bbox, doorway_bbox)

# Output the distance in meters
print(f"The distance between the black chair and the doorway is approximately {distance:.2f} meters.")

============================== END ==============================

