
[EXECUTION EXCEPTION]
Object_Detector_Tool.__init__() got an unexpected keyword argument 'labels'
code:from object_detector import Object_Detector_Tool

final_result = []

# Image path
image_path = "/home/stud/wxie/BLINK_Dataset/Counting/val/images/val_Counting_3_image_1.jpg"

# Create Object_Detector_Tool instance with necessary settings (e.g., confidence threshold, model size, save_object)
detector_tool = Object_Detector_Tool(
    labels=["keyboard", "mouse", "cup", "cat", "remote"],  # Labels to detect
    save_object=True,  # Save detected objects
    saved_image_path="detected_objects",  # Name for saved object images
    threshold=0.45,  # Confidence threshold
    model_size="base",  # Model size to use ('tiny' or 'base')
)

# Detect objects
labels, image_result = detector_tool.execute(image_path)

# Convert dictionary to python list for further processing
label_detections = [(d['label'], d) for d in image_result]

# Print number of TVs
total_tv_count = len(label_detections)

# Assign final result
final_result.append(total_tv_count)

[EXECUTION EXCEPTION]
Object_Detector_Tool.__init__() takes 1 positional argument but 2 were given
code:from object_detector import Object_Detector_Tool

# Get the image path
image_path = "/home/stud/wxie/BLINK_Dataset/Counting/val/images/val_Counting_3_image_1.jpg"

# Create the Object_Detector_Tool instance
detector_tool = Object_Detector_Tool(image_path)

# Detect the baseball and basketball
bbox_data = detector_tool.execute(labels=["baseball"], threshold=0.45)

# Get the count for each label
bbox_count = detector_tool.execute(labels=["baseball"], threshold=0.45)['saved_image_paths'][0]

bbox_count

[EXECUTION EXCEPTION]
name 'test' is not defined
code:to_test = "/home/stud/wxie/BLINK_Dataset/Counting/val/images/val_Counting_3_image_1.jpg"
input_type = 'image'
label = "baseball"
threshold = 0.45
model_size = "tiny"
save_object = True
saved_image_path = "detected_objects"

objects_detected = Object_Detector_Tool.execute(image=test, labels=label, save_object=save_object, thresholds=[threshold, threshold], 
                                    model_size=model_size, saved_image_path="detected_objects")
object_names = objects_detected["object_number"]
num_of_tvs = len([x for x in object_names if x.startswith("baseball")])

final_result = {"num_of_tvs":num_of_tvs}
print(final_result)
