
[EXECUTION EXCEPTION]
name 'Letter_Detector_Tool' is not defined
code: 
final_result = []
# Import the Letter_Detector_Tool tool
from_tool_module = 'letter_detector', 'Letter_Detector_Tool'
from_import_name = 'Letter_Detector_Tool'
# Execute the tool to detect letters in the bus
results = Letter_Detector_Tool.execute(image='val_Counting_80_image_1.jpg')
# Function to extract the recognized text and confidence score from the results
extract_text = lambda data: [item[2] for item in data]
# Check if any text was found and extract the recognized text and scores
if extract_result := extract_text(results):
    final_result.append({"text": text, "confidence_score": score} for text, score in zip(extract_result, extract_result))
else:
    final_result.append(None)

============================== END ==============================

[EXECUTION EXCEPTION]
Object_Detector_Tool.execute() got an unexpected keyword argument 'thresholds'
code: 
from object_detector import Object_Detector_Tool

final_result = "The image does not contain enough information to determine the number of empty blue seats."

object_labels = ["empty blue seat"]
object_threshold = 0.35
object_model_size = "tiny"

image_path = "/home/stud/wxie/BLINK_Dataset/Counting/val/images/val_Counting_80_image_1.jpg"

results = Object_Detector_Tool.execute(image=image_path, labels=object_labels, save_object=False, thresholds=[0.35, 0.5])

empty_blue_seats_count = 0
for result in results["detected_objects"]:
    if result["bbox"][1] < 150 and result["bbox"][3] > 200:
        empty_blue_seats_count += 1

empty_blue_seats_count

============================== END ==============================
