
============================== NEW SCCESSFUL EXECUTION ==============================
[EXEC CODE]
final_result = ["C", "2"]
[THE PRINT OUTPUT]

[GENERATE FINAL_RESULT]
['C', '2']

============================== END ==============================

============================== NEW SCCESSFUL EXECUTION ==============================
[EXEC CODE]
final_result = 'C'
[THE PRINT OUTPUT]

[GENERATE FINAL_RESULT]
C

============================== END ==============================

============================== NEW SCCESSFUL EXECUTION ==============================
[EXEC CODE]
final_result = ['(B)', '(C)']
[THE PRINT OUTPUT]

[GENERATE FINAL_RESULT]
['(B)', '(C)']

============================== END ==============================

============================== NEW SCCESSFUL EXECUTION ==============================
[EXEC CODE]
final_result = 3
[THE PRINT OUTPUT]

[GENERATE FINAL_RESULT]
3

============================== END ==============================

============================== NEW SCCESSFUL EXECUTION ==============================
[EXEC CODE]
final_result = 1  # Since only (A) is mentioned, the number of empty blue seats is 1.
[THE PRINT OUTPUT]

[GENERATE FINAL_RESULT]
1

============================== END ==============================
