
============================== New Completed Execution ==============================
[EXEC CODE]
final_result = "4"

[THE PRINT OUTPUT]

[GENERATE VALID FINAL_RESULT]
4

============================== END ==============================


============================== New Completed Execution ==============================
[EXEC CODE]
final_result = "4"

[THE PRINT OUTPUT]

[GENERATE VALID FINAL_RESULT]
4

============================== END ==============================


============================== New Completed Execution ==============================
[EXEC CODE]
final_result = "The paths of images mentioned in the question are not provided. Please provide the paths of the images to calculate the number of doorways in the scene using the Python code you provided."

[THE PRINT OUTPUT]

[GENERATE VALID FINAL_RESULT]
The paths of images mentioned in the question are not provided. Please provide the paths of the images to calculate the number of doorways in the scene using the Python code you provided.

============================== END ==============================


============================== New Completed Execution ==============================
[EXEC CODE]
final_result = "1 Doorway"

[THE PRINT OUTPUT]

[GENERATE VALID FINAL_RESULT]
1 Doorway

============================== END ==============================


============================== New Completed Execution ==============================
[EXEC CODE]
final_result = "1"
print(final_result)
[THE PRINT OUTPUT]
1

[GENERATE VALID FINAL_RESULT]
1

============================== END ==============================

