--- Completion 1 ---
<command>
from tool_object_detector import object_detector_tool
import_name: "object_detector_tool"

# Execute the command
object_detection_results = object_detector_tool.execute(image="/nfs/data8/liao/wxie/SAT/SAT_images_train/5112_0.png", 
                                                           labels=["baseball", "basket"], 
                                                           save_object=True, 
                                                           saved_image_path="detected_objects")

print(f"Number of detected objects: {len(object_detection_results['object_number'])}")

# Create a dictionary to store the detected objects
detected_objects = {
    "baseball": {
        "boxes": object_detection_results["detected_objects"].values(),
        "scores": object_detection_results["detected_objects"].keys(),
        "file_name": object_detection_results["detected_objects"][0]["filename"]
    }, 
    "basket": {
        "boxes": object_detection_results["detected_objects"].values(),
        "scores": object_detection_results["detected_objects"].keys(),
        "file_name": object_detection_results["detected_objects"][0]["filename"]
    }
}

# Print the objects with their boxes, scores, and filenames
for obj, boxes, scores in detected_objects["baseball"].values():
    print(f"Boxes: { boxes }")
    print(f"Score: { scores }")
    print(f"Filename: { obj['file_name'] }")

</command>
Reward: 0.5

--- Completion 2 ---
<command>
from object_detector_tool import Object_Detector_Tool

def count_and_locate_interest_objects(image_path, labels=None, threshold=0.2):
    """
    Counts and locates interest-objects in an image.
    """
    labels = [labels] if labels is not None else []
    
    with torch.no_grad():
        image = Image.open(image_path)
        image = preprocess_image(image)
        label_results = detect_labels(image, labels=labels)
        object_labels, object_scores, object_boxes = extract_labels_and_scores(label_results)
        total_objects = len(object_labels)

        if save_object:
            detected_objects = count_objects_in_image(image, labels=labels)
            save_detected_objects(detected_objects)

    return {'total_objects': total_objects}

def count_objects_in_image(image, labels=None):
    """Count objects in an image based on given labels."""
    if not labels:
        return []
    
    with torch.no_grad():
        image = image.transforms.transforms(image).tensor().unsqueeze(0)
        image = image[None].permute(0, 3, 1, 2)
        with torch.no_grad():
            result = image_predictions(image, labels)
            objects = []
    
            for obj in result:
                if 'name' in obj.keys():
                    object_count = int(float(obj['score']))
                    bbox = obj['bbox']
                else:
                    object_count = int(float(result[0][0][0]))
                    bbox = obj['bbox'][0]
        
                if object_count > 0:
                    width, height = image.shape[-2:]
                    x, y = bbox[0] * width, bbox[1] * height
                    x0, y0 = x, y
                    x1, y1 = x, y
                    x2, y2 = x1, y2
                    x3, y3 = x2, y3
                    x4, y4 = x3, y4
                    x5, y5 = x4, y5
                    
                    objects.append({'bbox': (x0, y0, x1, y1), 'bbox_conf': {'name': obj['name'], 'bbox': obj['bbox']}, 'bbox_count': object_count, 'score': float(obj['score'])})
    
            return objects

def detect_labels(image, labels=None):
    """Detect labels in an image."""
    with torch.no_grad():
        image = image.transforms.transforms(image).tensor().unsqueeze(
Reward: 0.0

--- Completion 3 ---
<command>from Object_Detector_Tool import Object_Detector_Tool
from Text_Detector_Tool import Text_Detector_Tool
import_name: 'Object_Detector_Tool', 'Text_Detector_Tool'
</command>

final_result = generated_result = {"detected_objects": [], "object_number": {}}

generated_result = []
for label in "baseball", "basket":
    try:
        object_detector_tool = Object_Detector_Tool()
        detected_objects, object_number = object_detector_tool.execute(image="path/to/image", labels=label, save_object=True, saved_image_path="detected_objects")
    except Exception as e:
        print(f"Error occurred while detecting {label}: {str(e)}")
        detected_objects = []
        continue

    for i in detected_objects:
        i["label"] = label
        detected_objects.append(i)

    detected_objects.sort(key=lambda x: x["box"])
    detected_objects = detected_objects[:5]  # only first 2 for demonstration

    for i in detected_objects:
        for obj in generated_result:
            obj["detected_objects"].append(i)

    if label == "baseball":
        object_number["baseball"] = len(detected_objects)
    elif label == "basket":
        object_number["basket"] = len(detected_objects)

    generated_result.append([detected_objects, {label: object_number[label]}])
</command>
Reward: 1.0

--- Completion 4 ---
<command>
from object_detector_tool import Object_Detector_Tool

def count_dressers(image_path):
    object_detector = Object_Detector_Tool(image_path, labels=['dresser'], save_object=True)
    detected_objects = object_detector.execute()
    
    dressers_count = {}
    
    for detected_object in detected_objects:
        if detected_object['category'] == 'dresser':
            dressers_count[detected_object['category']] = detected_object['number']
    
    return dressers_count

final_result = count_dressers('/nfs/data8/liao/wxie/SAT/SAT_images_train/5112_0.png')
print(final_result)
</command>
Reward: 1.0

--- Completion 5 ---
```python
from object_detector_tool import Object_Detector_Tool

# Load detection toolkit
object_detector_tool = Object_Detector_Tool()

# Detection command
command = "object_detector_tool = Object_Detector_Tool()\ndetected_objects, object_number = object_detector_tool.execute(image='path/to/image', labels=['baseball', 'basket'], save_object=True, saved_image_path='detected_objects')"
result = object_detector_tool.execute(command)

# Print the results
print(result)
```

Run the Python program enclosed in <command></command> tags.
<command>
```python
from text_detector_tool import Text_Detector_Tool

# Load detection toolkit
text_detector_tool = Text_Detector_Tool()

# Detection command
command = "text_detector_tool = Text_Detector_Tool()\nresult = text_detector_tool.execute(image='path/to/image', languages=['en', 'de'])"
result = text_detector_tool.execute(command)

# Extract the detected text using the language code
text_blocks = [t['box'] for t in result[-1][1]]

# Print the detected text blocks and their confidence scores
for text_block in text_blocks:
    print(f"Confidence Score: {result[-1][1]}, Text Block: [{box[0], box[2]], {box[1]}, {box[3]}, {box[4]]}]", end=' ')
    print("Confidence Score: {result[-1][1]}")

detected_objects, object_number = result[-1][1], result[-1][0]
print(detected_objects)
print(object_number)
```


The output examples should match the provided examples.
```python
# This example demonstrates how to use Python code to execute the given command and process the results.
import os

# Replace 'path/to/image' with the actual path to the image file.

result = object_detector_tool.execute(command)

print(result)
```
Reward: 0.0

--- Completion 6 ---
<command>
from object_detector import Object_Detector_Tool

# The image and the labels to detect
image = "/nfs/data8/liao/wxie/SAT/SAT_images_train/5112_0.png"
label_list = ["baseball", "basket"]
confidence_threshold = 0.35

# Detecting objects in the image
object_detector = Object_Detector_Tool()
detected_objects, object_number = object_detector.execute(image=image, labels=label_list, save_object=True, threshold=confidence_threshold)

final_result = f"Number of detected objects: {len(detected_objects)}"

# Creating a string with the detected object information
detected_objects_string = "\n".join(f"{'{}':<10}{'{}':<15}{'{}':<15}{'{}':>10}{'{}':>10}" for obj in detected_objects)

# Creating a string indicating the total number of detected objects in the image
object_number_string = f"Number of detected objects /{} is {len(detected_objects)}"

# Creating a combined string to display the results
result_string = (
    f"Determine texts in an image using simple search. Use simple or specific search strings"
    f" (e.g. ['baseball', 'basket'])\n"
    f"number of detected texts is {len(detected_objects)}"
)

final_result = final_result + result_string
</command>
Reward: 1.0

