
============================== NEW EXECUTION ==============================
[EXEC CODE]
19
[THE PRINT ALL OUTPUT]

[GENERATE FINAL_RESULT]
None

[None RESULT]


============================== NEW EXECUTION ==============================

[EXECUTION EXCEPTION]
name 'import_name' is not defined
code:object_detector = 'Object_Detector_Tool'
image_path = 'path/to/image.jpg'
labels = ['baseball', 'basket']
threshold = 0.45  # confidence threshold
model_size = 'tiny'
save_object = True  # whether to save the detected objects as images
saved_image_path = 'detected_objects'

# Load the object detector model
detector_tool = import_name(object_detector)(image_path=image_path, labels=labels, threshold=threshold, model_size=model_size, save_object=save_object, saved_image_path=saved_image_path)

# Get the total count of baseball and basket
total_count = detector_tool.object_number.values

# Print the total count of Baseball and basketball in the image
final_result = "There are {0} baseballs and {1} basketballs in the image".format(total_count['baseball'], total_count['basket'])
final_result

============================== NEW EXECUTION ==============================

[EXECUTION EXCEPTION]
unexpected indent (<string>, line 2)
code:# Import the necessary classes from the object_detector module
    from object_detector import Object_Detector_Tool

    # Define the function to retrieve the number of TVs hung on the wall
    def TVcount(image_path, labels=["tv"], save_object=False):
        # Initialize the Object_Detector_Tool object
        tool = Object_Detector_Tool(image_path, labels=labels, save_object=save_object)
        
        # Execute the object detection and count TVs
        result = tool.execute(include_empty_padding=True)
        TV_count = tool.total_object_counts("tv")
        
        # Return the count
        return TV_count

    # Load the image
    image_path = "/home/stud/wxie/BLINK_Dataset/Counting/val/images/val_Counting_3_image_1.jpg"
    # Execute the function
    TV_count = TVcount(image_path)
    
    # Output the result
    print(f"The number of TVs hung on the wall is {TV_count}")

============================== NEW EXECUTION ==============================

[EXECUTION EXCEPTION]
invalid syntax (<string>, line 1)
code:```python
# Import necessary object detection tool
from object_detector import Object_Detector_Tool

# Set the image path and other parameters
image_path = "/home/stud/wxie/BLINK_Dataset/Counting/val/images/val_Counting_3_image_1.jpg"
labels = ["baseball", "basket"]
threshold = 0.45
model_size = "tiny"

try:
    # Detect objects in the image
    detected_objects, object_counts = Object_Detector_Tool.execute(image=image_path, labels=labels, threshold=threshold, model_size=model_size, save_object=True)
    
    # Count objects that match the detected object labels
    baseball_count = object_counts["baseball"]
    basket_count = object_counts["basket"]
    
    final_result = {"baseball count": baseball_count, "basket count": basket_count}
  
except Exception as e:
    final_result = {"error": str(e)}
```

============================== NEW EXECUTION ==============================

[EXECUTION EXCEPTION]
list index out of range
code:from object_detector import Object_Detector_Tool

# Image path
image_path = "/home/stud/wxie/BLINK_Dataset/Counting/val/images/val_Counting_3_image_1.jpg"

# Detect object labels
labels_to_detect = ["baseball", "basket"]

# Object Detection
detector_tool = Object_Detector_Tool()
result = detector_tool.execute(image_path, labels=labels_to_detect)

# Calculate object number
total_counts = result[1]

# Calculate total number of TVs
tv_count = result[0][0]["label"].count("TV")

# Calculate total number of items
item_count = result[0][1]["label"].count("item")

# Convert total to whole number
tv_count_whole = total_counts[0]
item_count_whole = total_counts[1]

# Print the counts
print("Total TVs:", tv_count_whole)
print("Total Items:", item_count_whole)
