
[QAid]11411_0

[Code does not include Tools Usage]
code: 
final_result = "1"

============================== END ==============================


[QAid]11411_0

[Code does not include Tools Usage]
code: 
final_result = "1"

============================== END ==============================


[QAid]11411_0

[Code does not include Tools Usage]
code: 
final_result = "1"

============================== END ==============================


[QAid]11411_0

[Code does not include Tools Usage]
code: 
final_result = "1"  # Using the number of beds in the image as the final answer

============================== END ==============================


[QAid]11411_0

[Code does not include Tools Usage]
code: 
final_result = "1"

============================== END ==============================


[QAid]11411_0

[Code does not include Tools Usage]
code: 
final_result = "1";
============================== END ==============================

