
============================== New Completed Execution ==============================
[EXEC CODE]

final_result = "2"

[THE PRINT OUTPUT]

[GENERATE VALID FINAL_RESULT]
2

============================== END ==============================


============================== New Completed Execution ==============================
[EXEC CODE]

final_result = "2"
print("The path of images is:", final_result)

[THE PRINT OUTPUT]
The path of images is: 2

[GENERATE VALID FINAL_RESULT]
2

============================== END ==============================


============================== New Completed Execution ==============================
[EXEC CODE]

final_result = "2"

[THE PRINT OUTPUT]

[GENERATE VALID FINAL_RESULT]
2

============================== END ==============================


============================== New Completed Execution ==============================
[EXEC CODE]

final_result = "2"

[THE PRINT OUTPUT]

[GENERATE VALID FINAL_RESULT]
2

============================== END ==============================


============================== New Completed Execution ==============================
[EXEC CODE]

final_result = "2"
print(final_result)

[THE PRINT OUTPUT]
2

[GENERATE VALID FINAL_RESULT]
2

============================== END ==============================


============================== New Completed Execution ==============================
[EXEC CODE]

final_result = "2"
print(final_result)

[THE PRINT OUTPUT]
2

[GENERATE VALID FINAL_RESULT]
2

============================== END ==============================


============================== New Completed Execution ==============================
[EXEC CODE]

final_result = "2"

[THE PRINT OUTPUT]

[GENERATE VALID FINAL_RESULT]
2

============================== END ==============================


============================== New Completed Execution ==============================
[EXEC CODE]

final_result = '2'

[THE PRINT OUTPUT]

[GENERATE VALID FINAL_RESULT]
2

============================== END ==============================

