
============================== NEW SCCESSFUL EXECUTION ==============================
[EXEC CODE]
final_result = True
[THE PRINT OUTPUT]

[GENERATE FINAL_RESULT]
True

============================== END ==============================

============================== NEW SCCESSFUL EXECUTION ==============================
[EXEC CODE]
final_result = ["D"]
[THE PRINT OUTPUT]

[GENERATE FINAL_RESULT]
['D']

============================== END ==============================

============================== NEW SCCESSFUL EXECUTION ==============================
[EXEC CODE]
final_result = "1"
[THE PRINT OUTPUT]

[GENERATE FINAL_RESULT]
1

============================== END ==============================

============================== NEW SCCESSFUL EXECUTION ==============================
[EXEC CODE]
from object_detector import Object_Detector_Tool
final_result = "The image does not contain any toilets, so the number is 0."
[THE PRINT OUTPUT]

[GENERATE FINAL_RESULT]
The image does not contain any toilets, so the number is 0.

============================== END ==============================

============================== NEW SCCESSFUL EXECUTION ==============================
[EXEC CODE]
final_result = 0
[THE PRINT OUTPUT]

[GENERATE FINAL_RESULT]
0

============================== END ==============================
