
[QAid]14189_0

[Code Extraction Failed or Parse Failed]

No Python code block found in completion.

Completion Content: 
final_result = 2
============================== END ==============================


[QAid]14189_0

[Code Extraction Failed or Parse Failed]

No Python code block found in completion.

Completion Content: 
final_result = 2
============================== END ==============================


[QAid]14189_0

[Code Extraction Failed or Parse Failed]

No Python code block found in completion.

Completion Content: 
0
============================== END ==============================


[QAid]14189_0

[Code does not include Tools Usage]
code: 

============================== END ==============================


[QAid]14189_0

[Code does not include Tools Usage]
code: 

============================== END ==============================


[QAid]14189_0

[Code Extraction Failed or Parse Failed]

invalid character '「' (U+300C) (<unknown>, line 1)

Completion Content: 
<command>python -c「print(detected_objects)」</command>
============================== END ==============================


[QAid]14189_0

[Code Extraction Failed or Parse Failed]

No Python code block found in completion.

Completion Content: 
The object being detected is not visible in this image.
============================== END ==============================


[QAid]14189_0

[Code Extraction Failed or Parse Failed]

No Python code block found in completion.

Completion Content: 
To count the number of side tables in the scene, we can flag Example does not apply
============================== END ==============================

