
[Exctuion Failed]

No module named 'object_detector_tool'
code: 

from object_detector_tool import object_detector_tool

final_result = object_detector_tool.execute(image="/nfs/data8/liao/wxie/SAT/SAT_images_train/7137_0.png", labels=["Television"], threshold=0.5, save_object=True, saved_image_path="/detected_objects")
print(f"Number of Televisions: {final_result['object_number']['Television']}")


============================== END ==============================


[Exctuion Failed]

unmatched '}' (<string>, line 3)
code: 

res = Object_Detector_Tool().execute(image='path/to/image', labels=['baseball', 'basket'], save_object=True, saved_image_path='detected_objects')
f resultados := res['baseball'] : [{'box': (34, 50, 200, 220), 'score': 0.92, 'saved_image_path': 'detected_objects/image_baseball_1.png'}], and {'saved_image_path': 'detected_objects/image_basket_1.png'}}

return resultados, [1, 2]


============================== END ==============================


[Exctuion Failed]

Object_Detector_Tool.execute() missing 1 required positional argument: 'labels'
code: 

from object_detector import Object_Detector_Tool

# Initialize object detector
obj_detector_tool = Object_Detector_Tool()

# Define image path
image_path = "/nfs/data8/liao/wxie/SAT/SAT_images_train/7137_0.png"

# Execute object detection
detected_objects,object_number = obj_detector_tool.execute(image=image_path,save_object=True)

final_result = {" detections" : detected_objects,
                "total_objects" : object_number}

print(final_result)


============================== END ==============================


[Exctuion Failed]

invalid syntax (<string>, line 2)
code: 

```python
from object_detector_tool import Object_Detector_Tool

def count_tvs(image_path):
    detected_objects = Object_Detector_Tool().execute(image=image_path)
    if detected_objects["object_number"]["televisions"] < 2:
        return 0
    elif detected_objects["object_number"]["televisions"] == 2:
        return 1
    else:
        return 2

def main():
    # Replace paths with actual image files.
    image = "/nfs/data8/liao/wxie/SAT/SAT_images_train/7137_0.png"
    
    # Get count of televisions
    tv_count = count_tvs(image)
    
    final_result = {"televisions": tv_count}
    
    return final_result

if __name__ == "__main__":
    main()


============================== END ==============================


[Exctuion Failed]

Object_Detector_Tool.execute() got an unexpected keyword argument 'conf_threshold'
code: 

from object_detector import Object_Detector_Tool

# Define object labels for baseball and basketball
labels = ["baseball", "basket"]

# Set the output for confidence threshold and model size
object_output = {
    "conf_threshold": 0.35,  # 0.35 means the confidence threshold is set to this value.
    "model_size": "tiny",  # Use the 'tiny' model size
    "save_image": True,  # Detect and save images
    "saved_image_path": "detected_objects"
}

# Execute the object_detector_tool
result = Object_Detector_Tool.execute(image="path/to_image", labels=labels, **object_output)

# The method returns a tuple of results
detected_objects = result[0]
num_objects = result[1]

# Print the results
for label, detections in detected_objects.items():
    print(f"{label}: {{box: {detections[0]}, score: {detections[1]}, saved_image_path: \"{detections[2]}\"}}")


============================== END ==============================

