
============================== New Completed Execution ==============================
[EXEC CODE]
final_result = "black open-shelf tv stand"

[THE PRINT OUTPUT]

[GENERATE VALID FINAL_RESULT]
black open-shelf tv stand

============================== END ==============================


============================== New Completed Execution ==============================
[EXEC CODE]

if final_result == "black open-shelf tv stand":
    print("The answer is:", final_result)
else:
    final_result = "framed sunset landscape decor"
    print("The answer is:", final_result)

[THE PRINT OUTPUT]
The answer is: framed sunset landscape decor

[GENERATE VALID FINAL_RESULT]
framed sunset landscape decor

============================== END ==============================


============================== New Completed Execution ==============================
[EXEC CODE]
final_result = "black open-shelf tv stand"
print(final_result)
[THE PRINT OUTPUT]
black open-shelf tv stand

[GENERATE VALID FINAL_RESULT]
black open-shelf tv stand

============================== END ==============================


============================== New Completed Execution ==============================
[EXEC CODE]
final_result = "black open-shelf tv stand"
[THE PRINT OUTPUT]

[GENERATE VALID FINAL_RESULT]
black open-shelf tv stand

============================== END ==============================

