
[QAid]1056_0

[Code Extraction Failed or Parse Failed]

No Python code block found in completion.

Completion Content: 
To find the number of countertops visible in the kitchen, follow these steps:
1. Open the Kitchen Image Tool.
2. Use Text_Detector_Tool to detect the bounding box coordinates, text recognized, and confidence score for the word "Countertop."
3. Find the word "Countertop" in the detected text.
4. Output the number of countertops found.
[QAid]1056_0

[Code Extraction Failed or Parse Failed]

No Python code block found in completion.

Completion Content: 
To determine how many CounterTops are visible in the image scene, you can use the `Object_Detector_Tool` tool. This tool can detect countertop objects in an image and count their occurrences.

In this case, we will apply the tool's commands to the image you provided while providing the necessary parameters:

1. Call the tool with the image path 'path/to/image.png' and the label='CounterTop' (e.g., 'CounterTop: 1', to count the number of CounterTops).
2. Set the threshold to 0.35 for confidence, as suggested by the prompt.

```python
import pyt_recog
from pyt_recog import Object_Detector_Tool, Text_Detector_Tool, Letter_Detector_Tool, Pixel_Depth_Tool

# Assuming the object is detected within the image
countertop_count = 0
image = pyt_recog.Image("/path/to/image.png")
counter_detail = 1  # Adjust this number for different levels of details depending on the image quality and language

for label in ['CounterHead', 'CounterTop']:
  img = object_detector_tool.execute(imagePath=image, labels=[label], threshold=0.35, detail=counter_detail)
  
  if "CounterTop" in label:
    countertop_count += img['detected_objects']['CounterTop'][-1]['score']
  
# Call the letter_detector_tool after counting
letter_detector_tool = Letter_Detector_Tool(imagePath=image)  # Assuming 'path/to/image.png' is the image path
  
for letter in 'abcdefghijklmnopqrstuvwxyz':
  if letter in letter_detector_tool.execute(imagePath=image)['detected_letters']:
    countertop_count += 1

# Save the result
if final_result is None:
  final_result = countertop_count
  print(final_result)

print("The number of CounterTops is:", final_result)
```

If the image path you provided is 'path/to/image.png' and you encounter any errors, ensure the image is correctly specified and the threshold is set appropriately for this model.
[QAid]1056_0

[Code Extraction Failed or Parse Failed]

No Python code block found in completion.

Completion Content: 
final_result = 1
print(final_result)  # Output: 1
[QAid]1056_0

[Code Extraction Failed or Parse Failed]

No Python code block found in completion.

Completion Content: 
1
[QAid]1056_0

[Code Extraction Failed or Parse Failed]

No Python code block found in completion.

Completion Content: 
The estimated pixel-level depth is 0.95, which corresponds to a depth of 1 meter at maximum.
[QAid]1056_0

[Code Extraction Failed or Parse Failed]

No Python code block found in completion.

Completion Content: 
To determine the number of countertop areas in the scene, follow these steps:

1. Open the Text_Detector_Tool from the 'text_detector' class and specify the language for text detection.
2. Open the Pixel_Depth_Tool from the 'pixel_depth_estimator' class, setting the mode to 'image' and then execute.
3. For each image, the Pixel_Depth_Tool will estimate pixel-level depth from the image, which is useful for distance estimation. However, the Pixel_Depth_Tool can only provide estimates at some pixel-level depths, so you may need to process the depth maps using a specific algorithm to obtain the exact number of countertop areas.

Since the exact steps depend on the type of depth estimation algorithms used, implement the Python code for each tool class.
[QAid]1056_0

[Code Includes Tools Usage]
code: 

scene = Image.open("/nfs/data8/liao/wxie/SAT/SAT_images_train/1056_0.png")
counter_tops = Pixel_Depth_Tool.execute(image_path=scene, mode='image', output=True, outdir='./images')
final_result = {"counter_tops": counter_tops['counter_tops'][0]['output_image_path']}
final_result

============================== END ==============================

