
[EXECUTION EXCEPTION]
'list' object has no attribute 'list'
code:from object_detector import Object_Detector_Tool

final_result = {}
labels = ["elephant", "baby"].list()

for label in labels:
    try:
        obj = Object_Detector_Tool.execute(image="/home/stud/wxie/BLINK_Dataset/Counting/val/images/val_Counting_73_image_1.jpg", labels=[label], confidence_threshold=0.45, save_object=True, saved_image_path="detected_objects")
        res = obj.get("result")
    except Exception as e:
        print ("Exception caught while executing the tool:", e)
        continue

    if res and "boxes" in res:
        detections = res["boxes"]

        if label == "elephant":
            num_obj = len(detections)

        elif label == "baby":
            num_obj = len(detections) - 1

        else:
            num_obj = 0

        final_result[label] = {"count": num_obj, "boxes": detections}

    else:
        print ("Failed to get boxes information. Checking if 'boxes' is present.")
        num_obj = 0

if final_result:
    print("Total number of detected objects in the image: ", sum(final_result.values()))
else:
    print("No objects detected in the image.")

[None RESULT]


[EXECUTION EXCEPTION]
name 'Object_Detector_Toolexecute' is not defined
code:from object_detector import Object_Detector_Tool

# Step 1: Set up Object_Detector_Tool
tool_id = 'object_detector'
tool_version = '1.0.0'
tool_class_name = 'Object_Detector_Tool'
tool_description = 'A tool that detects objects in an image using the Grounding DINO model and saves individual object images with empty padding.'
tool_version = '1.0.0'

# Step 2: Set the path to the image file
image_path = '/home/stud/wxie/BLINK_Dataset/Counting/val/images/val_Counting_73_image_1.jpg'

# Step 3: Detect objects using the tool
tool, detected_objects = Object_Detector_Toolexecute(image_path=image_path, labels=["elephant"] , save_object=True, saved_image_path="detected_objects")

# Step 4: Analyze the results
if detected_objects:
    final_result = detected_objects['objects']
else:
    final_result = []

# Step 5: Display or use the result as per the task

# Example: Display the result
for _, object, _ in final_result:
    print(object)

[EXECUTION EXCEPTION]
closing parenthesis ')' does not match opening parenthesis '[' (<string>, line 27)
code:from object_detector import Object_Detector_Tool

def count_earles(human_readable_label_list):
    human_readable_label_list = human_readable_label_list if isinstance(human_readable_label_list, list) else [human_readable_label_list]
    try:
        tool_config = {
            'save_object': True,
            'saved_image_path': '/home/stud/wxie/BLINK_Dataset/Counting/val/images/val_Counting_73_image_1.jpg',
        }
        detection_tool = Object_Detector_Tool(input_type='image', input_path='val_Counting_73_image_1.jpg', labels=["elephant"], threshold=0.5, model_size='tiny', save_object=tool_config['save_object'], saved_image_path=tool_config['saved_image_path'])
        detections = detection_tool.run()

        person_count = {'elephant': 3, 'mankind': 0}

        for person in detections['obj']:
            if person['labels'][0] != 'person':
                person_count = person_count + {'elephant': 1}
            else:
                person_count['mankind'] = person_count['mankind'] + 1

        person_count["extra"] = len(detections['person'])
        return person_count
    except Exception as e:
        print(str(e))
        return 0

print(count_earles([f"elephant {count}" for count in range(5000))))

[EXECUTION EXCEPTION]
name 'import_object_detection' is not defined
code:import_object_detection

[EXECUTION EXCEPTION]
name 'object_detection' is not defined
code:from_object_detector = "Object_Detector_Tool"
image_path = "/home/stud/wxie/BLINK_Dataset/Counting/val/images/val_Counting_73_image_1.jpg"

# Detection of objects in the image.
detected_objects = object_detection(image_path=image_path)
detect_labels = detected_objects[0][0]["labels"]
num_objects = len(detect_labels)

# Counting the number of detected objects.
final_result = {"Count": num_objects, "Labels": detect_labels}

print("Number of Elephants in the Water:", final_result)

[EXECUTION EXCEPTION]
string indices must be integers, not 'str'
code:from object_detector import Object_Detector_Tool

# Path to the image file
image_path = "/home/stud/wxie/BLINK_Dataset/Counting/val/images/val_Counting_73_image_1.jpg"

# Create an object detector tool
obj_det_tool = Object_Detector_Tool()

# Add object labels to detect
labels = ["elephant"]

# Set confidence threshold as 0.75
threshold = 0.75

# Set model size to "tiny"
model_size = "tiny"

# Set save_object argument to True
save_object = True

# Call the tool to detect objects
obj_det_tool.execute(image=image_path, labels=labels, threshold=threshold, model_size=model_size, save_object=save_object)

# Get the results
results = obj_det_tool.output_types[1][0]["detected_objects"]

# Count the number of objects detected
total_count = results["object_number"]

# Final result
final_result = total_count
