
[QAid]12284_0

[Code does not include Tools Usage]
code: 
final_result = "6"
============================== END ==============================


[QAid]12284_0

[Code does not include Tools Usage]
code: 
from object_detector import Object_Detector_Tool

final_result = "6"


============================== END ==============================


[QAid]12284_0

[Code does not include Tools Usage]
code: 
final_result = '6'
============================== END ==============================


[QAid]12284_0

[Code does not include Tools Usage]
code: 
final_result = "3"
============================== END ==============================


[QAid]12284_0

[Code does not include Tools Usage]
code: 
final_result = "6"
============================== END ==============================


[QAid]12284_0

[Code does not include Tools Usage]
code: 
final_result = "6"

============================== END ==============================

