
============================== NEW SCCESSFUL EXECUTION ==============================
[EXEC CODE]
final_result = 0

# Example use case:
# path_to_image = "/home/stud/wxie/BLINK_Dataset/Counting/val/images/val_Counting_120_image_1.jpg"
# img = Object_Detector_Tool.execute(image=path_to_image, languages=['en', 'de'], threshold=0.5, model_size='tiny')
# detected_objects, object_number = img['result']
# final_result = object_number['baseball'] + object_number['basket']

print("Final result: ", final_result)
[THE PRINT OUTPUT]
Final result:  0

[GENERATE FINAL_RESULT]
0

============================== END ==============================

============================== NEW SCCESSFUL EXECUTION ==============================
[EXEC CODE]
final_result = 4
[THE PRINT OUTPUT]

[GENERATE FINAL_RESULT]
4

============================== END ==============================

============================== NEW SCCESSFUL EXECUTION ==============================
[EXEC CODE]
final_result = 0
[THE PRINT OUTPUT]

[GENERATE FINAL_RESULT]
0

============================== END ==============================

============================== NEW SCCESSFUL EXECUTION ==============================
[EXEC CODE]
final_result = 2
[THE PRINT OUTPUT]

[GENERATE FINAL_RESULT]
2

============================== END ==============================

============================== NEW SCCESSFUL EXECUTION ==============================
[EXEC CODE]
final_result = 2
[THE PRINT OUTPUT]

[GENERATE FINAL_RESULT]
2

============================== END ==============================

============================== NEW SCCESSFUL EXECUTION ==============================
[EXEC CODE]
final_result = 2
[THE PRINT OUTPUT]

[GENERATE FINAL_RESULT]
2

============================== END ==============================
