--- Completion 1 ---
<command>
from object_detector import Object_Detector_Tool

final_result = Object_Detector_Tool().execute(image="path/to/image", labels=["baseball", "basket"], save_object=True, saved_image_path="detected_objects")
print(final_result)
</command>
Reward: 1.0

--- Completion 2 ---
<command>
from object_detector import Object_Detector_Tool

final_result = Object_Detector_Tool().execute(image="/nfs/data8/liao/wxie/SAT/SAT_images_train/4792_0.png", labels=["baseball", "basket"], save_object=True, saved_image_path="detected_objects")
print(final_result)
</command>
Reward: 1.0

--- Completion 3 ---
<command>
from object_detector import Object_Detector_Tool

final_result = Object_Detector_Tool().execute(image="path_to_image", labels=["baseball", "basket"], save_object=True, saved_image_path="detected_objects")

print(final_result)
</command>
Reward: 1.0

--- Completion 4 ---
<command>from object_detector import Object_Detector_Tool

def object_detector_tool(image, labels, save_object=True, saved_image_path='detected_objects'):
    object_detector_tool = Object_Detector_Tool()
    detected_objects, object_number = object_detector_tool.execute(image=image, labels=labels, save_object=save_object, saved_image_path=saved_image_path)
    return detected_objects

final_result = object_detector_tool(image="/nfs/data8/liao/wxie/SAT/SAT_images_train/4792_0.png", labels=["baseball", "basket"], save_object=True, saved_image_path="")
print(final_result)
</command>
Reward: 1.0

--- Completion 5 ---
<command>
from object_detector import Object_Detector_Tool

final_result = Object_Detector_Tool().execute(image="4792_0.png", labels=['baseball', 'basket'], save_object=True, saved_image_path="detected_objects")
print(final_result)
</command>
Reward: 1.0

--- Completion 6 ---
<command>
from object_detector import Object_Detector_Tool

final_result = Object_Detector_Tool().execute(
  image='path/to/image',
  labels=['baseball', 'basket'],
  save_object=True,
  saved_image_path='detected_objects'
)
print(final_result)
</command>
Reward: 1.0

