
[QAid]6856_0

[Code Includes Tools Usage]
code: 

from object_detector import Object_Detector_Tool

final_result = Object_Detector_Tool().execute(image='image_path', labels=['baseball', 'basket'], save_object=True, saved_image_path='detected_objects')
print(final_result)

============================== END ==============================


[QAid]6856_0

[Code Includes Tools Usage]
code: 

from object_detector import Object_Detector_Tool

final_result = Object_Detector_Tool().execute(
  image="/nfs/data8/liao/wxie/SAT/SAT_images_train/6856_0.png",
  labels=["houseplant"],
  save_object=True,
  saved_image_path="detected_objects"
)

print(final_result)

============================== END ==============================


[QAid]6856_0

[Code Includes Tools Usage]
code: 

from object_detector import Object_Detector_Tool
final_result = Object_Detector_Tool().execute(image='path/to/image', labels=['House Plant'], save_object=True, saved_image_path='detected_objects')
print(final_result)

============================== END ==============================


[QAid]6856_0

[Code Includes Tools Usage]
code: 

from object_detector import Object_Detector_Tool

final_result = Object_Detector_Tool().execute(image="/nfs/data8/liao/wxie/SAT/SAT_images_train/6856_0.png", labels=['HousePlants'], save_object=True, saved_image_path="detected_objects")
print(final_result)

============================== END ==============================


[QAid]6856_0

[Code Includes Tools Usage]
code: 
from object_detector import Object_Detector_Tool
final_result = Object_Detector_Tool().execute(image='path/to/image', labels=['HousePlant'], threshold=0.35, save_object=True, saved_image_path='detected_objects')
print(final_result)

============================== END ==============================


[QAid]6856_0

[Code Includes Tools Usage]
code: 

from object_detector import Object_Detector_Tool

final_result = Object_Detector_Tool().execute(image='path/to/image', labels=['baseball', 'basket'], save_object=True, saved_image_path='detected_objects')
print(final_result)

============================== END ==============================

