
[QAid]3476_0

[Code does not include Tools Usage]
code: 
final_result = "2"

============================== END ==============================


[QAid]3476_0

[Code does not include Tools Usage]
code: 
final_result = "final result: There is 1 window visible in the scene."

============================== END ==============================


[QAid]3476_0

[Code does not include Tools Usage]
code: 
final_result = "2 Windows are visible in the scene."
============================== END ==============================


[QAid]3476_0

[Code does not include Tools Usage]
code: 
final_result = "2"

============================== END ==============================


[QAid]3476_0

[Code does not include Tools Usage]
code: 
final_result = "2"

============================== END ==============================


[QAid]3476_0

[Code does not include Tools Usage]
code: 
final_result = "1 Window"
final_result += ", 0 Windows"  # Adding 0 as additional Windows for 1 Window
final_result += ", 3 Windows"  # Adding 3 for other numbers
print(final_result)

============================== END ==============================

