--- Completion 1 ---
<command>final_result = "1"
</command>
Reward: 0.5

--- Completion 2 ---
<command>final_result = "1"
</command>
Reward: 0.5

--- Completion 3 ---
<command>final_result = "1.0"
</command>
Reward: 0.5

--- Completion 4 ---
<command>final_result = "1"
print(final_result)
</command>
Reward: 0.5

--- Completion 5 ---
<command>final_result = "1"  # Output: The number of CounterTops visible in the scene is 1</command>
Reward: 0.5

--- Completion 6 ---
<command>final_result = "1"
</command>
Reward: 0.5

