
[QAid]9533_0

[Code Extraction Failed or Parse Failed]

No Python code block found in completion.

Completion Content: 
final_result = False  # No match found between the actual image and the expected (empty box)

# Reasoning
If the image provided aligns perfectly with the expected position, `final_result` will be set to `True`. Otherwise, you can consider various options by adjusting the criteria for the expected match:

```
if detected_objects is not None and detected_objects.values() == expected_images:
    final_result = True
else:
    final_result = False
```
============================== END ==============================


[QAid]9533_0

[Code Extraction Failed or Parse Failed]

No Python code block found in completion.

Completion Content: 
The given question image contains a file:///nfs/data8/liao/wxie/SAT/SAT_images_train/9533_0.png.
============================== END ==============================


[QAid]9533_0

[Code Extraction Failed or Parse Failed]

No Python code block found in completion.

Completion Content: 
finalResult = "yes"
print(finalResult)
============================== END ==============================


[QAid]9533_0

[Code Extraction Failed or Parse Failed]

No Python code block found in completion.

Completion Content: 
final_result = [0, 0]  # No text detected in the image. Return 0 for each element.

print(final_result)
============================== END ==============================


[QAid]9533_0

[Code Extraction Failed or Parse Failed]

No Python code block found in completion.

Completion Content: 
final_result = "no"

# Calculate remaining floors
remaining_floors = max(1, 2 - (number_of_doors_left + door_height + floor_clearance))

final_result = (remaining_floors, door_height + floor_clearance)
============================== END ==============================


[QAid]9533_0

[Code Extraction Failed or Parse Failed]

No Python code block found in completion.

Completion Content: 
```
final_result = "yes"
```
============================== END ==============================


[QAid]9533_0

[Code Includes Tools Usage]
code: 

from object_detector import Object_Detector_Tool

final_result = Object_Detector_Tool.execute(image='path/to/image.png', labels=['iRoom', 'iDesk', 'iChair'], threshold=0.35, save_object=True, saved_image_path='detected_objects')
print(final_result)

============================== END ==============================


[QAid]9533_0

[Code Extraction Failed or Parse Failed]

No Python code block found in completion.

Completion Content: 
final_result = ""
if "b" in image_path:
    final_result += "Yes\n"
elif "b" not in image_path:
    final_result += "No\n"

if "a" in image_path:
    final_result += "Yes\n"
else:
    final_result += "No\n"

if "c" in image_path:
    final_result += "Yes\n"
else:
    final_result += "No\n"

if "G" in image_path:
    final_result += "Yes\n"
else:
    final_result += "No\n"
============================== END ==============================

