--- Completion 1 ---
<command>
from object_detector import Object_Detector_Tool
final_result = Object_Detector_Tool.execute(image='path/to/image.png', labels=['basketball'], save_object=True, saved_image_path='detected_objects')
print(final_result)
</command>
Reward: 1.0

--- Completion 2 ---
<command>
from object_detector import Object_Detector_Tool

final_result = Object_Detector_Tool.execute(
  image="path/to/image_1.png",  # Replace with actual image path
  labels=["baseball", "basket"],  # Replace with actual labels
  save_object=True,  # Save object if True
  saved_image_path="detected_objects"
)
print(final_result)
</command>
Reward: 1.0

--- Completion 3 ---
<command>
from object_detector import Object_Detector_Tool

final_result = Object_Detector_Tool.execute(image='path/to_image.png', labels=['baseball', 'basket'], save_object=True, saved_image_path='detected_objects')

print(final_result)
</command>
Reward: 1.0

--- Completion 4 ---
<nobr>
<command>
from object_detector import Object_Detector_Tool

final_result = Object_Detector_Tool.execute(image='path/to/image.png', labels=['baseball', 'basket'], save_object=True, saved_image_path='detected_objects')
final_result
</command></nobr>
Reward: 0.0

--- Completion 5 ---
<command>
from object_detector import Object_Detector_Tool

final_result = Object_Detector_Tool.execute(image='path/to_image.png', labels=['baseball', 'basket'], save_object=True)
print(final_result)
</command>
Reward: 1.0

--- Completion 6 ---
<command>
from object_detector import Object_Detector_Tool

final_result = Object_Detector_Tool.execute(image='path_to_your_image.png', labels=['baseball', 'basket'], save_object=True, saved_image_path='detected_objects')

print(final_result)
</command>
Reward: 1.0

