
[EXECUTION EXCEPTION]
No module named 'image_path'
code: 
import image_path 

final_result = "B"

============================== END ==============================

[EXECUTION EXCEPTION]
Object_Detector_Tool.__init__() takes 1 positional argument but 2 were given
code: 
from object_detector import Object_Detector_Tool

# Image path
image_path = "/home/stud/wxie/BLINK_Dataset/Counting/val/images/val_Counting_64_image_1.jpg"

# Create the Object_Detector_Tool instance
detector_tool = Object_Detector_Tool(image_path)

# Detect objects in the image
detected_objects, object_number = detector_tool.execute()

# Check if objects are detected
if len(detected_objects) >= 3:
    # Add detected objects to the list
    detected_objects.append(
        [{"box": (0, 0), "score": object_number[detected_objects[0]["bbox"][0]]}, {"bbox": (detected_objects[0]["bbox"][-2], detected_objects[0]["bbox"][-1]), "score": 0.95}] * 3
    )
else:
    # No detected objects
    detected_objects = []

final_result = object_number[detected_objects[0]["bbox"][0]]

# Check if objects are detected
if final_result >= 3:
    # Add detected objects to the list
    final_result += 1
final_result = object_number[final_result - 1] * 3 + object_number[detected_objects[0]["bbox"][0]]

final_result

============================== END ==============================

[EXECUTION EXCEPTION]
invalid syntax (<string>, line 1)
code: 
```python
import os
import glob
import numpy as np
from object_detector import Object_Detector_Tool

# Find all files matching the pattern "val_Counting_64_image_*.jpg"
files = glob.glob('/home/stud/wxie/BLINK_Dataset/Counting/val/images/val_Counting_64_image_*.jpg')

# Detect objects in all images
tool = Object_Detector_Tool()
for file in files:
    det_dict = tool.execute(image=os.path.join(file), labels=['baseball', 'basket'], save_object=False)
    detected_objects = det_dict['object_number']

    # Filter detected objects
    filtered_objects = [det for det in detected_objects.values() if any(b'baseball' in i for i in det)]
    
    # Display the detection results
    print(f"Detections for file: {os.path.basename(file)}")
    print(detected_objects)
    print(filtered_objects)
    print()
```

============================== END ==============================

[EXECUTION EXCEPTION]
Letter_Detector_Tool.execute() missing 1 required positional argument: 'self'
code: 
from letter_detector import Letter_Detector_Tool

# Load the image
result = Letter_Detector_Tool.execute(image='path/to/stoveImage')

# Extract the detected letters
letter_results = [[(bbox, letter, confidence) for letter in result_letters] for result_letters in result]

# Print the results
print(letter_results)

============================== END ==============================

[EXECUTION EXCEPTION]
Object_Detector_Tool.execute() missing 1 required positional argument: 'self'
code: 
# Import the necessary tools
from object_detector import Object_Detector_Tool
from text_detector import Text_Detector_Tool
from letter_detector import Letter_Detector_Tool

# Read the image file path from the question
image_file_path = "/home/stud/wxie/BLINK_Dataset/Counting/val/images/val_Counting_64_image_1.jpg"

# Execute the Object Detector Tool to detect and count the burners
detected_objects, object_number = Object_Detector_Tool.execute(image=image_file_path,
                                                            labels=["burner"],
                                                            threshold=0.35,
                                                            saved_image_path="detected_objects",
                                                            save_object=True)

# Iterate through the detected objects
for detected_object in detected_objects["baseball"]:
    # Extract the burners from the detected objects
    for (bbox, letter, score) in detected_object["letter"]:
        if letter in [" burner"] and object_number[f'burner'] == 1:
            final_result = 'B'

============================== END ==============================
