
[QAid]2044_0

[Code Extraction Failed or Parse Failed]

No Python code block found in completion.

Completion Content: 
To determine which chair is closer to the modern black leather chair (highlighted by a green box), we need to focus on the floor area and the surrounding furniture. In the image, we can observe two chairs: one modern black leather chair (highlighted by a green box) and one modern black leather chair placed next to an armoire (highlighted by a red box). The floor area around these chairs appears to be more distinct.

Since the modern black leather chair (highlighted by a green box) is closer to the modern black leather chair that is placed next to the wall (highlighted by a red box), the final answer is:
The modern black leather chair (highlighted by a green box) is closer to the modern black leather chair (highlighted by a red box).
============================== END ==============================


[QAid]2044_0

[Code Includes Tools Usage]
code: 

from object_detector import Object_Detector_Tool

detector = Object_Detector_Tool(
    "/nfs/data8/liao/wxie/SAT/SAT_images_train/2044_0.png",
    labels=["digital anywhere tray", "baseball", "basket", "pen"],
    save_object=True,
    saved_image_path="detected_objects")
detected_objects = detector.execute()
print(detected_objects)

============================== END ==============================


[QAid]2044_0

[Code Extraction Failed or Parse Failed]

No Python code block found in completion.

Completion Content: 
To answer the question, we need to extract the object information such as geographic coordinates and degree of confidence for the three objects mentioned, including bounding box coordinates, recognition text, and confidence scores, from the rendered image. Here's the Python code to achieve this:

```python
from object_detector import Object_Detector_Tool

tools = {"Object_Detector_Tool": "rendered image and object labels"}

for tool_name in tools:
    tool_instance = tools[tool_name]
    result = tool_instance.execute(
        image="/path/to/image.png",
        labels=["modern black leather chair", "sixdrawer dresser in gray", "modern black leather chair"],
        save_object=True,
        saved_image_path="detected_objects"
    )

result
```

This code will execute the `Object_Detector_Tool` with `label` arguments `["modern black leather chair", "sixdrawer dresser in gray", "modern black leather chair"]` and output the information for `modern black leather chair` and compare it with the statements `# obj` for each object. The result will be printed in the format `detected_objects : { "baseball": [....], "basket": []}`.
============================== END ==============================


[QAid]2044_0

[Code does not include Tools Usage]
code: 

import os
from object_detector import Object_Detector_Tool

# tool_versions = {
#     "Object_Detector_Tool": {
#         "tool_module_name": "object_detector",
#         "tool_class_name": "Object_Detector_Tool",
#         "tool_description": "A tool that detects objects in an image using the Grounding DINO model and saves individual object images with empty padding.",
#         "tools_web_url": "",
#         "version": "1.0.0",
#         "user_metadata": {
#             "potential_usage": "The tool can be used for counting and locating interest-objects in images by utilizing the bounding boxes",
#         },
#     },
#     "Text_Detector_Tool": {
#         "tool_module_name": "text_detector",
#         "tool_class_name": "Text_Detector_Tool",
#         "tool_description": "A tool that detects text in an image using EasyOCR.",
#         "tool_revision": "1.0.0",
#         "commands": {
#             "execute": "obj.validation.execute",
#             "demo_command": "obj.show(dd=0)",
#         },
#         "compatibility": "support_tasks=['true', 'false']",
#         "usage": "[command, description, output_example]",
#     },
#     "Letter_Detector_Tool": {
#         "tool_module_name": "letter_detector",
#         "tool_class_name": "Letter_Detector_Tool",
#         "tool_description": "A tool that detects specific letters in an image.",
#         "tool_revision": "1.0.0",
#         "commands": {
#             "execute": "obj.show",
#         },
#         "compatibility": "support_languages=['all.languages']",
#         "usage": "[command, description, output_example]",
#     }
# }

Object_Detector_Tool(tool_module_name="Object_Detector_Tool", tool_class_name="Object_Detector_Tool")

============================== END ==============================


[QAid]2044_0

[Code Extraction Failed or Parse Failed]

No Python code block found in completion.

Completion Content: 
To determine which object is closer to modern black leather chair (highlighted by a green box), sixdrawer dresser in gray (highlighted by a blue box), or which one is closer to modern black leather chair (highlighted by a green box), the following Python program can be used:

```python
# Import necessary tool classes
from object_detector import Object_Detector_Tool  
from text_detector import Text_Detector_Tool  
from letter_detector import Letter_Detector_Tool  
from pixel_level_depth_estimator import Pixel_Depth_Tool  

# Define arguments for the tool classes
image_path = '/path/to/image.png'  # path to the image file
labels = ['baseball', 'basket']  # labels to detect (monkey and frame)
confidence_threshold = 0.8  # confidence threshold
texture_threshold = 0.8  # texture threshold
detect_language = 'en'  # language code for text detection
# Set the threshold for automatic text detection if needed
min_iou = 0.5  # minimum intersection-over-union (IoU) for boxes to be considered text  
min_len = 5  # minimum length of text detected
min_box_overlap = 0.5  # minimum overlap of boxes

# Execute the tool class methods
detected_objects = Object_Detector_Tool.execute(image=image_path, labels=labels, save_object=True, saved_image_path='detected_objects')  
image_results = {image_path: {'depth_map': {"data": ((...), ...)}, 'output_image_path': 'path/to/saved/image.png'}}  # Placeholder for results ('assets/image1.jpg': {})

# Check if text detection failed (for multiple languages) for 'baseball' and 'basket'
box_results_baseball = [result['bbox'] for result in detected_objects['baseball']]  
box_results_basket = [result['bbox'] for result in detected_objects['basket']]  

# List of detected objects or boxes relevant to textual analysis
detected_objects = [detected_objects["baseball"], detected_objects["basket"], detected_objects["baseball"],)=='basket', 

# Iterate over the detected objects to check which one is closer
for detected_object in detected_objects:
    if detected_object['image']==image_path:
        print(f"Which object is closer to modern black leather chair ({detected_object['bbox']})?")
        distance_to_buffer = -1
        for text_detected in detected_object['bbox']:
            for detected_object in
============================== END ==============================


[QAid]2044_0

[Code Extraction Failed or Parse Failed]

No Python code block found in completion.

Completion Content: 
To find the closer object to the modern black leather chair, we can compare the bounding boxes of the chairs and the dresser.

First, we can use the `Object_Detector_Tool` to detect the chair and the dresser using two different model sizes.

After detecting the objects, we can use the `detected_objects` variable to extract the bounding box, label, and confidence score for each object.

Next, we can compare the x and y coordinates of the bounding box for the modern black leather chair with those for the sixdrawer dresser in gray.

Based on the positions, we can conclude that the chair is closer to the modern black leather chair.

The final answer is: modern black leather chair
============================== END ==============================


[QAid]2044_0

[Code Extraction Failed or Parse Failed]

unmatched '}' (<unknown>, line 1)

Completion Content: 
<command>从image_path=["assets/image1.jpg", "assets/image2.jpg"], 输出=True, outdir= './vis_depth'}</command>
============================== END ==============================

