
[QAid]10357_0

[Code Extraction Failed or Parse Failed]

'[' was never closed (<unknown>, line 27)

Completion Content: 
<command>
from object_detector_Tool import Object_Detector_Tool

# Set input data
image_path = "/nfs/data8/liao/wxie/SAT/SAT_images_train/10357_0.png"
labels = ["baseball", "basket"]
threshold = 0.35
model_size = "tiny"
save_object = True
saved_image_path = "detected_objects"

# Call the object detector tool
object_info = Object_Detector_Tool().execute(image_path, labels, threshold, model_size, save_object, saved_image_path)

# Define final result
final_result = []
for label, detection_results in object_info.items():
    for result in detection_results:
        bounding_box = (result["box"])
        text_blocks = [[(bbox[0], bbox[1], (bbox[2] - bbox[0]), (bbox[3] - bbox[1])) for bbox in bounding_box]]
        if result['score'] > 0.3:
            detection = f"{'Detected ball' if label == 'baseball' else 'Detected basket'}"
            text_blocks.append((f"Detected {text_blocks[-1]}, {label}", detection))
            if save_object:
                Image.fromarray(np.array(result["bbox"]), dtype=np.uint8).save(saved_image_path)

final_result = [{"label": label, "boxes": bounding_box, "detected_text": det, "score": result['score']}
final_result
</command>
============================== END ==============================


[QAid]10357_0

[Code does not include Tools Usage]
code: 

final_result = f"{0}"
print(final_result)

============================== END ==============================


[QAid]10357_0

[Code Includes Tools Usage]
code: 

from tools.object_detector import Object_Detector_Tool
final_result = []

# Load image
with open("/nfs/data8/liao/wxie/SAT/SAT_images_train/10357_0.png", 'rb') as image_file:
    image_data = image_file.read()
tool = Object_Detector_Tool()
labels = ['baseball', 'basket']
threshold = 0.35
model_size = 'tiny'
save_object = True
saved_image_path = 'detected_objects'

# Detect objects
objects = tool.execute(image=image_data, labels=labels, save_object=save_object, threshold=threshold, model_size=model_size, saved_image_path=saved_image_path)

if labels:
    for object_ in objects['detected_objects']:
        for label in labels:
            if label in object_['labels']:
                detected_objects = {
                    label: object_['labels']
                }
                break
        else:
            detected_objects = {}
else:
    detected_objects = ''

if labels and save_object and 'detected_objects' in dir:
    detected_objects['detected_objects'] = detected_objects['detected_objects']
else:
    detected_objects = {labels[-1]: 1}

# Count detected objects
total_objects = sum(deprecated_objects['detected_objects'] for deprecated_objects in objects.values())

if labels:
    final_result.append((detected_objects, total_objects))
else:
    final_result.append(detected_objects)

if total_objects > 0:
    final_result[0].append('object_number', total_objects)
    final_result[0].append('object_number', Objects)
else:
    final_result[0].append('object_number', '0')

============================== END ==============================


[QAid]10357_0

[Code Extraction Failed or Parse Failed]

No Python code block found in completion.

Completion Content: 
<command>
```python
from object_detector_tool import Object_Detector_Tool

# Path to the image
image_path = "/nfs/data8/liao/wxie/SAT/SAT_images_train/10357_0.png"

# Paths for saved Object images if "save_object" is True
save_object_path = "/nfs/data8/liao/wxie/SAT/SAT_images_train/10357_0_saved_objects"

# Number of detected windows
window_count = 0

# Object labels to detect
labels = ['window', 'skylight']

# Confidence threshold (default: 0.35)
threshold = 0.35

# Model size (default: "tiny")
model_size = "tiny"

# If True, use "save_object" to save the detected object images
save_object = True

# File names for saved object images
saved_image_filenames = ["detected_objects"]

# Execute the object detector
result = Object_Detector_Tool.execute(image=image_path, labels=labels, threshold=threshold, model_size=model_size, save_object=save_object, saved_image_path=save_object_path)

# Check if "save_object" was set to True
if save_object:
    # List of detected window objects
    detected_objects = []

    # List of window object labels in the image
    window_labels = result["baseball"]

    # Calculate the total number of detected windows
    window_count = len(window_labels)

    # For each detected window
    for label in window_labels:
        # Find bounding box coordinates
        bbox = label["bbox"]
        
        bbox_start = bbox[0]
        bbox_end = bbox[2]
        
        # Save each detected window as a saved image
        image_path = f"detected_objects/image_{label['bbox'][0]}.png"
        image_filename = result.get(f"saved_image_path", "detected_objects/")
        
        # Add bbox in the detected objects dictionary
        label["bbox"].append([bbox_start, bbox_end])
        
        # Make a note of the bounding box for each window
        file_name = f"detected_objects/image_{bbox[0]}.png"
        
        # Add total number of detected windows to the detected objects dictionary
        window_count = window_count + 1
        label["detected_objects"] = window_count
        result["baseball"] = {}
        result["baseball"][label["
============================== END ==============================


[QAid]10357_0

[Code Extraction Failed or Parse Failed]

No Python code block found in completion.

Completion Content: 
The image has two windows. But there is no window visible in the scene, hence, the number of visible windows is 0.

Therefore, the final answer is: 0.
============================== END ==============================


[QAid]10357_0

[Code Extraction Failed or Parse Failed]

No Python code block found in completion.

Completion Content: 
<script>
// Import needed module and class name
import Object_Detector_Tool from './Object_Detector_Tool'
import Text_Detector_Tool from './Text_Detector_Tool'

// Define object instance with class name
const detector = Object_Detector_Tool()
const textDetector = Text_Detector_Tool()

// Execute text detector function
setTimeout(async () => {
    const result = await textDetector.execute(image='path/to/image', languages=['en', 'de'], detail=0)
    console.log(result)
}, 2000)

// Executing object detector function
const [detected_objects, object_number] = await detector.execute(image='path/to/image', labels=['baseball', 'basket'], save_object=true, saved_image_path='detected_objects')

// Function to generate question text based on detected objects
function generate_question(text):
    const text_object = textDetector.result.text

    // Extract bounding box
    const boxes = textDetector.result.boundingBox

    // Generate a concise question
    let question = "How many 'baseball' and 'basket' do you see in the image? Answer in natural language."
  
    return question

// Generate final question text using the provided data
const final_result = generate_question(detected_objects + object_number)

// Output the generated question text
console.log(final_result + " " + save_object)
</script>

<html>
<body>">

</body>
</html>
============================== END ==============================

