
============================== New Completed Execution ==============================
[EXEC CODE]

final_result = "B"
print(final_result)

[THE PRINT OUTPUT]
B

[GENERATE VALID FINAL_RESULT]
B

============================== END ==============================


============================== New Completed Execution ==============================
[EXEC CODE]

final_result = "A"

[THE PRINT OUTPUT]

[GENERATE VALID FINAL_RESULT]
A

============================== END ==============================


============================== New Completed Execution ==============================
[EXEC CODE]

final_result = "B"
print(final_result)

[THE PRINT OUTPUT]
B

[GENERATE VALID FINAL_RESULT]
B

============================== END ==============================


============================== New Completed Execution ==============================
[EXEC CODE]

final_result = "A"

[THE PRINT OUTPUT]

[GENERATE VALID FINAL_RESULT]
A

============================== END ==============================


============================== New Completed Execution ==============================
[EXEC CODE]

final_result = "B"
print(final_result)

[THE PRINT OUTPUT]
B

[GENERATE VALID FINAL_RESULT]
B

============================== END ==============================


============================== New Completed Execution ==============================
[EXEC CODE]

final_result = "B"
print(final_result)

[THE PRINT OUTPUT]
B

[GENERATE VALID FINAL_RESULT]
B

============================== END ==============================


============================== New Completed Execution ==============================
[EXEC CODE]

final_result = "yes"

[THE PRINT OUTPUT]

[GENERATE VALID FINAL_RESULT]
yes

============================== END ==============================


============================== New Completed Execution ==============================
[EXEC CODE]

final_result = "A"

[THE PRINT OUTPUT]

[GENERATE VALID FINAL_RESULT]
A

============================== END ==============================

