
============================== NEW EXECUTION ==============================

[EXECUTION EXCEPTION]
invalid syntax (<string>, line 1)
code:generated python code

============================== NEW EXECUTION ==============================

[EXECUTION EXCEPTION]
Object_Detector_Tool.execute() missing 1 required positional argument: 'self'
code:from object_detector import Object_Detector_Tool

# Assuming the image path is '/home/stud/wxie/BLINK_Dataset/Counting/val/images/val_Counting_53_image_1.jpg' and we are detecting 'baseball' and 'basket' with a threshold of 0.45

result = Object_Detector_Tool.execute(image="/home/stud/wxie/BLINK_Dataset/Counting/val/images/val_Counting_53_image_1.jpg", labels=["baseball", "basket"], save_object=True, threshold=0.45)
detected_objects = result[0]
labels = [{'label': 'baseball', 'confidence score': detected_objects[0]['confidence score']}]

total_labels = len(detected_objects)
target_label = 'baseball'
total_count = detected_objects[0]['confidence score'] if 'confidence score' in detected_objects[0] else 0

final_result = total_labels, total_count

============================== NEW EXECUTION ==============================

[EXECUTION EXCEPTION]
invalid syntax (<string>, line 1)
code:To determine the number of clear bottles of wine on the table, we will first need to detect wine bottles in the image using the Object_Detector_Tool tool.
<command>
from object_detector import Object_Detector_Tool

def Detect_Wine_Bottles(image_path, labels):
    detect_tool = Object_Detector_Tool(image_path=image_path, labels=labels)
    for object_data in Detect_tool.output_list:
        if object_data["confidence score"] > 0.45 and object_data["label"] == "wine bottle":
            return True
    return False

def Calculate_Wine_Bottles(event, frame, left_rect, y1, y2):
    wine_bottles = []
    for x, y, w, h in event.frame:
        for x1, y1, x2, y2 in frame:
            if left_rect.left < x < left_rect.right and y1 < y < y2:
                wine_bottles.append((x, y, w, h))
    return wine_bottles

def Count_Wine_Bottles(event, frame):
    wine_bottles = []
    for x, y, w, h in event.frame:
        if Detect_Wine_Bottles(image_path, labels=["wine bottle"]):
            wine_bottles.append({"frame": (x, y, w, h), "label": "wine bottle"})
    return wine_bottles

def Get_Visual_Count(event, label):
    total_wine_bottles = 0
    for wine_bottle in wine_bottles:
        total_wine_bottles += 1
    return total_wine_bottles

============================== NEW EXECUTION ==============================

[EXECUTION EXCEPTION]
'Object_Detector_Tool' object has no attribute 'detect_results'
code:from object_detector import Object_Detector_Tool

class DetectObject:
    def __init__(self):
        self.detect = Object_Detector_Tool()

    def find_objects(self, image_path, labels, save_object):
        self.detect.execute(image=image_path, labels=labels, threshold=0.45, model_size="tiny", save_object=save_object)
        return self.detect.detect_results

def find_bottles_of_wine(image_path):
    detected_objects = DetectObject().find_objects(image_path=image_path, labels=["bottle of wine"], save_object=True)
    total_bottles = sum([obj["count"] for obj in detected_objects[0]["object_dict"]])
    return total_bottles

final_result = find_bottles_of_wine("/home/stud/wxie/BLINK_Dataset/Counting/val/images/val_Counting_53_image_1.jpg")
print("There are", final_result, "clear bottles of wine on the table.")
