
[QAid]4372_0

[Code Extraction Failed or Parse Failed]

No Python code block found in completion.

Completion Content: 
To answer the question about the number of statues in the image, we can use the Python program provided in the question. The image path is specified as 'path_to_image.png'. Here's the Python code that detects statues in the image and returns the number of detected statues:
```python
from pixel_depth_tool import Pixel_Depth_Tool
import requests

# Specify the image path
image_path = 'path_to_image.png'

# Initialize the pixel depth estimation tool
pixel_depth_tool = Pixel_Depth_Tool()

# Process the image
image_results = pixel_depth_tool.execute(image_path=image_path, output=True)

# Check if there are any detected statues
if 'depth_map' in image_results['image_results'][0]:
  # Extract bounding boxes, letter, and scores from the first depth map
  result = pixel_depth_tool.read().execute(image_path='path_to_image.png', output=True, outdir='./vis_depth')
  for object_results in result['image_results']:
    if 'bbox' in object_results:
      if object_results['bbox'] not in ['statue', 'man', 'woman', 'child']:
        continue
      letter = pixel_depth_tool.read().execute(image_path='path_to_image.png', output=True, outdir='./vis_depth')
      result = [*result['image_results'], *[[*bbox, label, letter] for bbox, letter in letter['bbox'].items(): label=label, letter=letter]]

# Check if there are any detected statues, if not return 0
if not result:
  print('No statues detected')
else:
  statue_detected = sum(result.count(1) for _, letter, result in result[0]['image_results'].itertuples())
  print(f'Total Statue: {statue_detected}')
```

Let's run the Python code to get the result.
============================== END ==============================


[QAid]4372_0

[Code Includes Tools Usage]
code: 

from object_detector import Object_Detector_Tool

final_result = Object_Detector_Tool.execute(image='path/to/image.png', labels=['statue'], save_object=True, saved_image_path='detected_objects')
print(final_result)

============================== END ==============================


[QAid]4372_0

[Code Includes Tools Usage]
code: 
detected_objects, object_number = Object_Detector_Tool.execute(image='path_to_image.png', labels=['baseball', 'basket'], save_object=True, saved_image_path='detected_objects')
============================== END ==============================


[QAid]4372_0

[Code Extraction Failed or Parse Failed]

No Python code block found in completion.

Completion Content: 
Here is the Python code that can answer the question based on the visual inputs:

```python
import os
import cv2
from object_detector import Object_Detector_Tool
from text_detector import Text_Detector_Tool
from letter_detector import Letter_Detector_Tool

output = {
    'detected_objects': Object_Detector_Tool.execute(image='/path/to/image.png', labels=['statue1', 'statue2'], save_object=True).get() + Object_Detector_Tool.execute(image='/path/to/image.png', labels=['statue3'], save_object=True).get() + Object_Detector_Tool.execute(image='/path/to/image.png', labels=['man'], save_object=True).get(),
    'object_number': {'statue1': 1, 'statue2': 1, 'statue3': 2, 'man': 3}
}

print(f"Number of statues: {output['object_number']['statue1']} statue1 and {output['object_number']['statue2']} statue2 and {output['object_number']['statue3']} statue3")
print(f"Total objects detected: {len(output['detected_objects']['baseball'])} baseball and {len(output['detected_objects']['basket'])} basketball")
```

This code uses the appropriate tools to detect statues and basketballs, and counts the number of each object. It then prints the number of statues detected and the total number of objects. Note that you will need to replace `/path/to/image.png` with the actual path of your image file.
============================== END ==============================


[QAid]4372_0

[Code Extraction Failed or Parse Failed]

invalid syntax (<unknown>, line 1)

Completion Content: 
<command>python3 detect_vision.py image='path_to_living_room_image.png' languages=['en', 'de'] outdir= 'detected_objects' detail=0</command>
============================== END ==============================


[QAid]4372_0

[Code Includes Tools Usage]
code: 

from object_detector import Object_Detector_Tool

detected_objects, object_number = Object_Detector_Tool.execute(image='path/to/image.png', labels=[" statues"])
print(detected_objects)
print(object_number)

============================== END ==============================


[QAid]4372_0

[Code Extraction Failed or Parse Failed]

No Python code block found in completion.

Completion Content: 
To calculate the number of statues in the scene, you can use the 'Object_Detector_Tool' tool. Let's execute this tool using the image '4372_0.png' provided in the metadata.

Here is the Python code to achieve this:

```python
from object_detector import Object_Detector_Tool

def calculate_statues(image_path='4372_0.png'):
    detected_objects = Object_Detector_Tool.execute(image=image_path, labels=['statue'],
                                                    save_object=True,
                                                    saved_image_path=os.path.join('detected_objects'))

    statue_count = {}
    for label in ['statue']:
        for entry in detected_objects[label]:
            statue_count[label] = len(detected_objects[label])

    return statue_count
```

In this code, we define a function `calculate_statues` that takes an image path as input and uses the `Object_Detector_Tool` tool to detect statues. It returns a dictionary with the number of statues detected in the image and a path where these detected images can be saved if desired. Finally, you can call this function with the image path '4372_0.png' to get the number of statues in the scene.
============================== END ==============================


[QAid]4372_0

[Code Includes Tools Usage]
code: 

from object_detector import Object_Detector_Tool

final_result = Object_Detector_Tool.execute(image='path/to/image.png', labels=[1, 2], save_object=True, saved_image_path='detected_objects')
print(final_result)

============================== END ==============================

