
[EXECUTION EXCEPTION]
keyword argument repeated: save_object (<string>, line 11)
code:from object_detector import Object_Detector_Tool

# Define the image file
image_path = "/home/stud/wxie/BLINK_Dataset/Counting/val/images/val_Counting_40_image_1.jpg"

# Set the threshold and model size for detection
threshold = 0.45
model_size = "tiny"

# Initialize the tool
obj_detector = Object_Detector_Tool(image_path, labels=["skier"], save_object=True, save_object=True)

# Process the image
obj_detector.execute(labels=["skier"], threshold=threshold)

# Get the results
results = obj_detector.output_types["output_types"]

# Loop through the results and count the skiers
total_skiers_count = 0
for label, label_count in results["labels"]:
    if "skier" in label:
        total_skiers_count += label_count["count"]

final_result = min((A, B, C, D, E) for A, B, C, D, E in [([len(results["labels"])], [skiers[0][0] for skiers in results["labels"]]) if total_skiers_count > 0 and len(results["labels"]) > 1 else [C]])[total_skiers_count > 0 and len(results["labels"]) > 1]
print("Skiers wearing red:")
print(final_result)

[EXECUTION EXCEPTION]
type object 'Object_Detector_Tool' has no attribute 'load_image'
code:from object_detector import Object_Detector_Tool

# Load image
path_to_image = "/home/stud/wxie/BLINK_Dataset/Counting/val/images/val_Counting_40_image_1.jpg"
image = Object_Detector_Tool.load_image(path_to_image)

# Detect objects
labels_to_detect = ["ski"]
object_number, detected_objects = Object_Detector_Tool.execute(image=image, labels=labels_to_detect, save_object=True, saved_image_path="detected_objects")

# Check if the detected objects are in red
if detected_objects["baseball"][f"boxes".index("baseball")]["color"] == "red":
    num_skiers_in_red = 1

final_result = max([a for a in detected_objects if detected_objects[a]["label"] == "ski"])
print(final_result)

[EXECUTION EXCEPTION]
list index out of range
code:from object_detector import Object_Detector_Tool

# Load the image
obj_detector = Object_Detector_Tool()
img_path = "/home/stud/wxie/BLINK_Dataset/Counting/val/images/val_Counting_40_image_1.jpg"
labels = ["baseball", "basket"]
threshold = 0.45

# Detect objects
detected_objects = obj_detector.execute(image=img_path, labels=labels, threshold=threshold, model_size="tiny", save_object=True, saved_image_path="detected_objects")

# Check the presence of the red object
num_objects = len(detected_objects[1])

final_result = "No."

if "baseball" in detected_objects[0] and "basket" not in detected_objects[0]:
    final_result = "No."

if "basket" in detected_objects[0] and "baseball" not in detected_objects[0]:
    final_result = "No."

if num_objects == 1:
    final_result = "1"

if final_result:
    print(f"The object is {final_result}.")
else:
    print("No object detected.")

[EXECUTION EXCEPTION]
list indices must be integers or slices, not str
code:from object_detector import Object_Detector_Tool

# Load the image and save it to a temporary file
object_detector_tool = Object_Detector_Tool()
object_detector_tool.execute(image="val_Counting_40_image_1.jpg", labels=["baseball", "basket"], save_object=True, saved_image_path="temp_image.jpg")

# Detect baseball and basket
baseball_detection = object_detector_tool.execute(image="temp_image.jpg", labels=["baseball", "basket"])
basket_detection = object_detector_tool.execute(image="temp_image.jpg", labels=["basket", "soccer ball"])

# Get the total count for baseball and basket
total_baseball_count = baseball_detection["object_number"]["baseball"]
total_bucket_count = basket_detection["object_number"]["basket"]

final_result = total_bucket_count

[EXECUTION EXCEPTION]
invalid syntax (<string>, line 1)
code:from_object_detector import Object_Detector_Tool
final_result = Object_Detector_Tool.execute(image="/home/stud/wxie/BLINK_Dataset/Counting/val/images/val_Counting_40_image_1.jpg", labels=["red"], threshold=0.45, model_size="tiny", save_object=False, saved_image_path="detected_objects")
for label in final_result["output_types"][1][0]:
    if label == "red":
        print(label, "skier")
        print(final_result["output_types"][1][1]["red"])
        break

[EXECUTION EXCEPTION]
name 'object_detector' is not defined
code:from object_detector import Object_Detector_Tool

import_path: object_detector = "object_detector"
object_detector_tool = Object_Detector_Tool()
detected_object_labels, object_count = object_detector_tool.execute(image='/home/stud/wxie/BLINK_Dataset/Counting/val/images/val_Counting_40_image_1.jpg', labels=["red"], save_object=True, saved_image_path='detected_objects')

sorted_object_counts = sorted(object_count.items(), key=lambda x: x[1], reverse=True)

final_result = ''
if len(sorted_object_counts) > 0:
    last_object_count = sorted_object_counts[0][1]
else:
    last_object_count = 0

final_result = 'Detected 1 skier who is wearing {}.'.format("red" if last_object_count > 0 else "")

print("Final Result:", final_result)

[EXECUTION EXCEPTION]
not enough values to unpack (expected 2, got 0)
code:from object_detector import Object_Detector_Tool

# Set image path
path_to_image = "/home/stud/wxie/BLINK_Dataset/Counting/val/images/val_Counting_40_image_1.jpg"

# Create Object_Detector_Tool instance
detector_tool = Object_Detector_Tool()

# Execute tool to detect objects
detected_objects, object_number = detector_tool.execute(image=path_to_image, labels=["baseball"], save_object=True, saved_image_path="detected_objects")

# Extract relevant information from the detected_objects dictionary
baseball_counts = object_number["baseball"]["counts"]
basket_counts = object_number["basket"]["counts"]

# Calculate total count based on counts
total_counts = baseball_counts + basket_counts

final_result = max(total_counts, 1)  # Return number of skiers wearing red

[EXECUTION EXCEPTION]
Object_Detector_Tool.execute() missing 1 required positional argument: 'self'
code:from object_detector import Object_Detector_Tool

# Path to the image file
image_path = "/home/stud/wxie/BLINK_Dataset/Counting/val/images/val_Counting_40_image_1.jpg"

# Call the tool to detect objects
detected_objects, object_number = Object_Detector_Tool.execute(image=image_path, labels=["baseball", "basket"], save_object=True, saved_image_path="detected_objects")

# Get the data from the detected objects
labels_data = detected_objects["object_number"]

# Get the total counts for each detected label
label_count = labels_data["object_number"].values

# Check if any skiers are wearing red
red_count = label_count.get(["baseball", "basket"])
final_result = "None"
for count in red_count:
    if count == 1:
        final_result = "D"
        break

# Print the final result
print(final_result)
