--- Completion 1 ---
final_result = "object_number : {'baseball': 1, 'basket': 2} \n"  # Output:
</command></command>
Reward: 0.0

--- Completion 2 ---
To generate the Python code, I need to determine the type of image or the image itself.
Reward: 0.0

--- Completion 3 ---
To generate a full, complete Python script that:

1. Detect the餐厅名称或坐标信息。
2. Display or extract a specific letter or text block in an image.
3. Estimate pixel-level depth in an image from pixels (tiles).

For such a script, the communication between the assistant and the image is required at the "command" parameter of the demo command in the Text_Detector_Tool tool. Eventually, after the demonstration command is performed, the wanted output will be returned.

However, without having any image file for demonstration or testing, I cannot execute this "full Python" process. Hence, the final result of the Python script will always be a blank string.
Therefore, the variable final_result within the Python code will be set to an empty string.
Entailing the final result is the final answer to your question.
Reward: 0.0

--- Completion 4 ---
final_result = 1
Reward: 0.0

--- Completion 5 ---
style = '\n.background, \n.word_color: cyan, \n.font: "courier new", \n;'
final_result = style + "<command>obj = Object_Detector_Tool.process_image(image='cam1.jpg', model_size='tiny', language='zh_sim', save_object=False)</command>&lt;/style&gt;"
Reward: 0.0

--- Completion 6 ---
final_result = "The Python code will print only the library names that are needed to answer questions and the CTU-compatible ImageProcessor functionality that can animate images."
Reward: 0.0

--- Completion 7 ---
final_result = "Created cases for text detection plugin."
Reward: 0.0

