
[None RESULT]


[Successful Execution but Get None RESULT]
[EXEC CODE]

def closest_object(object_name, objects_info):
    if object_name == 'dining table':
        return objects_info[0]
    if object_name == 'brown sofa':
        return objects_info[1]


============================== END ==============================


[Exctuion Failed]

EOF when reading a line
code: 
to_answer = input("Which object is closer to the camera taking this photo, dining table or brown sofa?")
if to_answer.lower() == "dining table":
    final_result = "dining table"
else:
    final_result = "brown sofa"
print(final_result)

============================== END ==============================


[Exctuion Failed]

name 'Text_Detector_Tool' is not defined
code: 

to = Text_Detector_Tool.image
result = result(image_to, languages=['en', 'zh'])


============================== END ==============================


[Exctuion Failed]

unexpected indent (<string>, line 2)
code: 

 final_result = Text_Detector_Tool.execute(image='path/to/image.png', languages=['en', 'de'])
for result in final_result:
    if result['score'] >= 0.7:  # Replace '0.7' with the desired confidence threshold
        print(brown_sofa)


============================== END ==============================


[None RESULT]


[Successful Execution but Get None RESULT]
[EXEC CODE]
final_result

============================== END ==============================


[None RESULT]


[Successful Execution but Get None RESULT]
[EXEC CODE]
final_result

============================== END ==============================


[Exctuion Failed]

invalid syntax (<string>, line 2)
code: 

python /home/user/dataset/pipeline/bin/dm.py --image_path /path/to/image.png --language "en" --depth_threshold 0.5 --image_depth_threshold 0.35 --output True --outdir /path/to/save --object_detection_tool "object_detector"


============================== END ==============================

