
============================== New Completed Execution ==============================
[EXEC CODE]
final_result = {'side_tables': 1}
print(final_result)
[THE PRINT OUTPUT]
{'side_tables': 1}

[GENERATE VALID FINAL_RESULT]
{'side_tables': 1}

============================== END ==============================


============================== New Completed Execution ==============================
[EXEC CODE]
final_result = "1"
[THE PRINT OUTPUT]

[GENERATE VALID FINAL_RESULT]
1

============================== END ==============================


============================== New Completed Execution ==============================
[EXEC CODE]
final_result = 0
[THE PRINT OUTPUT]

[GENERATE VALID FINAL_RESULT]
0

============================== END ==============================


============================== New Completed Execution ==============================
[EXEC CODE]
final_result = 1
[THE PRINT OUTPUT]

[GENERATE VALID FINAL_RESULT]
1

============================== END ==============================


============================== New Completed Execution ==============================
[EXEC CODE]
final_result = {
    "side_tables": 0
}
[THE PRINT OUTPUT]

[GENERATE VALID FINAL_RESULT]
{'side_tables': 0}

============================== END ==============================


============================== New Completed Execution ==============================
[EXEC CODE]
final_result = "object_number"
[THE PRINT OUTPUT]

[GENERATE VALID FINAL_RESULT]
object_number

============================== END ==============================


============================== New Completed Execution ==============================
[EXEC CODE]
final_result = 1
[THE PRINT OUTPUT]

[GENERATE VALID FINAL_RESULT]
1

============================== END ==============================

