
[QAid]896_0

[Code Includes Tools Usage]
code: 

from object_detector import Object_Detector_Tool

final_result = Object_Detector_Tool().execute(
  image='/nfs/data8/liao/wxie/SAT/SAT_images_train/896_0.png',
  labels=['baseball', 'basket'],
  save_object=True,
  saved_image_path='detected_objects'
)

print(final_result)

============================== END ==============================


[QAid]896_0

[Code Includes Tools Usage]
code: 

from object_detector import Object_Detector_Tool

final_result = Object_Detector_Tool().execute(image="/nfs/data8/liao/wxie/SAT/SAT_images_train/896_0.png", labels=["books"], save_object=True, saved_image_path="detected_objects")
print(final_result)

============================== END ==============================


[QAid]896_0

[Code Includes Tools Usage]
code: 

from object_detector import Object_Detector_Tool

final_result = Object_Detector_Tool().execute(image="path/to/image", labels=["baseball", "basket"], save_object=True, detected_objects=[])
print(final_result)

============================== END ==============================


[QAid]896_0

[Code Includes Tools Usage]
code: 

from object_detector import Object_Detector_Tool

final_result = Object_Detector_Tool().execute(image='path/to/image', labels=['baseball', 'basket'], save_object=True)
print(final_result)

============================== END ==============================


[QAid]896_0

[Code Includes Tools Usage]
code: 
from object_detector import Object_Detector_Tool
final_result = Object_Detector_Tool().execute(image='path/to/image', labels=['baseball', 'basket'], save_object=True, saved_image_path='detected_objects')
print(final_result)
============================== END ==============================


[QAid]896_0

[Code Includes Tools Usage]
code: 
from object_detector import Object_Detector_Tool
from text_detector import Text_Detector_Tool

final_result = Object_Detector_Tool().execute(image='896_0.png', labels=['baseball', 'basket'], save_object=True, saved_image_path='detected_objects')
print(final_result)

============================== END ==============================

