--- Completion 1 ---
final_result
Reward: 0.0

--- Completion 2 ---
final_result
= "1"
Reward: 0.0

--- Completion 3 ---
final_result
Reward: 0.0

--- Completion 4 ---
final_result
Reward: 0.0

--- Completion 5 ---
final_result
Reward: 0.0

--- Completion 6 ---
# This is a placeholder for the actual logic to count the number of HousePlants in the scene.
# In this example, we will assume there are 0 HousePlants visible in the scene.
# final_result: "0"
```python
# This is a placeholder for the actual logic to count the number of HousePlants in the scene.
Reward: 0.0

