
============================== New Completed Execution ==============================
[EXEC CODE]

final_result = 'wall paint (highlighted by a blue box)'

[THE PRINT OUTPUT]

[GENERATE VALID FINAL_RESULT]
wall paint (highlighted by a blue box)

============================== END ==============================


============================== New Completed Execution ==============================
[EXEC CODE]

final_result = "block colour dresser (highlighted by a green box)"

[THE PRINT OUTPUT]

[GENERATE VALID FINAL_RESULT]
block colour dresser (highlighted by a green box)

============================== END ==============================


============================== New Completed Execution ==============================
[EXEC CODE]

final_result = "block colour dresser (highlighted by a green box)"

[THE PRINT OUTPUT]

[GENERATE VALID FINAL_RESULT]
block colour dresser (highlighted by a green box)

============================== END ==============================


============================== New Completed Execution ==============================
[EXEC CODE]

final_result = "wall paint"

[THE PRINT OUTPUT]

[GENERATE VALID FINAL_RESULT]
wall paint

============================== END ==============================


============================== New Completed Execution ==============================
[EXEC CODE]

final_result = "wall paint (highlighted by a blue box)"

[THE PRINT OUTPUT]

[GENERATE VALID FINAL_RESULT]
wall paint (highlighted by a blue box)

============================== END ==============================


============================== New Completed Execution ==============================
[EXEC CODE]

final_result = "block colour dresser (highlighted by a green box)"

[THE PRINT OUTPUT]

[GENERATE VALID FINAL_RESULT]
block colour dresser (highlighted by a green box)

============================== END ==============================


============================== New Completed Execution ==============================
[EXEC CODE]

final_result = "block colour dresser (highlighted by a green box)"

[THE PRINT OUTPUT]

[GENERATE VALID FINAL_RESULT]
block colour dresser (highlighted by a green box)

============================== END ==============================


============================== New Completed Execution ==============================
[EXEC CODE]

final_result = "wall paint (highlighted by a blue box)"

[THE PRINT OUTPUT]

[GENERATE VALID FINAL_RESULT]
wall paint (highlighted by a blue box)

============================== END ==============================

