--- Completion 1 ---
<command>
from Object_Detector_Tool import Object_Detector_Tool

final_result = Object_Detector_Tool.execute(image="/nfs/data8/liao/wxie/SAT/SAT_images_train/6933_0.png", labels=['dog_bed'], save_object=True, saved_image_path="detected_objects")

if final_result[1] == 1:
    print("There is 1 dog bed visible in the scene.")
elif final_result[1] > 2:
    print("There is more than 2 dog beds visible in the scene.")
else:
    print("There are no dog beds visible in the scene.")
</command>
Reward: 1.0

--- Completion 2 ---
<command>
from object_detector import Object_Detector_Tool

final_result = Object_Detector_Tool().execute(image='/nfs/data8/liao/wxie/SAT/SAT_images_train/6933_0.png', labels=['baseball'], threshold=0.35, save_object=True, saved_image_path='detected_objects')
print(final_result)
</command>
Reward: 1.0

--- Completion 3 ---
<command>
from Object_Detector_Tool import Object_Detector_Tool

final_result = Object_Detector_Tool.execute(
    image="/nfs/data8/liao/wxie/SAT/SAT_images_train/6933_0.png",
    labels=["DogBed"],
    save_object=True
)

print("Detected DogBeds:", final_result)
</command>
Reward: 1.0

--- Completion 4 ---
<command>
from Object_Detector_Tool import object_detector_tool

final_result = object_detector_tool.execute(image='path/to/image', labels=['baseball', 'basket'], save_object=True, saved_image_path='detected_objects')

for label, detected_objects in final_result.items():
    object_number = len(detected_objects)

    print(f"{label} : {{{'score': detected_objects[0]['score']}}}")
    print(f"Total detected {label}: {object_number}")

final_result
</command>
Reward: 1.0

--- Completion 5 ---
<command>
from object_detector import Object_Detector_Tool

final_result = Object_Detector_Tool().execute(image="/nfs/data8/liao/wxie/SAT/SAT_images_train/6933_0.png", labels=["DogBeds"], threshold=0.25, saved_image_path="")
print(f"Number of DogBeds: {final_result['object_number']['DogBeds']}")
</command>
Reward: 1.0

--- Completion 6 ---
<command>
import Object_Detector_Tool

final_result = Object_Detector_Tool.execute(image="/nfs/data8/liao/wxie/SAT/SAT_images_train/6933_0.png", save_object=True, saved_image_path="detected_objects")

print(final_result)
</command>
Reward: 1.0

