
============================== NEW SCCESSFUL EXECUTION ==============================
[EXEC CODE]
final_result = 1
[THE PRINT OUTPUT]

[GENERATE FINAL_RESULT]
1

============================== END ==============================

============================== NEW SCCESSFUL EXECUTION ==============================
[EXEC CODE]
final_result = 1.0
[THE PRINT OUTPUT]

[GENERATE FINAL_RESULT]
1.0

============================== END ==============================

============================== NEW SCCESSFUL EXECUTION ==============================
[EXEC CODE]

[THE PRINT OUTPUT]

[GENERATE FINAL_RESULT]
None

============================== END ==============================

============================== NEW SCCESSFUL EXECUTION ==============================
[EXEC CODE]
final_result = 2
[THE PRINT OUTPUT]

[GENERATE FINAL_RESULT]
2

============================== END ==============================

============================== NEW SCCESSFUL EXECUTION ==============================
[EXEC CODE]
final_result = 1
[THE PRINT OUTPUT]

[GENERATE FINAL_RESULT]
1

============================== END ==============================
