
[EXECUTION EXCEPTION]
Object_Detector_Tool.execute() got an unexpected keyword argument 'image_path'
code:from object_detector import Object_Detector_Tool

import os

# Specify file paths
image_path = "/home/stud/wxie/BLINK_Dataset/Counting/val/images/val_Counting_10_image_1.png"
labels = ["baseball", "basket"]
threshold = 0.45
model_size = "tiny"

# Use the object_detector tool to process the image
filtered_labels = Object_Detector_Tool.execute(image_path=image_path, labels=labels, threshold=threshold, model_size=model_size, save_object=True, saved_image_path="detected_objects")
filtered_object_number = filtered_labels[0]["object NUMBER"]
final_result = filtered_object_number
print(final_result)

[EXECUTION EXCEPTION]
Object_Detector_Tool.execute() missing 1 required positional argument: 'self'
code:from object_detector import Object_Detector_Tool

# Detect objects
detected_objects, object_number = Object_Detector_Tool.execute(image=r'/home/stud/wxie/BLINK_Dataset/Counting/val/images/val_Counting_10_image_1.jpg', labels=['lackawanna clock tower', 'train'], save_object=True, saved_image_path='detected_objects')

# Check if 'lackawanna clock tower' has a flat top
if 'lackawanna clock tower' in detected_objects and 'train' not in detected_objects:
    final_result = 'A'
elif 'lackawanna clock tower' not in detected_objects and 'train' in detected_objects:
    final_result = 'D'
else:
    final_result = 'CE'

print(final_result)

[EXECUTION EXCEPTION]
list indices must be integers or slices, not str
code:from object_detector import Object_Detector_Tool

# Load the object detector
object_detector = Object_Detector_Tool()

# Load the image file
# Replace '/home/stud/wxie/BLINK_Dataset/Counting/val/images/val_Counting_10_image_1.jpg' with the actual path to your image
image_path = '/path/to/your/image.jpg'

# Detect the objects
result = object_detector.execute(image=image_path, labels=["Lackawanna"], threshold=0.45)

# Get the bounding boxes, confidence scores, and image paths for each detected object
boxes, conf_scores, image_paths = result["object_number"], result["object_number"], result["object_number"]

# Check if the object at (3, 86, 116, 158) is a tall building with a flat top
if boxes[(0, 3, 116, 186)] == (3, 86, 116, 186):
    tall_building_with_flat_top = True
else:
    tall_building_with_flat_top = False

# Count the tall buildings with a flat top (if any)
count_tall_building_with_flat_top = 0
for i in range(len(image_paths)):
    if tall_building_with_flat_top:
        count_tall_building_with_flat_top += 1

final_result = "B" if count_tall_building_with_flat_top >= 1 else "C"

print(f"Number of tall buildings with a flat top: {count_tall_building_with_flat_top}")
print(f"Final result: {final_result}")

[EXECUTION EXCEPTION]
list indices must be integers or slices, not str
code:from object_detector import Object_Detector_Tool

# Load the image from the current directory
image_path = '/home/stud/wxie/BLINK_Dataset/Counting/val/images/val_Counting_10_image_1.jpg'

# Initialize the Object Detection Tool
object_detector = Object_Detector_Tool()

# Execute the detection
results = object_detector.execute(image=image_path, labels=["baseball", "basket"], save_object=True, saved_image_path="detected_objects")

# Extract the count for "baseball"
baseball_count = results["object_number"]["baseball"]

final_result = baseball_count

[EXECUTION EXCEPTION]
type object 'Object_Detector_Tool' has no attribute 'load_image'
code:from object_detector import Object_Detector_Tool

# Load the image
image_path = "/home/stud/wxie/BLINK_Dataset/Counting/val/images/val_Counting_10_image_1.jpg"
image = Object_Detector_Tool.load_image(image_path)

# Detect objects
labels = ["baseball", "basket"]
detection_count = Object_Detector_Tool.execute(image=image, labels=labels)

# Analyze the results
total_labels_count = Object_Detector_Tool.generate_labels_count(detection_count)
final_result = max(total_labels_count.keys(), key=total_labels_count.get)

if final_result == 'baseball':
    print("Tall buildings with a flat top: (B)")
elif final_result == 'basket':
    print("Tall buildings with a flat top: (C)")
else:
    print("Tall buildings with a flat top: (D)")
