
[None RESULT]


[EXECUTION EXCEPTION]
unexpected indent (<string>, line 4)
code:from object_detector import Object_Detector_Tool

    # Initialize Object_Detector_Tool with the provided parameters
    detector_tool = Object_Detector_Tool(image="path/to/image.jpg", labels=["baseball", "basket"], save_object=True, saved_image_path="detected_objects")

    # Process the image data to get the detected results
    detected_objects, object_number = detector_tool.execute()

    # Check if there are objects detected
    if object_number > 0:
        # Get the detected objects and their counts
        objects_with_labels = {label: detected_objects[label][0] for label in object_number}
        total_objects = sum([len(detected_objects[label][0]) for label in object_number])
    else:
        objects_with_labels = {}
        total_objects = 0

    # Create a final result based on the object_number
    if object_number > 0:
        final_result = ''
    else:
        final_result = '0'

    final_result

[EXECUTION EXCEPTION]
Object_Detector_Tool.execute() missing 1 required positional argument: 'self'
code:from object_detector import Object_Detector_Tool

final_result = ""
# Detection the subjects in the image
num_subjects, labels, confidence_scores = Object_Detector_Tool.execute(image="/home/stud/wxie/BLINK_Dataset/Counting/val/images/val_Counting_118_image_1.jpg", labels=["blue_hat", "black_hat", "male"], save_object=True, saved_image_path="detected_objects")
num_subjects, labels, confidence_scores

# Verification
if (num_subjects >= 2) and (label == "male"):
    final_result = "B"
else:
    final_result = "A"

# Print final result
print(final_result)
