--- Completion 1 ---
<command>final_result = "1" if len(detected_objects) > 0 else "0"
print("The number of countertops visible in the scene is:", final_result)
</command>
Reward: 0.5

--- Completion 2 ---
<command>final_result = "1"
Reward: 0.0

--- Completion 3 ---
<command>final_result = 1
</command>
Reward: 0.5

--- Completion 4 ---
<command>final_result = "1"
</command>
Reward: 0.5

--- Completion 5 ---
<command>final_result = "1"
</command>
Reward: 0.5

--- Completion 6 ---
<command>final_result = "1"
</command>
Reward: 0.5

