
============================== New Completed Execution ==============================
[EXEC CODE]
from object_detector import Object_Detector_Tool
final_result = Object_Detector_Tool().execute(image='path/to/image', labels=['baseball', 'basket'], save_object=True, saved_image_path='detected_objects')

for label in final_result:
    detected_objects = label[1]
    object_number = label[0]
    detected_blocks = []

    for block in detected_objects:
        bounding_box = list(block[0])
        text = block[2]
        confidence_score = block[4]

        detected_blocks.append([bounding_box, text, confidence_score])

    detected_blocks.reverse()

    text_result = [detected_blocks for i in range(len(detected_blocks))][0]

    if not text_result:
        final_result.pop()

final_result
[THE PRINT OUTPUT]
Error building the Object Detection tool: Cannot re-initialize CUDA in forked subprocess. To use CUDA with multiprocessing, you must use the 'spawn' start method
Error detecting objects: Failed to build the Object Detection tool.
Failed to detect objects after 10 attempts.

[GENERATE VALID FINAL_RESULT]
[]

============================== END ==============================

