
============================== NEW SCCESSFUL EXECUTION ==============================
[EXEC CODE]
final_result = []
[THE PRINT OUTPUT]

[GENERATE FINAL_RESULT]
[]

============================== END ==============================

============================== NEW SCCESSFUL EXECUTION ==============================
[EXEC CODE]
final_result = 0
[THE PRINT OUTPUT]

[GENERATE FINAL_RESULT]
0

============================== END ==============================

============================== NEW SCCESSFUL EXECUTION ==============================
[EXEC CODE]
import_path: ["object_detector: 'object_detector.Tool'",
                         "text_detector: 'Text_Detector_Tool'",
                         "letter_detector: 'Letter_Detector_Tool'"
                         ]
[THE PRINT OUTPUT]

[GENERATE FINAL_RESULT]
None

============================== END ==============================

============================== NEW SCCESSFUL EXECUTION ==============================
[EXEC CODE]
final_result = "B"
[THE PRINT OUTPUT]

[GENERATE FINAL_RESULT]
B

============================== END ==============================

============================== NEW SCCESSFUL EXECUTION ==============================
[EXEC CODE]
final_result = "A"
[THE PRINT OUTPUT]

[GENERATE FINAL_RESULT]
A

============================== END ==============================
