
[QAid]8557_0

[Code does not include Tools Usage]
code: 
final_result = "2"

============================== END ==============================


[QAid]8557_0

[Code does not include Tools Usage]
code: 
final_result = "2"

============================== END ==============================


[QAid]8557_0

[Code does not include Tools Usage]
code: 
final_result = "2"

============================== END ==============================


[QAid]8557_0

[Code does not include Tools Usage]
code: 
final_result = "2"

============================== END ==============================


[QAid]8557_0

[Code does not include Tools Usage]
code: 
final_result = "2"

============================== END ==============================


[QAid]8557_0

[Code does not include Tools Usage]
code: 
final_result = "3"

============================== END ==============================

