
============================== New Completed Execution ==============================
[EXEC CODE]

final_result = "dark brown dresser (highlighted by a red box)"

[THE PRINT OUTPUT]

[GENERATE VALID FINAL_RESULT]
dark brown dresser (highlighted by a red box)

============================== END ==============================


============================== New Completed Execution ==============================
[EXEC CODE]

final_result = "dark brown dresser (highlighted by a red box)"

[THE PRINT OUTPUT]

[GENERATE VALID FINAL_RESULT]
dark brown dresser (highlighted by a red box)

============================== END ==============================


============================== New Completed Execution ==============================
[EXEC CODE]

final_result = "dark brown dresser (highlighted by a red box)"

[THE PRINT OUTPUT]

[GENERATE VALID FINAL_RESULT]
dark brown dresser (highlighted by a red box)

============================== END ==============================


============================== New Completed Execution ==============================
[EXEC CODE]
final_result = "dark brown dresser (highlighted by a red box)"
[THE PRINT OUTPUT]

[GENERATE VALID FINAL_RESULT]
dark brown dresser (highlighted by a red box)

============================== END ==============================


============================== New Completed Execution ==============================
[EXEC CODE]

final_result = "dark brown dresser (highlighted by a red box)"

[THE PRINT OUTPUT]

[GENERATE VALID FINAL_RESULT]
dark brown dresser (highlighted by a red box)

============================== END ==============================


============================== New Completed Execution ==============================
[EXEC CODE]

final_result = "dark brown dresser (highlighted by a red box)"

[THE PRINT OUTPUT]

[GENERATE VALID FINAL_RESULT]
dark brown dresser (highlighted by a red box)

============================== END ==============================


============================== New Completed Execution ==============================
[EXEC CODE]

final_result = "Dark brown dresser (highlighted by a red box)"

[THE PRINT OUTPUT]

[GENERATE VALID FINAL_RESULT]
Dark brown dresser (highlighted by a red box)

============================== END ==============================


============================== New Completed Execution ==============================
[EXEC CODE]
final_result = "dark brown dresser (highlighted by a red box)"

[THE PRINT OUTPUT]

[GENERATE VALID FINAL_RESULT]
dark brown dresser (highlighted by a red box)

============================== END ==============================

