
============================== NEW SCCESSFUL EXECUTION ==============================
[EXEC CODE]

[THE PRINT OUTPUT]

[GENERATE FINAL_RESULT]
None

[None RESULT]


[EXECUTION EXCEPTION]
invalid syntax (<string>, line 1)
code:To answer the question, I will need to use an image annotation tool (Object Detector Tool) with a sample image and provide the annotations. I will use the provided labels for tennis players and tennis, and adjust the confidence threshold and model size accordingly. Then, I will calculate the total count of players and tennis in the image.

[EXECUTION EXCEPTION]
Object_Detector_Tool.execute() missing 1 required positional argument: 'self'
code:from object_detector import Object_Detector_Tool

final_result = Object_Detector_Tool.execute(image="/home/stud/wxie/BLINK_Dataset/Counting/val/images/val_Counting_116_image_1.jpg", labels=["tennis"], save_object=True, saved_image_path="detected_objects")

print(final_result[0]["boxes"], final_result[0]["confidence_scores"])

[EXECUTION EXCEPTION]
Object_Detector_Tool.__init__() got an unexpected keyword argument 'image'
code:from object_detector import Object_Detector_Tool

# Path to the image
image_path = "/home/stud/wxie/BLINK_Dataset/Counting/val/images/val_Counting_116_image_1.jpg"

# Function to detect and analyze objects in the image
def analyze_image(image_path):
    # Initialize the tool with the specific options
    tool_options = {
        "image": image_path,
        "labels": ["baseball", "basket"],
        "save_object": False,
        "model_size": "tiny",
        "threshold": 0.45,
    }

    tool = Object_Detector_Tool(**tool_options)

    detected_objects = None
    label_count = {}

    # Execute the detection process
    detected_objects, label_count = tool.execute()

    return detected_objects, label_count

# Execute the tool
detected_objects, label_count = analyze_image(image_path)

# Analysis
if detected_objects:
    tennis_players = [obj for obj in detecting_objects if obj["label"].startswith("tennis")]
    if len(tennis_players) > 1:
        player_count = label_count["tennis"] + label_count["other"]
        final_result = f"{len(tennis_players)} players are playing tennis."
    else:
        final_result = f"{label_count['tennis']} player(s) are playing tennis."
else:
    final_result = "No tennis players were detected."

final_result

[EXECUTION EXCEPTION]
invalid syntax (<string>, line 1)
code:```python
# Import necessary tool
from object_detector import Object_Detector_Tool

# Image path
image_path = "path/to/image.png"

# Initialize object detector tool
o_detector_tool = Object_Detector_Tool(image_path)

# Detect and count objects
detected_objects, object_number = o_detector_tool.execute(labels=["baseball", "basket"], save_object=True, saved_image_path="detected_objects")

# Print results
print(f"Number of detected objects: {len(detected_objects['boxes'])}")

# Assign final result
final_result = [{"label": "baseball", "count": detected_objects['boxes'][0]}, {"label": "basket", "count": detected_objects['boxes'][1]}]
```

Thought process:
1. Import the `Object_Detector_Tool` tool from its metadata dictionary using `Object_Detector_Tool`.
2. Use the `execute` method to detect objects in the image.
3. Store the detected objects and their bounding boxes in a nested dictionary called `detected_objects` using `.execute` with the labels and other parameters.
4. Use the `len` function to get the number of detected objects.
5. Filter the dictionary for the labels 'baseball' and 'basket'.
6. Convert the dictionary of dictionaries to a list of dictionaries based on 'boxes', check the count of baseball and basket objects.
7. Check the list for the number of detected objects.
8. Assign the final result dictionary containing the detected objects to `final_result`.
9. Print the number of detected objects and display the final result list.
