
[QAid]7291_0

[Code Extraction Failed or Parse Failed]

No Python code block found in completion.

Completion Content: 
final_result = 2
[QAid]7291_0

[Code Extraction Failed or Parse Failed]

No Python code block found in completion.

Completion Content: 
final_result = "2"
[QAid]7291_0

[Code Extraction Failed or Parse Failed]

No Python code block found in completion.

Completion Content: 
final_result = 2
[QAid]7291_0

[Code Extraction Failed or Parse Failed]

No Python code block found in completion.

Completion Content: 
final_result = ""
# Detect objects in the scene
detected_objects, object_number = Detector_Tool.execute(image="path/to/image.png", labels=["Bed"], save_object=True)

# Check if no objects were detected
if not detected_objects:
    final_result = "0"

# Print the final result
print(final_result)
[QAid]7291_0

[Code Extraction Failed or Parse Failed]

No Python code block found in completion.

Completion Content: 
final_result = "2"
[QAid]7291_0

[Code Extraction Failed or Parse Failed]

No Python code block found in completion.

Completion Content: 
final_result = 2
[QAid]7291_0

[Code Extraction Failed or Parse Failed]

No Python code block found in completion.

Completion Content: 
final_result = '2'
[QAid]7291_0

[Code Extraction Failed or Parse Failed]

No Python code block found in completion.

Completion Content: 
final_result = "2"