
[QAid]3999_0

[Code does not include Tools Usage]
code: 
final_result = "1"

============================== END ==============================


[QAid]3999_0

[Code does not include Tools Usage]
code: 
final_result = "1"

============================== END ==============================


[QAid]3999_0

[Code does not include Tools Usage]
code: 
final_result = "1"

============================== END ==============================


[QAid]3999_0

[Code does not include Tools Usage]
code: 
final_result
============================== END ==============================


[QAid]3999_0

[Code does not include Tools Usage]
code: 
final_result = ""
final_result += "0 BaseballBats\n"
final_result += "1 Total BaseballBats\n"
final_result += "<result>"
final_result += "<detected_objects>"
final_result += f"<baseball> {' ' * (len(final_result) - 8)}"
final_result += final_result.split(", ")[-1] + "\n"
final_result += "</baseball>"
final_result += "<basket> {' ' * (len(final_result) - 8)}"
final_result += final_result.split(", ")[-1] + "\n"
final_result += "</basket>"
final_result += "</detected_objects>"
final_result += "</result>"

============================== END ==============================


[QAid]3999_0

[Code does not include Tools Usage]
code: 
final_result = "1"

============================== END ==============================

