
[QAid]14094_0

[Code Extraction Failed or Parse Failed]

No Python code block found in completion.

Completion Content: 
# Import necessary tools
import object_detector
import text_detector
import letter_detector

# Define input image and labels
image_path = 'path/to/image.png'
labels = ['baseball']  # ['baseball', 'basket']  could also be ['basketball']

# Detect objects using object_detector module
detected_objects = object_detector.execute(image_path, labels)

# Predict text in the image using text_detector module
text_results = text_detector.execute(image_path, languages=['en', 'de'])

# Detect letters in the image using letter_detector
letter_results = letter_detector.execute(image_path)

# Understand the situation
if 'basketball' in detected_objects[0]['bbox'] and text_results and letter_results:
    print('Basketball is visible and detected.')
else:
    print('No significant basketball or text detected in the image')
============================== END ==============================


[QAid]14094_0

[Code Extraction Failed or Parse Failed]

No Python code block found in completion.

Completion Content: 
final_result = "B"
print(final_result)
============================== END ==============================


[QAid]14094_0

[Code Extraction Failed or Parse Failed]

No Python code block found in completion.

Completion Content: 
Based on the visual inputs, the number of upper red dots (B) above white color sperical shape office chair, according to the scene you provided, is 1.
============================== END ==============================


[QAid]14094_0

[Code Extraction Failed or Parse Failed]

No Python code block found in completion.

Completion Content: 
Here's a Python program that can answer questions based on visual inputs using the given tools:

```python
import numpy as np
import cv2

import_object = False
import_letter = False

def analyze_room_placement(x, y, room, floor, image, room_name, floor_name, phase, client_edge, device_edge):

    if (room[0] + room[2] > x) or (room[0] + room[2] < client_edge[0]):
        return False
    if (room[1] + room[3] > y) or (room[1] + room[3] < client_edge[1]):
        return False

    if (floor[0] + floor[2] > x) or (floor[0] + floor[2] < floor_name[0]):
        return False
    if (floor[1] + floor[3] > y) or (floor[1] + floor[3] < floor_name[1]):
        return False

    if image == "node":
        return True

    if image == room_name or image == floor_name:
        return True

    if phase == 'plan' or phase == 'image':
        return True

    if (phase == 'image' and image == 'graph'):
        if len(room_name) > 0:
            for tt in room_name.split(";"):
                if tt != "" and tt != "+" and tt != "-":
                    for dd in tt.split(","):
                        if dd != "" and dd != "+" and dd != "-":
                            if len(dd.split(";")) > 0:
                                if dd.split(";")[0] == "L":
                                    return True
                                for ddf in dd.split(";")[1:]:
                                    if ddf != "" and ddf != "+" and ddf != "-":
                                        if len(ddf.split(";")) > 0:
                                            if ddf.split(";")[0] == "B":
                                                return True
    return False

def analyze_rooms(room_pos, room_name, floor_name, apartment, device, phase, client_edge, device_edge):

    if apartment: 
        if room_pos[3] > floor_name[0]:
            return False
        if floor_name[3] > room_pos[0]:
            return False
    else:
        if (floor_name[2] - floor_name[0] >= room_pos[2] - room_pos[0]) and (floor_name[3] - floor_name[1] >= room_pos[3] - room_pos[1]):
            return False

    if room_pos[3] > device_edge[0]:
        return False
    if room_pos[1] + floor_name[3] > device_edge[1]:
        return False

    if phasemap != "home":
        if phase == 'plan' or phase == 'image':
            return True

    if phase != 'image':
        return False

    if房间名称 == "C":
        if room_name == "B":
            return True
        return False

    if房间名称 == "A":
    # image: slate_bathroom no door to bed
        if room_name == "B":
            return True
        return False

    else:
        if room_pos[1] + floor_name[3] > floor_name[0]:
            return False

        i = -1
        while i < apartment + 1: # maximum floor
            if floor_name[i][2] - floor_name[i][0] < room_pos[2] - room_pos[0]:
                i += 1
                continue
            if floor_name[i][3] - floor_name[i][1] < room_pos[3] - room_pos[1]:
                return False
            return True
    return False

def highlight_alive(room, alive_node):
    if not alive_node:
        return False

    if room[0] + room[1] + room[3] + room[2] >= alive_node[0] and room[0] + room[1] + room[3] + room[2] <= alive_node[1]:
        return True
    if room[0] + room[1] + room[2] + room[3] >= alive_node[0] and room[0] + room[1] + room[2] <= alive_node[1]:
        return True
    if room[0] + room[1] + room[2] >= alive_node[0] and room[0] + room[1] + room[3] <= alive_node[1]:
        return True
    if room[0] + room[2] >= alive_node[0] and room[0] + room[2] <= alive_node[1]:
        return True
    if room[0] + alive_node[1] + room[1] >= alive_node[0
============================== END ==============================


[QAid]14094_0

[Code Extraction Failed or Parse Failed]

No Python code block found in completion.

Completion Content: 
To answer your question, let's count how many times the word "A" appears in the image and find its bounding box coordinates.

```python
from object_detector import Object_Detector_Tool

# Executing the object detection tool with the considered image labels.
detected_objects, object_number = Object_Detector_Tool.execute(
    image="Path_to_your_image", labels=["baseball", "basket"]
)

# Tuple of tuple to keep track of object labels and bounding box coordinates.
objects = [(label, [box, score]) for label, box, score in detected_objects]  
identifier = detected_objects[0][0]  # Placeholder, not used

# Getting the number of "baseball" and "basket" detected objects.
total_balls = sum(1 for info in detected_objects if label="baseball")
total_baskets = sum(1 for info in detected_objects if label="basket")

# Calculating the average position of "A"
A_average_x = sum(box[0] for box in objects if labels[0] == "baseball") / total_balls
A_average_y = sum(box[1] for box in objects if labels[0] == "baseball") / total_balls

# Print the results in human-readable format.
print(f"The word 'A' is {total_balls} times detected. "
      f"Frequency: {total_balls / len(detected_objects)} balls.")
print(f"Average position: (-{A_average_x:.3f}, {A_average_y:.3f}))")

# Calculating the total distance and center if ball positions were known.
distance_total = sum(distance[0] for bbox in objects if labels[0] == "baseball")
avg_distance = distance_total / total_balls
print(f"Distance per ball average: {avg_distance:.3f}")
```

Remember to replace `"assets/image1.jpg"` and `"assets/image2.jpg"` with the actual path of your image files for the object detection job.
============================== END ==============================


[QAid]14094_0

[Code Extraction Failed or Parse Failed]

No Python code block found in completion.

Completion Content: 
final_result = 'C'
============================== END ==============================


[QAid]14094_0

[Code Extraction Failed or Parse Failed]

No Python code block found in completion.

Completion Content: 
Here is a Python program that can answer questions based on visual inputs:

```python
from object_detector import Object_Detector_Tool

def analyze_visual_inputs(image_path):
    # Load the object detector tool
    object_detector = Object_Detector_Tool()

    # Detect objects in the image
    # Assuming the image is path_to_image.png
    if object_detector.execute(image_path, labels=['baseball', 'basket'], save_object=False):
        detected_objects = object_detector.execute(image=image_path, labels=['baseball', 'basket'], save_object=True)
        object_number = object_detector.execute(image=image_path, languages=['en', 'de'], save_object=True)
    
        # Extract text detection results to be able to identify specific letters
    else:
        detected_objects = []
        object_number = {}
    
    return detected_objects, object_number

print(analyze_visual_inputs('path_to_image.png'))
```

In the code above, we first import the required modules from `object_detector`. The `execute` method of the `Object_Detector_Tool` class is used to perform object detection on the input image. The method takes several arguments including the image, a list of object labels to detect, and a boolean indicating whether to save detected objects as images. The output of this method is a dictionary where each key represents an object label and its corresponding data.

Next, we apply the `analyze_visual_inputs` function to `path_to_image.png`. The function takes `image_path` as an argument, which is a path to the input image. It first checks if the image has been successfully detected. If it's a success, it searches for text detection results using multiple languages (English and German). For each language, it checks for text detection in the image (presumably, text is within trained OCR model's capabilities). If text is found, it calculates the 'object_number' to know the total count of objects detected. The function then returns the detected objects and object_number.

Replace `'path_to_image.png'` with the actual path to your image to perform the analysis. This program will analyze the image and output detection results.
============================== END ==============================

