
[QAid]1381_0

[Code Extraction Failed or Parse Failed]

No Python code block found in completion.

Completion Content: 
<command>from object_detector_tool import Object_Detector_Tool, text_detector_tool
import_name: "Object_Detector_Tool"

text_detector_tool = text_detector_tool()
result = text_detector_tool.execute(image='path/to/image', languages=['en', 'de'])
for languages in result:
    object_number = languages['detected_objects']
final_result = []

for label in object_number:
    for detection in object_number[label]:
        det = [detection[1]]
        det.append(object_number[label][label])
        det.append(result[label][0])
        det.append(result[label][1])
        det.append(result[label][2])
        det.append(detected_objects)

for detection in detections:

        final_result.append(detection[1] + " " + detection[4] + " " + str(detection[1][2]))
============================== END ==============================


[QAid]1381_0

[Code Includes Tools Usage]
code: 


from Object_Detector_Tool import Object_Detector_Tool

# Load the object dataset
object_detector = Object_Detector_Tool()
result = object_detector.execute(image="path-to-image", labels=["baseball", "basket"], save_object=True, saved_image_path="detected_objects")

detected_objects = {
    "baseball": list(result["detected_objects"]["baseball"]),
    "basket": list(result["detected_objects"]["basket"]),
}

object_number = {"baseball": 1, "basket": 2}

final_result = f"Scene contains {len(detected_objects['baseball'])} baseballs and {len(detected_objects['basket'])} basketballs."

# Print the result
print(final_result)


============================== END ==============================


[QAid]1381_0

[Code Extraction Failed or Parse Failed]

No Python code block found in completion.

Completion Content: 
<command>
def get_number_of_chairs_images(objects, saved_image_path):
    total_detected_objects = {}
    chair_box = [0, 200, 300, 150]  # Example chair bounding box
    chair_count = 0

    for detected_objects in objects:
        if 'baseball' in detected_objects['label'] and detected_objects['box'][0] >= chair_box[0] and detected_objects['box'][0] <= chair_box[2] and detected_objects['box'][1] >= chair_box[1] and detected_objects['box'][1] <= chair_box[3]:
            chair_count += 1
            chair_box = [chair_box[0], detected_objects['box'][0], detected_objects['box'][2], chair_box[3]]

    chair_box = [0, 260, 270, 130]  # Example chair bounding box

    chair_images = []
    for detected_objects in objects:
        if 'baseball' in detected_objects['label'] and detected_objects['box'][0] >= chair_box[0] and detected_objects['box'][0] <= chair_box[2] and detected_objects['box'][1] >= chair_box[1] and detected_objects['box'][1] <= chair_box[3]:
            chair_images.append(detected_objects)

    chair_images = [[detected_objects['box'], detected_objects['score'], detected_objects['saved_image_path']] for detected_objects in chair_images if detected_objects['image_filename'] not in chair_images and chair_images.index(detected_objects) != chair_images.index(detected_objects['box'])]  # Exclude detected objects as possible chair images

    chairs = [chair_images[i][2] if chair_images[i][2] != chair_images[i-1][2] else chair_images[i][1] for i in range(len(chair_images))]  # Exclude chair images with no bounding box or with the same bounding box in all images

    chair_images = chairs

    if chair_count > 1:
        chair_images = chair_images[chr_count:]
        
    image = None
    try:
        image = next(cv2.imread(image_path))
    except:
        image = None

    return chair_image_count, (chair_images, chair_image_count)

chair_image_count, chair_images, chair_image_count = get_number_of_chairs_images(detected_objects, saved_image_path)
chair_image_count: int =
============================== END ==============================


[QAid]1381_0

[Code Extraction Failed or Parse Failed]

f-string: unmatched ')' (<unknown>, line 14)

Completion Content: 
<command>
from tool_module_name import *
import_name: object_detector
final_result = []
result = object_detector.execute(image=image_path, labels=['baseball', 'basket'], save_object=True, saved_image_path='detected_objects')
if result:
    for label, detections in result:
        detected_objects = {'label': label, 'objects': detections, 'total': len(detections)}
        final_result.append(detected_objects)
    object_number = {'baseball': len(result['baseball']), 'basket': len(result['basket'])}
else:
    final_result = []
    object_number = {'baseball': 0, 'basket': 0}
print(f"Total number of detected baseball and basketball in the image: {' '.join([f'{k}: {v}' for k, v in object_number.items()]))")
</command>
============================== END ==============================


[QAid]1381_0

[Code Includes Tools Usage]
code: 

def detect_chairs(image_path):
    from object_detector_tool import Object_Detector_Tool

    # Load detected objects
    detected_objects = []
    object_number = {}

    try:
        # Create an object detector
        object_detector_tool = Object_Detector_Tool()

        # Detect chairs in the image
        detected_objects, object_number = object_detector_tool.execute(image=image_path, labels=['chair'], save_object=False, saved_image_path='detected_objects')

        # Convert the dictionary to a list for easier handling
        detected_objects = [list(entry.items()) for entry in detected_objects]

        # Check if chairs were detected
        if "chair" in detected_objects:
            print("Found chairs in the image.")
        else:
            print("No chairs found in the image.")

        for chair_box, chair_score, saved_image_path in detected_objects:
            chair_image_path = f"detected_objects/{chair_box[0]}{chair_box[1]}, {chair_box[1]}, {chair_box[2]}{chair_box[3]}{chair_box[4]}.png"
            with open(chair_image_path, 'wb') as f:
                f.write(object_detector_tool.to_bytes(box=chair_box))
                f.write(object_detector_tool.to_bytes(score=chair_score))
            object_number['chair'] += 1

    except Exception as e:
        print(f"An error occurred: {e}")

    return detected_objects, object_number

# Given image path
img_path = '/nfs/data8/liao/wxie/SAT/SAT_images_train/1381_0.png'

# Detect chairs
detected_objects, object_number = detect_chairs(img_path)

# Print the results
final_result = {
    "number_of_chairs": len(detected_objects)
}

if object_number:
    for label in object_number:
        final_result[label] = object_number[label]
    final_result = str(final_result)
else:
    print("No chairs found.")

print(final_result)

============================== END ==============================


[QAid]1381_0

[Code Extraction Failed or Parse Failed]

No Python code block found in completion.

Completion Content: 
<command>from torchvision.transforms import Compose, ToTensor
from PIL import Image
import torch
import os
from object_detector_tool import Object_Detector_Tool

class ImageFolderExample:
    def __init__(self, train_folder, language='en', scale='base'):
        self.train_folder = train_folder
        self.language = language
        self.scale = scale
        self.object_detector = Object_Detector_Tool()
        self.data = []

    def process_folder(self):
        for filename in os.listdir(self.train_folder):
            if filename.endswith('.png'):
                image_path = os.path.join(self.train_folder, filename)
                img = Image.open(image_path)
                self.data.append(img)
    
    def detect_objects(self):
        self.process_folder()
        img_data = self.data

        for img in img_data:
            image = self.object_detector.execute(image=img, languages=[self.language],
                                                  detail=self.scale)
            for obj_list in image[0]:
                obj_info = self.object_detector.export_object(obj_list)
                for label, info in obj_info.items():
                    x, y, w, h = info['box']
                    confidence = info['score']
                    bounding_box = [x, y, x + w, y + h]
                    self.data.append(bounding_box)

            # Make sure to save the detected objects as images, if required
            self.save_objects()

        print(f"Detected {len(self.data)} objects.")

    def save_objects(self):
        path = os.path.join(self.train_folder, "detected_objects")
        os.makedirs(path, exist_ok=True)
        for img, bbox in self.data:
            img = img.permute(2, 0, 1).unsqueeze(0)
            img = torch.tensor(img)
            img = img.requires_grad_()
            img = img.to(self.object_detector.model.device)
            img = self.object_detector.model(image=img, return_predictions=True)[0]
            img = img[0].data.cpu().permute(1, 2, 0).numpy()
            img = img * 255
            img2 = Image.fromarray(img).convert('L')
            img2.save(os.path.join(path, f'image_{self.object_detector.model.model_name}_bbox_point.txt'))

if __name__ == '__main__':
    train_folder = '/path/to/train_folder'  # Replace with your train folder path
    language = 'de'
    scale = 'base'
    model = ImageFolderExample
============================== END ==============================

