
[Exctuion Failed]

Object_Detector_Tool.execute() missing 1 required positional argument: 'self'
code: 

from object_detector import Object_Detector_Tool

final_result = {
  "televisions": 0
}

Image_path = '/nfs/data8/liao/wxie/SAT/SAT_images_train/12637_0.png'
televisions = 0
labels = ['baseball', 'basket']
threshold = 0.35
model_size = 'tiny'
save_object = True
saved_image_path = 'detected_objects'

Object_Detector_Tool.execute(image=Image_path, labels=labels, threshold=threshold, model_size=model_size, save_object=save_object, saved_image_path=saved_image_path)

televisions = Object_Detector_Tool.object_number
televisions['baseball': 1, 'basket': 1]

final_result = {'televisions': televisions}

print(final_result)


============================== END ==============================

