
[QAid]9727_0

[Code Includes Tools Usage]
code: 

from object_detector import Object_Detector_Tool

final_result = Object_Detector_Tool().execute(image="9727_0.png", labels=["tv_stand"], save_object=True, saved_image_path="detected_objects")

============================== END ==============================


[QAid]9727_0

[Code Includes Tools Usage]
code: 

from object_detector import Object_Detector_Tool

final_result = Object_Detector_Tool().execute(image='path/to/image', labels=['baseball', 'basket'], save_object=False, saved_image_path='detected_objects')
print(final_result)

============================== END ==============================


[QAid]9727_0

[Code Includes Tools Usage]
code: 

from object_detector.object_detector import Object_Detector_Tool

final_result = Object_Detector_Tool().execute(image='path/to/image', labels=['TV Stands'], save_object=True, saved_image_path='detected_objects')

============================== END ==============================


[QAid]9727_0

[Code Includes Tools Usage]
code: 

from object_detector import Object_Detector_Tool

final_result = Object_Detector_Tool().execute(image='path/to/image', labels=['baseball'], save_object=True, saved_image_path='detected_objects')

============================== END ==============================


[QAid]9727_0

[Code Includes Tools Usage]
code: 

from object_detector import Object_Detector_Tool

final_result = Object_Detector_Tool().execute(image='path/to/image', labels=['television', 'stainless steel TV stand'], save_object=True, saved_image_path='detected_objects')

============================== END ==============================


[QAid]9727_0

[Code Includes Tools Usage]
code: 

from object_detector import Object_Detector_Tool

final_result = Object_Detector_Tool().execute(image='9727_0.png', labels=['TVStands', 'Couch'], save_object=False)

============================== END ==============================

