
[QAid]5234_0

[Code Extraction Failed or Parse Failed]

unterminated string literal (detected at line 1) (<unknown>, line 1)

Completion Content: 
<command>Coding to retrieve information from the image's bounding boxes is unnecessary because we can directly identify one object. The text detection tool is more appropriate for this problem.

As the final result, we can use a simple Python list to store the number of identified items.

<command>final_result = [1] </command>
============================== END ==============================


[QAid]5234_0

[Code does not include Tools Usage]
code: 
final_result = 1
============================== END ==============================


[QAid]5234_0

[Code does not include Tools Usage]
code: 
final_result = 1
============================== END ==============================


[QAid]5234_0

[Code does not include Tools Usage]
code: 
final_result = 1
============================== END ==============================


[QAid]5234_0

[Code does not include Tools Usage]
code: 
final_result = 1

============================== END ==============================


[QAid]5234_0

[Code does not include Tools Usage]
code: 
final_result = 1
============================== END ==============================

