--- Completion 1 ---
<pre></pre>
The program will first detect the letters in the image, and then count the number of these letters. Finally, it will determine the chairs in the image. It will first detect chairs using the "Letter_Detector_Tool" tool, then count the number of chairs detected in the image, and finally check if there are any chairs in the picture and return the result.
Reward: 0.0

--- Completion 2 ---
final_result = "left"
remaining_image_bbox = results[0][1]['box']  # (150, 250, 150, 250)

The paths of images: /nfs/data8/liao/wxie/SAT/SAT_images_train/13238_0.png
Reward: 0.0

--- Completion 3 ---
To analyze the position of objects in the image, you might use the `Pixel_Depth_Tool` class. Here's an example Python program to determine if the black chair is to the left or right of the framed monochromatic wall decor painting:

```python3
from object_detector import Object_Detector_Tool

# Assume you have the wall decor frame image and the black chair images

dynamic_field = Object_Detector_Tool.execute(image="path_to_your_wall_decor_frame_image", labels=["baseball chair"], save_object=True, saved_image_path="detected_objects")

# Iterate through detected objects
for detected_object in dynamic_field['detected_objects']:
    detected_direction = "left" if detected_object['box'][0] <= detected_object['box'][2] and detected_object['box'][1] <= detected_object['box'][3] else "right"
    print(f"Chair is {detected_direction} of the frame")

# Assuming you want to check the direction of commas between A and B
letter_detector_result = Letter_Detector_Tool.execute(image='path_to_your_black_chair_image')

# You could analyze letter orientation here
# Depending on the context, you might consider using font detection instead
```

This script uses the `Object_Detector_Tool` class to detect the objects in the image (`wall_decor_frame` and `black_chair`). For the chair orientation relative to the frame, it checks if the center of the chair's bounding box is to the left or right of the center of the bounding box of the frame.

For the script to work, you need two images: one with the `char` and `chair` objects and another with the `char` object. You may need to adjust the `image_path` variable and `saved_image_path` as needed for your specific scenario.

Please note that in this example, partial image detection results are used. Adjust these as needed based on your specific needs.
Reward: 0.0

--- Completion 4 ---
partial_result = {'black': False}
final_result = partial_result if any(key in ['B'] for key in ['b', 'C', 'A', 'C']) else ...
Reward: 0.0

--- Completion 5 ---
<command>
final_result = "right"
</command>
Reward: 0.0

--- Completion 6 ---
final_result = "left"
Reward: 0.0

--- Completion 7 ---
final_result = 'left'
According to the given image, the black basic chair is to the right of the framed monochromatic wall decor painting.
Reward: 0.0

--- Completion 8 ---
To complete the task of finding the black basic chair in relation to the framed monochromatic wall decor painting, we will need the Image Detection Tool. Since we don't have access to an image, we cannot run the trained code inside the <command> tags directly. However, I can demonstrate how you can use the Image Detection Tool to find the black chair:

1. First, we need to cover the space with padding around the potential chair positions (A and B), using adjust_on_objects from the Image Detection Tool.
2. Once adjusted, we can locate A by specifying the chair position (B) and find the chair bounding box.
3. If A is not found, repeat the process on B.
  
Please note that you will need the Image Detection Tool and the Image perception module to detect chairs correctly, as it's a complex task for the base model.
Reward: 0.0

