
[QAid]7458_0

[Code Includes Tools Usage]
code: 

import Object_Detector_Tool

# Check for 1 or 2 beds
beds = Object_Detector_Tool.execute(image='path/to/image.png')
beds_results = beds[0]['baseball']

if len(beds_results) > 0:
  final_result = "1 bed"
elif len(beds_results) == 0:
  final_result = "0 beds"
else:
  final_result = "2 beds"

print(final_result)

============================== END ==============================


[QAid]7458_0

[Code Includes Tools Usage]
code: 

from object_detector import Object_Detector_Tool

final_result = Object_Detector_Tool.execute(
  image='/path/to/image.png', labels=['bed'], save_object=True, saved_image_path='detected_objects'
)
print(final_result)

============================== END ==============================


[QAid]7458_0

[Code Includes Tools Usage]
code: 

from object_detector import Object_Detector_Tool

final_result = Object_Detector_Tool.execute(image="/nfs/data8/liao/wxie/SAT/SAT_images_train/7458_0.png")[0]

if len(final_result['detected_objects']) == 2:
    print("1 bed")
elif len(final_result['detected_objects']) == 1:
    print("2 beds")
else:
    print("0 beds")

============================== END ==============================


[QAid]7458_0

[Code Includes Tools Usage]
code: 

from object_detector import Object_Detector_Tool

final_result = Object_Detector_Tool.execute(image='path/to_image.png', labels=['bed', 'desk'], save_object=True, saved_image_path='detected_objects')

print("Detected objects: ", final_result)

============================== END ==============================


[QAid]7458_0

[Code Includes Tools Usage]
code: 

from object_detector import Object_Detector_Tool

final_result = Object_Detector_Tool.execute(image='/nfs/data8/liao/wxie/SAT/SAT_images_train/7458_0.png', labels=['bed'], save_object=True, saved_image_path='detected_objects')
print(final_result['object_number'])

============================== END ==============================


[QAid]7458_0

[Code Includes Tools Usage]
code: 

from object_detector import Object_Detector_Tool

final_result = Object_Detector_Tool.execute(image='path_to_image.png', labels=['bed'])

print(final_result)

============================== END ==============================

