
[QAid]2136_0

[Code does not include Tools Usage]
code: 
final_result = "2"

============================== END ==============================


[QAid]2136_0

[Code does not include Tools Usage]
code: 
final_result = "2"

============================== END ==============================


[QAid]2136_0

[Code does not include Tools Usage]
code: 
final_result = "2"

============================== END ==============================


[QAid]2136_0

[Code does not include Tools Usage]
code: 
final_result = "2"

============================== END ==============================


[QAid]2136_0

[Code does not include Tools Usage]
code: 
final_result = "2"

============================== END ==============================


[QAid]2136_0

[Code does not include Tools Usage]
code: 
final_result = "2"

============================== END ==============================

