
[Successful Execution but Get None RESULT]


============================== END ==============================

[EXECUTION EXCEPTION]
name 'B' is not defined
code: 
final_result = B

============================== END ==============================

[Successful Execution but Get None RESULT]


============================== END ==============================

[EXECUTION EXCEPTION]
Letter_Detector_Tool.execute() missing 1 required positional argument: 'self'
code: 
from letter_detector import Letter_Detector_Tool

final_result = Letter_Detector_Tool.execute(image='path/to/plate_with_meal.jpg')
[letter, letter_bbox, letter_confidence_score] = final_result[0]
if letter_confidence_score > 0.85:
    final_result[1].append(letter)
print(final_result)

============================== END ==============================

[EXECUTION EXCEPTION]
Letter_Detector_Tool.execute() missing 1 required positional argument: 'self'
code: 
from letter_detector import Letter_Detector_Tool

final_result = Letter_Detector_Tool.execute(image='path/to/image.jpg')

============================== END ==============================
