
[EXECUTION EXCEPTION]
'Object_Detector_Tool' object has no attribute 'init'
code:from object_detector import Object_Detector_Tool

# Load the image
tool = Object_Detector_Tool()

# Load the image
image_path = "/home/stud/WXIE/BLINK_Dataset/Counting/val/images/val_Counting_71_image_1.jpg"

# Initiate the tool
tool.init(debug=False)

# Detect the objects
results = tool.execute(image_path, labels=["baseball", "basket"], save_object=False)

# Convert the results to a dictionary
for detection in results['detected_objects']:
    if 'boxes' in detection and detection['boxes']:
        boxes = detection['boxes']
        # Check if the boxes contain the desired objects
        if "baseball" in boxes and "basket" in boxes:
            yellow_stars = sum((x == 160) for x in boxes)
            break

# Save the result
if yellow_stars:
    final_result = "A"
else:
    final_result = "None"

[EXECUTION EXCEPTION]
Object_Detector_Tool.execute() missing 1 required positional argument: 'self'
code:from object_detector import Object_Detector_Tool

# Load image
detected_objects = Object_Detector_Tool.execute(image="/home/stud/wxie/BLINK_Dataset/Counting/val/images/val_Counting_71_image_1.jpg", labels=["baseball", "basket"], save_object=True, saved_image_path="detected_objects")

# Get total count for each object (baseball and basket)
total_counts = {label: len(detected_objects[label]["boxes"]) for label in detected_objects if "basket" in detected_objects[label] or "baseball" in detected_objects[label]}

final_result = max(total_counts.values())  # Return the maximum count as the final result

[EXECUTION EXCEPTION]
Object_Detector_Tool.execute() missing 2 required positional arguments: 'self' and 'labels'
code:from object_detector import Object_Detector_Tool

# Load the image for detection
image_path = "/home/stud/wxie/BLINK_Dataset/Counting/val/images/val_Counting_71_image_1.jpg"
detected_objects = Object_Detector_Tool.execute(image=image_path)

final_result = detected_objects["object_number"]
print(final_result)

[EXECUTION EXCEPTION]
No module named 'Object_Detector_Tool'
code:from Object_Detector_Tool import Object_Detector_Tool
import_name: Object_Detector_Tool
detected_objects, object_count = Object_Detector_Tool.execute(image="/home/stud/wxie/BLINK_Dataset/Counting/val/images/val_Counting_71_image_1.jpg", labels=["yellow star"], save_object=True, saved_image_path="detected_objects")

[EXECUTION EXCEPTION]
invalid syntax (<string>, line 13)
code:from object_detector import Object_Detector_Tool

# Define the image path
image_path = "/home/stud/wxie/BLINK_Dataset/Counting/val/images/val_Counting_71_image_1.jpg"

# Execute the detection tool
detected_objects, object_number = Object_Detector_Tool.execute(image_path, labels=["baseball"], save_object=True)

# Get the dictionary with object numbers
obj_number_dict = {obj_name: obj_number for obj_name, obj_number in object_number.items()}

# Count yellow stars in the colored bridge
yellow_stars = Detected objects['baseball']
yellow_stars = yellow_stars[0]["boxes"][0]["y_min"]

final_result = obj_number_dict[yellow_stars]

[EXECUTION EXCEPTION]
module 'object_detector' has no attribute 'execute'
code:import object_detector

def count_yellow_stars(detect_result):
	for label, results in detect_result['object_number'].items():
		if results['saved_image_paths']:
			num_stars = results['boxes'] == [1.5, 0, 0.75, 0.75].count()
			if num_stars == 3:
				return label, num_stars
				break

result = object_detector.execute(image="/home/stud/wxie/BLINK_Dataset/Counting/val/images/val_Counting_71_image_1.jpg", labels=["yellow_star"], save_object=True, saved_image_path="counted")
final_result = count_yellow_stars(object_detector.result)
print(final_result)

[EXECUTION EXCEPTION]
list indices must be integers or slices, not str
code:from object_detector import Object_Detector_Tool

# Step 1: Set up the object detection tool
tool_tool = Object_Detector_Tool()

# Step 2: Use the tool to find the yellow stars
result = tool_tool.execute(image="/home/stud/wxie/BLINK_Dataset/Counting/val/images/val_Counting_71_image_1.jpg", labels=["yellow star"], threshold=0.65, model_size="tiny", save_object=True, saved_image_path="detected_objects")

# Step 3: Count the total number of yellow stars detected
total_yellow_stars = result["object_number"]["yellow star"]

final_result = total_yellow_stars  # Assign the final result to the variable final_result based on the number of yellow stars detected
