
[EXECUTION EXCEPTION]
unexpected indent (<string>, line 4)
code:from object_detector import Object_Detector_Tool

    # Define the command
    tool_instance = Object_Detector_Tool()

    # Set image and labels
    input_image = "/home/stud/wxie/BLINK_Dataset/Counting/val/images/val_Counting_27_image_1.jpg"
    labels = ["baseball", "basket"]

    # Set confidence threshold and model size
    threshold = 0.45
    model_size = "tiny"

    # Detect objects
    generated_object_list = tool_instance.execute(image=input_image, labels=labels, threshold=threshold, model_size=model_size, save_object=True, saved_image_path="")

    # Count objects detected
    box_list = generated_object_list["detected_objects"]
    object_count = len(box_list)

    # Print final result
    print(f"The model detected {object_count} objects in the image.")

[EXECUTION EXCEPTION]
Object_Detector_Tool.execute() missing 1 required positional argument: 'labels'
code:from object_detector import Object_Detector_Tool
from PIL import Image

# Read the image file
input_image = Image.open("/home/stud/wxie/BLINK_Dataset/Counting/val/images/val_Counting_27_image_1.jpg")

# Detect the objects in the image
obj_detector = Object_Detector_Tool()
labels = obj_detector.execute(image=input_image)
print("Detected objects:", labels)

# Count the number of people in the image
num_people = 0
for obj in labels:
    if 'person' in obj['label'].lower():
        num_people += 1

# Determine the correct answer based on the counts
final_result = (num_people, 1)
if num_people == 2:
    final_result = (num_people, 2)
else:
    final_result = (num_people, 3)

final_result

[EXECUTION EXCEPTION]
Object_Detector_Tool.__init__() got an unexpected keyword argument 'image_path'
code:from object_detector import Object_Detector_Tool

# Convert the path to an image variable
image_path = "/home/stud/wxie/BLINK_Dataset/Counting/val/images/val_Counting_27_image_1.jpg"

# Load the object detector
tool = Object_Detector_Tool(image_path=image_path, labels=["person", "dog"], threshold=0.45, model_size="tiny", save_object=True, saved_image_path="detected_objects")

# Count the number of people and dogs
person_counter = tool["count_counts"]["person"]
dog_counter = tool["count_counts"]["dog"]

# Determine the total number of people lying down and assign the final answer
total_people_lying_down = person_counter + dog_counter
final_result = total_people_lying_down

[EXECUTION EXCEPTION]
invalid syntax (<string>, line 1)
code:generated python code

[EXECUTION EXCEPTION]
No module named 'object_detector_tool'
code:import torch

from object_detector_tool import (
    Object_Detector_Tool,
    execute,
    detected_objects,
    object_number,
    save_object,
)

# Load the image file
tool_file = "/home/stud/wxie/BLINK_Dataset/Counting/val/images/val_Counting_27_image_1.jpg"

# Detect and count the person and the dog
result = execute(tool_file, labels=["person"], threshold=0.45)

print("Detected objects:", result)

print("\nDetected person count:", object_number(result))
