
[QAid]523_0

[Code does not include Tools Usage]
code: 
final_result = 2
============================== END ==============================


[QAid]523_0

[Code Extraction Failed or Parse Failed]

invalid syntax (<unknown>, line 1)

Completion Content: 
<command>```python
final_result = 0
if 2 == len(result):
  final_result = 2
elif 2 == len(result):
  final_result = 2
else:
  final_result = 0
print(final_result)
</command>
============================== END ==============================


[QAid]523_0

[Code does not include Tools Usage]
code: 
final_result = 0
============================== END ==============================


[QAid]523_0

[Code does not include Tools Usage]
code: 
final_result = 2
============================== END ==============================


[QAid]523_0

[Code Extraction Failed or Parse Failed]

No Python code block found in completion.

Completion Content: 
Based on the image data, the TV is currently turned off and there aren't any paintings visible in the scene. The final result variable can be assigned the string '0'.
============================== END ==============================


[QAid]523_0

[Code does not include Tools Usage]
code: 
final_result = 2
============================== END ==============================

