
[EXECUTION EXCEPTION]
invalid syntax (<string>, line 1)
code:```python
from object_detector import Object_Detector_Tool

# Detect the number of people wearing suit
final_result = Object_Detector_Tool.execute(image="/home/stud/wxie/BLINK_Dataset/Counting/val/images/val_Counting_77_image_1.jpg",
                                   labels=["suit"], threshold=0.45, model_size="tiny", 
                                   save_object=False, saved_image_path="detected_objects")

# Analyze the results
people_with_suit = final_result["object_number"]["suit"]
print(f"There are {people_with_suit} people wearing suit.")
```

[EXECUTION EXCEPTION]
f-string: empty expression not allowed (<string>, line 9)
code:from object_detector import Object_Detector_Tool

# Load object detector
obj_detector = Object_Detector_Tool()
# Execute the tool
objects, object_number = obj_detector.execute(image="/home/stud/wxie/BLINK_Dataset/Counting/val/images/val_Counting_77_image_1.jpg", labels = ["suit"], save_object = True, saved_image_path="detected_objects")
# Analyze object count
final_result = {"people": 1, "suits": object_number}
print(f"{} is wearing suit.".format(final_result["people"]))

[EXECUTION EXCEPTION]
No module named 'object_detector_class'
code:from object_detector_class import Object_Detector_Tool
Image_path = 'val_Counting_77_image_1.jpg'
labels = ["baseball", "basket"]
threshold = 0.45
model_size = "tiny"
save_object = True
saved_image_path = "detected_objects"
final_result = Object_Detector_Tool.execute(image=Image_path, labels=labels, threshold=threshold, model_size=model_size, save_object=save_object, saved_image_path=saved_image_path)

[EXECUTION EXCEPTION]
Object_Detector_Tool.execute() missing 1 required positional argument: 'self'
code:from object_detector import Object_Detector_Tool

output = Object_Detector_Tool.execute(
    image="/home/stud/wxie/BLINK_Dataset/Counting/val/images/val_Counting_77_image_1.jpg",
    labels=["suit"],
    threshold=0.45,
    model_size="tiny",
    save_object=True,
    saved_image_path="Detected_Suit"
)

total_count = output["output"]
total_count

[None RESULT]

