
[EXECUTION EXCEPTION]
name 'tool_class_name' is not defined
code:from object_detector import Object_Detector_Tool

tool_module_name = "object_detector"
object_detector_tool = getattr(Object_Detector_Tool, tool_class_name, None)

# Check if the tool is available
if object_detector_tool:
    # Prepare the metadata for the tool
    tool_description = "A tool that detects objects in an image using the Grounding DINO model and saves individual object images with empty padding."
    tool_version = "1.0.0"
    input_types = {
        'image': 'str - The path to the image file.',
        'labels': 'list - A list of object labels to detect.',
        'threshold': 'float - The confidence threshold for detection (default: 0.45).',
        'model_size': "str - The size of the model to use ('tiny' or 'base', default: 'tiny').",
        'save_object': 'bool - Whether to save the detected objects as images (default: False).',
        'saved_image_path': "str - The path to save the detected object images (default: 'detected_objects')."
    }
    output_types = {
        "tuple": (
            "1) a dictionary mapping each detected label to its grouped detection results, where each value is a dictionary with keys 'boxes', 'confidence_scores', and 'saved_image_paths'; (2) a dictionary mapping each label to its total count in the image."
        ) # return a tuple with detected objects as (boxes, confidence_scores)
    }
    user_metadata = {
        "potential usage": "The tool can be used for locating interest-objects in images."
    }

    # Execute the tool with the image, labels, and saved_object parameters
    detected_objects, object_number = object_detector_tool.execute(image="path/to/image.png", labels=["yellow", "car"], save_object=True, saved_image_path="detected_objects")
else:
    tool_module_name = None
    object_detector_tool = None

# Now the object number can be used to finalize the answer

final_result = object_number

[EXECUTION EXCEPTION]
Object_Detector_Tool.execute() missing 1 required positional argument: 'self'
code:from object_detector import Object_Detector_Tool
detected_objects, object_number = Object_Detector_Tool.execute(image="path/to/image.png", labels=["yellow"], save_object=True, saved_image_path="")
final_result = object_number["yellow"]
