
============================== New Completed Execution ==============================
[EXEC CODE]

final_result = """
from text_detector_tool import Text_Detector_Tool

image = "/nfs/data8/liao/wxie/SAT/SAT_images_train/13912_0.png"

languages = ['en', 'de']

result = Text_Detector_Tool().execute(image=image, languages=languages)

for row in result:
    if "Detected text" in row[0]:
        break
        
    for col in range(len(row)):
        if "De..." in row[col]:
            print(f"Detected text found: {col}\n", end="\n\n")

result
"""

print(final_result)

[THE PRINT OUTPUT]

from text_detector_tool import Text_Detector_Tool

image = "/nfs/data8/liao/wxie/SAT/SAT_images_train/13912_0.png"

languages = ['en', 'de']

result = Text_Detector_Tool().execute(image=image, languages=languages)

for row in result:
    if "Detected text" in row[0]:
        break
        
    for col in range(len(row)):
        if "De..." in row[col]:
            print(f"Detected text found: {col}
", end="

")

result


[GENERATE VALID FINAL_RESULT]

from text_detector_tool import Text_Detector_Tool

image = "/nfs/data8/liao/wxie/SAT/SAT_images_train/13912_0.png"

languages = ['en', 'de']

result = Text_Detector_Tool().execute(image=image, languages=languages)

for row in result:
    if "Detected text" in row[0]:
        break
        
    for col in range(len(row)):
        if "De..." in row[col]:
            print(f"Detected text found: {col}
", end="

")

result


============================== END ==============================

