
[QAid]11185_0

[Code Extraction Failed or Parse Failed]

No Python code block found in completion.

Completion Content: 
```python
from object_detector import Object_Detector_Tool

tools = {
  "object_detector": "Object_Detector_Tool",
  "text_detector": "Text_Detector_Tool",
}

tools["saved_image_path"] = "/nfs/data8/liao/wxie/SAT/SAT_images_train_11185_1.png"
tools["labels"] = ["baseball", "basket"]

tool = Object_Detector_Tool()
result = tool.execute(**tools)

final_result = {
  "object_number": result["object_number"],
  "boxes": result["detected_objects"],
  "labels": result["labels"]
}

if 'object_number' in final_result.keys():
  print(f"Number of detected objects: {result['object_number']}")

for label, entries in result["detected_objects"].items():
  print(f"Detected {label}: {entries}")
else:
  print("No detected objects found.")
```
============================== END ==============================


[QAid]11185_0

[Code does not include Tools Usage]
code: 
0
============================== END ==============================


[QAid]11185_0

[Code Extraction Failed or Parse Failed]

No Python code block found in completion.

Completion Content: 
```python
from object_detector import Object_Detector_Tool

# Sample image and labels
image_path = '/nfs/data8/liao/wxie/SAT/SAT_images_train/11185_0.png'
labels = ['baseball', 'basket']
confidence_threshold = 0.35
model_size = 'tiny'

# Initialize the object_detector class
detector = Object_Detector_Tool(image_path, labels=labels, save_object=True, confidence_threshold=confidence_threshold, model_size=model_size)

# Execute the detection and obtain the results
result = detector.execute()

# Access the object detection results and calculate the number of texts in the 'object_number' field
detected_objects = result['detected_objects']
text_results = result['object_number']
total_text = len(detected_objects)

final_result = {"detected": detected_objects, "number": total_text}
print(final_result)
```
============================== END ==============================


[QAid]11185_0

[Code Extraction Failed or Parse Failed]

No Python code block found in completion.

Completion Content: 
```python
import Object_Detector_Tool
import Text_Detector_Tool

# Demo path to image
image_path = "/nfs/data8/liao/wxie/SAT/SAT_images_train/11185_0.png"

# Demo languages for text detection
languages = ["en", "de"]

# Demo detail level (e.g., 0 for simpler output, 1 for detailed output)
detail = 0

# Execute the Object Detector Tool
detected_objects, object_number = Object_Detector_Tool.execute(image_path, languages) # Output: ([....], ...) 

# Execute the Text Detector Tool
result = Text_Detector_Tool.execute(image_path, languages) # Output: ([....], ...) 

# Combine and display the results
combined_result = [['detected_objects', detected_objects], ['object_number', object_number]] # Output: [('detected_objects', ['.....', '..'], 0.95), ('object_number', {'baseball': 1, 'basket': 2})] 

for i in combined_result:
    print(f"detected for {i[0]}: {i[1]}")

# Output: [{'detected_objects': [{'baseball': [{'box': (34, 50, 200, 220), 'score': 0.92, 'saved_image_path': 'detected_objects/image_baseball_1.png'}], 'basket': [{'box': (220, 100, 400, 350), 'score': 0.85, 'saved_image_path': 'detected_objects/image_basket_1.png'}]}, {'object_number': {'baseball': 1, 'basket': 2}})]
```

Replace /nfs/data8/liao/wxie/SAT/SAT_images_train/11185_0.png path with the actual image path. The result will include tuples with detected objects (`detected_objects`) and the corresponding object numbers (`object_number`). The output is formatted to display the results in a readable manner.
============================== END ==============================


[QAid]11185_0

[Code Extraction Failed or Parse Failed]

No Python code block found in completion.

Completion Content: 
```python
from object_detector import Object_Detector_Tool

image_path = "/nfs/data8/liao/wxie/SAT/SAT_images_train/11185_0.png"
labels = ['baseball', 'basket']
threshold = 0.35
model_size = 'tiny'

saved_image_path = "detected_objects"  # Save the detected objects

detected_objects, object_number = Object_Detector_Tool.execute(image=image_path, labels=labels, save_object=True, saved_image_path=saved_image_path, model_size=model_size)

# Check if all objects were detected
if "baseball" in detected_objects:
    print("The tool successfully detected baseball.") if detected_objects["baseball"][0]["box"][0][0] >=0 and detected_objects["baseball"][0]["box"][2][0] <=0 else print("Baseball detection failed.")
else:
    print("No baseball detected.")

# Check if the number of detected objects matches the labels
if object_number["baseball"] == 1 and object_number["basket"] == 2:
    print("The number of detected objects matches the specified labels.")
else:
    print("Mismatch between detected objects and specified labels.")

final_result = f"{object_number}{'s' if 'basket' in detected_objects else ''} detected in the scene."
```
============================== END ==============================


[QAid]11185_0

[Code Extraction Failed or Parse Failed]

No Python code block found in completion.

Completion Content: 
<command>
from object_detector import Object_Detector_Tool

def detect_windows(image_path, labels, language_codes, detail=0):
    # Call the tool to detect windows in the given image
    result = Object_Detector_Tool.execute(image=image_path, languages=language_codes, detail=detail)
    
    # Count the number of windows detected
    num_windows = len(result)
    
    # Return the number of windows
    return num_windows

final_result = detect_windows("/nfs/data8/liao/wxie/SAT/SAT_images_train/11185_0.png", labels=['baseball', 'basket'], language_codes=['en', 'de'], detail=0)

print("Number of Windows:", final_result)
```

This Python program uses the `Object_Detector_Tool` from the `object_detector` module to detect windows in the given image, along with relevant labels and a language specification. The program returns the number of windows detected and prints it out.
============================== END ==============================

