--- Completion 1 ---
<command>final_result = 1</command>
Reward: 0.5

--- Completion 2 ---
<command>final_result = 1
</command>
Reward: 0.5

--- Completion 3 ---
<command>final_result = 0</command>
Reward: 0.5

--- Completion 4 ---
<command>final_result = 1</command>
Reward: 0.5

--- Completion 5 ---
<command>final_result = 1</command>
Reward: 0.5

--- Completion 6 ---
<command>final_result = 1
if image_path is not None and len(label) == 2 and labels[0][label[0]] == labels[1][labels[1]]:
    final_result = 2
else:
    final_result = 0</command>
Reward: 0.5

