
============================== New Completed Execution ==============================
[EXEC CODE]

final_result = "gray rectangle sofa"

[THE PRINT OUTPUT]

[GENERATE VALID FINAL_RESULT]
gray rectangle sofa

============================== END ==============================


============================== New Completed Execution ==============================
[EXEC CODE]

final_result = "gray rectangle sofa"

[THE PRINT OUTPUT]

[GENERATE VALID FINAL_RESULT]
gray rectangle sofa

============================== END ==============================


============================== New Completed Execution ==============================
[EXEC CODE]
final_result = "gray rectangle sofa"
[THE PRINT OUTPUT]

[GENERATE VALID FINAL_RESULT]
gray rectangle sofa

============================== END ==============================

