--- Completion 1 ---
<p><command>
from object_detector import Object_Detector_Tool

final_result = Object_Detector_Tool.execute(image='path/to/image.png', labels=['baseball', 'basket'], save_object=True)
print(final_result)
</command>
Reward: 0.0

--- Completion 2 ---
<command>
from object_detector import Object_Detector_Tool

final_result = Object_Model.execute(image="path_to_scene.png", labels=["sofa"], save_object=True, saved_image_path="final_objects")

print(final_result)
</command>
Reward: 1.0

--- Completion 3 ---
<command>
from object_detector import Object_Detector_Tool

final_result = Object_Detector_Tool.execute(
    image="/nfs/data8/liao/wxie/SAT/SAT_images_train/10263_0.png", 
    labels=["baseball", "basket"], 
    save_object=True, 
    saved_image_path="detected_objects"
)

print(final_result)
</command>
Reward: 1.0

--- Completion 4 ---
<command>
from Object_Detector_Tool import Object_Detector_Tool

# Execute the program
final_result = Object_Detector_Tool.execute(image='path/to/image.png', labels=['baseball', 'basket'], save_object=True)
print(final_result)
</command>
Reward: 1.0

--- Completion 5 ---
<command>
from object_detector import Object_Detector_Tool

final_result = Object_Detector_Tool.execute(image='path/to/image.png', labels=['sofa'], save_object=True, saved_image_path='detected_objects')

print(final_result)
</command>
Reward: 1.0

--- Completion 6 ---
<command>
from object_detector import Object_Detector_Tool

final_result = Object_Detector_Tool.execute(image="/path/to/image.png", labels=["baseball", "basket"], save_object=True, saved_image_path="detected_objects")

print("Number of Sofas:", len(final_result["baseball"]))
print("Number of Chairs:", len(final_result["basket"]))
</command>
Reward: 1.0

