
[QAid]9420_0

[Code Includes Tools Usage]
code: 

from object_detector import Object_Detector_Tool

final_result = Object_Detector_Tool.execute(image='/nfs/data8/liao/wxie/SAT/SAT_images_train/9420_0.png', labels=['DiningTable'], saved_image_path='dining_tables')
print(final_result)

============================== END ==============================


[QAid]9420_0

[Code Includes Tools Usage]
code: 

from object_detector import Object_Detector_Tool

final_result = Object_Detector_Tool.execute(image='path/to/scene.png', labels=['DiningTable'], save_object=True, saved_image_path='DiningTable')

type(final_result) 

============================== END ==============================


[QAid]9420_0

[Code Includes Tools Usage]
code: 

from Object_Detector_Tool import Object_Detector_Tool

final_result = Object_Detector_Tool.execute(image="/path_to_image.png", labels=["DiningTable"], save_object=True, saved_image_path="detected_objects/")

print("Number of Dining Tables:")
print(final_result["object_number"]) # Output: {"DiningTable": 0}

============================== END ==============================


[QAid]9420_0

[Code Includes Tools Usage]
code: 

from object_detector import Object_Detector_Tool

# Run the object detection tool with the image and labels
final_result = Object_Detector_Tool.execute(image="/nfs/data8/liao/wxie/SAT/SAT_images_train/9420_0.png", labels=["DiningTable"], save_object=True, saved_image_path="detected_objects")

print(final_result)

============================== END ==============================


[QAid]9420_0

[Code Includes Tools Usage]
code: 

from object_detector import Object_Detector_Tool

final_result = Object_Detector_Tool.execute(image='path_to_dining_table_image.png', labels=['DiningTable'], save_object=True, saved_image_path='dining_table_objects')
print(f"Found {len(final_result['dining_table_objects'])} dining tables in the image.")

============================== END ==============================


[QAid]9420_0

[Code Includes Tools Usage]
code: 

from object_detector import object_detector
final_result = object_detector.execute(image='path/to/diagram.png', labels=['bed', 'desk', 'cat'], save_object=True, saved_image_path='detected_objects')

============================== END ==============================

