
[Exctuion Failed]

invalid syntax (<string>, line 1)
code: 
To determine the relative positions of the white color dining table above or below the dark brown colour shelving unit in the given image, we can use the Text Detection Tool to search for the bounding boxes associated with the dining table and shelving unit.

```python
from object_detector import Object_Detector_Tool

# Check for dining table
detected_objects, table_count = Object_Detector_Tool.execute(image='path/to/image.png', languages=['en'], save_object=False, saved_image_path='')
for result in detected_objects:
    if 'baseball' in result[0][1]:
        dining_table_box = result[0][1]
    
    box, bbox, box_around_bbox = result
    for i in range(len(result)):
        if 'basket' in result[i][1]:
            basket_box = result[i][1]
            break

# Check for shelving unit
shelf_box, box_around_bbox = Object_Detector_Tool.execute(image='path/to/image.png', languages=['en'], save_object=False, saved_image_path='')
for result in shelf_box:
    if 'basket' in result[0][1]:
        shingel_box = result[0][1]
        break

# Check for relative positions
if (dining_table_box[0] < shingel_box[0] and dining_table_box[2] > shingel_box[2]) or (dining_table_box[0] > shingel_box[0] and dining_table_box[2] < shingel_box[2]):

    final_result = 'above'
else:
    final_result = 'below'
```

This code will detect the bounding boxes for the dining table and shelving unit and check the relative positions. If the dining table is above the shelving unit, it will print "above"; otherwise, it will print "below". Make sure to replace 'path/to/image.png' with the actual image file path and adjust the language codes for better performance.

============================== END ==============================


[Exctuion Failed]

invalid syntax (<string>, line 1)
code: 
To find the relative position of a white color dining table above or below dark brown color shelving unit, you can use the Object_Detector_Tool to detect the dining table and shelving unit.

Here is the Python code to find the relative position of the white color dining table above or below the dark brown color shelving unit:

```python
# Import necessary libraries
from object_detector import Object_Detector_Tool

# Input parameters
input_image_path = 'path_to_dining_table_image.png'  # Path to the image with the dining table
input_shelving_unit_path = 'path_to_shelving_unit_image.png'  # Path to the image with the shelving unit

# Object Detection
detected_objects = Object_Detector_Tool.execute(image=input_image_path, labels=['white', 'dark brown'], save_object=True)

# Check the relative positions based on the object detection results
if detected_objects['white'][1]['score'] > detected_objects['dark brown'][1]['score']:
  final_result = 'above'
else:
  final_result = 'below'

# Output the final results
print(final_result)
```

This Python program will output the relative position of the white color dining table above or below the dark brown color shelving unit based on the object detection results obtained from the image.

============================== END ==============================


[Exctuion Failed]

unterminated string literal (detected at line 5) (<string>, line 5)
code: 
b

To determine whether white color dining table is above or below dark brown colour shelving unit, we need to analyze the relative positions of those elements based on visual inputs. 

First, let's identify the bounding box positions of the dining table:
- B (bounding box coordinates [x1, y1, x2, y2]): A box with coordinates likely denoting the dining table's position. The exact bounds might differ.
- A (bounding box coordinates [x1, y1, x2, y2]): A box with coordinates likely denoting the Shelving unit's position.

Now, let's examine the placement of white color dining table in relation to dark brown colour shelving unit:
- The white color dining table is placed slightly above the dark brown shelving unit.

So, the final answer is:
B (above)

============================== END ==============================


[Exctuion Failed]

invalid syntax (<string>, line 1)
code: 
Based on the image provided, it appears to be an empty room with a small table and shelves on one wall. The white color dining table is located above the dark brown color shelving unit. Therefore, the final answer is "above".

============================== END ==============================


[Exctuion Failed]

invalid syntax (<string>, line 1)
code: 
Based on the relative positions in the image, the white color dining table is above the dark brown color shelving unit. Therefore, the final answer is "above".

============================== END ==============================


[Exctuion Failed]

invalid syntax (<string>, line 1)
code: 
Based on the relative positions, the white color dining table is above the dark brown color shelving unit.

============================== END ==============================


[Exctuion Failed]

invalid syntax (<string>, line 1)
code: 
The white color dining table is above the dark brown color shelving unit.

============================== END ==============================


[Exctuion Failed]

invalid syntax (<string>, line 1)
code: 
To determine whether white color dining table is above or below dark brown color shelving unit, we can use the Pixel_Depth_Tool tool to estimate pixel level depth from the image first. Once we have the depth map for both objects, we can compare the x and y coordinates of their bounding box and see if they have any overlap. If there is an overlap, then the white dining table is above the dark brown shelving unit; otherwise, it is below. 

<command>  

Here is the Python code that can be executed using the available tools:

```python
from tool_object_detection import Object_Detector_Tool
from tool_object_detection import Text_Detector_Tool
from tool_object_detection import Letter_Detector_Tool

# Define input data
image_path = "/nfs/data8/liao/wxie/SAT/SAT_images_train/3440_0.png"  # Image path
labels = ["white", "dining table", "dark brown", "table"]  # Labels to detect, separated by comma
model_size = "tiny"  # Use 'tiny' or 'base' model size
threshold = 0.35  # Confidence threshold for detection
save_object = False  # Save detected objects as images if True
saved_image_path = None  # Saved object image path

detected_objects = Object_Detector_Tool.execute(image=image_path, labels=labels, threshold=threshold, model_size=model_size, save_object=save_object, saved_image_path=saved_image_path)
object_number = detect_label_number(detected_objects)  # Calculate total number of detected objects

if save_object:
    for key, value in detected_objects.items():
        if key in ["baseball", "basket"] and value and obj_dict in object_number:  # If detected baseball or basket, count it as detected
            object_number[key] += 1

for obj in object_number:
    if object_number[obj] > 0 and obj not in ["white", "dining table", "dark brown", "table"]:
        print(f"Object detected: {obj}")
        if obj == "white":
            detected_width = detected_objects[obj][0][0]: width
            if detected_width >= detected_objects["dining table"][0][0]:  # White dining table is above the dark brown shelving unit
                print(f"White color dining table above dark brown dining room unit. Detected coordinates: [{detected_objects['white'][0][0][0], detected_objects['white'][0][0][1]], [{detected_objects['white'][0][1][0] + detected_objects['white'][0][0][1], [detected_objects['white'][0][1][1] + detected_objects['white'][0][0][1]]}].")
            else:
                print(f"White color dining table below dark brown dining room unit. Detected coordinates: [{detected_objects['white'][0][0][0], [detected_objects['white'][0][0][1] - 50, detected_objects['white'][0][1][1] + 50]]].")
```

Save this Python code to a file with the name `detect_objects.py`. Then run the following command in your Jupyter Notebook environment:

```bash
python detect_objects.py
```

This will execute the Python code and output the result to the console. The value of the `final_result` variable will be printed out, indicating whether the white dining table is above or below the dark brown shelving unit.

============================== END ==============================

