
============================== New Completed Execution ==============================
[EXEC CODE]
final_result = "3"  # 0 bottles were visible in the scene

[THE PRINT OUTPUT]

[GENERATE VALID FINAL_RESULT]
3

============================== END ==============================


============================== New Completed Execution ==============================
[EXEC CODE]
final_result = "3"

[THE PRINT OUTPUT]

[GENERATE VALID FINAL_RESULT]
3

============================== END ==============================


============================== New Completed Execution ==============================
[EXEC CODE]
final_result = "3"

[THE PRINT OUTPUT]

[GENERATE VALID FINAL_RESULT]
3

============================== END ==============================


============================== New Completed Execution ==============================
[EXEC CODE]
final_result = "1"

[THE PRINT OUTPUT]

[GENERATE VALID FINAL_RESULT]
1

============================== END ==============================

