
[QAid]12517_0

[Code Includes Tools Usage]
code: 

from object_detector import Object_Detector_Tool

final_result = Object_Detector_Tool().execute(image='path_to_image', labels=['desk'], save_object=True, saved_image_path='detected_objects')

============================== END ==============================


[QAid]12517_0

[Code Includes Tools Usage]
code: 

from object_detector import Object_Detector_Tool

final_result = Object_Detector_Tool().execute(
    image='path/to/image', labels=['desk'], save_object=False, saved_image_path='')

============================== END ==============================


[QAid]12517_0

[Code Includes Tools Usage]
code: 

from object_detector import Object_Detector_Tool

final_result = Object_Detector_Tool().execute(image="/nfs/data8/liao/wxie/SAT/SAT_images_train/12517_0.png", labels=["desk"], save_object=True)

============================== END ==============================


[QAid]12517_0

[Code Includes Tools Usage]
code: 

from object_detector import Object_Detector_Tool

final_result = Object_Detector_Tool().execute(image="path/to/image.png", labels=["baseball", "basket"], save_object=False, saved_image_path="detected_objects")
print(final_result)

============================== END ==============================


[QAid]12517_0

[Code Includes Tools Usage]
code: 

from object_detector.Tool import Object_Detector_Tool

final_result = Object_Detector_Tool().execute(image='path/to/scene.png', labels=['desk'], save_object=True
                                                ,saved_image_path='detected_objects')
print(final_result)

============================== END ==============================


[QAid]12517_0

[Code Includes Tools Usage]
code: 

from object_detector import Object_Detector_Tool

final_result = Object_Detector_Tool().execute(image="path/to_image.png", labels=["baseball", "basket"], save_object=True, saved_image_path="detected_objects")
print(final_result)

============================== END ==============================

