
============================== NEW SCCESSFUL EXECUTION ==============================
[EXEC CODE]
from object_detector import Object_Detector_Tool

final_result = "B"
[THE PRINT OUTPUT]

[GENERATE FINAL_RESULT]
B

============================== NEW SCCESSFUL EXECUTION ==============================
[EXEC CODE]
from object_detector import Object_Detector_Tool
final_result = "B"
[THE PRINT OUTPUT]

[GENERATE FINAL_RESULT]
B

============================== NEW SCCESSFUL EXECUTION ==============================
[EXEC CODE]
from object_detector import Object_Detector_Tool

final_result = "B"
[THE PRINT OUTPUT]

[GENERATE FINAL_RESULT]
B

============================== NEW SCCESSFUL EXECUTION ==============================
[EXEC CODE]
from object_detector import Object_Detector_Tool

final_result = "B"
[THE PRINT OUTPUT]

[GENERATE FINAL_RESULT]
B

============================== NEW SCCESSFUL EXECUTION ==============================
[EXEC CODE]
from object_detector import Object_Detector_Tool

object_detector_tool = Object_Detector_Tool()
image_path = "/home/stud/wxie/BLINK_Dataset/Counting/val/images/val_Counting_27_image_1.jpg"
labels = ["dog_poodle"]
threshold = 0.5

final_result = False
try:
    object_detector_tool.execute(image=image_path, labels=labels, threshold=threshold, model_size="tiny", save_object=True, saved_image_path="detected_objects")
    final_result = True
except Exception as e:
    print(f"Error: {e}")

final_result
[THE PRINT OUTPUT]
Error building the Object Detection tool: Cannot re-initialize CUDA in forked subprocess. To use CUDA with multiprocessing, you must use the 'spawn' start method
Error detecting objects: Failed to build the Object Detection tool.
Failed to detect objects after 10 attempts.

[GENERATE FINAL_RESULT]
True
