
[QAid]10006_0

[Code Includes Tools Usage]
code: 

from object_detector import Object_Detector_Tool

# Execute the tool to detect baseball and basketball
object_labels = ['baseball', 'basket']
detected_objects, object_number = Object_Detector_Tool.execute(image='path/to/image.png', labels=object_labels, model_size='tiny', save_object=True)

final_result = {'total_basketcases': len(detected_objects), 'total_bushes': 2}

============================== END ==============================


[QAid]10006_0

[Code Extraction Failed or Parse Failed]

No Python code block found in completion.

Completion Content: 
```python
from Object_Detector_Tool import Object_Detector_Tool

if True:
    object_count = 1
    detected_objects = {}

    def extract_labels(image_path, languages=['en', 'de'], detail=1):
        # Implement text detection logic here
        pass

    def save_object_detected_objects_image(image_path, detection_dict):
        # Implement detecting objects logic here
        pass

    tool = Object_Detector_Tool()
    result = tool.execute(image=image_path, languages=languages, detail=0)

    detected_objects = result['detected_objects']
    object_count += len(detected_objects)

generate_code = """
# Example implementation of extracting labels and creating detected objects
from text_detector import Text_Detector_Tool

def extract_labels(image_path, languages=['en', 'de'], detail=1):
    # Implement text detection logic here
    pass

def save_object_detected_objects_image(image_path, detection_dict):
    # Implement detecting objects logic here
    pass

# Use the Object_Detector_Tool to detect and save detected objects
if True:
    tool = Object_Detector_Tool()
    objects_result = tool.execute(image=image_path, languages=languages, detail=0)

    detected_objects = objects_result['detected_objects']
    object_count += len(detected_objects)

    # Example implementation of saving the detected objects
    # save_object_detected_objects_image(detected_objects_path, detected_objects)

final_result = """
{
  "object_count": {object_count},
  "detected_objects": {}
}
"""
```

For the given tool, the generated Python program encloses the necessary code to extract labels and save detected objects. The final result, a dictionary containing the count of visible objects and a list of detected objects, is stored in the final_result variable. The question asks for multiple TVStands in the scene, which is irrelevant to the task at hand. The generated code assumes that the detection and saving functionality is already implemented as an example. This could differ based on the specific implementation of the tool.
============================== END ==============================


[QAid]10006_0

[Code Includes Tools Usage]
code: 

from object_detector import Object_Detector_Tool

class ImageProcessor:
    def calculateObjectCount(self, imagePath, labels):
        # Get the number of detected objects
        result = Object_Detector_Tool.execute(imagePath=imagePath, labels=labels)
        overall_count = len(result["detected_objects"])

        # Define variable to store counts for each object
        object_counts = {}

        # Count the total number of objects
        if 'baseball' in result["detected_objects"]:
            object_counts['baseball'] = len(result["detected_objects"]["baseball"])
        if 'basket' in result["detected_objects"]:
            object_counts['basket'] = len(result["detected_objects"]["basket"])

        return overall_count, object_counts

# Example usage
processed_image = ImageProcessor()
total_objects, object_counts = processed_image.calculateObjectCount("/nfs/data8/liao/wxie/SAT/SAT_images_train/10006_0.png", labels=["baseball", "basket"])

# Example output for total objects
total_objects

============================== END ==============================


[QAid]10006_0

[Code Includes Tools Usage]
code: 

from object_detector import Object_Detector_Tool

# Define the image path
path = '/nfs/data8/liao/wxie/SAT/SAT_images_train/10006_0.png'

# Execute the tool
object_results = Object_Detector_Tool.execute(image=path)

# Extract labeled objects and their number
object_labels = object_results.pop('object_number')

total_objects = sum(1 for _, count in object_labels.items())

print(f"Total objects found in the image: {total_objects}")
# Optional: Save detected objects
if save_object:
    detector = Object_Detector_Tool()
    saved_objects = []
    for label, detections in object_results.items():
        num_objects = object_labels[label]
        saved_image_path = f'detected_objects/image_{num_objects}_{label}.png'
        for box, score in detections:
            detected_obj = {'box': box, 'score': score, 'saved_image_path': saved_image_path}
            saved_objects.append(detected_obj)
            detector.save_object(detected_obj)
    detector.save_object({}, 'detected_objects')    
    
total_objects

============================== END ==============================


[QAid]10006_0

[Code Extraction Failed or Parse Failed]

unmatched ')' (<unknown>, line 51)

Completion Content: 
<command>
```python
from Object_Detector_Tool import Object_Detector_Tool
from Text_Detector_Tool import Text_Detector_Tool

# Define image file path
image_path = "/nfs/data8/liao/wxie/SAT/SAT_images_train/10006_0.png"

# Define language and level of detail
languages = ['en', 'de']
level_of_detail = 1

# Initialize Object_Detector_Tool
optimizer = Object_Detector_Tool()

# Load image and detect objects
result = optimizer.execute(image_path, languages=languages, level_of_detail=level_of_detail)

# Convert result to nested lists and dictionary for demonstration
detected_objects = result[0]
detected_objects_json = {}
object_number = 0

for obj in detected_objects:
    object_number += 1
    obj_dict = {
        'label': obj[0][0][0][1],
        'box': obj[0][0][0][1],
        'score': obj[0][0][0][3],
        'image_path': obj[0][0][0][1]
    }
    detected_objects_json.update({obj[0][0][0][1]: obj_dict})

# Initialize Text_Detector_Tool
text_detector = Text_Detector_Tool()

# Load image and detect text blocks
result = text_detector.execute(image=image_path, languages=['en', 'de'])

# Convert result to list of text blocks (bbox, text, score)
result = result[0]
text_blocks_json = []
for block in result:
    text_blocks_json.append({
        'bbox': block[0],
        'text': block[1],
        'score': block[2]
    })

# Print final result in JSON format
print(eval(str(result).replace('result = Text_Detector_Tool.execute(image=\'', '').replace(')', ''), '{}')))

# Print object number as a string
final_result = object_number
print(f"Number of detected objects: {final_result}")
</command>
============================== END ==============================


[QAid]10006_0

[Code Includes Tools Usage]
code: 

def count_video_stands(image_file_path, languages=['en', 'fr'], detail=1):
    # Import necessary modules
    from object_detector import Object_Detector_Tool as ODTO
    from text_detector import Text_Detector_Tool as TDT

    # Set up object detector
    detected_objects = ODTO.execute(image=image_file_path, labels=['tvstand'], save_object=False, saved_image_path='detected_objects')
    
    if not detected_objects or 'base' not in detected_objects:
        return 0
    
    # Export detected objects as image files
    TDT.run_languages(image=image_file_path, languages=languages, detail=detail).to('detected_objects_image')
    TDT.run_languages(image=image_file_path, languages='en').to('base_image')
    
    # Count TV stands
    total_tv_stands = sum(0.1 * i == 1 for i in os.listdir('detected_objects_image')) + sum(0.1 * i == 1 for i in os.listdir('base_image'))
    return total_tv_stands

final_result = count_video_stands('image_file_path.png', languages=['en', 'fr'])
print("Number of TV stands: ", final_result)

============================== END ==============================

