
[EXECUTION EXCEPTION]
No module named 'tool_object_detector_Tool'
code: 
from tool_object_detector_Tool import Object_Detector_Tool
detected_objects, object_number = Object_Detector_Tool.execute(image="/home/stud/wxie/BLINK_Dataset/Counting/val/images/val_Counting_77_image_1.jpg", 
                                                           labels=["suit"], 
                                                           save_object=True)

============================== END ==============================

[EXECUTION EXCEPTION]
invalid syntax (<string>, line 1)
code: 
generated python code

============================== END ==============================

[EXECUTION EXCEPTION]
name 'Object_Detector_Tool' is not defined
code: 
def answer_question():
    # Given image paths
    image_1 = "/home/stud/wxie/BLINK_Dataset/Counting/val/images/val_Counting_77_image_1.jpg"
    
    # Load the image
    image_detector = Object_Detector_Tool()
    image_detector.execute(image=image_1, labels=["baseball", "basket"], save_object=True)
    
    # Count detected objects
    object_num = image_detector["object_number"]
    detected_objects = image_detector["detected_objects"]
    
    # Final result
    final_result = None
    if "basket" in object_num:
        final_result = "B"
    else:
        final_result = "A"
    
    return final_result

# Check the answer
print(answer_question())  # Output: B

============================== END ==============================

[EXECUTION EXCEPTION]
unexpected EOF while parsing (<string>, line 4)
code: 
final_result = { \
    'B': 1, \
    'C': 2, \
} \

============================== END ==============================
