
============================== New Completed Execution ==============================
[EXEC CODE]

final_result = "brown trapezoid wooden chair (highlighted by a red box)"

[THE PRINT OUTPUT]

[GENERATE VALID FINAL_RESULT]
brown trapezoid wooden chair (highlighted by a red box)

============================== END ==============================


============================== New Completed Execution ==============================
[EXEC CODE]

final_result = "brown trapezoid wooden chair (highlighted by a red box)"

[THE PRINT OUTPUT]

[GENERATE VALID FINAL_RESULT]
brown trapezoid wooden chair (highlighted by a red box)

============================== END ==============================


============================== New Completed Execution ==============================
[EXEC CODE]

final_result = 'brown trapezoid wooden chair (highlighted by a red box)'

[THE PRINT OUTPUT]

[GENERATE VALID FINAL_RESULT]
brown trapezoid wooden chair (highlighted by a red box)

============================== END ==============================


============================== New Completed Execution ==============================
[EXEC CODE]

final_result = "brown trapezoid wooden chair (highlighted by a red box)"

[THE PRINT OUTPUT]

[GENERATE VALID FINAL_RESULT]
brown trapezoid wooden chair (highlighted by a red box)

============================== END ==============================


============================== New Completed Execution ==============================
[EXEC CODE]

final_result = "brown trapezoid wooden chair (highlighted by a red box)"

[THE PRINT OUTPUT]

[GENERATE VALID FINAL_RESULT]
brown trapezoid wooden chair (highlighted by a red box)

============================== END ==============================


============================== New Completed Execution ==============================
[EXEC CODE]

final_result = "brown trapezoid wooden chair (highlighted by a red box)"

[THE PRINT OUTPUT]

[GENERATE VALID FINAL_RESULT]
brown trapezoid wooden chair (highlighted by a red box)

============================== END ==============================


============================== New Completed Execution ==============================
[EXEC CODE]

final_result = "brown trapezoid wooden chair (highlighted by a red box)"

[THE PRINT OUTPUT]

[GENERATE VALID FINAL_RESULT]
brown trapezoid wooden chair (highlighted by a red box)

============================== END ==============================


============================== New Completed Execution ==============================
[EXEC CODE]

final_result = 'brown trapezoid wooden chair (highlighted by a red box)'

[THE PRINT OUTPUT]

[GENERATE VALID FINAL_RESULT]
brown trapezoid wooden chair (highlighted by a red box)

============================== END ==============================

