
[None RESULT]


[EXECUTION EXCEPTION]
not enough values to unpack (expected 2, got 0)
code:from object_detector import Object_Detector_Tool
obj_detector_tool = Object_Detector_Tool()

# Load a sample image for detection
image_path = "/home/stud/wxie/BLINK_Dataset/Counting/val/images/val_Counting_68_image_1.jpg"
detected_objects, object_number = obj_detector_tool.execute(image=image_path, labels=['baseball bat'], save_object=True, saved_image_path="detected_objects")

# Access object_number dictionary to find the number of objects detected
num_bats = object_number.get('baseball bat', None)

if num_bats:
  final_result = "Detected baseball bat."
else:
  final_result = "No detected baseball bat."

print(final_result)

[EXECUTION EXCEPTION]
not enough values to unpack (expected 2, got 0)
code:from object_detector import Object_Detector_Tool
final_result = 2
labels = ['baseball', 'basket']
threshold = 0.45
model_size = 'tiny'
save_object = True
saved_image_path = "detected_objects"
obj_detector_tool = Object_Detector_Tool()
detected_objects, object_number = obj_detector_tool.execute(image="/home/stud/wxie/BLINK_Dataset/Counting/val/images/val_Counting_68_image_1.jpg", labels=labels, save_object=save_object, threshold=threshold, model_size=model_size)
for detected_object in detected_objects:
    if detected_object['labels'] == 'baseball':
        final_result += 1
print(final_result)

[EXECUTION EXCEPTION]
unexpected indent (<string>, line 2)
code:# Import the necessary tool
 from object_detector import Object_Detector_Tool

# Set the image path and the parameters for detecting the objects
image_path = "/home/stud/wxie/BLINK_Dataset/Counting/val/images/val_Counting_68_image_1.jpg"
labels_to_detect = ['baseball', 'basket']
save_object = True
threshold = 0.4

# Execute the tool to detect the objects
detected_objects, object_counts = Object_Detector_Tool.execute(image_path, labels=labels_to_detect, threshold=threshold, save_object=save_object, saved_image_path="detected_objects")

# Print the results
print("Number of people holding a baseball bat: ", object_counts['baseball'])

[EXECUTION EXCEPTION]
Object_Detector_Tool.__init__() got an unexpected keyword argument 'image_path'
code:from object_detector import Object_Detector_Tool

# Path to the image
# Path to the save object images file
image_path = '/home/stud/wxie/BLINK_Dataset/Counting/val/images/val_Counting_68_image_1.jpg'
save_object_path = 'detected_objects'

# Set the confidence threshold
threshold = 0.45

# Create the Object_Detector_Tool object
tool = Object_Detector_Tool(image_path=image_path, labels=["baseball", "basket"], save_object=save_object_path, threshold=threshold)

# Get the counts for detected objects
counts = tool.output_types['output_types'][0]['count']

print('Count of detected objects:', counts)

[EXECUTION EXCEPTION]
invalid syntax (<string>, line 1)
code:generated python code
