
[Successful Execution but Get None RESULT]


============================== END ==============================

[Successful Execution but Get None RESULT]


============================== END ==============================

[EXECUTION EXCEPTION]
name 'Text_Detector_Tool' is not defined
code: 
final_result = None
# Need to use the available tools to analyze the image
# This is a sample code to demonstrate how to use the text detection tool
sample_text = "This is a test image for text detection."
result = Text_Detector_Tool.execute(image='val_Counting_31_image_1.jpg', languages=['en'], detail=1, save_object=True)
if result:
    detected_text = result[0]
    detected_text_count = len(detected_text)
    if detected_text_count == 1:
        detected_text, num_detected = detected_text[0], detected_text_count
        if num_detected > 0:
            final_result = (C, detected_text, num_detected)

============================== END ==============================

[EXECUTION EXCEPTION]
'return' outside function (<string>, line 2)
code: 
if final_result == A:
    return True
if final_result == B:
    return True
if final_result == C:
    return True
if final_result == D:
    return True
if final_result == E:
    return True

============================== END ==============================
