
============================== NEW SCCESSFUL EXECUTION ==============================
[EXEC CODE]
final_result = False
[THE PRINT OUTPUT]

[GENERATE FINAL_RESULT]
False

============================== END ==============================

============================== NEW SCCESSFUL EXECUTION ==============================
[EXEC CODE]

[THE PRINT OUTPUT]

[GENERATE FINAL_RESULT]
None

============================== END ==============================

============================== NEW SCCESSFUL EXECUTION ==============================
[EXEC CODE]
{
'method': 'object_detector',
'object_labels': ['baseball', 'basket'],
'object_credibility': 0.35,
'model': 'tiny',
'output': {
  'detected_objects': [
    {
      'label': 'baseball',
      'bbox': (34, 50, 200, 220),
      'confidence': 0.92,
      'saved_image_path': 'detected_objects/image_baseball_1.png'
    },
    {
      'label': 'basket',
      'bbox': (220, 100, 400, 350),
      'confidence': 0.85,
      'saved_image_path': 'detected_objects/image_basket_1.png'
    }
  ],
  'object_number': {
    'baseball': 1,
    'basket': 2
  }
},
'output_description': 'Detected 2 balls and 1 basket in the image.'
}
[THE PRINT OUTPUT]

[GENERATE FINAL_RESULT]
None

============================== END ==============================

============================== NEW SCCESSFUL EXECUTION ==============================
[EXEC CODE]
final_result = "A"
[THE PRINT OUTPUT]

[GENERATE FINAL_RESULT]
A

============================== END ==============================

============================== NEW SCCESSFUL EXECUTION ==============================
[EXEC CODE]
final_result = '0'
[THE PRINT OUTPUT]

[GENERATE FINAL_RESULT]
0

============================== END ==============================
