--- Completion 1 ---
</module>: <module>: final_result = "To generate Python code, a Python class with specific methods for text detection and letter detection is required. Currently, I am not providing these classes as I do not have them in the toolset. However, you can create and use such classes if necessary. This code can perform text detection in an image and letter detection in a given pixel image. Please refer to the API documentation or class load path for more information and usage."
Reward: 0.0

--- Completion 2 ---
final_result = 0
Answer('The Python code generated only returns the value of the 'final_result' variable.')
Reward: 0.0

--- Completion 3 ---
To generate the Python code for the task, you can use the available tools. However, it's important to note that the Text_Detector_Tool is not applicable as there is no input_type given. You need to watch the image quality and decide whether to use the Text_Detector_Tool or not. Please try to use the available tools to generate the Python code and fill in TableViewController.swift with implemented methods.
Reward: 0.0

--- Completion 4 ---
final_result = final_result + {
    'baseball': detected_objects['baseball'][0]['box'],
    'basket': detected_objects['basket'][0]['box'],
}
Reward: 0.0

--- Completion 5 ---
It seems there are no 鞤 images available for the given query.
Reward: 0.0

--- Completion 6 ---
To generate the Python program, I will use each tool as needed. The final program will read in the image, label it, and count the relevant objects. Additionally, I will call the text_detector to detect the text in the image. The final result will be a dictionary that contains the detected text blocks. Based on the detected text, I will select the correct text and insert it into the program. The program will then return the final result to the user. Please provide the image path to execute the Python program as a command or parameter.
Reward: 0.0

--- Completion 7 ---
The Python code you provided provides placeholder functions that correspond to the available tools for image analysis. However, the text of the question does not include any tools or tools captions, so there is no direct Java code to execute.

To execute the desired functionality, let's ensure Python cached libraries are properly installed. Also, we need to decide the way to process the user's question when visual inputs are provided (e.g., letter, pixel, or caption).

Based on the instructions and tools available, if there is a catches the question or user inputs specific image processing tasks, I will generate a sample Python code to fit the problem-specific tasks.

I also need some user inputs, such as an image object path, to execute the corresponding tool and extract the findings. This task is currently omitted. 

Without the image object and labels to process, the final Python code cannot be executed correctly.
Reward: 0.0

