
[QAid]5632_0

[Code does not include Tools Usage]
code: 
final_result = "0"

============================== END ==============================


[QAid]5632_0

[Code does not include Tools Usage]
code: 
final_result = "0"  # No doors visible in the scene

============================== END ==============================


[QAid]5632_0

[Code does not include Tools Usage]
code: 
final_result = "0"

============================== END ==============================


[QAid]5632_0

[Code does not include Tools Usage]
code: 
final_result = "0"

============================== END ==============================


[QAid]5632_0

[Code does not include Tools Usage]
code: 
final_result = "0"

============================== END ==============================


[QAid]5632_0

[Code does not include Tools Usage]
code: 
final_result = '0'

============================== END ==============================

