--- Completion 1 ---
final_result = []
for box in detected_objects['baseball']:
    final_result.append({'box': box, 'score': 0.35})

for box in detected_objects['basket']:
    final_result.append({'box': box, 'score': 0.35})

object_number = {'baseball': 0, 'basket': 1}

print(f"Final result: {final_result}")
print(f"Total count of objects: {object_number}")
Reward: 0.0

--- Completion 2 ---
final_result: "0"
Reward: 0.0

--- Completion 3 ---
from Object_Detector_Tool import *  # <command>

# execute the tool
result_dectected_objects, object_num = Object_Detector_Tool.execute(image='path/to/image.png', labels=['baseball'], save_object=False, saved_image_path='detected_objects')

# check the return value
if isinstance(result_dectected_objects, tuple) and result_dectected_objects[0] is not None:
  detected_objects = result_dectected_objects[0]
else:
  detected_objects = {}

object_labels = Object_Detector_Tool.execute(image='path/to/image.png', labels=['basket'])['object_number']
final_result = {
  "objects": detected_objects,
  "total_objects": object_labels
}

# print the results
print(final_result)

final_result
Reward: 0.0

--- Completion 4 ---
0

The program does not detect any text blocks in the image.
Reward: 0.0

--- Completion 5 ---
final_result = {"boxes": [[0, 0, 10, 10], [10, 0, 20, 10]], "num_objects": 1, "objects": [0]}
final_result = {'boxes': [[0, 0, 10, 10], [10, 0, 20, 10]], 'num_objects': 1, 'objects': [0]}
Reward: 0.0

--- Completion 6 ---
final_result
Reward: 0.0

