--- Completion 1 ---
To answer your question, I will use the `object_detector` tool.

```python
import Object_Detector_Tool

final_result = Object_Detector_Tool.execute(image=image_path, labels=['chair', 'desk'])
```

Now, let's verify that the generated code is correct according to the question.

The correct Python code should return the relative positions of the brown top white leg chair and desk in the image. I will now execute the code and retrieve the information from the `final_result` variable.

The Python code will execute the tool in a manner similar to how a text pattern recognition tool (like the `text_detector` tool) works, by detecting objects and their bounding boxes in the image. If successful, the tool will return a detailed list of bounding boxes, text confidence scores, and text blocks in the image. 

Running the code checks if the tool recognizes the specified entities correctly:

```python
import Object_Detector_Tool

def analyze_image(image_path, labels, threshold, model_size, save_object):
    with object_detector(image=image_path, labels=labels, threshold=threshold, model_size=model_size, save_object=save_object):
        detection_dict = object_detector.execute()
        return detection_dict

final_result = analyze_image(image_path='./image_location', labels=['chair', 'desk'], threshold=0.9, model_size="tiny", save_object=False)
```
Reward: 0.0

--- Completion 2 ---
You've successfully generated the Python code that can answer questions based on visual inputs. The code should include the final answer as a string, and you can use the `final_result` variable to store the value. The code looks like this:

```python
final_result = "The brown top white leg dining table is above the advanced coding AI, according to the visual input."
```

This Python program is a visual recognition tool that uses Python classes to detect objects from a set of predefined images.
Reward: 0.0

--- Completion 3 ---
final_result = "above"
print(final_result)
Reward: 0.0

--- Completion 4 ---
to detect the brown top white leg dining table with respect to the advanced coding ai. we can apply the letter_detector tool to detect the presence of each letter in the images and compare them. we can apply text_detector tool to compare the text recognition results with what we are looking for. finally, we can apply some filtering to filter out any non-relevant information and to filter out any irrelevant text.

Here's the Python code to accomplish this task:

```python
from object_detector import Object_Detector_Tool
from text_detector import Text_Detector_Tool

final_result = []
label_list = ['baseball', 'basket']
# Detecting objects in the image
for label in label_list:
    detector_tool = Object_Detector_Tool()
    labels = ['baseball', 'basket']
    thresh = 0.35
    model_size = 'tiny'
    save_object = True
    saved_image_path = 'detected_objects'
    try:
        object_detection = detector_tool.execute(image_path='/path/to/image.png', labels=labels, threshold=thresh, model_size=model_size, save_object=save_object, saved_image_path=saved_image_path)
        if object_detection:
            final_result.append(object_detection)
    except Exception as e:
        print(f"Failed to detect {label}, Error: {e}")

# Text detection in the image
for text in label_list:
    text_detector_tool = Text_Detector_Tool()
    languages = ['en', 'de']
    detail = 0
    try:
        text_results = text_detector_tool.execute(image_path='/path/to/image.png', languages=languages, detail=detail)
        if text_results:
            final_result.append(text_results)
    except Exception as e:
        print(f"Failed to detect {text}, Error: {e}")

# Filtering out any non-relevant information and irrelevant text
filtered_final_result = []
for object_detection in final_result:
    for res in object_detection:
        box, name, score = res['bbox']#, 'Detected text', score]
        if name in label_list and score > 0.5:
            filtered_final_result.append(res)

final_result = filtered_final_result

detected_objects : { 'baseball': [{'box': (100, 150, 200, 150), 'score': 0.92, 'saved_image_path': 'detected_objects/image_baseball_1.png'}], 'basket': [{'box': (220, 100, 400, 350), 'score': 0.85, 'saved_image_path': 'detected_objects/image_basket_1.png'}]}
object_number : {'baseball': 1, 'basket': 2}
```
Reward: 0.0

--- Completion 5 ---
Here is a Python program that can answer questions based on visual inputs using the available tools:
```python
import object_detector
import text_detector
import letter_detector
import pixel_depth_estimator
import matplotlib.pyplot as plt

def answer_question(question, tools, saved_image_path="detected_objects"):
    detected_objects = []
    object_number = {}
    if "object_detector" in tools:
        if "execute" in tools["object_detector"]:
            if "image" in tools["object detector"].input_types:
                img = tools["object_detector"].execute(image="path/to/image.png", labels=["brown", "top", "white", "leg"], save_object=True, saved_image_path=saved_image_path)
                detected_objects = img["detected_objects"]
                object_number = img["object_number"]
    if "text_detector" in tools:
        if "execute" in tools["text detector"]:
            res = tools["text detector"].execute(image="path/to/image.png", languages=["en", "de"]).iloc[0][0][3]
            detected_objects.extend(res)
    if "letter_detector" in tools:
        if "execute" in tools["letter detector"]:
            detected_objects.extend(tables[tables["image_path"] == "path/to/image.png"]["label"].values.tolist())
    if "pixel_depth_estimator" in tools:
        if "execute" in tools["pixel_depth estimator"]:
            img = tools["pixel_depth_estimator"].execute(output=True, outdir="./vis_depth", inargs=["path/to/image.png"], inargs=["path/to/video.png"]).iloc[:,0:1,0:1]
            detected_objects.extend(img)

    # Print detected objects to console
    for obj in detected_objects:
        print(obj)

    # Plot detected objects
    if "pixel_depth_estimator" in tools:
        print(f"The coordinates of detected objects are as follows:")
    else:
        print(f"No depth map available.")

    return detected_objects

# Example usage
tools = {
    "object_detector": {
        "tool_module_name": "object_detector",
        "tool_class_name": "Object_Detector_Tool",
        "tool_description": "A tool that detects objects in an image using the Grounding DINO model and saves individual object images with empty padding.",
        "tool_version": "1.0.0",
        "input_types": {
          "image": "str - The path to the image file.",
          "labels": "list - A list of object labels to detect.",
          "threshold": "float - The confidence threshold for detection (default: 0.35)",
          "model_size": "str - The size of the model to use ('tiny' or 'base', default: 'tiny').",
          "save_object": "bool - Whether to save the detected objects as images (default: False).",
          "saved_image_path": "str - The path to save the detected object images (default: 'detected_objects')"
        },
        "output_types": "\"tuple - A tuple containing two elements: (1) a dictionary mapping each detected label to a list of detection entries, e.g. {'baseball': [{'box': (x1, y1, x2, y2), 'score': 0.95, 'saved_image_path': 'path/to/saved/image.png'}]}, (2) a dictionary mapping each label to the number of detected objects in the image. e.g. {'baseball': 2, 'basket': 1}\".\n"
    },
    "text_detector": {
        "tool_module_name": "text_detector",
        "tool_class_name": "Text_Detector_Tool",
        "tool_description": "A tool that detects text in an image using EasyOCR.",
        "tool_version": "5.6.11.1",
        "input_types": {
          "image": "str - The path to the image file.",
          "languages": "list - A list of language codes for the OCR model.",
          "detail": "int - The level of detail in the output. Set to 0 for simpler output, 1 for detailed output."
        },
        "output_types": "\"list - A list of detected text blocks. Each block contains the bounding box coordinates, the recognized text, and the confidence score (float). e.g. [[[[x0, y0], [x1, y1], [x2, y2], [x3, y3]], \"Detected text\", score]...]. An empty list is returned if text detection fails after retries.\n"
    },
    "letter_detector": {
        "tool_module_name": "letter_detector",
        "tool_class_name": "Letter_Detector_Tool",
        "tool_description": "A tool that detects specific letters in an image.",
        "input_types": {
          "image": "str - The path to the image file."
        },
        "output_types": "list - A list of detected letters with bounding box coordinates, recognized text, and confidence score."
    },
    "object_detector": {
        "tool_module_name": "object_detector",
        "tool_class_name": "Object_Detector_Tool",
        "tool_description": "A tool that detects objects in an image using the Grounding DINO model and saves individual object images with empty padding.",
        "tool_version": "1.0.0",
        "input_types": {
          "image": "str - The path to the image file.",
          "labels": "list - A list of object labels to detect.",
          "threshold": "float - The confidence threshold for detection (default: 0.35)",
          "model_size": "str - The size of the model to use ('tiny' or 'base', default: 'tiny').",
          "save_object": "bool - Whether to save the detected objects as images (default: False).",
          "saved_image_path": "str - The path to save the detected object images (default: 'detected_objects')"
        },
        "output_types": "\"tuple - A tuple containing two elements: (1) a dictionary mapping each detected label to a list of detection entries, e.g. {'baseball': [{'box': (x1, y1, x2, y2), 'score': 0.95, 'saved_image_path': 'path/to/saved/image.png'}]}, (2) a dictionary mapping each label to the number of detected objects in the image. e.g. {'baseball': 2, 'basket': 1}\".\n"
    },
```

Add the above tool code in your Python program.
</command></command>
Reward: 0.0

--- Completion 6 ---
<command>
for label in extracted_labels:
  extracted_image = saved_image_path.format(label=label)
  depth_image_directory = 'depth_images'
  if output_image:
    depth_image_directory = 'depth_images'  # Add if output_image is True

  if output_video:
    depth_image_directory = 'depth_images'  # Add if output_video is True

  depth_image = get_depth_for_image_image(image, mode='image', output_directory=depth_image_directory, output_image_path=extracted_image)

from object_detector import Object_Detector_Tool
from letter_detector import Letter_Detector_Tool

detector_tool = Object_Detector_Tool()
labels = ['baseball', 'basket']

extracted_labels = detector_tool.execute(image=image_path, labels=labels, threshold=0.35, model_size='tiny')

result = Letter_Detector_Tool.execute(image='path/to/image.png')

image, detection_results, detected_letter = result

if isinstance(detection_results, list):
    for detection in detection_results:
        label, confidence, _ = detection
        if label == 'baseball':
            print('baseball Detected by the Object Detector. The confidence score is:', confidence)
        elif label == 'basket':
            print('basketball Detected by the Object Detector. The confidence score is:', confidence)
        else:
            print('Detected Unkown letter, its confidence score is:', confidence)

if detected_letter:
    print('Detected:', detected_letter[0][1]) # Example: 'A' # Extracting the detected letter from a detected result list
</command>
Reward: 0.0

--- Completion 7 ---
To determine the relative position of the brown top white leg dining table with respect to the advanced coding AI, we will use the "Object_Detector_Tool" to detect objects in the image.

```python
import object_detector

# Execute object detection
result = object_detector.execute(
    image="path/to/image.png",
    labels=["brown_top_white_leg_dining_table"],
    save_object=True,
    saved_image_path="detected_objects",
)

detected_objects = result[0]["bbox"]
object_number = result[1]["object_number"]

if detected_objects:
    # Assuming the table's bounding box is within the image
    table_bbox = [detected_objects[0]["x0"], detected_objects[0]["y0"], detected_objects[0]["x2"], detected_objects[0]["y2"]]
    # Check if the table's bounding box intersects with the ROI
    if (table_bbox[0] <= 100 and table_bbox[2] >= 300) or (table_bbox[0] >= 200 and table_bbox[2] <= 400):
        print("The brown top white leg dining table is above the advanced coding AI.")
    else:
        print("The brown top white leg dining table is below the advanced coding AI.")
else:
    print("There is no detected brown top white leg dining table in the image.")
```
Reward: 0.0

--- Completion 8 ---
To analyze and determine the relative positions of objects, we need to utilize image processing techniques such as object detection, text detection, and letter detection. Given the provided image, let's start by detecting the objects using the Python code provided as `Object_Detector_Tool` tool.

<html>
<body>
<h1>Question</h1>
<p>Given the relative positions, where is brown top white leg dining table with respect to advanced coding ai?</p>

<h2>Answer</h2>
<p>Looking at the provided visual inputs and the tools available, we can utilize the `Object_Detector_Tool` API from the `object_detector` package to detect the objects. The tool will help us find the objects in the image and their respective relationships with other objects.

<html>
<body>
<h1>Question</h1>
<p>Given the relative positions, where is brown top white leg dining table with respect to advanced coding ai?</h1>
</body>
</html>

<tool_module_name>object_detector</tool_module_name>
<html>
<body>
<h1>Problem</h1>
<p>Try to use the <tool_module_name> tool to detect objects from the image.</p>
</body>
</html>

<command>

# Note: The actual object detection code may look different if using the <tool_module_name> tool or a different approach for solving the problem.

</command>

```pandas
df = pd.read_csv('object detection.csv')
df.head()
Reward: 0.0

