
[QAid]6695_0

[Code Extraction Failed or Parse Failed]

No Python code block found in completion.

Completion Content: 
Here is the Python code to process the image and answer the question:
```python
import object_detector

# Path to the image file
image_file_path = '/nfs/data8/liao/wxie/SAT/SAT_images_train/6695_0.png'

# Labels to detect (e.g. "baseball", "basket")
labels = ['baseball', 'basket']

# Confidence threshold
threshold = 0.35

# Use the 'tiny' model size
model_size = 'tiny'

# Save objects as images
save_objects = True
saved_image_path = 'detected_objects'

# Run object detection
detected_objects = object_detector.object_detector.execute(image=image_file_path, labels=labels, save_objects=save_objects, model_size=model_size, threshold=threshold, saved_image_path=saved_image_path)

# Count the total number of objects for each label in the detected_objects
object_number = {}
for label, objects in detected_objects.items():
    if label in object_number:
        object_number[label] += len(objects)
    else:
        object_number[label] = len(objects)

# Print the final answer (number of objects for each label)
final_result = [label + ' : ' + str(object_number[label]) for label, objects in detected_objects.items()]
print(final_result)
```
This code uses the `object_detector` tool to detect objects in the specified image file. It saves individual object images with empty padding and counts the total number of objects for each label. The final result is printed as a list of dictionaries.
============================== END ==============================


[QAid]6695_0

[Code Extraction Failed or Parse Failed]

No Python code block found in completion.

Completion Content: 
```python
import re

def find_in_room(window_loc, dresser_loc, image_path):
    image = Image.open(image_path)
    detected_objects = []

    for label in "baseball, basket":

        letter_boxes = letter_detector(image.open(image_path), label)
        for bbox, letter in letter_boxes:
            if window_loc and window_loc.top <= bbox[1] < window_loc.bottom + window_loc.height and \
               dresser_loc and dresser_loc.left <= bbox[0] < dresser_loc.right + dresser_loc.width:

                line = [str(label), letter, str(bbox[1]-bbox[0])]
                detected_objects.append((" ".join(line), None))

    if detected_objects: 
        return detected_objects
    else:
        return []

# Example usage:
# Check with a test image and outputting results
# img_path = '/path/to/image.png'
# result = detect_object_in_image(img_path, window_loc, dresser_loc) 
# for det in result:
#     print(f"Detected object: {det[0]}, with bbox: {det[1]}")
```

Please note that the detection code is just a snippet and should be custom-constructed based on your specific application requirements. This example uses the `object_detector` tool from PyTorch/Dynamo, a popular DINO model for object detection, to detect objects. The tool detects objects in the image based on their bounding boxes, confidence scores, and provides a list of detected objects for you. 

Make sure to configure tool paths and options properly according to your application, considering factors like image quality, object sizes, confidence thresholds, and other related conditions.
============================== END ==============================


[QAid]6695_0

[Code Extraction Failed or Parse Failed]

unterminated string literal (detected at line 9) (<unknown>, line 9)

Completion Content: 
<command>
from object_detector import Object_Detector_Tool

detected_objects, object_number = Object_Detector_Tool.execute(image='path/to/image.png', labels=['baseball', 'basket'], save_object=True, saved_image_path='detected_objects')
final_result = {
  "detected_objects": detected_objects,
  "object_number": object_number
}
detected_objects and object_number are returned by the Object_Detector_Tool tool. Now, we'll use these results to answer our question.

# This block will retrieve the objects detected by the tool and count them
detected_objects = {label: det for det in detected_objects for label in det['labels']}
detected_object_counts = {label: len(detected_objects) for label in detected_objects}
detected_objects[0]  # This will give us the first and last detected objects ('baseball' and 'basket')
detected_object_counts['basket']  # This will give the count of basketballs detected in the image
</command>
============================== END ==============================


[QAid]6695_0

[Code Includes Tools Usage]
code: 

from object_detector import Object_Detector_Tool

detected_objects, object_number = Object_Detector_Tool.execute(image='/nfs/data8/liao/wxie/SAT/SAT_images_train/6695_0.png',
                                                           labels=['brown_square_dresser'],
                                                           save_object=True,
                                                           saved_image_path='detected_objects')

============================== END ==============================


[QAid]6695_0

[Code Includes Tools Usage]
code: 

from object_detector import Object_Detector_Tool

# Set the image path
image_path = '6695_0.png'

# Set the labels to detect ('baseball' and 'basket')
labels = ['baseball', 'basket']

# Set the confidence threshold
confidence_threshold = 0.35

# Set the model size
model_size = 'tiny'

# Set the save object flag to save detected objects
save_object = True

# Set the saved object path to save detected objects
saved_object_path = 'detected_objects'

# Use the Object_Detector_Tool to detect 'baseball' and 'basket'
result = Object_Detector_Tool.execute(image=image_path, labels=labels, confidence_threshold=confidence_threshold, model_size=model_size, save_object=save_object, saved_object_path=saved_object_path)

# Print the results
print(result)

============================== END ==============================


[QAid]6695_0

[Code Extraction Failed or Parse Failed]

No Python code block found in completion.

Completion Content: 
<code>
import numpy as np
from object_detector import Object_Detector_Tool

labels = ['baseball', 'basket']
threshold = 0.35
model_size = 'tiny'

green_box = (37, 3)
red_box = (123, 56)

# Create a list of labels to detect
labels_to_detect = [green_box, red_box]

# Check boxes in image
detected_objects = Object_Detector_Tool.execute(image='path/to/image.png', labels=labels_to_detect)

# Extract letter bounding box coordinates and recognized text from the detected objects list
results = [(bbox, detected_object[3]) for bbox, detected_object, score in detected_objects if detected_object[3] > threshold]

# Filter out non-letter detected objects
letter_bounding_boxes = [bbox for bbox in results if 'baseball' in bbox[0][0]]

# Filter out non-letter recognized texts
letter_text = [detected_object[1] for bbox in letter_bounding_boxes if 'baseball' in bbox[0][0]]

# Calculate the depth map for 3D objects if saved_depth_image is False
save_depth_image = False
depth_image = None

# If a depth image is needed for 3D objects, calculate the depth map
if save_depth_image:
    # Estimate pixel-level depth from the image
    pixel_level_depth = Pixel_Depth_Tool.execute(mode='image', image_path=['path/to/image.png'])
    depth_image = pixel_level_depth['depth_map']

    # Export the depth image to a directory if requested
    if output:
        depth_image_results = {
            'depth_map': depth_image,
            'output_image_path': 'depth_map.png'
        }
        Pixel_Depth_Tool.export(image_id=0, image=depth_image, output_image_path=depth_image_results['output_image_path'])
</code>
============================== END ==============================


[QAid]6695_0

[Code Includes Tools Usage]
code: 

from object_detector import Object_Detector_Tool

final_result = Object_Detector_Tool.execute(image='path/to/image.png', labels=['dresser', 'window'], save_object=True, saved_image_path='detected_objects')
print(final_result)

============================== END ==============================


[QAid]6695_0

[Code Extraction Failed or Parse Failed]

No Python code block found in completion.

Completion Content: 
To answer questions based on visual inputs, a Python program can be developed that utilizes various tools for detection and annotation in image processing and computer vision. Here's an example Python code snippet that demonstrates how to determine the relative positions of objects in an image:

```python
import ImageObjDetector  # Replace this import with the correct tool class for image object detection
import TextDetector  # Replace this import with the correct tool class for text detection
import LetterDetector  # Replace this import with the correct tool class for letter detection

class VisualAnalyzer:
    def analyze_image(self, image_path, labels=None, threshold=0.35, model_size="tiny", save_object=False, saved_image_path="./detected_objects"):
        # Load the image
        image = Image.open(image_path)

        objects_info = []

        # Object Detection
        if labels is None:
            objects_info += self.detect_objects(image)
        else:
            objects_info.append({'labels': labels, 'threshold': threshold, 'model_size': model_size})

        # Text Detection
        results = self.detect_text(image)
        for result in results["image"]:
            labels = result["labels"]
            text = result["text"]
            confidence = result["confidence"]
            objects_info.append({'labels': labels, 'confidence': confidence, 'text': text})

        # Letter Detection
        for result in results["video"]:
            labels = result.get("labels", [])
            text = result.get("text", "")
            confidence = result.get("confidence")
            objects_info.append({'labels': labels, 'confidence': confidence, 'text': text})

        # Save detected objects
        self.save_detected_objects(image, objects_info)

        # Visualization or analysis
        # ...

# Example usage
analyzer = VisualAnalyzer()
# Analyze the image
analyzer.analyze_image('/path/to/image.png', labels=['baseball', 'basket'], save_object=True, saved_image_path='./detected_objects')
print(analyzer.analyze_image('/path/to/another_image.png'))
```

Replace the `Object_Detector_Tool`, `Text_Detector_Tool`, `Pixel_Depth_Tool`, and other tool classes specified in the `get_tool_class_names` function in the `Object_Detector_Tool` method with the appropriate ones for your use case. Ensure that the correct tool library and functions are imported and used in your Python script. This particular code snippet demonstrates image object detection, text detection, and letter detection on an image and video using a fictional VisualAnalyzer class. You can replace the test images and labels with your actual image data.
============================== END ==============================

