
[QAid]14175_0

[Code does not include Tools Usage]
code: 
final_result = "1"
============================== END ==============================


[QAid]14175_0

[Code does not include Tools Usage]
code: 
final_result = "1 Doorway"

============================== END ==============================


[QAid]14175_0

[Code does not include Tools Usage]
code: 
final_result = "1"

============================== END ==============================


[QAid]14175_0

[Code does not include Tools Usage]
code: 
final_result = "1"

============================== END ==============================


[QAid]14175_0

[Code does not include Tools Usage]
code: 
final_result = "1"

============================== END ==============================


[QAid]14175_0

[Code does not include Tools Usage]
code: 
final_result = "1"

============================== END ==============================

