
[QAid]9059_0

[Code does not include Tools Usage]
code: 
final_result = "1"
============================== END ==============================


[QAid]9059_0

[Code does not include Tools Usage]
code: 
final_result = "1"

============================== END ==============================


[QAid]9059_0

[Code does not include Tools Usage]
code: 
final_result = "1"

============================== END ==============================


[QAid]9059_0

[Code does not include Tools Usage]
code: 
final_result = '1'  # Assign the final answer to the 'final_result' variable
============================== END ==============================


[QAid]9059_0

[Code does not include Tools Usage]
code: 
final_result = "1"

============================== END ==============================


[QAid]9059_0

[Code does not include Tools Usage]
code: 
final_result='1'
============================== END ==============================

