
[EXECUTION EXCEPTION]
invalid syntax (<string>, line 1)
code:<!-- Import the object detection tool -->
from Object_Detector_Tool import Object_Detector_Tool as odh

# Load the image file
image_path = "./val_Counting_56_image_1.jpg"
odh.execute(image=image_path, labels=["baseball", "basket"], save_object=True, saved_image_path="detected_objects")

# Get the total number of detected objects of type "baseball"
baseball_total = odh["detected_objects"].keys()[0]["object_number"]

# Check if the total count of "baseball" is greater than 3
if baseball_total > 3:
    final_result = (B)  # (B) indicates 4
else:
    if baseball_total == 3:
        final_result = (C)  # (C) indicates 4
else:
    if baseball_total < 3:
        final_result = (D)  # (D) indicates 3

# Display the final result
print(f"The number of candlights to the right of the television is: {final_result}")

[None RESULT]


[None RESULT]


[EXECUTION EXCEPTION]
Object_Detector_Tool.execute() missing 1 required positional argument: 'self'
code:from object_detector import Object_Detector_Tool
final_result = 3

# The code to detect objects in the image is provided. This step may require running the tool's function.
# The detected objects are grouped and counted. The count for each type of object is then returned as a tuple.
detected_objects, obj_counts = Object_Detector_Tool.execute(image="/home/stud/wxie/BLINK_Dataset/Counting/val/images/val_Counting_56_image_1.jpg", labels=["baseball", "basket"], save_object=True, saved_image_path="detected_objects")
obj_counts['baseball']['box_list'], obj_counts['baseball']['confidence_scores']

[EXECUTION EXCEPTION]
Object_Detector_Tool.execute() missing 1 required positional argument: 'self'
code:from object_detector import Object_Detector_Tool

# Load object labels
labels = ["candle"]
threshold = 0.4
model_size = "tiny"

# Load detected objects
detected_objects, object_number = Object_Detector_Tool.execute(image="/home/stud/wxie/BLINK_Dataset/Counting/val/images/val_Counting_23_image_1.jpg", labels=labels, save_object=True, saved_image_path="detected_objects")

# Calculate the number of candles
candles = [obj for obj in detected_objects["candles"] if obj["confidence_score"] > 0.4]
num_candles = len(candles)

final_result = num_candles
print(final_result)

[EXECUTION EXCEPTION]
not enough values to unpack (expected 2, got 0)
code:from object_detector import Object_Detector_Tool

# Path to the image
file_path = "/home/stud/wxie/BLINK_Dataset/Counting/val/images/val_Counting_56_image_1.jpg"

# Initialize the Object_Detector_Tool
detector = Object_Detector_Tool()

# Execute the tool to detect objects
labels_output, object_number = detector.execute(image=file_path, labels=["baseball", "basket"], save_object=True, threshold=0.45, model_size='tiny')

# Print the results
label_to_object_map = label_to_object_map[labels_output.keys()]
label_counts = {k: len(label_to_object_map[i]) for i, label in labels_output.items()}

# Determine which option (A, B, C, D, or E) matches the result
final_result = min(label_counts.keys(), key=label_counts.__contains__)
print("Final Result:", final_result)
