
[QAid]7258_0

[Code does not include Tools Usage]
code: 
final_result = "1"

============================== END ==============================


[QAid]7258_0

[Code does not include Tools Usage]
code: 
final_result = "1, 1, 2"

============================== END ==============================


[QAid]7258_0

[Code does not include Tools Usage]
code: 
final_result = "1"

============================== END ==============================


[QAid]7258_0

[Code does not include Tools Usage]
code: 
final_result = "100"

============================== END ==============================


[QAid]7258_0

[Code does not include Tools Usage]
code: 
final_result = "1"

============================== END ==============================


[QAid]7258_0

[Code does not include Tools Usage]
code: 
final_result = "1"

============================== END ==============================

