
============================== NEW EXECUTION ==============================

[EXECUTION EXCEPTION]
count_kumquat() got an unexpected keyword argument 'limit'
code:from object_detector import Object_Detector_Tool

# Image path
image_path = "/home/stud/wxie/BLINK_Dataset/Counting/val/images/val_Counting_120_image_1.jpg"

# Function to count "kumquat"
def count_kumquat(labels, threshold, model_size):
    # Load the image
    image = Object_Detector_Tool._load_image_from_file(image_path)

    # Detect the image
    results = Object_Detector_Tool._detect_image(image, labels=labels, threshold=threshold, model_size=model_size)

    # Count the "kumquat"
    return results['object_number'][0]

# Example labels
labels_to_check = ["kumquat"]

# Using the example labels
kumquat_count = count_kumquat(labels_to_check, limit=0.45, model_size="tiny")

print(f"The number of \"kumquat\" on the image is: {kumquat_count}")

============================== NEW EXECUTION ==============================

[EXECUTION EXCEPTION]
Object_Detector_Tool.execute() missing 1 required positional argument: 'self'
code:from object_detector import Object_Detector_Tool

# Sample image path
# Please replace with the actual image path
image_path = "/path/to/image.jpg"

# Sample object labels to detect
labels = ["kumquat"]

# Calculate confidence threshold value (example: 0.45)
threshold = 0.45

# Define model size as 'tiny'
model_size = "tiny"

# Check if "Kumquat" label exists in the list of labels
if "kumquat" in labels:
    # Create and run detector tool
    detected_objects = Object_Detector_Tool.execute(
        image=image_path,
        labels=labels,
        threshold=threshold,
        model_size=model_size,
    )
    
    # Calculate "kumquat" label count
    kumquat_count = detected_objects[detected_objects[:, -1] == 1].shape[0]

    print(f"The number of small signs saying 'kumquat' is: {kumquat_count}")
else:
    print("The label 'kumquat' is not in the list of detected labels.")

============================== NEW EXECUTION ==============================

[EXECUTION EXCEPTION]
No module named 'matplotlib'
code:def get_kumquat_count(image_path):
    import os
    import matplotlib.pyplot as plt

    # Load the image
    img = plt.imread(image_path)
    
    # Apply threshold to reduce the noise
    img = img[img <= 0.45].copy()
    
    # Detect objects using the Grounding DINO model
    detectors = Object_Detector_Tool()
    labels = ["kumquat"]
    
    # Count the objects
    object_number = detectors.execute(image=img, labels=labels, threshold=0.45, model_size="tiny")
    
    return object_number

# Check the code
object_number = get_kumquat_count("/home/stud/wxie/BLINK_Dataset/Counting/val/images/val_Counting_120_image_1.jpg")
print("Number of objects detected as 'kumquat':", object_number)

============================== NEW EXECUTION ==============================

[EXECUTION EXCEPTION]
Object_Detector_Tool.execute() missing 1 required positional argument: 'self'
code:from object_detector import Object_Detector_Tool

# Path of the image
image_path = "/home/stud/wxie/BLINK_Dataset/Counting/val/images/val_Counting_120_image_1.jpg"

# List of object labels to detect
labels = ["baseball", "basket"]

# Confidence threshold for detection (default: 0.45)
threshold = 0.45

# Model size ('tiny' or 'base', default: 'tiny')
model_size = "tiny"

# Save object images (default: False)
save_object = True

# Path to save the detected object images
saved_image_path = "detected_objects"

# Execute the object detection
detected_objects, object_number = Object_Detector_Tool.execute(image=image_path, labels=labels, threshold=threshold, model_size=model_size, save_object=save_object, saved_image_path=saved_image_path)

# Extract the total number of "kumquat" labels
kumquat_count = object_number["bamboo[1]"][1]
final_result = {"kumquat_count": int(kumquat_count)}

============================== NEW EXECUTION ==============================

[EXECUTION EXCEPTION]
Object_Detector_Tool.execute() got an unexpected keyword argument 'confidence_threshold'
code:from object_detector import Object_Detector_Tool

# Read image path
image_path = "/home/stud/wxie/BLINK_Dataset/Counting/val/images/val_Counting_120_image_1.jpg"

# Load the object detector tool
tool = Object_Detector_Tool()

# Define labels to detect
labels = ["baseball", "basket"]

# Set confidence threshold
confidence_threshold = 0.45

# Set model size
model_size = "tiny"

# Define parameters for saving object images
save_object = True

# Save object images
tool.execute(image=image_path, labels=labels, confidence_threshold=confidence_threshold, model_size=model_size, save_object=save_object)

# Get detected object labels
class_to_object_count = tool.output_type[1]

# Get num of small signs with "kumquat" on them
num_kumq_texts = len(class_to_object_count["num_labels"][0][0] == "kumquat")

# Calculate the total number of small signs with words on them
total_count = sum(tool.output_type[0].values())

# Calculate the percentage of small signs with words on them
percentage_with_words = (num_kumq_texts / total_count) * 100

final_result = {'num_kumq_texts': num_kumq_texts, 'total_count': total_count, 'percentage_with_words': percentage_with_words}

============================== NEW EXECUTION ==============================

[EXECUTION EXCEPTION]
type object 'Object_Detector_Tool' has no attribute 'load_image'
code:from object_detector import Object_Detector_Tool

# Load the image
image_path = "/path/to/your/image.jpg"
image = Object_Detector_Tool.load_image(image_path)

# Detect the objects
object_labels = ["cantaloupe", "kiwi"]
object_threshold = 0.45
object_save_path = "detected_objects"
object_model_size = "tiny"

# Detect objects
detected_objects_list, object_count = Object_Detector_Tool.execute(image=image_path, labels=object_labels, save_object=True, saved_image_path=object_save_path, model_size=object_model_size, object_threshold=object_threshold)
detected_objects_list, object_count

============================== NEW EXECUTION ==============================

[EXECUTION EXCEPTION]
No module named 'image_caption'
code:from object_detector import Object_Detector_Tool
from image_caption import Image_Caption_Tool

def count_kumquats(image_path):
    # Load the image and perform object detection
    result = Object_Detector_Tool.execute(image=image_path, labels=["kumquat"], save_object=False, threshold=0.45, model_size="basic", saved_image_path=None)
    
    # Count the number of 'kumquat' labels
    return count_labels(result, "kumquat")

def count_labels(result, label):
    # Convert the detected label to a value
    label_value = {'kumquat':1, 'banana':1, 'apple':1}
    
    # Count the label in the result
    total_count = len([obj for obj in result['objects'] if obj['label']==label])
    return total_count, label_value

# Load the image
image_path = '/home/stud/wxie/BLINK_Dataset/Counting/val/images/val_Counting_120_image_1.jpg'

# Count the number of 'kumquat' labels
num_kumquats, _ = count_kumquats(image_path)
print(f"Number of Kumquats in the image: {num_kumquats}")
