
[QAid]3154_0

[Code Includes Tools Usage]
code: 

from object_detector import Object_Detector_Tool

final_result = Object_Detector_Tool.execute(image='path/to/image.png', labels=['chair', 'table'], save_object=True, saved_image_path='detected_objects')
print(final_result)

============================== END ==============================


[QAid]3154_0

[Code Includes Tools Usage]
code: 

from object_detector import Object_Detector_Tool

final_result = Object_Detector_Tool.execute(image='path/to/image.png', labels=['chair', 'desk'], threshold=0.35, saved_image_path='detected_objects')

print(final_result)

============================== END ==============================


[QAid]3154_0

[Code Includes Tools Usage]
code: 

from Object_Detector_Tool import Object_Detector_Tool
final_result = Object_Detector_Tool.execute(image='path_to_your_image.png')
print(final_result)

============================== END ==============================


[QAid]3154_0

[Code Includes Tools Usage]
code: 

from object_detector import Object_Detector_Tool

final_result = Object_Detector_Tool.execute(image='path/to/dining_room_image.png', labels=['chair'], threshold=0.35, save_object=True, saved_image_path='detected_objects')
print(final_result)

============================== END ==============================


[QAid]3154_0

[Code Includes Tools Usage]
code: 

from object_detector import Object_Detector_Tool

final_result = Object_Detector_Tool.execute(
    image="/path_to_your_image.png",
    labels=["chess"],  # Change this to the labels as you need.
    save_object=True,
    saved_image_path="detected_objects"
)
print(final_result)

============================== END ==============================


[QAid]3154_0

[Code Includes Tools Usage]
code: 

from object_detector import Object_Detector_Tool
import_name: "Object_Detector_Tool"

model_size = "base"
threshold = 0.35
result = Object_Detector_Tool.execute(image='path/to/image.png', languages=['en', 'de'], detail=1).execute()
if result["object_number"]["basket"] > 1:
    final_result = result["object_number"]
else:
    final_result = 5

============================== END ==============================

