--- Completion 1 ---
<command>final_result = 0</command>
Reward: 0.5

--- Completion 2 ---
<command>
from object_detector import Object_Detector_Tool

final_result = {}

def detect_objects(image_path, labels, threshold=0.35, model_size='tiny', save_object=True, saved_image_path="detected_objects"):
    """Detect objects from an image using the object_detector tool."""
    device = "cuda:0" if torch.cuda.is_available() else "cpu"
    object_detector = Object_Detector_Tool(image=image_path, labels=labels, threshold=threshold, model_size=model_size, save_object=False)
    object_detector.execute()

    for label in object_detector.output_objects.keys():
        result = object_detector.output_objects[label]
        bounding_box = result[0]
        detected_text = result[1]
        confidence_score = result[2]
        
        detected_bounding_box = bounding_box[0]
        detected_text_block = [det['box'], detected_text, det['score']]

        final_result[label] = detected_text_block if save_object else None

    return final_result

final_result = detect_objects(image="/nfs/data8/liao/wxie/SAT/SAT_images_train/9497_0.png", labels=['baseball', 'basket'])
print(final_result)
</command>
Reward: 0.5

--- Completion 3 ---
<command>final_result = 2</command>
Reward: 0.5

--- Completion 4 ---
<command>final_result = 2</command>
Reward: 0.5

--- Completion 5 ---
<command>final_result = 2</command>
Reward: 0.5

--- Completion 6 ---
<command>final_result = 2</command>
Reward: 0.5

