
[QAid]11616_0

[Code does not include Tools Usage]
code: 
final_result = 2

============================== END ==============================


[QAid]11616_0

[Code does not include Tools Usage]
code: 
final_result = 2
============================== END ==============================


[QAid]11616_0

[Code does not include Tools Usage]
code: 
final_result = 6
============================== END ==============================


[QAid]11616_0

[Code does not include Tools Usage]
code: 
final_result = 2
============================== END ==============================


[QAid]11616_0

[Code does not include Tools Usage]
code: 
final_result = 0
============================== END ==============================


[QAid]11616_0

[Code does not include Tools Usage]
code: 
final_result = 7
============================== END ==============================

