
[QAid]2740_0

[Code does not include Tools Usage]
code: 
final_result = "1"
final_result = "3"
final_result = "1"
final_result = "4"
final_result = "2"

============================== END ==============================


[QAid]2740_0

[Code does not include Tools Usage]
code: 
final_result = "1"

============================== END ==============================


[QAid]2740_0

[Code does not include Tools Usage]
code: 
final_result = "1"

============================== END ==============================


[QAid]2740_0

[Code does not include Tools Usage]
code: 
final_result = "1"

============================== END ==============================


[QAid]2740_0

[Code does not include Tools Usage]
code: 
final_result = "1"

============================== END ==============================


[QAid]2740_0

[Code does not include Tools Usage]
code: 
final_result = "1"

============================== END ==============================

