
[QAid]7136_0

[Code does not include Tools Usage]
code: 
final_result = "1"

============================== END ==============================


[QAid]7136_0

[Code does not include Tools Usage]
code: 
from object_detector import Object_Detector_Tool
import_name: "Object_Detector_Tool"

final_result = "1"

print(final_result)

============================== END ==============================


[QAid]7136_0

[Code does not include Tools Usage]
code: 
final_result = "1"
============================== END ==============================


[QAid]7136_0

[Code does not include Tools Usage]
code: 
final_result = "1"

============================== END ==============================


[QAid]7136_0

[Code does not include Tools Usage]
code: 
final_result = "1"

============================== END ==============================


[QAid]7136_0

[Code does not include Tools Usage]
code: 
final_result = "1"

============================== END ==============================

