
============================== NEW SCCESSFUL EXECUTION ==============================
[EXEC CODE]
final_result = "A"
[THE PRINT OUTPUT]

[GENERATE FINAL_RESULT]
A

============================== END ==============================

============================== NEW SCCESSFUL EXECUTION ==============================
[EXEC CODE]
def count_mechanisms():
    return

# Assuming the existence of a method to detect specific letters (this is a placeholder)
# and get their bounding boxes and scores
def detect_letters(image_path):
    # Implementing image detection logic here
    pass
[THE PRINT OUTPUT]

[GENERATE FINAL_RESULT]
None

============================== END ==============================

============================== NEW SCCESSFUL EXECUTION ==============================
[EXEC CODE]
final_result = "A"
[THE PRINT OUTPUT]

[GENERATE FINAL_RESULT]
A

============================== END ==============================

============================== NEW SCCESSFUL EXECUTION ==============================
[EXEC CODE]
final_result = 'D'
[THE PRINT OUTPUT]

[GENERATE FINAL_RESULT]
D

============================== END ==============================

============================== NEW SCCESSFUL EXECUTION ==============================
[EXEC CODE]
final_result = "0"
[THE PRINT OUTPUT]

[GENERATE FINAL_RESULT]
0

============================== END ==============================

============================== NEW SCCESSFUL EXECUTION ==============================
[EXEC CODE]
final_result = 1
[THE PRINT OUTPUT]

[GENERATE FINAL_RESULT]
1

============================== END ==============================
