
============================== New Completed Execution ==============================
[EXEC CODE]
final_result = '1'

[THE PRINT OUTPUT]

[GENERATE VALID FINAL_RESULT]
1

============================== END ==============================


============================== New Completed Execution ==============================
[EXEC CODE]
final_result = "1"
[THE PRINT OUTPUT]

[GENERATE VALID FINAL_RESULT]
1

============================== END ==============================


============================== New Completed Execution ==============================
[EXEC CODE]
final_result = "1"
[THE PRINT OUTPUT]

[GENERATE VALID FINAL_RESULT]
1

============================== END ==============================


============================== New Completed Execution ==============================
[EXEC CODE]
final_result = "1"

[THE PRINT OUTPUT]

[GENERATE VALID FINAL_RESULT]
1

============================== END ==============================


============================== New Completed Execution ==============================
[EXEC CODE]
final_result = "1"
[THE PRINT OUTPUT]

[GENERATE VALID FINAL_RESULT]
1

============================== END ==============================


============================== New Completed Execution ==============================
[EXEC CODE]
final_result = "1"  # Assuming there is only one Dresser in the image

[THE PRINT OUTPUT]

[GENERATE VALID FINAL_RESULT]
1

============================== END ==============================

