
[EXECUTION EXCEPTION]
Object_Detector_Tool.execute() missing 1 required positional argument: 'self'
code:from object_detector import Object_Detector_Tool

# Load the Image
image_path = '/home/stud/wxie/BLINK_Dataset/Counting/val/images/val_Counting_51_image_1.jpg'
detected_objects, object_count = Object_Detector_Tool.execute(image=image_path, labels=["hotdog"], save_object=True, saved_image_path="detected_objects")
final_result = "Not applicable."
if detected_objects:
    final_result = "D"
else:
    final_result = "C"

print(final_result)

[EXECUTION EXCEPTION]
Object_Detector_Tool.execute() missing 1 required positional argument: 'self'
code:from object_detector import Object_Detector_Tool
import_name: Object_Detector_Tool

detected_objects, object_number = Object_Detector_Tool.execute(image="path/to/image.jpg", labels=["hot dog"], threshold=0.45, model_size="tiny", save_object=True, saved_image_path="detected_objects")

if detected_objects:
    print("There are", detected_objects["object_number"], "people eating hot dogs.")
else:
    print("There are no people eating hot dogs.")

[None RESULT]


[EXECUTION EXCEPTION]
list indices must be integers or slices, not str
code:from object_detector import Object_Detector_Tool

# Load the trained model
object_dct = Object_Detector_Tool()

# Load the image
image_path = "/home/stud/wxie/BLINK_Dataset/Counting/val/images/val_Counting_51_image_1.jpg"
labels = ["hot_dog"]
threshold = 0.45
model_size = "tiny"
save_object = False

# Detect and save the image
result = object_dct.execute(image=image_path, labels=labels, threshold=threshold, model_size=model_size, save_object=save_object)

for label in result['output_types']:
    count = result['detected_objects']['objects']
    final_result = label if 'total_count' in label else 'None'
    print(f"{final_result} ({count['hot_dog']})")

[EXECUTION EXCEPTION]
Object_Detector_Tool.execute() missing 1 required positional argument: 'self'
code:from object_detector import Object_Detector_Tool

# Image path
image_path = "/home/stud/wxie/BLINK_Dataset/Counting/val/images/val_Counting_51_image_1.jpg"

# Using the object_detector tool to detect labels in the image
detected_objects, object_count = Object_Detector_Tool.execute(image=image_path, labels=["hot_dog"], save_object=True)
object_count

[EXECUTION EXCEPTION]
list indices must be integers or slices, not str
code:from object_detector import Object_Detector_Tool

# Load the model and threshold
tool = Object_Detector_Tool()
result = tool.execute(image="path/to/image.jpg", labels=["hot_dog"],
                        save_object=True, saved_image_path="detected_objects")

hot_dogs, hot_dog_counts = result["detected_objects"]

# Count the hot dogs
hot_dog_count = hot_dog_counts["hot_dog"]["hot_dog"]["boxes"][-1]["count"] + hot_dog_counts["hot_dog"]["hot_dog"]["boxes"][:-1]["count"] + hot_dog_counts["hot_dog"]["hot_dog"]["boxes"][:-1]["count"] + hot_dog_counts["hot_dog"]["hot_dog"]["boxes"][:-1]["count"] + hot_dog_counts["hot_dog"]["hot_dog"]["boxes"][:-1]["count"] + hot_dog_counts["hot_dog"]["hot_dog"]["boxes"][:-1]["count"] + hot_dog_counts["hot_dog"]["hot_dog"]["boxes"]["buns"][:-1]["count"] + hot_dog_counts["hot_dog"]["hot_dog"]["boxes"][:-2]["count"] + hot_dog_counts["hot_dog"]["hot_dog"]["boxes"][:-2]["count"] + hot_dog_counts["hot_dog"]["hot_dog"]["boxes"][:-2]["count"] + hot_dog_counts["hot_dog"]["hot_dog"]["boxes"][:-2]["count"] + hot_dog_counts["hot_dog"]["hot_dog"]["boxes"][:-2]["count"] + hot_dog_counts["hot_dog"]["hot_dog"]["boxes"][:-2]["count"] + hot_dog_counts["hot_dog"]["hot_dog"]["boxes"][:-2]["count"] + hot_dog_counts["hot_dog"]["hot_dog"]["boxes"][:-2]["count"] + hot_dog_counts["hot_dog"]["hot_dog"]["boxes"][:-2]["count"] + hot_dog_counts["hot_dog"]["hot_dog"]["boxes"][:-2]["count"] + hot_dog_counts["hot_dog"]["hot_dog"]["boxes"][:-2]["count"] + hot_dog_counts["hot_dog"]["hot_dog"]["boxes"][:-2]["count"]

if hot_dog_count == 4:
    final_result = "D"
else:
    final_result = "C"
