--- Completion 1 ---
final_result: "2"
Reward: 0.0

--- Completion 2 ---
final_result: "0"
Reward: 0.0

--- Completion 3 ---
From the provided image, let's calculate the count of paintings (pictures).

The object detector tool is used to detect paintings:

```python
from_module: "object_detector_tool"
import_name: "Object_Detector_Tool"

# The image path
image_path = "/nfs/data8/liao/wxie/SAT/SAT_images_train/14546_0.png"

# Detecting paintings
result = object_detector_tool.execute(image=image_path)

# Saving detected objects as images
if "detected_objects" in result:
    saved_image_path = "/nfs/data8/liao/wxie/SAT/SAT_images_train/14546_0_paintings"
    object_detector_tool.save_object(result, saved_image_path, save_object=True, saved_image_path= saved_image_path)
```

The detected objects are first filtered to only include paintings as their bounding boxes (x and y coordinates for 4 corners representing the object), then their scores are checked, and their saved image path is created if saved_object is True.

This tool can help us identify the number of paintings in the image based on the visual bounding boxes and scores. However, the current version of the detection tool does not provide the exact count, only the number and coordinates of detected objects.

Since the tool documentation mentions that detecting paintings may not always yield the exact count due to detection failures, let's calculate the possible number based on the example output:

Example output (in Python):
```python
detected_objects : {
'baseball': [{'box': (34, 50, 200, 220), 'score': 0.92, 'saved_image_path': 'detected_objects/image_baseball_1.png'}],
'basket': [{'box': (220, 100, 400, 350), 'score': 0.85, 'saved_image_path': 'detected_objects/image_basket_1.png'}]
}
object_number : {'baseball': 1, 'basket': 1}
```

Given the example output, we notice the bounding box for both baseball and basket items have the same x position.

Therefore, the most reasonable and likely count of paintings is based on the bounding box (likely the center, excluding the area that may contain false positives) of baseball and basket, assuming the same x coordinates, and an equal number of true positive detected pixels for both items:

**Final Result**: 1
Reward: 0.0

--- Completion 4 ---
final_result
Reward: 0.0

--- Completion 5 ---
final_result
Reward: 0.0

--- Completion 6 ---
final_result
Reward: 0.0

