--- Completion 1 ---
Here's a Python program that can answer questions based on the visual inputs:
```python
import object_detector
import text_detector
import letter_detector
import Pixel_Depth_Tool
import numpy as np

def get_object_labels(image_path):
    labels = []
    results = [object_detector.execute(image=image_path) for image_path in image_paths]
    for obj in results:
        if obj:
            labels.append(obj['bbox'] + [obj['score']])
        else:
            break
    return labels
```
In the code above, we use three different Python libraries to detect objects, text, and letters in an image. You can use any of these libraries to get object labels from an image.
The `get_object_labels` function takes an image path as input and returns a list of object labels. The labels are returned as an integer and are then converted to a bounding box coordinates.
You can use this function to get object labels from an image and include them in your questions. For example:
```bash
get_object_labels('/path/to/image.png')
```


Reward: 0.0

--- Completion 2 ---
To determine the distance from the abstract painting in the bottom-right corner to the doorway in the top-left corner, the Pixel Depth Toolkit can be used.
<command>python
from Pixel_Depth_Tool import pixel_depth_estimator

outdir = './vis_depth'
image_path = ['room_0000_0005.jpg', 'room_0000_0006.jpg']

image_results = pixel_depth_estimator.execute(mode='image', image_path=image_path, outdir=outdir)

depth_results = image_results.get('assets/image1.jpg')
output_image_path = depth_results['output_image_path']

depth_results = pixel_depth_estimator.execute(mode='image', image_path=image_path, image=image_path, outdir=outdir, output=True)

depth_movie_results = image_results.get('assets/image1.jpg', return_movie=True)
output_video_path = depth_movie_results['output_video_path']
</command>
Reward: 0.0

--- Completion 3 ---
To determine the correct position of Doorway, we need to evaluate the relative positions of each component:
A - Above Abstract Painting
B - Above Entrance

Doorway is located between these components, making it a key object in the arrangement.
Reward: 0.0

--- Completion 4 ---
<command>
for rect in detected_objects['baseball']:
    print(rect['bbox'], rect['score'])
</command>
Reward: 0.0

--- Completion 5 ---
To answer the question, we need to find out the relative positions of the doorways in the room, as well as the positions of the abstract painting and the furniture. We can use the Object_Detector_Tool tool to detect the doors based on the bounding boxes and their scores.
```python
from object_detector import Object_Detector_Tool
import numpy as np

# Path to the image file
image_path = 'path/to/image.png'

# Labels to detect (in this case, doors and furniture)
labels = ['door', 'furniture'] 

# Confidence threshold for detection
threshold = 0.35

# Model size to use (default is 'tiny')
model_size = 'tiny'

# Path to save the detected objects
saved_image_path = 'detected_objects'

# Detect objects
detected_objects = Object_Detector_Tool.execute(image=image_path, labels=labels, threshold=threshold, model_size=model_size, saved_image_path=saved_image_path)
 

# Print the detected objects
print(detected_objects)
```
The `Object_Detector_Tool` tool is used to detect the doors in the image. Based on the bounding boxes and their scores, we can determine their relative positions.
Reward: 0.0

--- Completion 6 ---
Based on the image provided, you can answer questions by using the information from the image. Since the image shows a room with various furniture and objects, you can use the "Object_Detector_Tool" tool to detect and count objects and their bounding boxes.

Here is a Python script that can be executed to detect objects in the image and count them according to the rules specified:

```python
from object_detector import Object_Detector_Tool

# Set the input paths and parameters for the Object_Detector_Tool
input_path = 'path/to/image.png'
label_to_detect = ['baseball']
threshold = 0.35
model_size = 'tiny'
detect_objects = True
save_objects = None
image_file = input_path
label_to_detect = 'basket'
threshold = 0.35
model_size = 'tiny'
detect_objects = False

if detect_objects:
    # Execute the Detection Tool
    result = Object_Detector_Tool.execute(image=image_file, labels=label_to_detect, save_object=save_objects)

    if len(result) == 1:
        # If there is a result, count the objects
        object_count = len(result[0]["bbox"])
        print(f"Number of {label_to_detect} objects: {object_count}")
    else:
        print("No target objects found in the image.")
else:
    print("No object detection detected.")
```

Replace `path/to/image.png` with the actual path to your image, and modify the `label_to_detect` and `threshold` values to detect specific objects based on your requirements.

This script will run the detection process and return the number of objects detected and related to their bounding boxes.
Reward: 0.0

--- Completion 7 ---
def enumerate():
    for a in ['A', 'B', 'C']:
        print(a)

# call the function
 enumerate()
Reward: 0.0

--- Completion 8 ---
<command>
def answer_question(scene_images, question):
    for image in scene_images:
        try:
            detected_objects = detect_objects(image_path=image, labels={'baseball': 1, 'basket': 2}, threshold=0.35, saved_image_path="detected_objects")
            if 'baseball' in detected_objects and 'basket' not in detected_objects:
                final_result = detected_objects['baseball'][0]['bbox'] + ', ' + 'Basketball is missing!' + detected_objects['baseball'][0]['bbox']
                return final_result
            elif 'basket' in detected_objects and 'baseball' not in detected_objects:
                final_result = detected_objects['basket'][0]['bbox'] + ', ' + 'Baseball is missing!' + detected_objects['basket'][0]['bbox']
                return final_result
            if 'baseball' not in detected_objects and 'basket' in detected_objects:
                final_result = detected_objects['basket'][0]['bbox'] + ', ' + 'Basketball is missing!' + detected_objects['basket'][0]['bbox']
                return final_result
            if 'baseball' in detected_objects and 'basket' in detected_objects:
                final_result = detected_objects['basket'][0]['bbox'] + ', ' + 'Basketball is missing!' + detected_objects['basket'][0]['bbox']
                return final_result
        except Exception as e:
            print(e)
            return "Error: An error occurred while processing the image."
    return "Error: No objects detected."

# Test the function
scene_images = [
    "/nfs/data8/liao/wxie/SAT/SAT_images_train/6957_0.png",
    "/nfs/data8/liao/wxie/SAT/SAT_images_train/1111_0.png",
    "/nfs/data8/liao/wxie/SAT/SAT_images_train/2222_0.png",
    "/nfs/data8/liao/wxie/SAT/SAT_images_train/4444_0.png",  # Basketball
]
final_result = answer_question(scene_images)
print(final_result)
</command>
Reward: 1.0

