
[Exctuion Failed]

No module named 'Object_Detector_Tool'
code: 

from Object_Detector_Tool import Object_Detector_Tool

final_result = Object_Detector_Tool.execute()

print(final_result)


============================== END ==============================


[Exctuion Failed]

No module named 'Object_Detector_Tool'
code: 

from Object_Detector_Tool import Object_Detector_Tool

final_result = Object_Detector_Tool.execute(image='path_to_image.png', labels=['sofa', 'table', 'remote_controller'], save_object=True, saved_image_path='detected_objects')
print(final_result[0])


============================== END ==============================


[Exctuion Failed]

No module named 'Object_Detector_Tool'
code: 

from Object_Detector_Tool import Object_Detector_Tool

final_result = Object_Detector_Tool.execute(image='path/to_image.jpg', labels=['Sofa'], save_object=True)
print("Detected Sofas:", final_result)


============================== END ==============================


[Exctuion Failed]

Object_Detector_Tool.execute() missing 1 required positional argument: 'self'
code: 

from object_detector import Object_Detector_Tool
final_result = Object_Detector_Tool.execute(image='path/to/image.png', labels=['sofa'], save_object=True, saved_image_path='detected_objects')

final_result


============================== END ==============================


[Exctuion Failed]

No module named 'Object_Detector_Tool'
code: 

from Object_Detector_Tool import Object_Detector_Tool

final_result = Object_Detector_Tool.execute(
    image='path/to/image.png',
    labels=['sofa'],
    save_object=False,
    threshold=0.8,
    model_size='tiny'
)

print(final_result)


============================== END ==============================


[Exctuion Failed]

Object_Detector_Tool.execute() missing 1 required positional argument: 'self'
code: 

from object_detector import Object_Detector_Tool

final_result = Object_Detector_Tool.execute(image='/nfs/data8/liao/wxie/SAT/SAT_images_train/6192_0.png', labels=['sofa'], save_object=False)

print("Sofas detected:", final_result)


============================== END ==============================

