--- Completion 1 ---
<command>
from object_detector import Object_Detector_Tool

final_result = Object_Detector_Tool().execute(image='path/to_image', languages=['en', 'de'])
print(final_result)
</command>
Reward: 1.0

--- Completion 2 ---
<command>
from object_detector_tool import Object_Detector_Tool

final_result = Object_Detector_Tool().execute(image="/nfs/data8/liao/wxie/SAT/SAT_4928_0.png", labels=["baseball", "basket"], save_object=True, saved_image_path="detected_objects")
print(final_result)
</command>
Reward: 1.0

--- Completion 3 ---
<command>
from Object_Detector_Tool import Object_Detector_Tool

# Get the image path
image_path = "/nfs/data8/liao/wxie/SAT/SAT_images_train/4928_0.png"

# Create an object detector tool instance
tool = Object_Detector_Tool()

# Execute the tool with labels and save object functionality enabled
detect_objects_output, objects_amount = tool.execute(image=image_path, labels=["baseball", "basket"], save_object=True)

final_result = [
    {"count": objects_amount["basket"], "label": detect_objects_output["baseball"][0]}
]

print(final_result)
</command>
Reward: 1.0

--- Completion 4 ---
<command>
from object_detector import Object_Detector_Tool

final_result = Object_Detector_Tool.execute(image='/nfs/data8/liao/wxie/SAT/SAT_images_train/4928_0.png', labels=['SideTable'], save_object=True)
print(final_result)
</command>
Reward: 1.0

--- Completion 5 ---
<command>
from Object_Detector_Tool import Object_Detector_Tool
final_result = Object_Detector_Tool.execute(image='/nfs/data8/liao/wxie/SAT/SAT_images_train/4928_0.png', labels=[\"baseball\", \"basket\"], save_object=True)
if final_result[1] == 1:
    object_count = final_result[0]["basket"]["number"]
else:
    object_count = 0
final_result = {"detected_objects" : final_result, "object_count" : object_count}
if final_result:
    final_result = (final_result["detected_objects"][0], final_result["object_count"])
else:
    final_result = None
final_result
</command>
Reward: 1.0

--- Completion 6 ---
<command>
from Object_Detector_Tool import Object_Detector_Tool

final_result =Object_Detector_Tool.execute(
      image='path_to_your_image', 
      labels=['baseball', 'basket'], 
      save_object=True, 
      saved_image_path='detected_objects')

detected_objects, object_number = final_result
print(detected_objects)
print(object_number)
</command>
Reward: 1.0

