
[EXECUTION EXCEPTION]
No module named 'Object_Detector_Tool'
code:from Object_Detector_Tool import Object_Detector_Tool

final_result = "D"

[EXECUTION EXCEPTION]
Object_Detector_Tool.__init__() got an unexpected keyword argument 'input_path'
code:from object_detector import Object_Detector_Tool

# Set parameters
input_path = "/home/stud/wxie/BLINK_Dataset/Counting/val/images/val_Counting_95_image_1.jpg"  # Change the path as per the image
labels = ["baseball", "basket"]  # Replace with the actual labels detected in the image 'image'

# Call the tool
object_detector_tool = Object_Detector_Tool(input_path=input_path, labels=labels)
object_detector_tool.execute()

# Get total count of all detected objects
total_count = object_detector_tool.execute()
final_result = total_count.get("object_number")

# Print final result
print(final_result)

[EXECUTION EXCEPTION]
not enough values to unpack (expected 2, got 0)
code:# Import necessary tools
from object_detector import Object_Detector_Tool

# Given image path
image_path = "/home/stud/wxie/BLINK_Dataset/Counting/val/images/val_Counting_95_image_1.jpg"

# Create object_detector_tool instance
detector_tool = Object_Detector_Tool()

# Execute object detection
detected_objects, object_count = detector_tool.execute(image_path, ['X-COUNT-23'], save_object=True)

# Final result
final_result = 'B' if object_count['X-COUNT-23']['boxes']['count_1'] == object_count['X-COUNT-23']['boxes']['count_2'] else 'C'
