--- Completion 1 ---
<command>
from object_detector import Object_Detector_Tool
final_result = Object_Detector_Tool.execute(image='path/to/images/scene.png', labels=['DiningTables'], save_object=False, threshold=0.1, model_size='tiny')
print(final_result)
</command>
Reward: 1.0

--- Completion 2 ---
<command>
from object_detector import Object_Detector_Tool
final_result = Object_Detector_Tool.execute(image='/path/to/image.png')
print(final_result)
</command>
Reward: 1.0

--- Completion 3 ---
<command>
from object_detector import Object_Detector_Tool

final_result = Object_Detector_Tool.execute(image='path/to_image.png', labels=['baseball'], save_object=True, saved_image_path='detected_objects')

print(final_result)
</command>
Reward: 1.0

--- Completion 4 ---
<command>
from object_detector import Object_Detector_Tool

final_result = Object_Detector_Tool.execute(image='path/to/image.png', labels=['baseball', 'basket'])
print(final_result)
</command>
Reward: 1.0

--- Completion 5 ---
<command>
from object_detector import Object_Detector_Tool

# Parameters
input_image_path = '/nfs/data8/liao/wxie/SAT/SAT_images_train/14053_0.png'
object_labels = ['baseball', 'basket']
confidence_threshold = 0.35
model_size = 'tiny'
save_object = True
saved_image_path = 'detected_objects'

# Call the tool
result = Object_Detector_Tool.execute(input_image_path=input_image_path,
                                     labels=object_labels,
                                     confidence_threshold=confidence_threshold,
                                     model_size=model_size,
                                     save_object=save_object,
                                     saved_image_path=saved_image_path)

# Extract object results and object count
final_result = {'detected_objects': result, 'object_number': len(result['baseball']) + len(result['basket'])}
print(final_result)
</command>
Reward: 1.0

--- Completion 6 ---
<command>
from object_detector import Object_Detector_Tool

final_result = Object_Detector_Tool.execute(image='path/to/image.png', labels=['baseball', 'basket'], save_object=True, saved_image_path='detected_objects')
print(final_result)
</command>
Reward: 1.0

