
[EXECUTION EXCEPTION]
unexpected indent (<string>, line 3)
code:from object_detector import Object_Detector_Tool

  det_tool = Object_Detector_Tool()
  det_tool.execute(image="/home/stud/wxie/BLINK_Dataset/Counting/val/images/val_Counting_44_image_1.jpg", labels=["ski"], threshold=0.45, saved_image_path="out_images") 
  det_objects, detection_count = det_tool.output_types
  final_result = detection_count
  final_result

[EXECUTION EXCEPTION]
Object_Detector_Tool.__init__() takes 1 positional argument but 2 were given
code:from object_detector import Object_Detector_Tool

# Assuming the image path to the question is provided
# Example: path = "/home/stud/wxie/BLINK_Dataset/Counting/val/images/val_Counting_44_image_1.jpg"    
# Extract the image name to use it for the tool
image_path = "val_Counting_44_image_1.jpg"

# Initialize the Object Detection Tool
detect_tool = Object_Detector_Tool(image_path)

# Detect the person skiing
people = detect_tool.detect_objects(labels=["skier"], threshold=0.45)

# Count the detected skiers
skiers_count = len([obj['boxes'] for obj in people['object_number']['skier']['boxes']])

final_result = skiers_count
print(f"The image contains {final_result} skiers doing a flip.")

[EXECUTION EXCEPTION]
f-string: expecting '}' (<string>, line 13)
code:from object_detector_tool import Object_Detector_Tool

# Load the image
image_path = "/home/stud/wxie/BLINK_Dataset/Counting/val/images/val_Counting_44_image_1.jpg"
objects_detector = Object_Detector_Tool()

final_result = objects_detector.execute(image_path, labels=["ski_sports", "skiing"], save_object=True)
detected_objects = final_result["output_types"][0]

ski_count = detected_objects["box_counts"]["ski_sports"]
skiing_count = detected_objects["box_counts"]["skiing"]

print(f"Count of skiers doing a flip: {ski_flop_count = ski_count + skiing_count}")

[EXECUTION EXCEPTION]
No module named 'object_detector_tool'
code:import numpy as np
import object_detector_tool

# Load the image
image_path = "/home/stud/wxie/BLINK_Dataset/Counting/val/images/val_Counting_44_image_1.jpg"
image = object_detector_tool.Object_Detector_Tool.execute(image_path)

# Example: detect 'baseball' and 'basketball'
labels = ["baseball", "basketball"]
detected_objects, _ = object_detector_tool.Object_Detector_Tool.execute(image_path, labels, True)

# Extract labels and counts
labels_info = {detected_objects[0]['label']: detected_objects[0]['count']}
object_count = {detected_objects[0]['label']: detected_objects[0]['count']}
final_result = {detected_objects[0]['label']: object_count[detected_objects[0]['label']]}

# Print final result
print("Final result:", final_result)

[EXECUTION EXCEPTION]
Object_Detector_Tool.__init__() takes 1 positional argument but 2 were given
code:from object_detector import Object_Detector_Tool

# The image you need to analyze
image_path = "/home/stud/wxie/BLINK_Dataset/Counting/val/images/val_Counting_44_image_1.jpg"

# Initialize the Object_Detector_Tool
detector = Object_Detector_Tool(image_path)

#Detect objects in the image
labels = ["baseball", "basket"]

#Find the number of detected objects
detected_objects = detector.execute(labels=labels, threshold=0.45, save_object=True, saved_image_path="detected_objects")

#Identify the highest number of objects
highest_count = sorted(detected_objects['output_types'][0]['value'], reverse=True)[0]

#Identify the most common object
most_common_label = sorted(detected_objects['output_types'][0]['value'], key=lambda x: detected_objects['output_types'][0]['value'].items(), reverse=True)[0][0]

#Identify the number of skiers doing a flip
skier_count = list(detected_objects['output_types'][0]['value'])['baseball'] +list(detected_objects['output_types'][0]['value'])['basket']

final_result = {
    "result": str(skierr_count),
    "description": f"The person is doing a flip because there are {skierr_count} skiers doing a flip."
}

final_result

[EXECUTION EXCEPTION]
Object_Detector_Tool.execute() missing 1 required positional argument: 'labels'
code:from object_detector import Object_Detector_Tool

# Set the image path and variable to store the object detection results
image_path = '/home/stud/wxie/BLINK_Dataset/Counting/val/images/val_Counting_44_image_1.jpg'
object_number = 0  # Initialize the object counter with 0
final_result = 0  # Initialize the final result variable

# Initialize the object detection process
detected_objects, labels = Object_Detector_Tool.execute(image_path, ["baseball", "basket"], save_object=True)

# Check if the "basket" label has been detected and count it
basket_detected_count = detected_objects["basket"].get("boxes", []).count()

# Check if the "baseball" label has been detected and count it
baseball_detected_count = detected_objects["baseball"].get("boxes", []).count()

# Check the numbers of detected baseballs and baskets
if baseball_detected_count >= 1 and basket_detected_count >= 1:
    final_result = 1  # Set the final result to 1 if the numbers are equal or greater, meaning there's at least one flip detection

print(final_result)

[EXECUTION EXCEPTION]
invalid syntax (<string>, line 1)
code:```python
# Import object detection tool
from object_detector import Object_Detector_Tool

# Specify the image path
image_path = "/home/stud/wxie/BLINK_Dataset/Counting/val/images/val_Counting_44_image_1.jpg"

# Create an Object_Detector_Tool instance
obj_detector = Object_Detector_Tool(image_path)

# Check if the image contains any objects
label_results = obj_detector.execute()

# Initialize count for each label
label_counts = {}

for label in label_results:
    # Get the label count
    count = label_counts.get(label, 0)
    count += 1
    label_counts[label] = count

# Final result variable
final_result = {
    "label_counts": label_counts
}

print(final_result)
```
