--- Completion 1 ---
<command>
from object_detector import Object_Detector_Tool
import_name: "Object_Detector_Tool"

def detect_objects(image_path):  # Assuming PathChecker is the tool that checks the input file path
    # Initialize the object detector with the specified path
    obj_detector = Object_Detector_Tool(image_path)

    # Detect objects and obtain the detection results
    result = obj_detector.execute(threshold=0.35, model_size='tiny', save_object=True, saved_image_path='detected_objects')
    print(result)
else:
    print("Invalid path provided.")
</command>
Reward: 0.5

--- Completion 2 ---
<command>
from object_detector import Object_Detector_Tool

# Load model
object_detector_tool = Object_Detector_Tool()

# Set the confidence threshold and model size
confidence_threshold = 0.35
model_size = 'tiny'

# Execute the Object Detector Tool with a demo input
detections = object_detector_tool.execute(image='path/to/image.png',
                                             labels=['baseball', 'basket'],
                                             save_object=True,
                                             saved_image_path='detected_objects')

detected_objects, object_number = detections[0]
final_result = objects
final_result = objects + [object_number]

print(f"Detected objects: {detected_objects}, object number: {object_number}")
</command>
Reward: 1.0

--- Completion 3 ---
<command>
import tools_tool

image_path = "/nfs/data8/liao/wxie/SAT/SAT_images_train/9357_0.png"
languages = ["en", "de"]
detail_level = 1

result = tools_tool.text_detector.execute(image=image_path, languages=languages, detail=detail_level)

print("Detected Text Blocks:")
for detected_text_block in result:
    text = detected_text_block[1][1][0]
    confidence_score = detected_text_block[1][2]
    print(f"[[{detected_text_block[1][1][0]], '{text}', {confidence_score}])")

final_result = result if result else []
print("Final Result:")
for detected_text in final_result:
    print(detected_text)
</command>
Reward: 1.0

--- Completion 4 ---
<command>
from Object_Detector_Tool import Object_Detector_Tool

# Get the image path and label for detection
label = 'baseball'
image_path = '/path/to/image.png'

# Initialize the Object_Detector_Tool for text detection
object_detector = Object_Detector_Tool()

# Execute the tool to detect baseball
objects_with_scores = object_detector.execute(image=image_path, labels=[label])["image_box_detection"]

# Check if baseball was detected
if label in objects_with_scores:
    # Get the object ID associated with each detection
    object_id = [object["id"] for object in objects_with_scores]

    # Retrieve image file paths for each object
    obj_image_paths = [f"obj_image_{i}.png" for i in object_id]

    # Create a list for labels and objects
    labels = sorted([item["label"] for item in objects_with_scores], key=lambda x: x["score"])
    objects = [objects_with_scores[i] for i in object_id]

    # Create a dictionary to organize detections and objects
    results = {
        "labels_obj": labels,
        "objects_obj": objects
    }

    # Save the detected objects as images (optional)
    object_detector.save_object(save_object=True, save_image_path='obj_image', result=results)

    # Retrieve remaining objects
    remaining_objs = [labels[i] for i in range(len(remaining_objs)) if labels[i] != label]

    # Sort remaining objects by score
    sorted_remaining = [remaining_objs[i] for i in range(len(remaining_objs)) if remaining_objs[i] != label]

    # Sort labels again
    sorted_labels = [remaining_objs[i] for i in range(len(sorted_remaining)) if remaining_objs[i] != label]

    # Display results
    print("Labels and objects organized into separate categories:")
    print("• Labels and corresponding objects:", results)
    print("• Remaining detection results:", remaining_objs if remaining_objs != [] else "No more left.")
    print("• Remaining objects:", [remaining_objs[i] for i in range(len(remaining_objs)) if remaining_objs[i] != label])
    print("• Remaining label(s):", [sorted_labels[i] if sorted_labels[i] != label else "" for i in range(len(sorted_labels)) if sorted_labels[i] != label])

    # Print the number of object detections for each category
    print("\nNumber of detections for each category:")
    detections_per_label =
Reward: 0.0

--- Completion 5 ---
<command>
from object_detector import Object_Detector_Tool

final_result = Object_Detector_Tool.execute(image='./9357_0.png',
                                            labels=['table'],
                                            save_object=True,
                                            saved_image_path='recognized_labels')

print(f"Detected {len(final_result)} objects in the scene.")
for label, detections in final_result.items():
    print(f"{label}: {' '.join([f'{det[0]} ({det[1]:0.2f})' for det in detections])}")
</command>
Reward: 1.0

--- Completion 6 ---
<command>
{
  "tool_module_name": "Object_Detector_Tool",
  "tool_class_name": "Object_Detector_Tool",
  "tool_description": "Detects objects in an image using the Grounding DINO model and saves individual object images with empty padding.",
  "tool_version": "1.0.0",
  "input_types": {
    "image": "str - The path to the image file.",
    "labels": "list - A list of object labels to detect.",
    "threshold": "float - The confidence threshold for detection (default: 0.35).",
    "model_size": "str - The size of the model to use ('tiny' or 'base', default: 'tiny').",
    "save_object": "bool - Whether to save the detected objects as images (default: False).",
    "saved_image_path": "str - The path to save the detected object images (default: 'detected_objects')."
  },
  "output_types": "\"tuple - A tuple containing two elements: (1) a dictionary mapping each detected label to a list of detection entries, e.g. {'baseball': [{'box': (x1, y1, x2, y2), 'score': 0.95, 'saved_image_path': 'path/to/saved/image.png'}]}, (2) a dictionary mapping each label to the number of detected objects in the image. e.g. {'baseball': 2, 'basket': 1}\".\n",
  "demo_commands": {
    "command": "detected_objects, object_number = Object_Detector_Tool.execute(image='path/to/image.png', labels=['baseball', 'basket'], save_object=True, saved_image_path='detected_objects')",
    "description": "Detects 'baseball' and 'basket' in the image. Returns a tuple: (1) a dict mapping each label to a list of detection results (each with box, score, and optionally saved image path); (2) a dict with the total count for each detected label. If 'save_object' is True, detected objects are cropped and saved to the specified directory.\"\n",
    "output_example": "detected_objects : {\n'baseball': [{'box': (34, 50, 200, 220), 'score': 0.92, 'saved_image_path': 'detected_objects/image
Reward: 0.0

