
============================== NEW SCCESSFUL EXECUTION ==============================
[EXEC CODE]
final_result = 3
[THE PRINT OUTPUT]

[GENERATE FINAL_RESULT]
3

============================== END ==============================

============================== NEW SCCESSFUL EXECUTION ==============================
[EXEC CODE]
final_result = 0
[THE PRINT OUTPUT]

[GENERATE FINAL_RESULT]
0

============================== END ==============================

============================== NEW SCCESSFUL EXECUTION ==============================
[EXEC CODE]
final_result = "E"
[THE PRINT OUTPUT]

[GENERATE FINAL_RESULT]
E

============================== END ==============================

============================== NEW SCCESSFUL EXECUTION ==============================
[EXEC CODE]
final_result = 'E'
print(final_result)
[THE PRINT OUTPUT]
E

[GENERATE FINAL_RESULT]
E

============================== END ==============================

============================== NEW SCCESSFUL EXECUTION ==============================
[EXEC CODE]
final_result = "A"
[THE PRINT OUTPUT]

[GENERATE FINAL_RESULT]
A

============================== END ==============================

============================== NEW SCCESSFUL EXECUTION ==============================
[EXEC CODE]
final_result = "A"
[THE PRINT OUTPUT]

[GENERATE FINAL_RESULT]
A

============================== END ==============================
