
============================== NEW SCCESSFUL EXECUTION ==============================
[EXEC CODE]
final_result = {
    
}
[THE PRINT OUTPUT]

[GENERATE FINAL_RESULT]
{}

============================== END ==============================

============================== NEW SCCESSFUL EXECUTION ==============================
[EXEC CODE]
final_result = 'A'
[THE PRINT OUTPUT]

[GENERATE FINAL_RESULT]
A

============================== END ==============================

============================== NEW SCCESSFUL EXECUTION ==============================
[EXEC CODE]
{ 
"output_type": "final_result", 
"final_result": ["0"]
}
[THE PRINT OUTPUT]

[GENERATE FINAL_RESULT]
None

============================== END ==============================

============================== NEW SCCESSFUL EXECUTION ==============================
[EXEC CODE]
final_result = ["2", "3"]
[THE PRINT OUTPUT]

[GENERATE FINAL_RESULT]
['2', '3']

============================== END ==============================

============================== NEW SCCESSFUL EXECUTION ==============================
[EXEC CODE]
final_result = 0
[THE PRINT OUTPUT]

[GENERATE FINAL_RESULT]
0

============================== END ==============================
