
[QAid]4188_0

[Code Includes Tools Usage]
code: 

from object_detector import Object_Detector_Tool

final_result = Object_Detector_Tool().execute(image='path/to/diagram.png', labels=['Dresser'], save_object=True, saved_image_path='detected_objects/')

============================== END ==============================


[QAid]4188_0

[Code Includes Tools Usage]
code: 

from object_detector import Object_Detector_Tool

final_result = Object_Detector_Tool().execute(image='path/to/image', labels=['dresser'], save_object=True, saved_image_path='detected_objects')

============================== END ==============================


[QAid]4188_0

[Code Includes Tools Usage]
code: 

from object_detector import Object_Detector_Tool

final_result = Object_Detector_Tool().execute(image='path/to/image', labels=['Dresser'], save_object=True, saved_image_path='detected_objects')

============================== END ==============================


[QAid]4188_0

[Code Includes Tools Usage]
code: 

from object_detector import Object_Detector_Tool

final_result = Object_Detector_Tool().execute(image='path/to/image', labels=['Dresser'], save_object=True, saved_image_path='detected_objects')

============================== END ==============================


[QAid]4188_0

[Code Includes Tools Usage]
code: 

from object_detector import Object_Detector_Tool

final_result = Object_Detector_Tool().execute(image='path/to/image', labels=['Dresser'], save_object=True, saved_image_path='detected_objects')

============================== END ==============================


[QAid]4188_0

[Code Includes Tools Usage]
code: 

from object_detector import Object_Detector_Tool

final_result = Object_Detector_Tool().execute(image="path/to/image", labels=["dresser"], save_object=True, saved_image_path="detected_objects")
print(final_result)

============================== END ==============================

