
============================== New Completed Execution ==============================
[EXEC CODE]
final_result = "dark brown wooden dresser with six drawers"
[THE PRINT OUTPUT]

[GENERATE VALID FINAL_RESULT]
dark brown wooden dresser with six drawers

============================== END ==============================


============================== New Completed Execution ==============================
[EXEC CODE]

final_result = "dark brown wooden dresser with six drawers (highlighted by a green box)"

[THE PRINT OUTPUT]

[GENERATE VALID FINAL_RESULT]
dark brown wooden dresser with six drawers (highlighted by a green box)

============================== END ==============================


============================== New Completed Execution ==============================
[EXEC CODE]
final_result = "black color square  armchair (highlighted by a blue box)"
[THE PRINT OUTPUT]

[GENERATE VALID FINAL_RESULT]
black color square  armchair (highlighted by a blue box)

============================== END ==============================


============================== New Completed Execution ==============================
[EXEC CODE]
final_result = "black color square  armchair"
[THE PRINT OUTPUT]

[GENERATE VALID FINAL_RESULT]
black color square  armchair

============================== END ==============================


============================== New Completed Execution ==============================
[EXEC CODE]
final_result = 'dark brown wooden dresser with six drawers'
[THE PRINT OUTPUT]

[GENERATE VALID FINAL_RESULT]
dark brown wooden dresser with six drawers

============================== END ==============================


============================== New Completed Execution ==============================
[EXEC CODE]
final_result = "black color square  armchair (highlighted by a blue box)"
[THE PRINT OUTPUT]

[GENERATE VALID FINAL_RESULT]
black color square  armchair (highlighted by a blue box)

============================== END ==============================


============================== New Completed Execution ==============================
[EXEC CODE]

final_result = "black color square  armchair"

[THE PRINT OUTPUT]

[GENERATE VALID FINAL_RESULT]
black color square  armchair

============================== END ==============================

