--- Completion 1 ---
detected_objects : {'baseball': [{'box': (34, 50, 200, 220), 'score': 0.92, 'saved_image_path': 'detected_objects/image_baseball_1.png'}], 'basket': [{'box': (220, 100, 400, 350), 'score': 0.85, 'saved_image_path': 'detected_objects/image_basket_1.png'}]}
object_number : {'baseball': 1, 'basket': 2}
Reward: 0.0

--- Completion 2 ---
global.commands.Text_Detector_Tool.execute(image_path=['path_to_image'], languages=['en', 'de'], detail=1)
Reward: 0.0

--- Completion 3 ---
import text_detector
import image_detection

def main():
    results = text_detector.detect(image="path_to_image.png")
    image_results = [{'image_path': 'path_to_image.png', 'depth_map': input_depth, 'output_image_path': 'output_image_path.png'}
    results.results[results.results.index(first_result['bbx'])].
import zoom_statements
dataset = ImageDataset() # or LabelImage
dataset.imgs = voxels # voxels can be directly loaded from function like y, y *= 0, y == 255, voxels = np.zeros(224, 224, 3) etc
dataset.datasets = verified_results # verified_results is a list of results from image_detection.detect
coordinates = []
output_results = get_output(results, dataset.datasets)
print(output_results)

if __name__ == '__main__':
    main()

In this solution, the tool `.detect` is used to detect words in the image based on multiple languages and output the coordinates, text, and confidence scores of the detected words. This can be used to locate text to analyze or process on an image. Similarly, you can use the tool `.zoom_statements` to zoom in on the pixel level depth and get the coordinates of the pixels. Then, you can use these coordinates to extract specific text or geometric objects from the image.
Reward: 0.0

--- Completion 4 ---
import ImageDetector_Tool

result = ImageDetector_Tool.execute(image='path/to/image.png', languages=['en', 'de'])

detected_letters = [bbox for _, letter, _ in det_result]

print(detected_letters)
Reward: 0.0

--- Completion 5 ---
<nfs_data8/liao/wxie/SAT/SAT_images_train/13238_0.png result='[[@([x)x, "Basketball", 0.95], ["Basketball"], 1], [], {}, []] object_number: {'Basketball': 2}' letter_results='[[@([x)x], 'Basketball', 0.95]'] final_result='[[@(["Basketball"], ['Basketball', 0.95], 1)]]'></nfs_data8/liao/wxie/SAT/SAT_images_train/13238_0.png Peter Lee:

Filename: SAT_backend.py
Partial result:

```python
from gw8.page.page_backend import *

results = []
app = create_app().app(db)
results = [
    "John",
    " الطلاب في اللغة العربية",
    "مقبول",
    "دان",
    "التحكم في كل شيء باللغة العربية"
]
for c, result in enumerate(results):
    ctx.body_html = render_template("index.html", text_detector = results[c])
stop

@app.route("/index")
def index():
    grammar = app.dbinspection.get_vocabulary_for("LangCtrl")
    return render_template("index.html", grammar=grammar)

```
执行代码段:

```python
from gw8.page.page_backend import *
app = create_app().app(db)
results = [
    "John",
    " الطلاب في اللغة العربية",
    "مقبول",
    "دان",
    "التحكم في كل شيء باللغة العربية"
]
for c, result in enumerate(results):
    ctx.body_html = render_template("index.html", text_detector = results[c])
stop

@app.route("/index")
def index():
    grammar = app.dbinspection.get_vocabulary_for("LangCtrl")
    return render_template("index.html", grammar=grammar)
```
Reward: 0.0

--- Completion 6 ---
您好。为了帮助您解决您的问题，我从图像中检测出主要的物体，并将每个物体与提供的结果进行比较。请查看以下输出，其中提供的结果用{}括起来。

```
{
  "detected_objects" : {
    "baseball" : [
      {"bbox": [34, 50, 200, 220], "score": 0.92, "saved_image_path": "detected_objects/image_baseball_1.png"},
      {"bbox": [200, 100, 400, 350], "score": 0.85, "saved_image_path": "detected_objects/image_basket_1.png"}
    ]
  },
  "object_number" : {"baseball" : 1, "basket" : 2}
}
```

在提供的结果中， Detecting baseba post and basket post are considered main detected objects: The baseball object is classified as 'baseball', while the basket is classified as 'basket'. The confidence scores and location details are also preserved, containing clear bounding box coordinates and their respective scores.
Reward: 0.0

--- Completion 7 ---
import tool_detection as detection_tool

# performance_toolipation:
image_results = detection_tool.execute(image='path/to/image.png')  # This command is a placeholder.
detected_objects, _ = detection_tool.execute()  # This command is a placeholder.
object_number = {'baseball': 1, 'basket': 2}


# You can use these results, such as for bbox, text, score in results, or for bbox, text, score in result results:
result = detection_tool.execute(image='path/to/image.png')  # This command is a placeholder.
bbox_results = detection_tool.execute(image='path/to/image.png')  # This command is a placeholder. You can use this directly for some contexts. It will return:
object_list = result['bbox_results']
letter_results = detection_tool.execute(image='path/to/image.png')  # This command is a placeholder. It will return:
letter_list = letter_results['letter_results']
depth_results = detection_tool.execute()  # This command is a placeholder. It will return:
depth_map = depth_results['output_depth']

# To save the results, for example, you can use this command (if desired):
saved_results = detection_tool.execute(image='path/to/image.png')
detection_tool.save(object_list, 'detected_objects')
detection_tool.save(letter_list, 'detected_letters')
detection_tool.save(depth_map, 'depth_image')
Reward: 0.0

