
[QAid]3645_0

[Code does not include Tools Usage]
code: 
final_result = "1"
print(final_result)

============================== END ==============================


[QAid]3645_0

[Code does not include Tools Usage]
code: 
final_result = "1 CounterTop"

============================== END ==============================


[QAid]3645_0

[Code does not include Tools Usage]
code: 
final_result = "1 CounterTop detected."
============================== END ==============================


[QAid]3645_0

[Code does not include Tools Usage]
code: 
final_result = "1 CounterTop visible."
============================== END ==============================


[QAid]3645_0

[Code does not include Tools Usage]
code: 
final_result = "1 CounterTops are visible in the scene."
============================== END ==============================


[QAid]3645_0

[Code does not include Tools Usage]
code: 
final_result = "1 CounterTops"

============================== END ==============================

