
============================== New Completed Execution ==============================
[EXEC CODE]

final_result = "slimek black flatscreen smart tv"

[THE PRINT OUTPUT]

[GENERATE VALID FINAL_RESULT]
slimek black flatscreen smart tv

============================== END ==============================


============================== New Completed Execution ==============================
[EXEC CODE]

final_result = "slick black flatscreen smart tv"

[THE PRINT OUTPUT]

[GENERATE VALID FINAL_RESULT]
slick black flatscreen smart tv

============================== END ==============================


============================== New Completed Execution ==============================
[EXEC CODE]

final_result = "seamless black flatcreen smart tv"

[THE PRINT OUTPUT]

[GENERATE VALID FINAL_RESULT]
seamless black flatcreen smart tv

============================== END ==============================


============================== New Completed Execution ==============================
[EXEC CODE]

final_result = "slim keeblak"

[THE PRINT OUTPUT]

[GENERATE VALID FINAL_RESULT]
slim keeblak

============================== END ==============================


============================== New Completed Execution ==============================
[EXEC CODE]

final_result = "sl瘦黑平流电视"

[THE PRINT OUTPUT]

[GENERATE VALID FINAL_RESULT]
sl瘦黑平流电视

============================== END ==============================


============================== New Completed Execution ==============================
[EXEC CODE]

final_result = "slick black flatscreen smart tv"

[THE PRINT OUTPUT]

[GENERATE VALID FINAL_RESULT]
slick black flatscreen smart tv

============================== END ==============================


============================== New Completed Execution ==============================
[EXEC CODE]

final_result = "sl sleek black flatscreen smart tv"

[THE PRINT OUTPUT]

[GENERATE VALID FINAL_RESULT]
sl sleek black flatscreen smart tv

============================== END ==============================


============================== New Completed Execution ==============================
[EXEC CODE]

final_result = "sleek black flatscreen smart tv"

[THE PRINT OUTPUT]

[GENERATE VALID FINAL_RESULT]
sleek black flatscreen smart tv

============================== END ==============================

