
[Exctuion Failed]

No module named 'tool_module'
code: 

from tool_module import object_detector

# Get image path and parameters
image_path = "/nfs/data8/liao/wxie/SAT/SAT_images_train/6424_0.png"
labels = ['baseball', 'basket']
threshold = 0.35
model_size = 'tiny'
save_object = False
saved_image_path = 'detected_objects'

# Run object detection
result = object_detector.execute(image=image_path, labels=labels, save_object=save_object, saved_image_path=saved_image_path, threshold=threshold, model_size=model_size)

# Extract target information
target_count = 0

if result:
    detected_objects = result['detected_objects']
    for detected_object in detected_objects:
        target_count += 1
        if detected_object['label'] == detected_object['label']:
            for block in detected_object['block']:
                object_details = block[1]
                total_objects.append(object_details)

            if target_count == 1:
                final_result = {'Object Count': target_count + get_max_object_count(target_count), 'Detected Objects': list(target_count)}
            else:
                final_result = {'Object Count': target_count, 'Detected Objects': last_detected_object_count}
            break


============================== END ==============================


[Exctuion Failed]

No module named 'tool_module'
code: 

from tool_module.object_detector import Object_Detector_Tool

# Define the question and image path
question = "How many paintings are visible in the scene?"
image_path = "/nfs/data8/liao/wxie/SAT/SAT_images_train/6424_0.png"

# Execute the object detection
result = Object_Detector_Tool.execute(image=image_path, labels=["paint"], save_object=True, saved_image_path="detected_objects")

# Extract count information from the object detection results
count_dict = {
    object_label: len(result['object_number']) for object_label, detection_result in result['detected_objects'][0] if detection_result['label'] == label
}

final_result = str(count_dict)
print(final_result)


============================== END ==============================


[Exctuion Failed]

name 'detected_objects' is not defined
code: 
final_result = 0
if 'baseball' in detected_objects and 'basket' in detected_objects:
  final_result = len(detected_objects)

print(final_result)


============================== END ==============================


[Exctuion Failed]

name 'os' is not defined
code: 

from object_detector import Object_Detector_Tool

final_result = {"total_paintings": 0}
paintings_found = False

# Assuming the image path is provided as 'image_path'
for path in [
    # Paths mentioned in the question (adjust according to the input)
    "/nfs/data8/liao/wxie/SAT/SAT_images_train/6424_0.png"
]:
    # Assuming image exists (the path is valid)
    if os.path.exists(path) and "painting" in path:
        paint_detector = Object_Detector_Tool(image=path, languages=["en"], detail=False)
        detections = paint_detector.execute()
        for detection in detections:
            if "painting" in detection["box"]:
                painting_found = True
                if detection["score"] > 0.35:
                    final_result["total_paintings"] += 1

        if painting_found:
            if save_object:
                # Save detected objects to a file
                save_path = os.path.join("/path/to/save","painting_1.png")
                save_result = paint_detector.execute(image=path, languages=["en"], detail=False, save_object=True, saved_image_path=save_path)
                painting_object_num = int(save_result["object_number"]["painting"])
                final_result["total_paintings"] += painting_object_num

print(final_result)


============================== END ==============================


[Exctuion Failed]

name 'Text_Detector_Tool' is not defined
code: 
result = Text_Detector_Tool.execute(image='path/to/image.png', languages=['en', 'de'])

============================== END ==============================

