--- Completion 1 ---
final_result = 0
Reward: 0.0

--- Completion 2 ---
final_result = 1
Reward: 0.0

--- Completion 3 ---
To answer the question, we need to count the number of DiningTables visible in the scene. From the given tools, we can use the `object_detector` tool to detect and count dining tables in the image. Let's use the object detector tool with the following arguments:

- input_types: `labels=['dining_table']`
- input_types: `threshold=0.5`
- input_types: `model_size='base'`
- output_types: `'dict'`

With the given input, the tool will return a dictionary containing the number of dining tables detected in the image.

final_result: 1
Reward: 0.0

--- Completion 4 ---
final_result
Reward: 0.0

--- Completion 5 ---
To answer the question with a visual input, we can use the Pixel_Depth_Tool tool to estimate the pixel-level depth from the image. Then we can check how many DiningTables are visible in the scene by counting the number of images that returned a 'Detected Object'. We can run the tool in the code with the input `"assets/dining_table.png"` as the image path and `"detected_objects"` as the labels.

```python
import os
import torch
import numpy as np
import matplotlib.pyplot as plt
from PIL import Image
from object_detector import Object_Detector_Tool

# Specify the image and output directory
image_path = r'assets/dining_table.png'
output_dir = 'assets/dining_table_depths'

# Create output directory if it doesn't exist
if not os.path.exists(output_dir):
    os.makedirs(output_dir)

# Read the image
img = Image.open(image_path)

# Detect tables based on object detection
result = Object_Detector_Tool.execute(image=image_path, labels=["tables"])
dining_tables_count = sum(image['results']['table']['box'].tolist() for image in result['assets']['results'])

output_dir += os.path.splitext(image_path)[0] + '.png'
plt.imread(output_dir, mode='PTB')
plt.imshow(img)
plt.show()

print(f"Total dining tables found in the image: {dining_tables_count}")
```

When you run this Python script, it will read the image, perform object detection, and then it will print how many dining tables are visible in the scene.
Reward: 0.0

--- Completion 6 ---
final_result: "1"
Reward: 0.0

--- Completion 7 ---
final_result = 1
Reward: 0.0

--- Completion 8 ---
To determine how many DiningTables are visible in the scene, we need to identify the specific objects that fit the description of a DiningTable, which typically has a table and chairs attached to it.

Let's use the Object_Detector_Tool tool to detect the objects in the image based on the provided labels.

<command>
from object_detector import Object_Detector_Tool
detected_objects, object_number = Object_Detector_Tool.execute(image='path/to/image.png', labels=['table', 'chair'], save_object=True, saved_image_path='detected_objects')
len(detected_objects)
</command>

By executing the tool command, we will obtain the detected objects and their counts. We can then refer to our variable `object_number` to confirm how many DiningTables are detected.

If the tool returns `len(detected_objects)` as 1, this indicates that there is one DiningTable, which satisfies the required condition.
Reward: 0.0

