
[QAid]14967_0

[Code does not include Tools Usage]
code: 

============================== END ==============================


[QAid]14967_0

[Code Extraction Failed or Parse Failed]

No Python code block found in completion.

Completion Content: 
 final_result = 1
You can find the count of beds by accessing the number of detections for the 'baseball' label in the 'detect_objects' function output for each image.
============================== END ==============================


[QAid]14967_0

[Code Extraction Failed or Parse Failed]

No Python code block found in completion.

Completion Content: 
final_result = 1
print(final_result)
============================== END ==============================


[QAid]14967_0

[Code Extraction Failed or Parse Failed]

No Python code block found in completion.

Completion Content: 
To extract the number of beds in the scene, we can analyze the image and search for beds within the bounding box coordinates of the objects detected by the Pixel Depth Tool. However, since the tool is not installed, we cannot use it to perform the extraction directly.

Instead, we can manually look at the image and count the number of visible beds.

We will ignore the fact that beds are also objects of type 'box' and count them manually.

Given that the code is not provided, it is not possible to extract the value for the final question using the tools listed. However, an example of such a code snippet would be:

```python
import object_detector

# Step 2: Use the object_detector tool to detect beds
detected_objects = object_detector.execute(image='path_to_image.png', labels=['bed'], save_object=True, saved_image_path='detected_objects')  

# Step 3: Count the detected beds
bed_count = len(detected_objects['bed'])

# Final result - number of beds
final_result = '2'
```

Please replace `'path_to_image.png'` with the actual path to your image file and ensure that you have the correct labels for detecting beds, such as 'box'.
============================== END ==============================


[QAid]14967_0

[Code Extraction Failed or Parse Failed]

No Python code block found in completion.

Completion Content: 
1
============================== END ==============================


[QAid]14967_0

[Code Includes Tools Usage]
code: 

final_result = Text_Detector_Tool.execute(image=image_path, languages=['en'], details=1)
beds = [dict(zip(['bbox'], bboxes)) for bboxes in result if 'bed' in bboxes['label']]
bed_count = len(beds)
final_result

============================== END ==============================


[QAid]14967_0

[Code Extraction Failed or Parse Failed]

No Python code block found in completion.

Completion Content: 
final_result = 1
print(final_result)
============================== END ==============================


[QAid]14967_0

[Code Extraction Failed or Parse Failed]

No Python code block found in completion.

Completion Content: 
0
============================== END ==============================

