
[Exctuion Failed]

invalid syntax (<string>, line 8)
code: 

import rasterio

def extract_letters(image_path):
    with rasterio.open(image_path) as src:
        roi = src.read(1)
        try:
            response = {(f'[{x[0]}[{x[2]}][{x[6]}][{x[8]}]'):[(x[1], x[3], x[4], x[5])] for x in roi if x and len(x):
                          (f'[{x[0]}[{x[2]}][{x[6]}][{x[8]}]') in src.keys()} 
            return response
        except Exception as e:
            print(e)

flag = 'Detected text'
results = extract_letters('path/to/image.png')
for lb in results:
    print(lb)


============================== END ==============================


[Exctuion Failed]

Object_Detector_Tool.execute() missing 1 required positional argument: 'self'
code: 

from object_detector import Object_Detector_Tool

final_result = Object_Detector_Tool.execute(image="path/to/image.png", labels=["baseball", "basket"], save_object=True, saved_image_path="detected_objects")
print(final_result)


============================== END ==============================

