
[EXECUTION EXCEPTION]
Object_Detector_Tool.execute() missing 1 required positional argument: 'self'
code:from object_detector import Object_Detector_Tool

detected_objects, object_number = Object_Detector_Tool.execute(image="/home/stud/wxie/BLINK_Dataset/Counting/val/images/val_Counting_28_image_1.jpg", labels=["baseball"], save_object=True, saved_image_path="detected_objects")

final_result = {0: 1, 2: 2, 3: 0}

detected_objects

[EXECUTION EXCEPTION]
invalid syntax (<string>, line 1)
code:```python
from object_detector import Object_Detector_Tool

# Input data
input_image_path = "/home/stud/wxie/BLINK_Dataset/Counting/val/images/val_Counting_28_image_1.jpg"
labels_to_locate_with = ["baseball", "basket"]
threshold = 0.45
model_size = "tiny"
save_object = True
saved_image_path = "detected_objects"

# Create an object_detector tool instance
object_detector_tool = Object_Detector_Tool()

# Execute the tool operation on the input image
labels, object_number = object_detector_tool.execute(
    image=input_image_path,
    labels=labels_to_locate_with,
    threshold=threshold,
    model_size=model_size,
    save_object=save_object,
    saved_image_path=saved_image_path
)

# Analyze the results to find the number of people on the bed
total_people = object_number["basket"]
print(f"Total people on the bed: {total_people}")
# Your final question
final_result = total_people
print(f"The number of people sitting on the bed is: {total_people}")
```

[EXECUTION EXCEPTION]
Object_Detector_Tool.execute() missing 1 required positional argument: 'self'
code:from object_detector import Object_Detector_Tool

# Load the image and apply detected objects
final_result = Object_Detector_Tool.execute(image="/home/stud/wxie/BLINK_Dataset/Counting/val/images/val_Counting_28_image_1.jpg", labels=["baseball"], save_object=True, saved_image_path="detected_objects")

# Check if the object detection was successful
if "detected_objects" in final_result:
    detected_objects = final_result["detected_objects"]
    detections = detected_objects[0]
    
    # Count the number of occurrences of the 'baseball'
    baseball_count = len(detections['boxes']['baseball'])
    
    # Print the count
    print(f"Number of baseballs detected: {baseball_count}")
else:
    print("Object detection failed.")

[EXECUTION EXCEPTION]
cannot access local variable 'object_results' where it is not associated with a value
code:def detect_objects(image_path, labels, threshold=0.45, model_size='tiny'):
    import_object = Object_Detector_Tool()
    object_results = object_results = object_results.generate_object_counts(image=image_path, labels=labels, threshold=threshold, model_size=model_size)
    return object_results

from object_detector import Object_Detector_Tool

# Example call with sample image and labels
final_result_image_path = "/home/stud/wxie/BLINK_Dataset/Counting/val/images/val_Counting_28_image_1.jpg"
labels = ["baseball", "basket"]
object_results = detect_objects(image_path=final_result_image_path, labels=labels)

for result in object_results['object_number']:
    print(result)

============================== NEW SCCESSFUL EXECUTION ==============================
[EXEC CODE]
final_result
[THE PRINT OUTPUT]

[GENERATE FINAL_RESULT]
None

[None RESULT]


[EXECUTION EXCEPTION]
Object_Detector_Tool.execute() missing 1 required positional argument: 'self'
code:from object_detector import Object_Detector_Tool

label_2 = 'basket'
label_3 = 'baseball'
confidence_threshold = 0.45

# Execute the tool
detected_objects, object_number = Object_Detector_Tool.execute(image="/home/stud/wxie/BLINK_Dataset/Counting/val/images/val_Counting_28_image_1.jpg", labels=[label_2, label_3], save_object=True, saved_image_path="detected_objects")

# Print the number of objects
print("Number of detected objects:", object_number)

[EXECUTION EXCEPTION]
Object_Detector_Tool.execute() missing 1 required positional argument: 'self'
code:from object_detector import Object_Detector_Tool

path_to_image = "/home/stud/wxie/BLINK_Dataset/Counting/val/images/val_Counting_28_image_1.jpg"
labels = ["baseball", "basket"]
threshold = 0.45
model_size = "tiny"
save_object = True
saved_image_path = "detected_objects"

# Detect objects in the image
detected_objects, object_number = Object_Detector_Tool.execute(image=path_to_image, labels=labels, save_object=save_object, saved_image_path=saved_image_path, threshold=threshold, model_size=model_size)

# Extract object number from the dictionary
object_number = detected_objects["label_number_results"]['1']

print("Number of people sitting on the bed:", object_number)

[EXECUTION EXCEPTION]
list indices must be integers or slices, not str
code:from object_detector import Object_Detector_Tool

# Get image path
image_path = "/home/stud/wxie/BLINK_Dataset/Counting/val/images/val_Counting_28_image_1.jpg"

# Create object detector object
detector = Object_Detector_Tool()

# Detect and save detected objects
label_counter = detector.execute(image_path, labels=["baseball", "basket"], save_object=True)

print(f"Detected 'baseball': {label_counter['baseball']['total_count']}")
print(f"Detected 'basket': {label_counter['basket']['total_count']}")
final_result = label_counter['baseball']['total_count'] + label_counter['basket']['total_count']
print(f"Final result: {final_result}")
