
[QAid]6129_0

[Code does not include Tools Usage]
code: 
final_result = "1 window"

============================== END ==============================


[QAid]6129_0

[Code does not include Tools Usage]
code: 
final_result = "1"

============================== END ==============================


[QAid]6129_0

[Code does not include Tools Usage]
code: 
final_result = "1 Windows are visible in the scene."

============================== END ==============================


[QAid]6129_0

[Code does not include Tools Usage]
code: 
final_result = "1"

============================== END ==============================


[QAid]6129_0

[Code does not include Tools Usage]
code: 
final_result = "1 Window visible in the scene."

============================== END ==============================


[QAid]6129_0

[Code does not include Tools Usage]
code: 
final_result = "1"

============================== END ==============================

