--- Completion 1 ---
<command>
```python
from object_detector import Object_Detector_Tool

final_result = Object_Detector_Tool.execute(image='4530_0.png', labels=['baseball', 'basket'], threshold='0.35', model_size='tiny', save_object=False, saved_image_path='detected_objects')
detected_objects = final_result[0]
object_number = final_result[1]

if detected_objects:
    bboxs = [(bbox[0][0], bbox[0][1], bbox[0][2], bbox[0][3]) for bbox in detected_objects.values()]
    for idx, obj in enumerate(detected_objects.values()):
        name = 'baseball' if obj[2] == 0.92 else 'basket'
        print(f"Object at coordinate {bboxs[idx]} in {name}: {obj[1]} with confidence score {obj[-1]}")
else:
    print("No detected objects.")
```
```
Reward: 0.0

--- Completion 2 ---
To find out the relative positions, we need to compare the positions of the toilet and the black television screen (represented by the blue box).

<command>
final_result = "the toilet is to the left of the black television screen."
</command>
Reward: 0.0

--- Completion 3 ---
The positions of the toilet and black TV relative to each other are as follows:

- Toilet is to the left of the black TV.

Therefore, the final answer is:
left
Reward: 0.0

--- Completion 4 ---
To determine the relative positions of the toilet and black TV based on the visual inputs in the image, I will use the 'object_detector' tool from the 'object_detector.py' module as per the given tools metadata.

```python
from object_detector import Object_Detector_Tool

# Input image and label for detection
image_path = '/nfs/data8/liao/wxie/SAT/SAT_images_train/4530_0.png'
labels = ['toilet', 'black_tv']

# Execute the tool with the image path and labels
result = Object_Detector_Tool.execute(image=image_path, labels=labels, threshold=0.7)

# Print the output
print(result)
```

This Python program will load the image from the specified path, execute the 'detect_objects' function, extract the necessary information from the output, and output the relative positions of the toilet and black TV for analysis, using the given conditions within the question.
Reward: 0.0

--- Completion 5 ---
final_result = 'left'
Reward: 0.0

--- Completion 6 ---
def answer_question():
    # Import the necessary tools
    from object_detector import Object_Detector_Tool
    from text_detector import Text_Detector_Tool
    # Call the object_detector tool to recognize toilet
    toilet_detected = Object_Detector_Tool.execute(image='path/to/toilet_image.png', labels=['toilet'], save_object=True, saved_image_path='detected_objects')
    if toilet_detected[0]:
        toilet_detected = toilet_detected[0]
    else:
        print("Failed to detect toilet.")
    
    # Call the text_detector tool to recognize black tv
    black_tv_detected = Text_Detector_Tool.execute(image='path/to/black_tv_image.png', languages=['en', 'de'])
    if black_tv_detected:
        black_tv_detected = black_tv_detected[0]
    else:
        print("Failed to detect black tv.")
    
    # Get the coordinates of the toilet and black tv if they are detected
    toilet_box = toilet_detected[1][0]['box']
    black_tv_box = black_tv_detected[1][0]['box']
    
    # Calculate the relative positions of toilet and black tv
    relative_position = [toilet_box[0] - black_tv_box[0], toilet_box[1] - black_tv_box[1], black_tv_box[0] - toilet_box[0], black_tv_box[1] - toilet_box[1]]
    
    if relative_position == [0, 0, -1, -1]:
        return "Toilet is to the left of the black tv."
    elif relative_position == [0, 1, -1, 0]:
        return "Black tv is above the toilet."
    elif relative_position == [0, -1, -1, 1]:
        return "Black tv is to the right of the toilet."
    elif absolute_difference(position1, position2) < max_resolution:
        return "No obvious relative position between the toilet and the black tv."
    else:
        return "Toilet is not visible from the given image."

final_result = answer_question()
print(final_result)  # Output the final answer within this line
Reward: 0.0

--- Completion 7 ---
Before executing the Python script, please make sure that the available tools and their functions are understood. The final result is stored within a variable named "final_result". Execute the provided Python command: "final_result = execute_program()"
Reward: 0.0

--- Completion 8 ---
final_result = "left"
print(final_result)
Reward: 0.0

