
[QAid]13153_0

[Code does not include Tools Usage]
code: 
final_result = "1"

============================== END ==============================


[QAid]13153_0

[Code does not include Tools Usage]
code: 
final_result = "1"

============================== END ==============================


[QAid]13153_0

[Code does not include Tools Usage]
code: 
final_result = "1"

============================== END ==============================


[QAid]13153_0

[Code does not include Tools Usage]
code: 
final_result = "1"

============================== END ==============================


[QAid]13153_0

[Code does not include Tools Usage]
code: 
final_result = "1"
print(final_result)

============================== END ==============================


[QAid]13153_0

[Code does not include Tools Usage]
code: 
final_result = "1"

============================== END ==============================

