
[Exctuion Failed]

invalid syntax (<string>, line 2)
code: 

```python
import object_detector

def count_beds(image_path, labels, thresh, save_object=False, saved_image_path=None):
    detector = object_detector.Object_Detector_Tool()
    results = detector.execute(image_path, labels=labels, threshold=thresh, save_object=save_object, saved_image_path= saved_image_path)

    bed_count = {}
    for obj_label, detected_objs in results['detected_objects']:
        for obj_data in detected_objs:
            if obj_label == 'bed':
                bed_count[obj_label] = 1

    return bed_count

bed_count = count_beds("/nfs/data8/liao/wxie/SAT/SAT_images_train/10049_0.png", "bed", 0.35, True, "detected_objects")
print("The number of observed beds is:", bed_count)
```


============================== END ==============================


[Exctuion Failed]

Object_Detector_Tool.execute() missing 1 required positional argument: 'self'
code: 

from object_detector import Object_Detector_Tool

final_result = Object_Detector_Tool.execute(image="path/to/image.png", labels=["bed"], save_object=True, saved_image_path="../detected_objects")
print(final_result)


============================== END ==============================


[Exctuion Failed]

invalid syntax (<string>, line 1)
code: 
Object Count: 4

============================== END ==============================

