
============================== New Completed Execution ==============================
[EXEC CODE]
final_result = "floating black countertop island"
[THE PRINT OUTPUT]

[GENERATE VALID FINAL_RESULT]
floating black countertop island

============================== END ==============================


============================== New Completed Execution ==============================
[EXEC CODE]
final_result = "black color shelving unit"
[THE PRINT OUTPUT]

[GENERATE VALID FINAL_RESULT]
black color shelving unit

============================== END ==============================


============================== New Completed Execution ==============================
[EXEC CODE]
final_result = "floating black countertop island"
[THE PRINT OUTPUT]

[GENERATE VALID FINAL_RESULT]
floating black countertop island

============================== END ==============================


============================== New Completed Execution ==============================
[EXEC CODE]
final_result = "black color shelving unit"
[THE PRINT OUTPUT]

[GENERATE VALID FINAL_RESULT]
black color shelving unit

============================== END ==============================


============================== New Completed Execution ==============================
[EXEC CODE]
final_result = "floating black countertop island"
[THE PRINT OUTPUT]

[GENERATE VALID FINAL_RESULT]
floating black countertop island

============================== END ==============================


============================== New Completed Execution ==============================
[EXEC CODE]
final_result = "black color shelving unit"
[THE PRINT OUTPUT]

[GENERATE VALID FINAL_RESULT]
black color shelving unit

============================== END ==============================


============================== New Completed Execution ==============================
[EXEC CODE]
final_result = "floating black countertop island"
[THE PRINT OUTPUT]

[GENERATE VALID FINAL_RESULT]
floating black countertop island

============================== END ==============================


============================== New Completed Execution ==============================
[EXEC CODE]
final_result = "floating black countertop island"
[THE PRINT OUTPUT]

[GENERATE VALID FINAL_RESULT]
floating black countertop island

============================== END ==============================

