
[QAid]14358_0

[Code does not include Tools Usage]
code: 
final_result = "2"

============================== END ==============================


[QAid]14358_0

[Code does not include Tools Usage]
code: 
final_result = {"ways_to_answer": ["There are 1 door and 1 table in the scene. All doors are visible."]}

============================== END ==============================


[QAid]14358_0

[Code does not include Tools Usage]
code: 
final_result = {"number of doorways": 2}

============================== END ==============================


[QAid]14358_0

[Code does not include Tools Usage]
code: 
final_result = "2"

============================== END ==============================


[QAid]14358_0

[Code does not include Tools Usage]
code: 
final_result = "1"

============================== END ==============================


[QAid]14358_0

[Code does not include Tools Usage]
code: 
final_result = "1"

============================== END ==============================

