
[QAid]1379_0

[Code Extraction Failed or Parse Failed]

No Python code block found in completion.

Completion Content: 
<command>
from object_detector.object_detector import Object_Detector_Tool

final_result = Object_Detector_Tool.execute(image='path/to/image.png', labels=["baseball"]

Note: You'll need to define the `path/to/image.png` with your actual image file path.
============================== END ==============================


[QAid]1379_0

[Code Includes Tools Usage]
code: 

from object_detector import Object_Detector_Tool, Text_Detector_Tool
object_number = {}  # initialize an empty dictionary to store object numbers

# Given image path
image_path = "/path/to/digitizer.png"

# Set confidence threshold
confidence_threshold = 0.35

# Set model size
model_size = "tiny"

# Execute object detection
detected_objects, object_number = Object_Detector_Tool.execute(image=image_path, labels=['baseball', 'basket'],
                                                                save_object=True, saved_image_path="detected_objects")

# Output dictionary mapping each label to a list of detected results and object_number dictionary
final_result = {"detected_objects": detected_objects, "object_number": object_number}

# Optional: Check if text detection failed
# result = Text_Detector_Tool.execute(image=image_path, languages=['en', 'de'],
#                                    detail=1)  # detail=1 for more detailed output

# Optional: Print text detection results based on the user's needs
if "result" in final_result:
    # Extract required text
    extracted_text_blocks = final_result["result"]  # Replace [ ] with actual result
    for block in extracted_text_blocks:
        print(f"Detected text in block: {block[2]} ({block[1]}: {block[2]}), confidence: {block[3]}")

============================== END ==============================


[QAid]1379_0

[Code Includes Tools Usage]
code: 

from object_detector import Object_Detector_Tool

# Path to the image
path_to_image = "/nfs/data8/liao/wxie/SAT/SAT_images_train/1379_0.png"

# Labels to detect (basketball, baseball)
labels_to_detect = ['basketball', 'baseball']

# Confidence threshold
confidence_threshold = 0.5

# Size of the model to use
model_size = 'tiny'

# If True, save the detected objects as images
saved_objects = False

# If True, crop the detected objects and save them to the directory
save_objects = True

# Execute the text detection
result = Object_Detector_Tool.execute(image=path_to_image, labels=labels_to_detect, save_object=saved_objects, saved_image_path="detected_objects" if saved_objects else "")
for det in result['detected_objects']:
    print(f"Found {det['box']} with detection: {det['score']}.")

============================== END ==============================


[QAid]1379_0

[Code Includes Tools Usage]
code: 

from object_detector import Object_Detector_Tool

# Set parameters
image_path = "/nfs/data8/liao/wxie/SAT/SAT_images_train/1379_0.png"
labels_to_detect = ["baseball", "basket"]
threshold = 0.35
model_size = "tiny"
save_object = True
saved_image_path = "/detected_objects"

# Execute detection
detected_objects = Object_Detector_Tool.execute(image=image_path, labels=labels_to_detect, save_object=True, saved_image_path=saved_image_path, threshold=threshold, model_size=model_size)

final_result = {
    "detections": detected_objects,
    "count": detected_objects["baseball"]
}

print("Number of 'baseball' detected:", final_result["count"])

============================== END ==============================


[QAid]1379_0

[Code Extraction Failed or Parse Failed]

f-string: unterminated string (<unknown>, line 30)

Completion Content: 
<command>
from tool_classes.Object_Detector_Tool import Object_Detector_Tool

def count_television(object_detector):
    total_objects = []
    total_count = 0

    if "television" in object_detector:
        total_count += 1
        total_objects.append({"label": "television", "count": 1})
        return total_objects, total_count

    if len(total_objects) % 2 == 0:  # Even number of detected objects
        tv_objects = total_objects[::2]
        tv_count = len(tv_objects)
        total_objects.extend(tv_objects)
        return total_objects, tv_count

    tv_objects = total_objects[(len(total_objects) - 1):]
    tv_count = len(tv_objects)
    total_objects.extend(tv_objects)
    return total_objects, tv_count

result = {}
result["total_objects"] = count_television(image_path)
result["total_count"] = len(result["total_objects"])

print("Number of televisions:", ', '.join([f"'{obj['label']}'" for obj in result["total_objects"]]))
print(f"Total count of televisions: {result['total_count']}")
final_result = f"Number of televisions: {'none' if not result['total_count'] else f'{result["total_count"]}'}"
</command>
============================== END ==============================


[QAid]1379_0

[Code Includes Tools Usage]
code: 

from Object_Detector_Tool import Object_Detector_Tool
final_result = Object_Detector_Tool.execute(image='/nfs/data8/liao/wxie/SAT/SAT_images_train/1379_0.png', labels=['baseball', 'basket'], save_object=True, saved_image_path='detected_objects/')
print("Detected objects:", final_result)

============================== END ==============================

