
[QAid]9664_0

[Code Includes Tools Usage]
code: 

from object_detector import Object_Detector_Tool

final_result = Object_Detector_Tool.execute(image='path/to/image.png', labels=['artwork'], save_object=True, saved_image_path='detected_objects')

print("Detected objects:")
for detected_object in final_result[0]:
    print(f"Label: {detected_object.get('label')}, Objects: {' '.join(detected_object.get('objects').keys())}, Count: {detected_object.get('count')}")

============================== END ==============================


[QAid]9664_0

[Code Includes Tools Usage]
code: 

from object_detector import Object_Detector_Tool

final_result = Object_Detector_Tool.execute(image='path/to/image.png', labels=['baseball', 'basket'], save_object=False)

print(final_result)

============================== END ==============================


[QAid]9664_0

[Code Includes Tools Usage]
code: 

from Object_Detector_Tool import Object_Detector_Tool

# Define the path to the image
image_path = "/path/to/value/path/image.png"

# Detect objects using Object_Detector_Tool
object_results = Object_Detector_Tool.execute(image=image_path, labels=["baseball", "basket"], save_object=True)

object_results

============================== END ==============================


[QAid]9664_0

[Code Includes Tools Usage]
code: 

from object_detector import Object_Detector_Tool

final_result = Object_Detector_Tool.execute(
    image='path/to/image.png',
    languages=['en', 'de', 'zh'],
    detail=1

)
print("Detected Objects:")
for detected_object in final_result:
    print("\nDetected Objects:")
    print("    ", detected_object["detected_objects"][0])

============================== END ==============================


[QAid]9664_0

[Code Includes Tools Usage]
code: 

from tools.text_detector_tool import Text_Detector_Tool

# Function to count images
def count_paintings(image_path):
    result = Text_Detector_Tool.execute(image=image_path, languages=['fr', 'en'])
    if result:
        number_of_paintings = len(result)
        return number_of_paintings
    else:
        return 0

# Test the function
result = count_paintings('/nfs/data8/liao/wxie/SAT/SAT_images_train/9664_0.png')
final_result = {"result": (result / 4 if result < 4 else 0, "The number of paintings visible in the scene is 0"), "message": "The image does not contain any paintings. If you have multiple images, please upload them separated by space. Or, if your image contains multiple paintings, specify their positions in an ordered list (for example, [1, 2])"}

============================== END ==============================


[QAid]9664_0

[Code Includes Tools Usage]
code: 

from object_detector import Object_Detector_Tool

def count_paintings(image_path, labels=["picture"], save_object=False, saved_image_path="detected_objects"):
    try:
        detected_objects = Object_Detector_Tool.execute(image_path=image_path, labels=labels, save_object=save_object, saved_image_path=saved_image_path)
        # Calculate the count of paintings
        painting_count = len([obj for obj in detected_objects["baseball"] + detected_objects["basket"]])
        return f"{'0' if not painting_count else painting_count}", len(labels)
    except Exception as e:
        return "0:", len(labels)

final_result = count_paintings("/path/to/bathroom_scene.jpeg", labels=["picture"])
print(final_result)

============================== END ==============================

