
============================== NEW SCCESSFUL EXECUTION ==============================
[EXEC CODE]
def count_riders(image_path):
    # Load the image
    image = Image.open(image_path)
    
    # Detect the number of red bikes
    red_bikes = count_bikes(image, 'red', True)
    
    # Subtract the number of red bikes from the total count of riders
    total_riders = total_riders - red_bikes
    final_result = total_riders

    return final_result

def count_bikes(image_path, label, save=False, saved_image_path="detected_objects"):
    # Load the image
    image = Image.open(image_path)
    
    # Detect bicycles
    bikes = count_bicycles(image, label, True, save)
    
    # Calculate the number of bicycles
    total_bikes = sum(bikes.values())
    
    # Return the count of bicycles
    return total_bikes
[THE PRINT OUTPUT]

[GENERATE FINAL_RESULT]
None

============================== END ==============================
