
[Exctuion Failed]

Object_Detector_Tool.execute() missing 1 required positional argument: 'self'
code: 

from object_detector import Object_Detector_Tool

# Set up the tool parameters
tool_parameters = {
    'image': '/nfs/data8/liao/wxie/SAT/SAT_images_train/9266_0.png',
    'labels': ['baseball', 'basket'],
    'threshold': 0.35,
    'model_size': 'tiny',
    'save_object': True,
    'saved_image_path': 'detected_objects'
}

# Execute the tool
result = Object_Detector_Tool.execute(**tool_parameters)

# Analyze the detected objects
baseball_objects = result[1]['baseball']
basket_objects = result[1]['basket']

baseball_objects, number_of_objects = baseball_objects
basket_objects, number_of_objects = basket_objects

# Output the final result
final_result = {
  "baseball_objects": [entry.to_dict() for entry in baseball_objects],
  "basket_objects": [entry.to_dict() for entry in basket_objects],
  "number_of_objects": number_of_objects
}

# Return the final result
final_result


============================== END ==============================


[Exctuion Failed]

name 'cv2' is not defined
code: 

def count_chairs(image_path):
    # Load the image and convert it to a tensor
    img = cv2.imread(image_path)
    img = cv2.cvtColor(img, cv2.COLOR_BGR2RGB)

    # Apply the ground detection model
    predictions, labels = detect_model(img)

    # Initialize the number of chairs
    chair_count = 0

    # Loop through the detected objects
    for obj in predictions["boxes"]:
        # Check if the object is a chair
        if obj[1] == 2:
            chair_count += 1

    return chair_count

# Function to execute the text detection tool
def detect_text(image_path, languages, detail):
    result = []
    for language_code in languages:
        try:
            # Convert the path to an image
            img = cv2.imread(image_path)
            # Apply the detection model
            result.extend(text_detector(img, language_code, detail))

        except Exception as e:
            print(f"Failed to detect text in image: {image_path}", e)

    return result

# Define the image path and set the threshold
image_path = '/nfs/data8/liao/wxie/SAT/SAT_images_train/9266_0.png'
threshold = 0.35

# Execute the detection tools
chair_count = count_chairs(image_path)
text_list = detect_text(image_path, ['en', 'de'], detail=1)

# Print the chair count and results
final_result = {"chair_count": chair_count, "text_list": text_list if text_list else [], "total":chair_count + len(text_list)}
print(final_result)


============================== END ==============================


[None RESULT]


[Successful Execution but Get None RESULT]
[EXEC CODE]

from object_detector import Object_Detector_Tool

def count_chairs(directory):
    chair_count = 0
    detected_objects_list = {}
    for det in detected_objects_list:
        if 'chair' in det['bbox']:
            chair_count += 1
    return chair_count

chair_count = count_chairs('detected_objects')
chair_count


============================== END ==============================


[Exctuion Failed]

f-string: single '}' is not allowed (<string>, line 20)
code: 

from object_detector import Object_Detector_Tool

# Call the tool function
result = Object_Detector_Tool.execute(image='path/to/your_image.png', labels=['baseball', 'basket', 'laptop'], save_object=True, saved_image_path='detected_objects')

# Check the output
if result:
  object_info = result[0]
  object_number = result[1]

  if len(object_info) > 0:
    objects = [{"label": object_info[0]['label'], "box": object_info[0]['box'], "score": object_info[0]['score'], "saved_image_path": object_info[0]['saved_image_path']}]
  else:
    objects = []

  print("The number of detected objects is:", len(objects))
  print("[", end="")
  for obj in objects:
    print(f"{' '.join(obj['box'])} {'#' * int(float(obj['score']) * 100)} {'-' * (100 - int(float(obj['score']) * 100))} {'- {'.join(obj['label'])} -',}", end="")
  print("]")
else:
  print("Text detection failed; please try again!")


============================== END ==============================

