
[QAid]3207_0

[Code Extraction Failed or Parse Failed]

No Python code block found in completion.

Completion Content: 
Based on the visual inputs provided, the white rectangular dining table (highlighted by the blue box) is to the left of the fridge (highlighted by the green box).
[QAid]3207_0

[Code Extraction Failed or Parse Failed]

No Python code block found in completion.

Completion Content: 
final_result = "left"
[QAid]3207_0

[Code Extraction Failed or Parse Failed]

No Python code block found in completion.

Completion Content: 
final_result = "right"
final_result = <command>
[QAid]3207_0

[Code Includes Tools Usage]
code: 

from object_detector import Object_Detector_Tool

sample_images = "/nfs/data8/liao/wxie/SAT/SAT_images_train/3209.png", "/nfs/data8/liao/wxie/SAT/SAT_images_train/32012.png"

results = Object_Detector_Tool.execute(image=sample_images[0], save_object=False, saved_image_path="detected_images")
results = Object_Detector_Tool.execute(image=sample_images[1], save_object=False, saved_image_path="detected_images")

detected_objects = {label: [bbox, score] for label, bbox, score in results[0]}
detected_fridge = [bbox for bbox in detected_objects if "fridge" in str(bbox)]

detected_table = [bbox for bbox in detected_objects if "table" in str(bbox)]

for detected_object in detected_objects.values():
  if detected_object[1] == "basket":
    final_result = "B"
    print("The white rectangular dining table is", final_result, "the fridge.")
    break

============================== END ==============================


[QAid]3207_0

[Code Extraction Failed or Parse Failed]

No Python code block found in completion.

Completion Content: 
To determine where the white rectangular dining table (highlighted by a blue box) with respect to the fridge (highlighted by a green box), we need to compare their relative positions. 

Based on the visual inputs and the tools available, we can use the `pixel_depth_estimator` tool to estimate the distance between the fridge and the dining table. The `pixel_depth_estimator` tool can then help us establish their relative positions in the image.

Let's use the `pixel_depth_estimator` tool to estimate the distance between the fridge and the dining table.
[QAid]3207_0

[Code Extraction Failed or Parse Failed]

No Python code block found in completion.

Completion Content: 
import numpy as np
from object_detector import Object_Detector_Tool

final_result = Object_Detector_Tool.execute(image_path='path_to_conference_room.png', labels=['dining_table'], save_object=True)
detected_objects = final_result['detected_objects']
label_dict = final_result['label_dict']
total_objects = total_objects = 0
for detected_label in detected_objects['baseball']:
    if detected_label['bbox']['box'] is not None and detected_label['bbox']['bbox'][0] > 10:
        final_result = detected_objects
for label, detected_objects in label_dict.items():
    if label in ['baseball', 'basket']:
        objects_detected = len(detected_objects)
        final_result = detected_objects
    else:
        final_result = detected_objects
        break
total_objects = sum(detected_objects.values(), total_objects)
final_result = detected_objects

# Get the closest pixel to the white rectangular dining table in the image.
# Using the `pixel_depth_estimator` tool to estimate pixel-level depth.
from pixel_depth_tool import Pixel_Depth_Tool

image_path = 'path_to_conference_room.png'
output = True
outdir = './vis_depth'
try:
    detected_objects = pixel_detection_tools(pixel_depth_estimator_mode='image', image_path=image_path, output=True, outdir=outdir)
except Exception as e:
    print(f"Error processing image: {e}")
import numpy as np

image_results = {'assets/image1.jpg': {'depth_map': np.zeros((1000, 1500), dtype='float32'), 'output_image_path': 'path_to_image1.png'},
                 'assets/image2.jpg': {'depth_map': np.zeros((1000, 1500), dtype='float32'), 'output_image_path': 'path_to_image2.png'}}
for image_name, depth_images in image_results.items():
    output_dif = {'video_depth_map': [np.zeros((1000, 1500), dtype='float32') for _ in range(2)], 'output_video_path': 'path_to_video.mp4'}
    depth_video_results = {'assets/video1.mp4': {'video_depth_map': [np.zeros((1000, 1500), dtype='float32')], 'output_video_path': 'path_to_video.mp4'},
                          'assets/video2.mp4': {'video_depth_map': [np.zeros((1000, 1500), dtype='float32')], 'output_video_path': 'path_to_video.mp4'}}
    pixel_depth_tool = Pixel_Depth_Tool(pixel_depth_tool_mode='image', image_path=image_path, output=True, outdir=outdir)
    image_results[image_name] = {'depth_map': pixel_depth_tool.execute(image_path=image_path, outdir=outdir)}
    video_results[image_name] = pixel_depth_tool.execute(image_path=['assets/video1.mp4', 'assets/video2.mp4'], outdir=outdir)

total_objects = sum(depth_images.values(), total_objects)
[QAid]3207_0

[Code Extraction Failed or Parse Failed]

No Python code block found in completion.

Completion Content: 
Based on the visual inputs, the white rectangular dining table is located to the right of the fridge.

So the final answer is: right
[QAid]3207_0

[Code Extraction Failed or Parse Failed]

No Python code block found in completion.

Completion Content: 
The white rectangular dining table (highlighted by a blue box) is to the left of the fridge (highlighted by a green box).