
[QAid]5468_0

[Code does not include Tools Usage]
code: 
final_result = "1"

============================== END ==============================


[QAid]5468_0

[Code does not include Tools Usage]
code: 
final_result = "1"

============================== END ==============================


[QAid]5468_0

[Code does not include Tools Usage]
code: 
final_result = "1"

============================== END ==============================


[QAid]5468_0

[Code does not include Tools Usage]
code: 
final_result = "1"  # There is 1 doorway visible in the scene

============================== END ==============================


[QAid]5468_0

[Code does not include Tools Usage]
code: 
final_result = "1"

============================== END ==============================


[QAid]5468_0

[Code does not include Tools Usage]
code: 
final_result = "1"

============================== END ==============================

