
============================== New Completed Execution ==============================
[EXEC CODE]
final_result = "3"

[THE PRINT OUTPUT]

[GENERATE VALID FINAL_RESULT]
3

============================== END ==============================


============================== New Completed Execution ==============================
[EXEC CODE]
final_result = "3"  # 1 chair in the scene

[THE PRINT OUTPUT]

[GENERATE VALID FINAL_RESULT]
3

============================== END ==============================


============================== New Completed Execution ==============================
[EXEC CODE]
final_result = "3"
[THE PRINT OUTPUT]

[GENERATE VALID FINAL_RESULT]
3

============================== END ==============================


============================== New Completed Execution ==============================
[EXEC CODE]
final_result = '3'  # 3 chairs are visible in the scene
[THE PRINT OUTPUT]

[GENERATE VALID FINAL_RESULT]
3

============================== END ==============================


============================== New Completed Execution ==============================
[EXEC CODE]
final_result = "3"

[THE PRINT OUTPUT]

[GENERATE VALID FINAL_RESULT]
3

============================== END ==============================


============================== New Completed Execution ==============================
[EXEC CODE]
final_result = "3"

[THE PRINT OUTPUT]

[GENERATE VALID FINAL_RESULT]
3

============================== END ==============================

