--- Completion 1 ---
To determine if a given chair is to the left or right of a dark wooden bed frame with slats, we can use the `Letter_Detector_Tool` to detect the characters on the chairs and bed.

Here's the code to find out the relative positions of the chairs and bed:

```python
import object_detector

# Load the image file
file_path = '/nfs/data8/liao/wxie/SAT/SAT_images_train/3711_0.png'
image_details = {
    'image': file_path,
    'labels': ['baseball', 'basket', 'jules office chair'],
    'threshold': 0.5,
    'model_size': 'tiny',
    'save_object': True
}

detected_objects = object_detector.Object_Detector_Tool.execute(image_details)

# Check if the word 'chair' is in the detected text
chair_text = detected_objects['jules office chair'][0]['letter'][-1]
chair_left, chair_right = chair_text.find('chair') - chair_text.find('office'), chair_text.find('chair')

# Check if 'jules office chair' is to the left of the bed or vice versa
if chair_left < (bed_width - jules_office_chair_side + chair_width) / 2:
    print("jules office chair is to the right of the bed")
else:
    print("jules office chair is to the left of the bed")
```

In this script, we first load the image file and use the `object_detector` tool to detect the names of the chairs and a bed frame. Then we check if 'chair' is in the detected text. If it is, we calculate the absolute coordinates of the chair and divide it by half to determine the side of the bed the chair is to the left of (jules_office_chair_side) or right of (bed_width - jules_office_chair_side + chair_width). Finally, we print whether the chair is to the left or right of the bed based on the calculated sides. This approach should provide a clear result.
Reward: 0.0

--- Completion 2 ---
<command>
from object_detector import Object_Detector_Tool, detected_objects, object_number
from letter_detector import Letter_Detector_Tool
from pixel_depth_tool import Pixel_Depth_Tool
import numpy as np

# 读取图像
image_path_to_bboxes = "path/to/image.png"
labels_to_bboxes = ["baseball", "basket"]
threshold = 0.25
model_size = "tiny"
save_object = True

# 配置参数
saved_image_path = "detected_objects"
language_input = ["en", "de"]
detail_level = 0

result = detected_objects(image=image_path_to_bboxes, labels=labels_to_bboxes, save_object=save_object, saved_image_path=saved_image_path, languages=language_input, detail=detail_level)

bboxes_and_results = {
    'label': result[0]['label'],
    'bbox': result[0]['bbox'],
    'score': result[0]['score'],
    'bboxes': result[0]['bboxes'],
    'name_or_number': result[0]['name_or_number']
    for index, result in enumerate(detected_objects)
}

object_count = object_number(image_path_to_bboxes, languages=language_input)

object_count_dict = {
    'baseball': object_count['baseball'],
    'basket': object_count['basket']
}
</command>
Reward: 0.0

--- Completion 3 ---
<command>
result = object_detector.execute(image='path/to/image.png', labels=['jules office chair', 'dark wooden bed frame with slats'], save_object=True, saved_image_path='detected_objects')
detected_objects = result['detected_objects']
object_number = result['object_number']
if detected_objects:
    final_result = {'jules office chair': detected_objects['jules office chair'], 'dark wooden bed frame with slats': detected_objects['dark wooden bed frame with slats']}
else:
    final_result = {'jules office chair': 0, 'dark wooden bed frame with slats': 0}
print(final_result)
</command>
Reward: 1.0

--- Completion 4 ---
<command>
from object_detector import Object_Detector_Tool
final_result = Object_Detector_Tool.execute(image='path/to/image.png', labels=['jules office chair', 'dark wooden bed frame with slats'], save_object=False, saved_image_path='detected_objects')
print(final_result)
</command>
Reward: 1.0

--- Completion 5 ---
<command>
from object_detector import Object_Detector_Tool

# Image path
image_path = 'path/to/image.png'

# Input labels: ['baseball', 'basket']
labels = ['baseball', 'basket']

# Confidence threshold for detection
threshold = 0.35

# Model size: 'tiny'
model_size = 'tiny'

# Whether to save detected objects
save_object = True

# Path to save detected object images
saved_image_path = 'detected_objects'

# Call the Object_Detector_Tool method
result = Object_Detector_Tool.execute(image=image_path, labels=labels, save_object=save_object, threshold=threshold, model_size=model_size)

# Print the detected objects
print(result)

if save_object:
  # Save detected objects
  for i in range(len(result['detected_objects'])):
    saved_image_path = os.path.join(saved_image_path, f'detected_objects/{result['detected_objects'][i]["label"]}_{i}.png')
    result['detected_objects'][i]['saved_image_path'] = saved_image_path

print(result)
</command>
Reward: 0.0

--- Completion 6 ---
<command>
from object_detector import Object_Detector_Tool

# Check the detected information
final_result = Object_Detector_Tool.execute(image=...+image_filename+...+image_filename+...+image_filename,
                                             labels=[...+label1+...+label2+...+label3+...],
                                             save_object=True,
                                             saved_image_path="detected_objects")

# Print the final result
print(final_result)
</command>
Reward: 1.0

--- Completion 7 ---
<command>
from object_detector import Object_Detector_Tool

final_result = {
    "left": None,
    "right": None
}

# Detect each chair position using the Object_Detector_Tool
final_result["left"] = Object_Detector_Tool.execute(image="image.jpg", labels=["jules_office_chair"], save_object=True, saved_image_path="detected_objects")

final_result["right"] = Object_Detector_Tool.execute(image="image.jpg", labels=["dark_w wooden bed frame with slats"], save_object=True, saved_image_path="detected_objects")

if final_result["left"]:
    left_position = final_result["left"].get("baseball", False)
else:
    left_position = False

if final_result["right"]:
    right_position = final_result["right"].get("basket", False)
else:
    right_position = False

final_result["left"] = left_position
final_result["right"] = right_position

print("Final result:")
print("Left: ", final_result["left"])
print("Right: ", final_result["right"])
</command>
Reward: 1.0

--- Completion 8 ---
<command>
    # Import necessary tools
    import object_detector
    import text_detector
    import letter_detector
    import pixel_depth_estimator
    
    # Get image path from question
    question_image = '/nfs/data8/liao/wxie/SAT/SAT_images_train/3711_0.png'
    
    # Run detection commands
    letter_results = letter_detector.execute(image=question_image)
    
    # Extract detected letter information
    letter_info = []
    for letter_result in letter_results:
        bounding_box = [(x0, y0), (x1, y1), (x2, y2), (x3, y3)]
        letter = letter_result['text']
        depth = letter_result['score']
        letter_info.append([bounding_box, letter, depth])
    
    # Convert letter_info into a single result structure
    results = {}
    for letter_result in letter_info:
        results[letter_result[0][0]] = {'bbox': letter_result[0],
                                         'letter': letter_result[1],
                                         'score': letter_result[2]}
    
    # Extract results from questions
    letters_detected = [results['baseball'], results['basket']]
    detected_letter_results = [letters_detected, results]

    # Process detected letter results
    detected_letter_results = [detected_letter_results[0]
                               ['bbox', results['baseball'], results['basket']], 
                               detected_letter_results[1]
                               ['bbox']]
    
    # Extract detection results
    detecsted_boxes = {letter_result[0][0]: [letter_result[1]] 
                      .map(lambda result: result['bbox', result['letter']]).flatten()
                      , 
                      detecsted_letter_results[0][0]: letter_result[1], 
                      detecsted_letter_results[1][0]: letter_result[1]}

    # Extract final answer
    final_result = {
        'location': (deteced_boxes).items(),
        'letters': detected_letter_results,
        'bbox': list(map(list, detecsted_boxes.values()))
    }
</command>
Reward: 1.0

