
[Exctuion Failed]

No module named 'object_detector_tool'
code: 

from object_detector_tool import Object_Detector_Tool
object_detector_tool = Object_Detector_Tool()
detected_objects, object_number = object_detector_tool.execute(image='path/to/image', labels=['fridge'], save_object=False, saved_object_path='detected_objects')
print(f"Detected Fridges: {detected_objects}")


============================== END ==============================


[Exctuion Failed]

No module named 'Object_Detector_Tool'
code: 

from Object_Detector_Tool import Object_Detector_Tool

object_detector_tool = Object_Detector_Tool()
detected_objects, object_number = object_detector_tool.execute(image='path/to_image', labels=['baseball'], save_object=True, saved_image_path='detected_objects')

final_result = {
    "detected_objects ": detected_objects,
    "object_number ": object_number
}


============================== END ==============================


[None RESULT]


[Successful Execution but Get None RESULT]
[EXEC CODE]

from object_detector import Object_Detector_Tool

def count_fridges(image_path):
    # Define a list of objects of interest
    fridge_labels = ['fridge']
    
    # Load the object detector model
    object_detector_tool = Object_Detector_Tool()
    
    # Execute the object detection with the provided labels
    detected_objects, object_number = object_detector_tool.execute(image_path=image_path, labels=fridge_labels, threshold=0.5, model_size="base")

    # Count the number of refrigerators detected in the image
    fridge_count = sum(1 for _ in detected_objects if "fridge" in _["labels"])

    return "1", {"fridge": fridge_count}


============================== END ==============================


[Exctuion Failed]

expected 'else' after 'if' expression (<string>, line 15)
code: 

from object_detector_tool import Object_Detector_Tool

final_result = Object_Detector_Tool().execute(image='path/to/image', labels=[object], save_object=True, saved_image_path='detected_objects')

if 'total_objects' in final_result:
  object_number = final_result['total_objects']
else:
  object_number = 0

if 'boxes' in final_result:
  detected_objects = [dict(box=d['box'], score=d['score']) for d in (
  (detected_objects['baseball'], 'baseball').extend(detected_objects['basket']),
  
  (detected_objects['baseball'][d[0]['box']] if detected_objects['box'])
) for d in detected_objects['baseball'].keys()]

print(f'There are {object_number} objects detected.')
for obj in detected_objects['baseball']:
  print(f'{obj["box"]}|{obj["score:0.2f"]} |detected_object_in_database', end=' ')
print(f'\n') 

print("\ntotal detected objects:")
for obj in detected_objects["basket"]:
  print(f'{obj["box"]}|{obj["score:0.2f"]} |detected_object_in_database', end=' ')
print(f'\n')


============================== END ==============================


[Exctuion Failed]

invalid syntax (<string>, line 1)
code: 
from_object_detector_tool import Object_Detector_Tool

final_result = Object_Detector_Tool().execute(image='1055_0.png', languages=['en'], detail=0)
print(final_result)


============================== END ==============================

