
[EXECUTION EXCEPTION]
name 'Object_Detector_Tool' is not defined
code: 
final_result = 0
image_path = "/home/stud/wxie/BLINK_Dataset/Counting/val/images/val_Counting_17_image_1.jpg"
detected_objects = Object_Detector_Tool.execute(image=image_path, labels=["red_coat"], save_object=True, saved_image_path="detected_objects")
object_number = {obj["label"]: int(obj["count"]) for obj in detected_objects}
if "red_coat" in object_number:
    final_result = object_number["red_coat"]
else:
    final_result = 0

============================== END ==============================

[EXECUTION EXCEPTION]
invalid syntax (<string>, line 2)
code: 
final_result
=0

============================== END ==============================

[EXECUTION EXCEPTION]
name 'B' is not defined
code: 
final_result = B

============================== END ==============================

[EXECUTION EXCEPTION]
Object_Detector_Tool.execute() got an unexpected keyword argument 'languages'
code: 
def count_people_with_red_coat(image_path):
    from object_detector import Object_Detector_Tool
    from text_detector import Text_Detector_Tool
    from letter_detector import Letter_Detector_Tool
    # Load detected objects
    detected_objects = Object_Detector_Tool.execute(image=image_path, labels=["red coat"], save_object=True, languages=['en'])
    # Count people wearing red coat
    total_count = 0
    for detected in detected_objects:
        if detected.get("text", "") == "red coat":
            total_count += 1
    return total_count

final_result = count_people_with_red_coat("/home/stud/wxie/BLINK_Dataset/Counting/val/images/val_Counting_17_image_1.jpg")
if final_result == 2:
    print("Option: (B) 2")
elif final_result == 1:
    print("Option: (C) 1")
elif final_result == 0:
    print("Option: (D) 0")
else:
    print("Option: (E) Unknown")

============================== END ==============================
