
[Exctuion Failed]

Object_Detector_Tool.execute() missing 2 required positional arguments: 'self' and 'labels'
code: 

from object_detector import Object_Detector_Tool

final_result = Object_Detector_Tool.execute(image='path/to_image.png')
print(final_result)


============================== END ==============================


[Exctuion Failed]

Object_Detector_Tool.execute() missing 1 required positional argument: 'self'
code: 

from object_detector import Object_Detector_Tool

# Set parameters for the object detection
model_size = "tiny"
labels_to_detect = ["baseball", "basket"]
threshold = 0.35

# Execute the object detection
final_result = Object_Detector_Tool.execute(image="path/to/image.png", labels=labels_to_detect, threshold=threshold, model_size=model_size)

print(final_result)


============================== END ==============================


[Exctuion Failed]

No module named 'Object_Detector_Tool'
code: 

from Object_Detector_Tool import Object_Detector_Tool
final_result = Object_Detector_Tool.execute(image='path/to/image.png', labels=['baseball', 'basket'], save_object=True, saved_image_path='detected_objects')
print("Detected objects:", final_result)


============================== END ==============================


[Exctuion Failed]

No module named 'Object_Detector_Tool'
code: 

from Object_Detector_Tool import Object_Detector_Tool

final_result = Object_Detector_Tool.execute(image='/nfs/data8/liao/wxie/SAT/SAT_images_train/4111_0.png', labels=['painting'], save_object=True, saved_image_path='detected_objects')
print(final_result)


============================== END ==============================


[Exctuion Failed]

No module named 'Object_Detector_Tool'
code: 

from Object_Detector_Tool import Object_Detector_Tool

final_result = Object_Detector_Tool.execute(image='path/to/interrogated_image.png')
print(final_result)
# Additional code to verify the results


============================== END ==============================


[Exctuion Failed]

Object_Detector_Tool.execute() missing 1 required positional argument: 'self'
code: 

from object_detector import Object_Detector_Tool

final_result = Object_Detector_Tool.execute(image='path/to/image.png', labels=['baseball', 'basket'], save_object=True, saved_image_path='detected_objects')

print(final_result)


============================== END ==============================

