
============================== NEW SCCESSFUL EXECUTION ==============================
[EXEC CODE]
from object_detector import Object_Detector_Tool
final_result = 'A'
[THE PRINT OUTPUT]

[GENERATE FINAL_RESULT]
A

============================== NEW SCCESSFUL EXECUTION ==============================
[EXEC CODE]
from object_detector import Object_Detector_Tool

final_result = "A"
[THE PRINT OUTPUT]

[GENERATE FINAL_RESULT]
A

============================== NEW SCCESSFUL EXECUTION ==============================
[EXEC CODE]
from object_detector import Object_Detector_Tool

try:
    detector_tool = Object_Detector_Tool()

    # Check if the input image has the 'baseball' and 'basket' labels
    detected_objects = detector_tool.execute(image="/home/stud/wxie/BLINK_Dataset/Counting/val/images/val_Counting_87_image_1.jpg", labels=["baseball", "basket"], save_object=True, saved_image_path="detected_objects")

    # Print detected labels and their counts
    print("Detected Labels and Counts:")
    for label, count in detected_objects.items():
        print(f"Label: {label}, Count: {count}")
        
    final_result = "A"  # Use the variable 'final_result' to determine the final choice between (A) 0, (B) 1, (C) 3, (D) 2, or (E) Another result
except Exception as e:
    final_result = "Another result"  # If an exception occurs, assign the variable with 'Another result' to hold the result of another operation.
except EOFError:
    final_result = "Unexpected EOF Error"  # Handle unexpected EOF errors
except:

    # Catch any other exceptions
    final_result = "Exception"  # Indicate any other exceptional scenarios
[THE PRINT OUTPUT]
Error building the Object Detection tool: Cannot re-initialize CUDA in forked subprocess. To use CUDA with multiprocessing, you must use the 'spawn' start method
Error detecting objects: Failed to build the Object Detection tool.
Failed to detect objects after 10 attempts.
Detected Labels and Counts:

[GENERATE FINAL_RESULT]
Another result

============================== NEW SCCESSFUL EXECUTION ==============================
[EXEC CODE]
from object_detector import Object_Detector_Tool
[THE PRINT OUTPUT]

[GENERATE FINAL_RESULT]
None

============================== NEW SCCESSFUL EXECUTION ==============================
[EXEC CODE]
from object_detector import Object_Detector_Tool

final_result = "A"
[THE PRINT OUTPUT]

[GENERATE FINAL_RESULT]
A
