
[EXECUTION EXCEPTION]
name 'Object_Detector_Tool' is not defined
code: 
final_result = Object_Detector_Tool.execute(image="./val_Counting_56_image_1.jpg", labels=["candelabrum"], threshold=0.35, saved_image_path="detected_objects")
detected_objects = final_result["detected_objects"]
object_number = final_result["object_number"]
if object_number == 2 and detected_objects["candelabrum"][0]["score"] >= 0.35:
    remaining_candlights = detected_objects["candelabrum"][0]["score"] - detected_objects["candelabrum"][0]["score"][0]
else:
    remaining_candlights = 0

============================== END ==============================

[Successful Execution but Get None RESULT]


============================== END ==============================

[EXECUTION EXCEPTION]
name 'Letter_Detector_Tool' is not defined
code: 
final_result = 0

# Load image and detect candlites
image_path = "/home/stud/wxie/BLINK_Dataset/Counting/val/images/val_Counting_56_image_1.jpg"
results = Letter_Detector_Tool.execute(image_path)

# Get the list of detected candlites
candle_results = results['results']

# Check if any candlight is present
if candle_results:
    candle_coordinates = [result[1] for result in candle_results]
    for candle_coordinates in candle_coordinates:
        candlight_number = candle_coordinates[0].split(", ")[0][-1]  # Extract the numeric part of the candlight coordinates
        candlight_location = candle_coordinates[0].split(", ")[1]  # Extract the xy location of the candlight

        # Get the candlight number and location
        candlight_number = int(candle_number)
        candlight_location = [int(x) for x in candlight_location.split(", ")][1:][0]

        # Calculate the distance from the fireplace to the candlight
        candlight_distance = sum((s[2] - x[0]) for s, x in zip(candle_result_candlites, candle_coordinates))
        candlight_distance = min(candlight_distance, 30)

        candlight_found = False
        candlight_close_to_fireplace = False

        # Check if the candlight is within 1m of the fireplace
        for cand in candlight_candlites:
            candlight_distance -= (cand[0][0] - x[2][0]) + (cand[0][1] - x[2][1])
            if candlight_distance < cand[1] and x[2][0] >= candle_location[0]:
                candlight_found = True
                candlight_close_to_fireplace = True
                break
        
        # Determine the presence of a candlight
        presence = bool(candlight_found) + bool(candlight_close_to_fireplace)

        # Check if the presence changes after each iteration of finding a candlight
        if presence != presence_count[0] and presence_count[0] != 0:
            final_result = question_index[0]
            break
else:
    final_result = ''

============================== END ==============================

[EXECUTION EXCEPTION]
cannot access local variable 'saved_image_path' where it is not associated with a value
code: 
def detect_objects(img_path, use_objects, model_size='tiny', save_object=False, saved_image_path="detected_objects"):
    object_detector = Object_Detector_Tool()
    detected_objects = object_detector.execute(image=img_path, labels=use_objects, save_object=save_object, saved_image_path=saved_image_path)
    return detected_objects

def detect_text(img_path, languages=['en', 'de'], detail=0):
    text_detector = Text_Detector_Tool()
    result = text_detector.execute(image=img_path, languages=languages, detail=detail)
    return result

def letter_detector(img_path):    
    letter_detector = Letter_Detector_Tool()
    results = letter_detector.execute(image=img_path)
    return results

def get_ceiling_ceiling_ceiling():
    final_result = None
    # Example usage:
    # detected_objects = detect_objects('/home/stud/wxie/BLINK_Dataset/Counting/val/images/val_Counting_56_image_1.jpg', ['window', 'wooden_roof'])
    # final_result = get_ceiling(detected_objects['wooden_roof'][0]['box'])
    # print(final_result)
    if not saved_image_path:
        saved_image_path = ''
    # Detect objects in text
    detected_objects = detect_objects('/home/stud/wxie/BLINK_Dataset/Counting/val/images/val_Counting_56_image_1.jpg', 'window', saved_image_path=saved_image_path)
    letter_detector_results = letter_detector('/home/stud/wxie/BLINK_Dataset/Counting/val/images/val_Counting_56_image_1.jpg')

    # Find the first object that contains 'wall'
    wall_objects = [obj for obj in detected_objects.values() if 'wall' in obj.pop('label')]
    if wall_objects:
        final_result = wall_objects[0][1]['bbox']
    else:
        final_result = None
    return final_result

# Check the results
if get_ceiling_ceiling_ceiling():
    print('Found wall objects:', final_result)
else:
    print('No wall objects found.')

# If needed, you can use the final_result variable to further analyze the floor objects.

============================== END ==============================

[EXECUTION EXCEPTION]
Object_Detector_Tool.__init__() got an unexpected keyword argument 'image'
code: 
def analyze_counting_image(path):
    from object_detector import Object_Detector_Tool
    from text_detector import Text_Detector_Tool
    from letter_detector import Letter_Detector_Tool

    image_path = path[:-4] + '_counting.jpg'  # Assuming the file name has the .jpg extension for the calculation

    detector = Object_Detector_Tool(image=image_path)
    object_labels = detector.execute(labels=["baseball", "basket"], detail=1, languages=['en'])
    if not object_labels:
        return False

    object_number = {
        'baseball': len(object_labels),
        'basket': len(object_labels)
    }

    detection_objects = object_labels[0]  # Assuming the first detection entry contains detected objects

    # Filter objects based on the image path
    only_baseball = [det for det in detection_objects if str(det['bbox'][0]).split(':')[0] == "Baseball"]
    only_basket = [det for det in detection_objects if str(det['bbox'][0]).split(':')[0] == "Basket"]


    # Check if the number of baseball and basketball objects matches the groundtruth counts
    final_result = True
    for label in ['baseball', 'basket']:
        if not object_number.get(label, 0):
            continue
        if len(only_baseball) != object_number.get(label):
            print(f'Difference: {len(only_baseball) - object_number.get(label)} baseball object(s)')
            final_result = False
        if len(only_basket) != object_number.get(label):
            print(f'Difference: {len(only_basket) - object_number.get(label)} basket object(s)')
            final_result = False

    final_count = sum(object_number.values())
    if not final_result:
        print(f'Number of objects: {final_count}')

    return final_result

final_result = analyze_counting_image('/home/stud/wxie/BLINK_Dataset/Counting/val/images/val_Counting_56_image_1.jpg')
final_result

============================== END ==============================
