
============================== NEW SCCESSFUL EXECUTION ==============================
[EXEC CODE]
final_result = 0
try:
    from_object_detector = Object_Detector_Tool 
    detected_objects, object_number = from_object_detector.execute(image='val_Counting_56_image_1.jpg', labels=['candelight'], thresholds=[0.75], model_size='tiny', save_object=True, saved_image_path="detected_objects")
    for label in detected_objects:
        for entry in label['bbox']:
            x1, y1, x2, y2 = entry
            x3, y3 = x1,y2
            final_result +=  entry['bbox'].count((0,0))
except Exception as e:
    print(f"Error occurred: {e}")
print(final_result)
[THE PRINT OUTPUT]
Error occurred: name 'Object_Detector_Tool' is not defined
0

[GENERATE FINAL_RESULT]
0

============================== END ==============================

============================== NEW SCCESSFUL EXECUTION ==============================
[EXEC CODE]
final_result = 0
[THE PRINT OUTPUT]

[GENERATE FINAL_RESULT]
0

============================== END ==============================

============================== NEW SCCESSFUL EXECUTION ==============================
[EXEC CODE]

[THE PRINT OUTPUT]

[GENERATE FINAL_RESULT]
None

============================== END ==============================
