
[QAid]1445_0

[Code does not include Tools Usage]
code: 
final_result = "1"
============================== END ==============================


[QAid]1445_0

[Code does not include Tools Usage]
code: 
final_result = '1'  # 1 dresser
============================== END ==============================


[QAid]1445_0

[Code does not include Tools Usage]
code: 
final_result = "1"  # 1 Dresser visible in the scene
============================== END ==============================


[QAid]1445_0

[Code does not include Tools Usage]
code: 
final_result = "1"
============================== END ==============================


[QAid]1445_0

[Code does not include Tools Usage]
code: 
final_result = "1"
============================== END ==============================


[QAid]1445_0

[Code does not include Tools Usage]
code: 
from object_detector import Object_Detector_Tool

final_result = "1"


============================== END ==============================

