
[QAid]7740_0

[Code Extraction Failed or Parse Failed]

No Python code block found in completion.

Completion Content: 
final_result = "1"
[QAid]7740_0

[Code Extraction Failed or Parse Failed]

No Python code block found in completion.

Completion Content: 
final_result = ""
print(final_result)
[QAid]7740_0

[Code Extraction Failed or Parse Failed]

No Python code block found in completion.

Completion Content: 
final_result = "1"
[QAid]7740_0

[Code Extraction Failed or Parse Failed]

No Python code block found in completion.

Completion Content: 
final_result = ["1"]
[QAid]7740_0

[Code Extraction Failed or Parse Failed]

No Python code block found in completion.

Completion Content: 
final_result = "1"
[QAid]7740_0

[Code Extraction Failed or Parse Failed]

No Python code block found in completion.

Completion Content: 
final_result = "1"
[QAid]7740_0

[Code Extraction Failed or Parse Failed]

No Python code block found in completion.

Completion Content: 
final_result = "1"
[QAid]7740_0

[Code Extraction Failed or Parse Failed]

No Python code block found in completion.

Completion Content: 
final_result = "2"