
[QAid]5649_0

[Code does not include Tools Usage]
code: 
final_result = "1 Window found."
============================== END ==============================


[QAid]5649_0

[Code does not include Tools Usage]
code: 
final_result = "1"

============================== END ==============================


[QAid]5649_0

[Code does not include Tools Usage]
code: 
final_result = "1 Window"

============================== END ==============================


[QAid]5649_0

[Code does not include Tools Usage]
code: 
final_result = "1 Window visible"

============================== END ==============================


[QAid]5649_0

[Code does not include Tools Usage]
code: 
final_result = "1"

============================== END ==============================


[QAid]5649_0

[Code does not include Tools Usage]
code: 
final_result = "1"

============================== END ==============================

