
============================== NEW EXECUTION ==============================

[EXECUTION EXCEPTION]
name 'object_detection_tool' is not defined
code:def count_green_train_carts(image_path):
    import_object_detection_tool = Object_Detector_Tool()
    detection_images = object_detection_tool.execute(image=image_path, labels=["green train cart"], save_object=False, model_size="base")
    green_train_carts = [detection["label"] for detection in detection_images if detection["label"] == "green train cart"]
    total_green_train_carts = len(green_train_carts)
    return total_green_train_carts

final_result = count_green_train_carts("/home/stud/wxie/BLINK_Dataset/Counting/val/images/val_Counting_31_image_1.jpg")
print(final_result)  # Uncomment or edit this line to access the result.

============================== NEW EXECUTION ==============================

[EXECUTION EXCEPTION]
Object_Detector_Tool.__init__() got an unexpected keyword argument 'labels'
code:from object_detector import Object_Detector_Tool

# Specify the image path here
image_path = "/home/stud/wxie/BLINK_Dataset/Counting/val/images/val_Counting_31_image_1.jpg"

# Initialize the tool instance with the parameters
object_detector_tool = Object_Detector_Tool(image_path, labels=["green"], save_object=True)

# Extract the total counted number of the 'green' label
total_green_card_count = object_detector_tool.output_type[1].get(object_detector_tool.output_type[1].dictionaries, {"baseball": 0, "basket": 0})["baseball"]
total_green_card_count

============================== NEW EXECUTION ==============================
[EXEC CODE]
from object_detector import Object_Detector_Tool

def count_detected_counting_31_image_1():
    # Define the image path
    image_path = '/home/stud/wxie/BLINK_Dataset/Counting/val/images/val_Counting_31_image_1.jpg'

    # Use object detection tool
    det_tool = Object_Detector_Tool(image_path, labels=["baseball", "basket"])
    label_counts = det_tool.execute()

    # Total number of green train carts is the sum of label counts for "baseball" and "basket"
    total_green_train_carts = label_counts["baseball"] + label_counts["basket"]

    return total_green_train_carts
[THE PRINT ALL OUTPUT]

[GENERATE FINAL_RESULT]
None

[None RESULT]


============================== NEW EXECUTION ==============================

[EXECUTION EXCEPTION]
list index out of range
code:import numpy as np
from object_detector import Object_Detector_Tool

# Set the parameter values
image = "/home/stud/wxie/BLINK_Dataset/Counting/val/images/val_Counting_31_image_1.jpg"
labels = ["baseball", "basket"]
save_object = True
threshold = 0.4
model_size = "tiny"
saved_image_path = "detected_objects"

# Run object detection
object_detector_tool = Object_Detector_Tool()
result = object_detector_tool.execute(image=image, labels=labels, threshold=threshold, model_size=model_size, save_object=save_object, saved_image_path=saved_image_path)

# Find the total number of green train carts
green_carts = []
for obj in result[0]:
    if obj['label'] == "green train cart":
        green_carts.append(obj)

total_green_carts = len(green_carts)

# Assign the final answer to a variable
final_result = {"total_green_carts": total_green_carts}
print("The number of green train carts in the picture is:", final_result["total_green_carts"])

============================== NEW EXECUTION ==============================

[EXECUTION EXCEPTION]
not enough values to unpack (expected 2, got 0)
code:from object_detector import Object_Detector_Tool

grounding_dino_tool = Object_Detector_Tool()
detections, detected_objects = grounding_dino_tool.execute(image="/home/stud/wxie/BLINK_Dataset/Counting/val/images/val_Counting_31_image_1.jpg", labels=["baseball"], save_object=True, saved_image_path="/home/stud/wxie/BLINK_Dataset/Counting/val/images/")
number_of_green_train_carts = len([obj for obj in detections["objects"] if obj["label"] == "baseball" and obj["label"] != "baseball:cart"])

final_result = {"number of green train carts": number_of_green_train_carts}
