
============================== New Completed Execution ==============================
[EXEC CODE]

final_result = "bed (highlighted by a red box)"

[THE PRINT OUTPUT]

[GENERATE VALID FINAL_RESULT]
bed (highlighted by a red box)

============================== END ==============================


============================== New Completed Execution ==============================
[EXEC CODE]

final_result = "Doorway (highlighted by a blue box)"

[THE PRINT OUTPUT]

[GENERATE VALID FINAL_RESULT]
Doorway (highlighted by a blue box)

============================== END ==============================


============================== New Completed Execution ==============================
[EXEC CODE]

final_result = "bed (highlighted by a red box)"

[THE PRINT OUTPUT]

[GENERATE VALID FINAL_RESULT]
bed (highlighted by a red box)

============================== END ==============================


============================== New Completed Execution ==============================
[EXEC CODE]

final_result = "bed (highlighted by a red box)"

[THE PRINT OUTPUT]

[GENERATE VALID FINAL_RESULT]
bed (highlighted by a red box)

============================== END ==============================


============================== New Completed Execution ==============================
[EXEC CODE]

final_result = "bed (highlighted by a red box)"

[THE PRINT OUTPUT]

[GENERATE VALID FINAL_RESULT]
bed (highlighted by a red box)

============================== END ==============================


============================== New Completed Execution ==============================
[EXEC CODE]

final_result = "Bed"

[THE PRINT OUTPUT]

[GENERATE VALID FINAL_RESULT]
Bed

============================== END ==============================


============================== New Completed Execution ==============================
[EXEC CODE]

final_result = "Doorway (highlighted by a blue box)"

[THE PRINT OUTPUT]

[GENERATE VALID FINAL_RESULT]
Doorway (highlighted by a blue box)

============================== END ==============================


============================== New Completed Execution ==============================
[EXEC CODE]

final_result = "Doorway (highlighted by a blue box)"

[THE PRINT OUTPUT]

[GENERATE VALID FINAL_RESULT]
Doorway (highlighted by a blue box)

============================== END ==============================

