
[EXECUTION EXCEPTION]
name 'Object_Detector_Tool' is not defined
code: 
final_result = False

# Detect flowers in the image
detected_objects = Object_Detector_Tool.execute(image="/home/stud/wxie/BLINK_Dataset/Counting/val/images/val_Counting_42_image_1.jpg", labels=["flower"], save_object=True, saved_image_path="detected_objects")

if detected_objects:
    flower_pots = [bbox for box in detected_objects['baseball'][0]['box'] for bbox, text, _ in box]  # Filter for flower pots

    if not flower_pots:
        final_result = "C"
    else:
        final_result = "D"

print("Final result:", final_result)

============================== END ==============================

[EXECUTION EXCEPTION]
No module named 'tool_object_detector_tool'
code: 
from tool_object_detector_tool import Object_Detector_Tool

# Load training images
trained_image_data = {"baseball": np.empty((0, 3, 224, 224)),
                      "basket": np.empty((0, 3, 224, 224))}

# Iterate over each flower pot in the image
for flower_pots in flower_pots_image:
    # Detect objects in the image for each label
    for object_label in label_objects:
        for object_dict in trained_object_data[object_label]:
            # Check if all object details are present in the image
            if (
                "bbox" in object_dict
                and "score" in object_dict
                and "box" in object_dict["bbox"]
                and "x0" in object_dict["bbox"]
                and "x1" in object_dict["bbox"]
                and "y0" in object_dict["bbox"]
                and "y1" in object_dict["bbox"]
            ):
                # Detect objects in each flower pot
                for flower_pot in flower_pots:
                    for flower_pot_dict in flower_pots[object_label]:
                        if (
                            "bbox" in flower_pot_dict
                            and "score" in flower_pot_dict
                            and "box" in flower_pot_dict["bbox"]
                            and "x0" in flower_pot_dict["bbox"]
                            and "x1" in flower_pot_dict["bbox"]
                            and "y0" in flower_pot_dict["bbox"]
                            and "y1" in flower_pot_dict["bbox"]
                        ):
                            # Check if the flower pot contains the detected object
                            if (
                                "center_x" in flower_pot_dict["bbox"]
                                and "center_y" in flower_pot_dict["bbox"]
                            ):
                                # Check if the object is located inside the flower pot
                                if (
                                    int(201 - x0) < int(circle.x0) < int(circle.x1) and
                                    int(201 - y0) < int(circle.y0) < int(circle.y1)
                                ):
                                    # Calculate the confidence score based on the overlap with the flower pot
                                    confidence = len(np.where(circle.contains(circle.xcenter, circle.ycenter))[0])

                                    # Store object information in the data
                                    flower_poot_data = [flower_pot_dict[object_label], object_dict, confidence]
                                    trained_object_data[object_label].append(flower_poot_data)

# Iterate over each flower pot to count the number of flower pots with flowers in them
for flower_pots in tracked_flower_pots:
    # Count the number of flower pots with flowers in them
    count = len(list(filter(lambda p: len(p["boxes"]) > 0, flower_pots)))

    # Save the flower pots with flowers in them to the final result
    if count:
        final_result.append([str(label), count])
    else:
        final_result.append("None")

============================== END ==============================

[EXECUTION EXCEPTION]
Object_Detector_Tool.execute() missing 1 required positional argument: 'labels'
code: 
from object_detector import Object_Detector_Tool

# Load model, weights, and configuration
object_detector_tool = Object_Detector_Tool()

# Load the image
image_path = "/home/stud/wxie/BLINK_Dataset/Counting/val/images/val_Counting_42_image_1.jpg"
image_info = object_detector_tool.execute(image=image_path)

# Specify language codes as "en" for English, "de" for German
languages = ["en", "de"]

# Detect text in the image
result = object_detector_tool.execute(image=image_path, languages=languages)

# Check the result and get the number of detected objects
text_detected_results = result[0]
if len(text_detected_results) > 0:
    detected_objects = [box_dict["bbox"] for box_dict in text_detected_results]
    total_count = len(detected_objects)
else:
    detected_objects = []
    total_count = len(detected_objects)

# Extract the number of flower pots
flower_pots_count = len(detected_objects)
final_result = str(flower_pots_count)

============================== END ==============================
