
============================== NEW SCCESSFUL EXECUTION ==============================
[EXEC CODE]
final_result = {'counted flower pots': 5, 'other flower pots': 0}
[THE PRINT OUTPUT]

[GENERATE FINAL_RESULT]
{'counted flower pots': 5, 'other flower pots': 0}

============================== END ==============================

============================== NEW SCCESSFUL EXECUTION ==============================
[EXEC CODE]
final_result = 4
[THE PRINT OUTPUT]

[GENERATE FINAL_RESULT]
4

============================== END ==============================

============================== NEW SCCESSFUL EXECUTION ==============================
[EXEC CODE]
final_result = 2
[THE PRINT OUTPUT]

[GENERATE FINAL_RESULT]
2

============================== END ==============================

============================== NEW SCCESSFUL EXECUTION ==============================
[EXEC CODE]
final_result = 3
[THE PRINT OUTPUT]

[GENERATE FINAL_RESULT]
3

============================== END ==============================

============================== NEW SCCESSFUL EXECUTION ==============================
[EXEC CODE]
final_result = 'B'
print(final_result)
[THE PRINT OUTPUT]
B

[GENERATE FINAL_RESULT]
B

============================== END ==============================
