--- Completion 1 ---
<command>
from object_detector import Object_Detector_Tool
final_result = Object_Detector_Tool.execute(image='path_to_image.png', labels=['DiningTable'], save_object=True, saved_image_path='DiningTables')
print(final_result)
</command>
Reward: 1.0

--- Completion 2 ---
<command>
from object_detector import Object_Detector_Tool

final_result = Object_Detector_Tool.execute(image='path_to_image.png', labels=['baseball', 'basket'], save_object=True)

print("Detected objects:", final_result)
</command>
Reward: 1.0

--- Completion 3 ---
<command>
from Object_Detector_Tool import Object_Detector_Tool
# Example image and labels
image_path = '/nfs/data8/liao/wxie/SAT/SAT_images_train/7522_0.png'
labels_1 = ['baseball', 'basket']
result = Object_Detector_Tool.execute(image=image_path, labels=labels_1, save_object=True, saved_image_path='detected_objects')
detected_objects = result[0]
object_number = result[1]

final_result = {
  'diningTables': not len(detected_objects)
}
</command>
Reward: 1.0

--- Completion 4 ---
<command>
from object_detector import Object_Detector_Tool

final_result = Object_Detector_Tool.execute(image="/path/to/directory/image.png", labels=["dining", "table"], save_object=True, saved_image_path="dining_table")
print(final_result)
</command>
Reward: 1.0

--- Completion 5 ---
<command>
from object_detector import Object_Detector_Tool

final_result = Object_Detector_Tool.execute(image='path/to/image.png', labels=['baseball', 'basket'], save_object=True, saved_image_path='detected_objects')

print(f"Number of baseball and basket detected: {final_result['object_number']['baseball']} and {final_result['object_number']['basket']}.")
print(final_result)
</command>
Reward: 1.0

--- Completion 6 ---
<command>
from Object_Detector_Tool import Object_Detector_Tool
final_result = Object_Detector_Tool.execute(label="DiningTable", path="/nfs/data8/liao/wxie/SAT/SAT_images_train/7522_0.png")
print(final_result)
</command>
Reward: 1.0

