
============================== New Completed Execution ==============================
[EXEC CODE]
final_result = "1"

[THE PRINT OUTPUT]

[GENERATE VALID FINAL_RESULT]
1

============================== END ==============================


============================== New Completed Execution ==============================
[EXEC CODE]
final_result = "1 GarbageCan is visible in the scene."


[THE PRINT OUTPUT]

[GENERATE VALID FINAL_RESULT]
1 GarbageCan is visible in the scene.

============================== END ==============================


============================== New Completed Execution ==============================
[EXEC CODE]
final_result = "1 GarbageCans"

[THE PRINT OUTPUT]

[GENERATE VALID FINAL_RESULT]
1 GarbageCans

============================== END ==============================


============================== New Completed Execution ==============================
[EXEC CODE]
final_result = "1"
print(final_result)

[THE PRINT OUTPUT]
1

[GENERATE VALID FINAL_RESULT]
1

============================== END ==============================


============================== New Completed Execution ==============================
[EXEC CODE]
final_result = "1"

[THE PRINT OUTPUT]

[GENERATE VALID FINAL_RESULT]
1

============================== END ==============================


============================== New Completed Execution ==============================
[EXEC CODE]
final_result = "1 GarbageCan"

[THE PRINT OUTPUT]

[GENERATE VALID FINAL_RESULT]
1 GarbageCan

============================== END ==============================

