
============================== New Completed Execution ==============================
[EXEC CODE]

final_result = "4"

[THE PRINT OUTPUT]

[GENERATE VALID FINAL_RESULT]
4

============================== END ==============================


============================== New Completed Execution ==============================
[EXEC CODE]

final_result = "2"

[THE PRINT OUTPUT]

[GENERATE VALID FINAL_RESULT]
2

============================== END ==============================


============================== New Completed Execution ==============================
[EXEC CODE]

final_result = "1"
print(final_result)

[THE PRINT OUTPUT]
1

[GENERATE VALID FINAL_RESULT]
1

============================== END ==============================


============================== New Completed Execution ==============================
[EXEC CODE]

final_result = "1"

[THE PRINT OUTPUT]

[GENERATE VALID FINAL_RESULT]
1

============================== END ==============================


============================== New Completed Execution ==============================
[EXEC CODE]

final_result = "1"
print(final_result)

[THE PRINT OUTPUT]
1

[GENERATE VALID FINAL_RESULT]
1

============================== END ==============================


============================== New Completed Execution ==============================
[EXEC CODE]

final_result = "4"

[THE PRINT OUTPUT]

[GENERATE VALID FINAL_RESULT]
4

============================== END ==============================


============================== New Completed Execution ==============================
[EXEC CODE]

final_result = "3"
print(final_result)

[THE PRINT OUTPUT]
3

[GENERATE VALID FINAL_RESULT]
3

============================== END ==============================


============================== New Completed Execution ==============================
[EXEC CODE]

final_result = "3"

[THE PRINT OUTPUT]

[GENERATE VALID FINAL_RESULT]
3

============================== END ==============================

