
[QAid]1494_0

[Code Includes Tools Usage]
code: 

from object_detector_tool import object_detector_tool  # Import Object_Detector_Tool

def count_objects(image_path, labels, threshold=0.35, model_size='tiny', save_object=False):
    """
    Detects objects in an image using the Grounding DINO model.
    """
    
    detected_objects = {'baseball': [], 'basket': []}
    object_number = {'baseball': 0, 'basket': 0}
    
    image = image_path.split('/')[-1].replace('.png', '')  # Extract the file extension from the image filename
    
    if not save_object:
        try:
            object_detector_tool = object_detector_tool()
            result = object_detector_tool.execute(image, labels, threshold, model_size, save_object)
        
            for label, detection in result['bbox']:
                if label in labels:
                    if detection['score'] > 0.35:
                        detected_objects[label].append({'box': detection['box'], 'score': detection['score'], 'saved_image_path': detection['saved_image_path']})
                    object_number[label] += 1
        except Exception as e:
            print(f"Exception: {e}")
    
    return detected_objects, object_number

============================== END ==============================


[QAid]1494_0

[Code Extraction Failed or Parse Failed]

invalid syntax (<unknown>, line 2)

Completion Content: 
<command>
```python
from object_detector_tool import Object_Detector_Tool

# Assuming the image path is '/path/to/image.png'
object_detector_tool = Object_Detector_Tool()
label_to_objects, count = object_detector_tool.execute(image='path/to/image.png', labels=['baseball', 'basket'], save_object=True, saved_image_path='detected_objects')

detected_objects = [{'label': label, 'objects': detection} for label, detection in object_detector_tool.object_to_bbox(detected_objects) if label in set(labels)]
count['total'] = len(detected_objects)

if 'total' in count:
  print(count)
else:
  print("No text detected in the image.")
```
</command>
============================== END ==============================


[QAid]1494_0

[Code does not include Tools Usage]
code: 

from tool_objectObject_Detector_Tool import Object_Detector_Tool

def count_counter_tops():
    counter_tops = 0
    for counter_top in range(len(counter_tops)) :
        if counter_tops[counter_top] == False:
            counter_tops[counter_top] = True
        elif counter_tops[counter_top] == True:
            counter_tops[counter_top] = False
    return counter_tops

counter_tops = count_counter_tops()

for counter_top in range(len(counter_tops)):
    if counter_tops[counter_top]:
        if counter_top == 0:
            print(f"Counter Top {counter_top} is selected")
        else:
            print(f"Counter Top {counter_top} is not selected")

final_result = count_counter_tops()

if final_result:
  return f"Counter top {final_result} has been selected as the Counter Top Selection."
else:
  return f"Counter top {final_result} has not been selected as the Counter Top Selection."


============================== END ==============================


[QAid]1494_0

[Code Includes Tools Usage]
code: 

from object_detector_tool import Object_Detector_Tool
from text_detector_tool import Text_Detector_Tool

def count_counter_tops(image_path):
    object_detector_tool = Object_Detector_Tool()
    object_number = {}
    detected_objects, image_count = object_detector_tool.execute(image=image_path, labels=['counter', 'sink'], save_object=False, saved_image_path='detected_objects')
    for object in detected_objects:
        if 'counter' in object['label'] or 'sink' in object['label']:
            object_number[object['label']] = object_number.get(object['label'], 0) + 1
    
    for label, count in object_number.items():
        print(f"{label} : {count}")

def classify_text(image_path, languages=['en', 'de']):
    text_detector_tool = Text_Detector_Tool()
    result = text_detector_tool.execute(image=image_path, languages=languages, detail=0)
    text_blocks = []
    for block in result:
        text_blocks.append({
            "bbox": block["bbox"],
            "text": block["text"],
            "confidence": block["confidence"]
        })
    return text_blocks

def main():
    image_path = "/nfs/data8/liao/wxie/SAT/SAT_images_train/1494_0.png"
    counter_top_count = count_counter_tops(image_path)
    for label, count in counter_top_count.items():
        print(f"{label} {count}")

    text_blocks = classify_text(image_path)
    print("Text Blocks:")
    for block in text_blocks:
        print(f" {block['text']} : {block['confidence']}")

============================== END ==============================


[QAid]1494_0

[Code Includes Tools Usage]
code: 

from object_detector_tool import Object_Detector_Tool

# Define the image path
image_path = "/nfs/data8/liao/wxie/SAT/SAT_images_train/1494_0.png"

# Perform object detection
result = Object_Detector_Tool.execute(image_path, ["baseball", "basket"], False, "base")

# Check if objects were detected successfully
if result is not None:
    for label in ["baseball", "basket"]:
        # Filter the detected objects by specific label
        filtered_results = [entry for entry in result if entry['label'] == label]
        
        # Get the number of detected objects
        objects_count = len(filtered_results)

        # Print the results
        print(f"Number of {label} detected objects: {objects_count}")
    
else:
    print("Failed to detect the specified objects.")

============================== END ==============================


[QAid]1494_0

[Code does not include Tools Usage]
code: 

============================== END ==============================

