
[Exctuion Failed]

No module named 'Object_Detector_Tool'
code: 

from Object_Detector_Tool import Object_Detector_Tool

# Load image
image = "/path/to/image.png"

# Detect objects
objects = Object_Detector_Tool.execute(image=image, labels=['chair', 'television'], save_object=True)

# Print detected objects dictionary
print(objects)


============================== END ==============================


[Exctuion Failed]

Object_Detector_Tool.execute() missing 1 required positional argument: 'self'
code: 

from object_detector import Object_Detector_Tool

final_result = Object_Detector_Tool.execute(image='path/to/image.png', labels=['chair', 'window'], threshold=0.35, save_object=True, saved_image_path='detected_objects')

print(final_result)


============================== END ==============================


[Exctuion Failed]

Object_Detector_Tool.execute() missing 1 required positional argument: 'self'
code: 

from object_detector import Object_Detector_Tool

final_result = Object_Detector_Tool.execute(image='path/to/image.png', labels=['chair', 'table'], save_object=True)

print("Black wooden chair with four legs is further away from the television.")
if 'chair' in final_result[0]:
    print("The bounding box of the chair (x1, y1, x2, y2) is [chair x1 (leftmost) and chair x2 (rightmost) values]")
    print("To see bounding box in an image, run: from_object = final_result[1][chair]")

if 'table' in final_result[0]:
    print("The bounding box of the table (x1, y1, x2, y2) is [table x1 (leftmost) and table x2 (rightmost) values]")
    print("To see bounding box in an image, run: from_object = final_result[1][table]")

if 'television' in final_result[0]:
    print("The bounding box of the television is [television x1 (leftmost) and television x2 (rightmost) values]")
    print("To see bounding box in an image, run: from_object = final_result[1][television]")


============================== END ==============================


[Exctuion Failed]

No module named 'Object_Detector_Tool'
code: 

from Object_Detector_Tool import Object_Detector_Tool

final_result = {
    "further away": False,
    "in front": False
}

# Detect
detected_objects = Object_Detector_Tool.execute(image='path/to/image.png', labels=['chair', 'table'], save_object=True, saved_image_path='detected_objects')

# Calculate number of chairs and tables
object_number = {label.split(':')[0]: 0 for label in detected_objects}
total_object_count = {label.split(':')[0]: 0 for label in detected_objects.keys()}

# Check chair and table counts
if chair in detected_objects or table in detected_objects:
    final_result["further away"] = True if chair in detected_objects else False
    final_result["in front"] = True if table in detected_objects else False

# Print the final result
print(final_result)


============================== END ==============================


[Exctuion Failed]

Object_Detector_Tool.execute() missing 1 required positional argument: 'self'
code: 

from object_detector import Object_Detector_Tool

# Step 1: Detect and save objects
detected_objects, object_number = Object_Detector_Tool.execute(image='path/to/image.png', labels=['green', 'red'], save_object=True, saved_image_path='detected_objects')

print(detected_objects)


============================== END ==============================

