
============================== New Completed Execution ==============================
[EXEC CODE]
final_result = 'lowprofile bed with blue bedding'
[THE PRINT OUTPUT]

[GENERATE VALID FINAL_RESULT]
lowprofile bed with blue bedding

============================== END ==============================


============================== New Completed Execution ==============================
[EXEC CODE]
final_result = "lowprofile bed with blue bedding"
[THE PRINT OUTPUT]

[GENERATE VALID FINAL_RESULT]
lowprofile bed with blue bedding

============================== END ==============================


============================== New Completed Execution ==============================
[EXEC CODE]
final_result = "lowprofile bed with blue bedding"
[THE PRINT OUTPUT]

[GENERATE VALID FINAL_RESULT]
lowprofile bed with blue bedding

============================== END ==============================


============================== New Completed Execution ==============================
[EXEC CODE]
final_result = "lowprofile bed with blue bedding"
[THE PRINT OUTPUT]

[GENERATE VALID FINAL_RESULT]
lowprofile bed with blue bedding

============================== END ==============================


============================== New Completed Execution ==============================
[EXEC CODE]
final_result = "lowprofile bed with blue bedding"
[THE PRINT OUTPUT]

[GENERATE VALID FINAL_RESULT]
lowprofile bed with blue bedding

============================== END ==============================


============================== New Completed Execution ==============================
[EXEC CODE]
final_result = "lowprofile bed with blue bedding"
[THE PRINT OUTPUT]

[GENERATE VALID FINAL_RESULT]
lowprofile bed with blue bedding

============================== END ==============================


============================== New Completed Execution ==============================
[EXEC CODE]
final_result = "lowprofile bed with blue bedding"
[THE PRINT OUTPUT]

[GENERATE VALID FINAL_RESULT]
lowprofile bed with blue bedding

============================== END ==============================

