
============================== New Completed Execution ==============================
[EXEC CODE]
final_result = {
  "Number_of_chairs": 6,
  "number_of_detected_objects": {
    "baseball": 1,
    "basket": 2
  }
}
[THE PRINT OUTPUT]

[GENERATE VALID FINAL_RESULT]
{'Number_of_chairs': 6, 'number_of_detected_objects': {'baseball': 1, 'basket': 2}}

============================== END ==============================


============================== New Completed Execution ==============================
[EXEC CODE]
final_result = "6"

[THE PRINT OUTPUT]

[GENERATE VALID FINAL_RESULT]
6

============================== END ==============================


============================== New Completed Execution ==============================
[EXEC CODE]
final_result = "7"

[THE PRINT OUTPUT]

[GENERATE VALID FINAL_RESULT]
7

============================== END ==============================


============================== New Completed Execution ==============================
[EXEC CODE]
final_result = "6"

[THE PRINT OUTPUT]

[GENERATE VALID FINAL_RESULT]
6

============================== END ==============================


============================== New Completed Execution ==============================
[EXEC CODE]
final_result = "6"

[THE PRINT OUTPUT]

[GENERATE VALID FINAL_RESULT]
6

============================== END ==============================


============================== New Completed Execution ==============================
[EXEC CODE]
final_result = "{'chinese_chairs': 7, 'total_chairs': 6, 'other_missing_chairs': 9}"

[THE PRINT OUTPUT]

[GENERATE VALID FINAL_RESULT]
{'chinese_chairs': 7, 'total_chairs': 6, 'other_missing_chairs': 9}

============================== END ==============================

