--- Completion 1 ---
from object_detector import Object_Detector_Tool

final_result = {
    "1": len([x for x in detected_objects['baseball'] if x['score'] == 0.92]),
    "4": len([x for x in detected_objects['basket'] if x['score'] == 0.85]),
    "2": len(obj_number),
    "5": detected_objects
}
Reward: 0.0

--- Completion 2 ---
final_result = "2"
Generated lines
Reward: 0.0

--- Completion 3 ---
To count the number of fridge in the scene, we can use the object_detection tool.

```python
from object_detector_tool import *
object_number = {}
object_numbers = {}
# Detection logic goes here
```

You can further analyze and count the fridges from there.
Reward: 0.0

--- Completion 4 ---
final_result
Reward: 0.0

--- Completion 5 ---
final_result
Reward: 0.0

--- Completion 6 ---
from object_detector_tool import Object_Detector_Tool
generated_lines = ""
generated_lines += "Object_Detector_Tool().execute(image=\"path/to/directory/path/image.jpg\"\n", "labels=['fridg', 'tv'], save_object=True, saved_image_path=\"objects/\"),\n"
generated_lines += "Object_Detector_Tool().execute(image=\"path/to/directory/path/image.jpg\")\n"
final_result = "".join(generated_lines)
print(final_result)
Reward: 0.0

