
[EXECUTION EXCEPTION]
Object_Detector_Tool.execute() missing 1 required positional argument: 'self'
code:from object_detector import Object_Detector_Tool

# Step 1: Load the image
image_path = "/home/stud/wxie/BLINK_Dataset/Counting/val/images/val_Counting_105_image_1.jpg"

# Step 2: Apply the object detector
detected_objects = Object_Detector_Tool.execute(image=image_path, labels=["Merchant Marines Veterans Plaza", "One Way", "Greenwich St"], save_object=True)

# Step 3: Extract the necessary information from the detected objects
number_of_signs = int(detected_objects['object_number'])

final_result = {
    "number_of_signs": number_of_signs,
    "detected_objects": detected_objects
}

[EXECUTION EXCEPTION]
No module named 'object_detector.model_detector'
code:from object_detector.model_detector import Object_Detector_Tool

# Call the tool to detect the signs
detected_objects = Object_Detector_Tool.execute(image="/home/stud/wxie/BLINK_Dataset/Counting/val/images/val_Counting_105_image_1.jpg", labels=["MERCHANT MARINES"], save_object=True, saved_image_path="detected_objects")
object_number = len(detected_objects["detected_objects"])

final_result = {
    "total_number_of_signs_with_arrows": object_number,
    "signs_with_arrows": detected_objects["detected_objects"]
}

[EXECUTION EXCEPTION]
Object_Detector_Tool.__init__() takes 1 positional argument but 2 were given
code:from object_detector import Object_Detector_Tool

# Step 1: Load the image
image_path = "/home/stud/wxie/BLINK_Dataset/Counting/val/images/val_Counting_105_image_1.jpg"
detector_tool = Object_Detector_Tool(image_path)
detect_result = detector_tool.execute(labels=['Greenwich St', 'Merchant Marine', 'Veterans Park', 'One Way'],save_object=True, saved_image_path="Greenwich St detected")

# Step 2: Count detect results
category_dict = {}
for image_type, results in detect_result:
    for key, value in results.items():
        if key in ["boxes", "confidence_scores", "saved_image_paths"]:
            category_dict[key] = len(value)

final_result = category_dict

[EXECUTION EXCEPTION]
invalid syntax (<string>, line 3)
code:import_module: "object_detector"
import_name: "Object_Detector_Tool"
object_labels: ["right_direction"],
threshold: 0.8,
model_size: "tiny",
save_object: True,
saved_image_path: "detected_objects",
