--- Completion 1 ---
<command>final_result = 0</command>
Reward: 0.5

--- Completion 2 ---
<command>final_result = 0</command>
Reward: 0.5

--- Completion 3 ---
<command>
from object_detector import Object_Detector_Tool

final_result = {
    "DiningTableCount": 1,
    "NoOfNoDiningTables": 0
}

if "/nfs/data8/liao/wxie/SAT/SAT_images_train/1768_0.png" in question:
    dining_table_image = "/nfs/data8/liao/wxie/SAT/SAT_images_train/1768_0.png"
    
    try:
        dining_table_rect = Object_Detector_Tool.execute(image=dining_table_image, labels=["Dining Table"], save_object=True, saved_image_path="dining_tables")
    except Exception as e:
        final_result["NoOfNoDiningTables"] += 1
        final_result["DiningTableCount"] += 1
        print(f"Error detecting dining table: {e}")
        final_result["NoOfNoDiningTables"] += 1
        final_result["DiningTableCount"] += 1
        
    if len(dining_table_rect):
        no_dining_table = float(final_result["NoOfNoDiningTables"]) / len(dining_table_rect)
        final_result["DiningTableCount"] = len(dining_table_rect)
    else:
        no_dining_table = 1
            
    if len(dining_table_rect) == 1:
        final_result["DiningTableCount"] += 1
            
    else:
        final_result["DiningTableCount"] += len(dining_table_rect) - 1
        
    print(f"No. of dining tables found in the image: {final_result['DiningTableCount']}")

else:
    final_result = {"NoOfNoDiningTables": 0, "DiningTableCount": 0}
    
    try:
        dining_table_image = "/nfs/data8/liao/wxie/SAT/SAT_images_train/1768_0.png"
    except Exception as e:
        final_result["NoOfNoDiningTables"] += 1
        final_result["DiningTableCount"] += 1
        print(f"Error detecting dining table: {e}")
        final_result["NoOfNoDiningTables"] += 1
        final_result["DiningTableCount"] += 1

        if len(dining_table_rect) == 0:
            final_result["DiningTableCount"] += 0
        elif len(dining_table_rect) == 
Reward: 0.0

--- Completion 4 ---
<command>final_result = 2</command>
Reward: 0.5

--- Completion 5 ---
<command>final_result = 2</command>
Reward: 0.5

--- Completion 6 ---
<command>final_result = 0</command>
Reward: 0.5

