
============================== NEW SCCESSFUL EXECUTION ==============================
[EXEC CODE]
from object_detector import Object_Detector_Tool
[THE PRINT OUTPUT]

[GENERATE FINAL_RESULT]
None

============================== END ==============================

============================== NEW SCCESSFUL EXECUTION ==============================
[EXEC CODE]
final_result = 5
[THE PRINT OUTPUT]

[GENERATE FINAL_RESULT]
5

============================== END ==============================

============================== NEW SCCESSFUL EXECUTION ==============================
[EXEC CODE]
from object_detector import Object_Detector_Tool
from text_detector import Text_Detector_Tool
from letter_detector import Letter_Detector_Tool

final_result = ""
final_result += "Number of drive wheels on the engine is " + \
   "not visible in the image. Option : (D)."

print(final_result)
[THE PRINT OUTPUT]
Number of drive wheels on the engine is not visible in the image. Option : (D).

[GENERATE FINAL_RESULT]
Number of drive wheels on the engine is not visible in the image. Option : (D).

============================== END ==============================
