
[Exctuion Failed]

Object_Detector_Tool.execute() missing 1 required positional argument: 'self'
code: 

from object_detector import Object_Detector_Tool

final_result = Object_Detector_Tool.execute(image='path/to/image.png', labels=['Counter Table'], threshold=0.5, save_object=True, saved_image_path='detected_objects')
print(final_result)


============================== END ==============================


[Exctuion Failed]

Object_Detector_Tool.execute() missing 1 required positional argument: 'self'
code: 

from object_detector import Object_Detector_Tool

# Call object detector tool with the image path and labels
result = Object_Detector_Tool.execute(image='/path/to/image.png', labels=['counter', 'Table', 'Sink'], save_object=True) 

# Check if objects were detected
if len(result['counter']) >= 1 and len(result['Table']) >= 1 and len(result['Sink']) >= 1:
    objects_detected = result['counter'][0]['box'][0]  # First object's bounding box
    counter_number = len(result['counter']) + 1  # Counting the counter
    sink_number = len(result['Sink']) + 1  # Counting the sink

    final_result = {"counters": {"baseball": {"number_detected": counter_number}, "table": {"number_detected": sink_number}}, 
                    "total_objects": {"baseball": 1, "table": 0, "sink": 0}}
else:
    final_result = None

print(final_result)


============================== END ==============================


[Exctuion Failed]

Object_Detector_Tool.execute() got an unexpected keyword argument 'thresholds'
code: 

from object_detector import Object_Detector_Tool

final_result = Object_Detector_Tool.execute(image='path/to/image.png', labels=['CounterTop'], thresholds=[0.35], size='base', save_object=True)

print(final_result)


============================== END ==============================


[Exctuion Failed]

Object_Detector_Tool.execute() missing 2 required positional arguments: 'self' and 'image'
code: 

from object_detector import Object_Detector_Tool

final_result = Object_Detector_Tool.execute(labels=['countertop'], model_size='tiny', save_object=False)

print(final_result)


============================== END ==============================


[Exctuion Failed]

No module named 'Object_Detector_Tool'
code: 

from Object_Detector_Tool import Object_Detector_Tool

final_result = {}

final_result['count'] = object_Detector_Tool.execute(image='path/to/image.png', labels=['CounterTable'], save_object=False, saved_image_path='counter_table')

final_result['counter_table_count'] = object_Detector_Tool.execute(image='path/to/image.png', labels=['CounterTable'], save_object=True, saved_image_path='image_counter_table_1.png')

print(final_result)


============================== END ==============================


[Exctuion Failed]

Object_Detector_Tool.execute() missing 1 required positional argument: 'self'
code: 

from object_detector import Object_Detector_Tool

final_result = Object_Detector_Tool.execute(image='path/to/screenshot.png', labels=['counter table', 'blue stool'], save_object=True, saved_image_path='counter_tables_stools')
print(final_result)


============================== END ==============================

