
[EXECUTION EXCEPTION]
invalid syntax (<string>, line 1)
code:from_object_detector_tool:Object_Detector_TOOL, import_name: Object_Detector_TOOL

[EXECUTION EXCEPTION]
not enough values to unpack (expected 2, got 0)
code:from object_detector import Object_Detector_Tool

# Load detection model
object_detector = Object_Detector_Tool()

# Use model to detect objects
detected_objects, object_number = object_detector.execute(image="/home/stud/wxie/BLINK_Dataset/Counting/val/images/val_Counting_71_image_1.jpg", labels=["yellow star"], save_object=True, saved_image_path="detected_objects")

# Get total count of yellow stars
total_count = object_number["yellow star"]

if total_count == 1:
    final_result = "D"
else:
    final_result = "E"

final_result

[EXECUTION EXCEPTION]
list indices must be integers or slices, not str
code:from object_detector import Object_Detector_Tool

# Read the image
detect = Object_Detector_Tool().execute(
    image=r"/home/stud/wxie/BLINK_Dataset/Counting/val/images/val_Counting_71_image_1.jpg",
    labels=["bridge",
            "yellow star",
            "white star"],
    threshold=.45,
    model_size="tiny",
    save_object=True,
    saved_image_path="detected_objects",)

# Extract count for yellow star
y_star = 6
final_result = 1
for l in detect["object_number"]:
    if l["label"] == "yellow star":
        final_result += l["count"]
print(final_result)

[EXECUTION EXCEPTION]
list indices must be integers or slices, not str
code:from object_detector import Object_Detector_Tool

image_path = "/home/stud/wxie/BLINK_Dataset/Counting/val/images/val_Counting_71_image_1.jpg"

# Create an object_detector object
detector = Object_Detector_Tool()

# Execute the detection
predictions = detector.execute(image_path, labels=["baseball", "basket"], threshold=0.45, save_object=False)

# Extract the yellow stars
yellow_stars_count = 0
for prediction in predictions["detected_objects"]:
    if "boxes" in prediction and prediction["boxes"] and prediction["boxes"]["bbox"][0] in ("25", "26") and prediction["boxes"]["bbox"][2] - prediction["boxes"]["bbox"][0] == 1.5 and "label" in prediction and prediction["label"] == "yellow star" and prediction["confidence_scores"] >= 0.3:
        yellow_stars_count += 1

final_result = yellow_stars_count

[EXECUTION EXCEPTION]
Object_Detector_Tool.execute() missing 1 required positional argument: 'self'
code:from object_detector import Object_Detector_Tool
final_result = Object_Detector_Tool.execute(image="/home/stud/wxie/BLINK_Dataset/Counting/val/images/val_Counting_71_image_1.jpg", labels=["yellow star"], save_object=True)

[EXECUTION EXCEPTION]
No module named 'object_detector.detect'
code:from object_detector.detect import Object_Detector_Tool

# Load image
image_path = "/home/stud/wxie/BLINK_Dataset/Counting/val/images/val_Counting_71_image_1.jpg"

# Create object_detector_Tool instance
tool = Object_Detector_Tool(
    image_path,
    labels=["baseball", "basket"],
    save_object=False,
    saved_image_path="detected_objects"
)

# Perform object detection and visualize
tool.execute()

[None RESULT]

