
[Exctuion Failed]

Object_Detector_Tool.execute() missing 1 required positional argument: 'self'
code: 

from object_detector import Object_Detector_Tool

final_result = Object_Detector_Tool.execute(image='path/to/image.png', labels=['statue'], save_object=True, saved_image_path='detected_objects')
print(final_result)


============================== END ==============================


[Exctuion Failed]

name 'Object_Detector_Tool' is not defined
code: 
detected_objects, object_number = Object_Detector_Tool.execute(image='path_to_image.png', labels=['baseball', 'basket'], save_object=True, saved_image_path='detected_objects')

============================== END ==============================


[Exctuion Failed]

invalid syntax (<string>, line 1)
code: 
python3 detect_vision.py image='path_to_living_room_image.png' languages=['en', 'de'] outdir= 'detected_objects' detail=0

============================== END ==============================


[Exctuion Failed]

Object_Detector_Tool.execute() missing 1 required positional argument: 'self'
code: 

from object_detector import Object_Detector_Tool

detected_objects, object_number = Object_Detector_Tool.execute(image='path/to/image.png', labels=[" statues"])
print(detected_objects)
print(object_number)


============================== END ==============================


[Exctuion Failed]

Object_Detector_Tool.execute() missing 1 required positional argument: 'self'
code: 

from object_detector import Object_Detector_Tool

final_result = Object_Detector_Tool.execute(image='path/to/image.png', labels=[1, 2], save_object=True, saved_image_path='detected_objects')
print(final_result)


============================== END ==============================

