--- Completion 1 ---
final_result
Reward: 0.0

--- Completion 2 ---
```
from object_detector import Object_Detector_Tool
final_result = Object_Detector_Tool.execute(image='path/to/image.png', labels=['baseball', 'basket'], save_object=True, saved_image_path='detected_objects')
print(f"Detected objects and number of objects: {final_result}")
```
Reward: 0.0

--- Completion 3 ---
final_result = "1"
Reward: 0.0

--- Completion 4 ---
final_result: 1
Reward: 0.0

--- Completion 5 ---
To find the number of paintings, I will use the Text_Detector_Tool tool. This tool can detect text in an image and also support multiple languages. I will search for paintings by their text tags in English and German.

import Text_Detector_Tool
Reward: 0.0

--- Completion 6 ---
final_result
Reward: 0.0

