
============================== NEW SCCESSFUL EXECUTION ==============================
[EXEC CODE]
from object_detector import Object_Detector_Tool
[THE PRINT OUTPUT]

[GENERATE FINAL_RESULT]
None

============================== NEW SCCESSFUL EXECUTION ==============================
[EXEC CODE]
from object_detector import Object_Detector_Tool
[THE PRINT OUTPUT]

[GENERATE FINAL_RESULT]
None

============================== NEW SCCESSFUL EXECUTION ==============================
[EXEC CODE]
final_result = {"answer": "2", "reasoning": "The image shows two people wearing red coats on the ski lift, fitting the definition of having two people wearing a red coat."}
[THE PRINT OUTPUT]

[GENERATE FINAL_RESULT]
{'answer': '2', 'reasoning': 'The image shows two people wearing red coats on the ski lift, fitting the definition of having two people wearing a red coat.'}

============================== NEW SCCESSFUL EXECUTION ==============================
[EXEC CODE]
from_object_detector_tool = Object_Detector_Tool()
[THE PRINT OUTPUT]

[GENERATE FINAL_RESULT]
None
