
[QAid]14101_0

[Code Includes Tools Usage]
code: 

from object_detector import Object_Detector_Tool

final_result = Object_Detector_Tool().execute()

============================== END ==============================


[QAid]14101_0

[Code Extraction Failed or Parse Failed]

invalid syntax (<unknown>, line 5)

Completion Content: 
<command>
from object_detector import Object_Detector_Tool

final_result = Object_Detector_Tool().execute(image='path/to/image', labels=['baseball', 'basket'], save_object=True)
<command>
print(final_result)
</command>
============================== END ==============================


[QAid]14101_0

[Code Includes Tools Usage]
code: 

from object_detector import Object_Detector_Tool

final_result = Object_Detector_Tool().execute(
    image='path/to_image.png',  # Replace path with the actual image path
    labels=['baseball', 'basket'],  # Labels to detect
    save_object=True,  # Save detected objects if True
    saved_image_path='detected_objects'
)
print(final_result)
final_result

============================== END ==============================


[QAid]14101_0

[Code Includes Tools Usage]
code: 

from object_detector import Object_Detector_Tool

final_result = Object_Detector_Tool().execute(image='path/to/image', labels=['baseball', 'basket'], save_object=False, saved_image_path='detected_objects')

============================== END ==============================


[QAid]14101_0

[Code Includes Tools Usage]
code: 

from object_detector import Object_Detector_Tool

final_result = Object_Detector_Tool().execute(image="/nfs/data8/liao/wxie/SAT/SAT_images_train/14101_0.png", labels=["ShelvingUnit"], save_object=True, saved_image_path="detected_objects")
print(final_result)

============================== END ==============================


[QAid]14101_0

[Code Includes Tools Usage]
code: 

from tool.object_detector import Object_Detector_Tool

final_result = Object_Detector_Tool().execute(image="/nfs/data8/liao/wxie/SAT/SAT_images_train/14101_0.png", 
labels=["baseball", "basket"], save_object=True, 
saved_image_path="detected_objects")
print(final_result)

============================== END ==============================

