
============================== NEW SCCESSFUL EXECUTION ==============================
[EXEC CODE]
final_result = 0
[THE PRINT OUTPUT]

[GENERATE FINAL_RESULT]
0

============================== END ==============================

============================== NEW SCCESSFUL EXECUTION ==============================
[EXEC CODE]
final_result = 0
[THE PRINT OUTPUT]

[GENERATE FINAL_RESULT]
0

============================== END ==============================

============================== NEW SCCESSFUL EXECUTION ==============================
[EXEC CODE]
final_result = 0
[THE PRINT OUTPUT]

[GENERATE FINAL_RESULT]
0

============================== END ==============================

============================== NEW SCCESSFUL EXECUTION ==============================
[EXEC CODE]
final_result = None

# No image is provided for letter detection
final_result = "No image is provided for letter detection"

print(final_result)
[THE PRINT OUTPUT]
No image is provided for letter detection

[GENERATE FINAL_RESULT]
No image is provided for letter detection

============================== END ==============================

============================== NEW SCCESSFUL EXECUTION ==============================
[EXEC CODE]

[THE PRINT OUTPUT]

[GENERATE FINAL_RESULT]
None

============================== END ==============================

============================== NEW SCCESSFUL EXECUTION ==============================
[EXEC CODE]
final_result = {'A': 0, 'B': 0, 'C': 2, 'D': 1, 'E': 1} # no blue towels
[THE PRINT OUTPUT]

[GENERATE FINAL_RESULT]
{'A': 0, 'B': 0, 'C': 2, 'D': 1, 'E': 1}

============================== END ==============================
