
============================== New Completed Execution ==============================
[EXEC CODE]
final_result = "[{\"bbox\": [100, 150, 200, 150], \"text\": \"Detected text\",\"conf\": 0.95}, ...]"
[THE PRINT OUTPUT]

[GENERATE VALID FINAL_RESULT]
[{"bbox": [100, 150, 200, 150], "text": "Detected text","conf": 0.95}, ...]

============================== END ==============================


============================== New Completed Execution ==============================
[EXEC CODE]
final_result = "2"
[THE PRINT OUTPUT]

[GENERATE VALID FINAL_RESULT]
2

============================== END ==============================


============================== New Completed Execution ==============================
[EXEC CODE]
final_result = "2"
[THE PRINT OUTPUT]

[GENERATE VALID FINAL_RESULT]
2

============================== END ==============================


============================== New Completed Execution ==============================
[EXEC CODE]
final_result = 2
[THE PRINT OUTPUT]

[GENERATE VALID FINAL_RESULT]
2

============================== END ==============================


============================== New Completed Execution ==============================
[EXEC CODE]
final_result = "2"
[THE PRINT OUTPUT]

[GENERATE VALID FINAL_RESULT]
2

============================== END ==============================


============================== New Completed Execution ==============================
[EXEC CODE]
final_result = 4
[THE PRINT OUTPUT]

[GENERATE VALID FINAL_RESULT]
4

============================== END ==============================


============================== New Completed Execution ==============================
[EXEC CODE]
final_result = "2"
[THE PRINT OUTPUT]

[GENERATE VALID FINAL_RESULT]
2

============================== END ==============================

