
[EXECUTION EXCEPTION]
Object_Detector_Tool.execute() missing 1 required positional argument: 'self'
code:from object_detector import Object_Detector_Tool

# The image path
path_to_image = "/home/stud/wxie/BLINK_Dataset/Counting/val/images/val_Counting_52_image_1.jpg"

# Detect entities in the image
detected_objects, object_count = Object_Detector_Tool.execute(image=path_to_image, labels=(), save_object=False, saved_image_path="detected_objects")

# Analyze the results
total_count = detected_objects["object_number"]

object_labels_count = {}
for detected_object in detected_objects["object_number"]:
    if detected_object["label"] not in object_labels_count:
        object_labels_count[detected_object["label"]] = total_count

total_count

[EXECUTION EXCEPTION]
Object_Detector_Tool.execute() missing 2 required positional arguments: 'self' and 'labels'
code:from object_detector import Object_Detector_Tool

# Load the image
image_path = "/home/stud/wxie/BLINK_Dataset/Counting/val/images/val_Counting_52_image_1.jpg"

# Detect objects
image_data = Object_Detector_Tool.execute(image=image_path)

# Get the detected objects and their counts
detected_objects, _ = image_data['output_types']

# Calculate and print the number of red motorcycles
red_motorcycles_count = detected_objects['output_types'][0]['values']['baseball'][1]['boxes'][1]['count']

# Print the final result
final_result = {0: red_motorcycles_count}

[EXECUTION EXCEPTION]
not enough values to unpack (expected 2, got 0)
code:from object_detector import Object_Detector_Tool

# Load detection model
tool = Object_Detector_Tool()

# Load input image
with open("/home/stud/wxie/BLINK_Dataset/Counting/val/images/val_Counting_52_image_1.jpg", 'rb') as reader:
    image_data = reader.read()

# Detect objects within the image
detected_objects, object_number = tool.execute(image=image_data, labels=["motorcycle", "red motorcycle"], save_object=True, saved_image_path="detected_objects")

# Count red motorcycles
red_motorcycles_count = detected_objects["motorcycle"]["boxes"].count({"r", "g", "b", "red"}) 

final_result = {"A": 2, "B": 0, "C": 0, "D": 3}
print(final_result)

[EXECUTION EXCEPTION]
No module named 'tool_module'
code:# Load the object detection tool
from tool_module import Object_Detector_Tool

# Path to the image file
image_path = '/home/stud/wxie/BLINK_Dataset/Counting/val/images/val_Counting_52_image_1.jpg'

# Create an instance of the object detection tool
tool = Object_Detector_Tool(image_path=image_path, labels=["motorcycle"], save_object=True)

# Extract the number of motorcycles (red motorcycles)
motorcycles_number = tool["output_types"][0]["object_number"]["motorcycle"]

motorcycles_number

[EXECUTION EXCEPTION]
No module named 'object_detection'
code:from object_detection import Object_Detector_Tool

[EXECUTION EXCEPTION]
list indices must be integers or slices, not str
code:from object_detector import Object_Detector_Tool

final_result = []  # Initialize an empty list to store the final result

# Import the object_detector tool
from_tool_object_detector = Object_Detector_Tool()

# Image path
image_path = "/home/stud/wxie/BLINK_Dataset/Counting/val/images/val_Counting_52_image_1.jpg"

# Detect objects using the object_detector tool
detected_result = from_tool_object_detector.execute(image=image_path, labels=["baseball"], save_object=True)

# Get the object labels from the detected result
labels = detected_result['output_types'][1]['labels']

# Calculate the number of red motorcycles
num_red_motorcycles = labels.count('red')

# Add the final result to the initial list
final_result.append((num_red_motorcycles, labels))  # Add a tuple: (number, labels)

# Display the final result
print(final_result)

[EXECUTION EXCEPTION]
Object_Detector_Tool.__init__() got an unexpected keyword argument 'input_types'
code:from object_detector import Object_Detector_Tool

# Path to image
image_path = "/home/stud/wxie/BLINK_Dataset/Counting/val/images/val_Counting_52_image_1.jpg"

# Initialize Object_Detector_Tool
detector = Object_Detector_Tool(input_types={"image": image_path, "labels": ["red"], "threshold": 0.5, "model_size": "tiny", "save_object": True, "saved_image_path": "detected_objects"})

# Get object detection results
detected_objects = detector.output_types["detected_objects"]

# Count the number of red motorcycles
red_motorcycles_count = detected_objects["detected_objects_count"]["baseball"]["boxes"].sum() - 1  # Subtract one for the motorcycle in front

final_result = red_motorcycles_count
