
[Exctuion Failed]

Object_Detector_Tool.execute() missing 1 required positional argument: 'self'
code: 

from object_detector import Object_Detector_Tool

# Execute the object detection tool with the image and labels
result = Object_Detector_Tool.execute(image='path/to/image.png', labels=['baseball', 'basket'], save_object=True)
detected_objects = result['detected_objects']
object_number = result['object_number']

# Print out the detected objects and their count
print("Detected objects:")
for label in sorted(detected_objects, key=lambda x: detected_objects[x]['score']):
  print(f"{label}: {detected_objects[label]}")

print("Total objects detected:")
print(object_number)


============================== END ==============================


[Exctuion Failed]

Object_Detector_Tool.execute() missing 1 required positional argument: 'self'
code: 

from object_detector import Object_Detector_Tool

final_result = Object_Detector_Tool.execute(image='path/to/image.png', labels=['gray couch'], save_object=True, saved_image_path='detected_objects')
print(final_result)


============================== END ==============================


[Exctuion Failed]

Object_Detector_Tool.execute() missing 1 required positional argument: 'self'
code: 

from object_detector import Object_Detector_Tool

# Set the confidence threshold and model type
conf_threshold = 0.35
model_type = 'tiny'

# Define image Path
image_path = 'image.png'

# Execute the tool to detect objects
detected_objects, object_number = Object_Detector_Tool.execute(image=image_path, labels=['baseball', 'basket'], save_object=True, saved_image_path='detected_objects')

print("Detected objects: ")
for label in detected_objects.keys():
  print(label)
  print("Detected objects by type")
  print(detected_objects[label])

print("Total number of objects: ", object_number)


============================== END ==============================


[Exctuion Failed]

Object_Detector_Tool.__init__() got an unexpected keyword argument 'image'
code: 

from object_detector import Object_Detector_Tool
from text_detector import Text_Detector_Tool

# Initialize the object detector
detector = Object_Detector_Tool(image='/path/to/image.jpg', labels=['baseball', 'basket'])

# Initialize the text detector
detector_text = Text_Detector_Tool(image='/path/to/image.jpg', languages=['en', 'de'])

# Detect the objects
objects_bboxes = detector.execute()
objects_text = detector_text.execute(languages=['en', 'de'])

# Count the number of times each object and text are detected
total_objects = len(objects_bboxes) + len(objects_text)
total_text = len(objects_text)

final_result = {
    'total_objects': total_objects,
    'total_text': total_text
}

final_result


============================== END ==============================


[Exctuion Failed]

Object_Detector_Tool.execute() missing 1 required positional argument: 'self'
code: 

from object_detector import Object_Detector_Tool

# Load the image
image_path = 'path/to/image.png'
obj_labels = ['baseball', 'basket']
threshold = 0.35
model_size = 'tiny'
save_object = True
saved_image_path = 'detected_objects'

# Use the object_detection tool to locate the objects in the image
detected_objects, object_number = Object_Detector_Tool.execute(image=image_path, labels=obj_labels, save_object=save_object, saved_image_path=saved_image_path, model_size=model_size, threshold=threshold)

# Print the results
print(f"Detected objects: {detected_objects}")
print(f"Object numbers: {object_number}")

# Create a dictionary mapping object labels to their numerical counts
objects_count = dict.fromkeys(obj_labels, object_number)

# Print the dictionary of object counts
print(f"Object counts: {objects_count}")


============================== END ==============================


[Exctuion Failed]

No module named 'object_detector_tool'
code: 

from object_detector_tool import ObjectDetectorTool

# Initialize the object detection tool
object_detector_tool = ObjectDetectorTool()

# Execute the object detection tool with the image path
detected_objects, object_number = object_detector_tool.execute(image='path/to/image.png', labels=['baseball', 'basket'], save_object=True, saved_image_path='detected_objects')

# Extract the position of 'baseball' and 'basket' in the image result
baseball_bbox = detected_objects['baseball'][0]['bbox']
basket_bbox = detected_objects['basket'][0]['bbox']

# Check if 'baseball' is present and compute the distance
baseball_distance = (baseball_bbox[2] - baseball_bbox[0]) ** 2 + (baseball_bbox[3] - baseball_bbox[1]) ** 2

basket_distance = (basket_bbox[2] - basket_bbox[0]) ** 2 + (basket_bbox[3] - basket_bbox[1]) ** 2

final_result = {'baseball': baseball_bbox, 'basket': basket_bbox, 'baseball distance': baseball_distance, 'basket distance': basket_distance}

print("Final_result:", final_result)


============================== END ==============================


[Exctuion Failed]

Object_Detector_Tool.execute() missing 1 required positional argument: 'self'
code: 

from object_detector import Object_Detector_Tool

# Define the labels and threshold
labels = ['baseball', 'basket']
threshold = 0.35

# Execute the tool
detected_objects, object_number = Object_Detector_Tool.execute(image='7592_0.png', labels=labels, save_object=True, threshold=threshold)

# Print the result
print(detected_objects)
print(object_number)


============================== END ==============================


[Exctuion Failed]

invalid syntax. Perhaps you forgot a comma? (<string>, line 10)
code: 

from letter_detector import letter_detector

# Execute the tool, passing in the image_path as 'path/to/image.png'
results = letter_detector.execute(image='path/to/image.png')

for result in results:
    if result:
        result_path = result['output_image_path']
        print(f'Thickness of '{result["letter"]}': {result["bbx"][1]}-{result["bbx"][3]} (depth {result["height"]} pixels)')
        
        # Optionally, you can display or save the detected letter or get the confidence score if needed.


============================== END ==============================

