
============================== NEW EXECUTION ==============================

[EXECUTION EXCEPTION]
Object_Detector_Tool.__init__() got an unexpected keyword argument 'input_types'
code:from object_detector import Object_Detector_Tool

# Initialize the Object_Detector_Tool with the input_types and output_type defined in the tools_metadata
object_detector_tool = Object_Detector_Tool(input_types={'image': '/home/stud/wxie/BLINK_Dataset/Counting/val/images/val_Counting_37_image_1.jpg', 'labels': ['baseball', 'basket'], 'threshold': 0.5, 'model_size': 'tiny', 'save_object': False, 'saved_image_path': ''}, output_type='tuple')

# Execute the tool to detect white uniforms
detected_objects, object_number = object_detector_tool.execute()

# Get the dictionaries containing the detected objects
objects_dicts = detected_objects

# Count the number of white uniformed players and save the result as a variable named 'final_result'
final_result = sum(1 for object_dict in objects_dicts if object_dict['label'] == 'baseball' and object_dict['label'] == 'basket')  # Assuming 'baseball' is used to distinguish white uniform players

print("Number of players wearing a white uniform:", final_result)  # Output the result

============================== NEW EXECUTION ==============================

[EXECUTION EXCEPTION]
name 'Image' is not defined
code:from_object_detector = Object_Detector_Tool()

def count_people_wearing_white_uniform(image_path):
    # Convert the image to a numpy array
    image = Image.open(image_path)
    image_array = np.array(image)

    # Detect people in the image using the tool
    people, _ = object_detector.detect_objects(image_array, labels=["baseball"], model_size='tiny',
                                               save_object=True, saved_image_path="detected_objects")

    # Filter the people based on their uniform colors
    white_people = [person for person in people if person["label"] == "white"]

    # Count the people wearing white uniforms
    total_count = len(white_people)

    return total_count

# Assuming the image_path is set to the correct value
total_people_white_uniform = count_people_wearing_white_uniform('path/to/image.png')
print(f"Total people wearing a white uniform: {total_people_white_uniform}")

============================== NEW EXECUTION ==============================

[EXECUTION EXCEPTION]
Object_Detector_Tool.__init__() takes 1 positional argument but 2 were given
code:def count_wears_white_uniform(image_path):
    """
    Counts the number of individuals wearing a white uniform in an image.
    """
    from object_detector import Object_Detector_Tool
    # Load the image and generate object labels
    detections = Object_Detector_Tool(image_path).execute(labels=["baseball", "basket"], threshold=0.45, model_size="tiny")
    
    # Get total count for each label
    count_list = [label["total count"] for _, label in detections]
    
    return count_list

final_result = count_wears_white_uniform("/home/stud/wxie/BLINK_Dataset/Counting/val/images/val_Counting_37_image_1.jpg")
print("Number of individuals wearing a white uniform:", final_result[0])

============================== NEW EXECUTION ==============================

[EXECUTION EXCEPTION]
unexpected indent (<string>, line 2)
code:# Import object detector tool
    from object_de
    from object_detector import Object_Detector_Tool

    # Define the query parameters
    label = "baseball"
    threshold = 0.45
    saved_object = True
    saved_image_path = "detected_objects"

    # Initialize object detection tool object and call the function
    detected_objects, object_number = Object_Detector_Tool.execute(image="/home/stud/wxie/BLINK_Dataset/Counting/val/images/val_Counting_37_image_1.jpg", labels=[label], save_object=saved_object, saved_image_path=saved_image_path, threshold=threshold, model_size="tiny")
    
    # Access and print final result
    final_result = f"There are {object_number} {label}s detected in the image."
    print(final_result)
