
[EXECUTION EXCEPTION]
invalid syntax (<string>, line 6)
code: 
from_object = '/home/stud/wxie/BLINK_Dataset/Counting/val/images/val_Counting_48_image_1.jpg'

from object_detector import Object_Detector_Tool
from text_detector import Text_Detector_Tool

result_for_letters = Letter_Detector_Tool(execute=image=from_object)
words = result_for_letters.objects

letter_objects = []
letter_box = []
for i, p in enumerate(words):
    b_box = (p[0][0] - 100, p[0][1] - 100, p[0][0] + 100, p[0][1] + 30)
    b_box = (p[0][0] - 100, p[0][1] - 100, p[0][0] + 100, p[0][1] + 30)
    letter_objects.append(b_box)
    letter_box.append(b_box)

total_number_of_objects = len(letter_objects) + len(letter_objects[0]) + len(letter_objects[1])   # adding all letter boxes and letter boxes

output = {'detected_objects': letter_objects, 'object_number': result_for_letters.object_number} if \
    'detected_objects' in result_for_letters else {key: {'value': 1} for key in result_for_letters}

final_result = {options: output[options] for options in [a, b, c, d, e] if options in final_result and output[options]}

============================== END ==============================

[EXECUTION EXCEPTION]
name 'Image' is not defined
code: 
def count_toilets(image_path, saved_object_path=False):
    # Load the image
    image = Image.open(image_path)

    # Convert to grayscale for easier analysis
    image = ImageOps.grayscale(image)

    # Detect toilets using hard threshold
    detected_toilets = ImageDraw.Draw(image)
    for toilet in toilet_detector_tool.execute(image_path, languages=['ja']):
        if 'baseball' in toilet['bbox']:
            # Check if the toilet has a lid
            lid = ImageDraw.Draw(image)
            lid.rectangle(toilet['bbox'])
            lid.close()
            is_lid = lid.format('0' * 18, '0' * (len(toilet['bbox']) - 2), '0' * 2, '0' * 8, '0' * (len(is_lid.getbbox() - lid.getbbox()) - 2), '0' * 8)
            is_lid = is_lid[0] + is_lid[2] + is_lid[4] + is_lid[6]
            if 'baseball' in toilet['bbox'] and 'lid' in toilet.keys() and is_lid == len(toilet['bbox']) - 2:
                lid.close()
                detected_toilets.add({toilet['bbox'][4]: True})  # Add to list if it contains the toilet and is a lid
            elif 'basket' in toilet['bbox'] and 'lid' in toilet.keys() and is_lid == len(toilet['bbox']) - 2:
                lid.close()
                detected_toilets.add({toilet['bbox'][4]: True})  # Add to list if it contains the toilet and is a lid

    if saved_object_path:
        if detected_toilets:
            detected_toilets.dump(saved_object_path + '/detected_toilets.json')
        else:
            detected_toilets.dump(saved_object_path)

    # Calculate the total number of toilets
    total_toilets = len(detected_toilets)

    # If the argument 'count' is True, print and exit
    count = 0
    if count_result != 'count':
        print(f"Found {total_toilets} toilets.")
        final_result = choice(['A', 'B', 'C', 'D', 'E'])
        return final_result

    return total_toilets

# Example usage
final_result = count_toilets("/home/stud/wxie/BLINK_Dataset/Counting/val/images/val_Counting_48_image_1.jpg", saved_object_path="/home/stud/wxie/BLINK_Dataset/Counting/val/images/val_Counting_48_image_1_toilets_detected.json")
print(final_result)

============================== END ==============================

[EXECUTION EXCEPTION]
name 'detected_objects' is not defined
code: 
from object_detector import Object_Detector_Tool

final_result = {"A": 0,
                "B": 0,
                "C": 0,
                "D": 0,
                "E": 0}

for i in range(len(detected_objects['basball'])):
    if detected_objects['basball'][i]["boxede"] != "":
        total_basball += 1
    if detected_objects['basket'][i]["boxede"] != "":
        total_basket += 1

final_result["A"] = total_basball
final_result["B"] = total_basket

print(final_result)

============================== END ==============================

[EXECUTION EXCEPTION]
Object_Detector_Tool.__init__() got an unexpected keyword argument 'image_path'
code: 
from object_detector import Object_Detector_Tool

# Load the image
image_path = "/home/stud/wxie/BLINK_Dataset/Counting/val/images/val_Counting_48_image_1.jpg"

# Create a tool instance
tool = Object_Detector_Tool(image_path=image_path, labels=["toilet", "lid"])

# Detect toilets with lids
toilets_lids = tool.execute(labels=["toilet", "lid"], threshold=0.75, model_size="tiny")

# Count toilets with lids
toilets_lids_count = len(toilets_lids)

final_result = toilets_lids_count

============================== END ==============================

[EXECUTION EXCEPTION]
name 'Letter_Detector_Tool' is not defined
code: 
final_result = Letter_Detector_Tool.execute(image='path_to_image')

============================== END ==============================

[EXECUTION EXCEPTION]
name 'tool_detector' is not defined
code: 
tool_detector.py

============================== END ==============================

[EXECUTION EXCEPTION]
Object_Detector_Tool.execute() got an unexpected keyword argument 'thresholds'
code: 
from object_detector import Object_Detector_Tool
from text_detector import Text_Detector_Tool
from letter_detector import Letter_Detector_Tool

def count_toilets():
    # Load images from the given directory
    image_path = "/home/stud/wxie/BLINK_Dataset/Counting/val/images/val_Counting_48_image_1.jpg"

    # Detect objects using the DetectTool
    objects, object_count = Object_Detector_Tool.execute(image=image_path, labels=["toilet", "lid"], thresholds=(0.35, 0.7), model_size="tiny", save_object=True)
    
    # Display detected objects
    print("Detected objects:")
    print(objects)

    # Calculate the total count of toilet lids
    lid_count = len([obj for _, obj_list, _ in objects if obj_list[1] == False])
    
    # Print the total count of lidless toilets
    not_lidded_toilets = objects['toilet'][0] + objects['toilet'][3] + objects['toilet'][5]
    not_lidded_toilet_count = len([obj for _, obj_list, obj in objects if obj_list[1] == False or obj == False])

    # Final result
    final_result = ""
    if lid_count > 0:
        final_result += f"{lid_count} lids on {not_lidded_toilets} toilets."
    else:
        final_result += f"{not_lidded_toilets} toilets without lids."

    return final_result

# Call the function to count the toilets and their lids
final_result = count_toilets()
print(final_result)

============================== END ==============================
