
============================== New Completed Execution ==============================
[EXEC CODE]
final_result = [
    {'baseball': 1, 'basket': 2},
    False
]
[THE PRINT OUTPUT]

[GENERATE VALID FINAL_RESULT]
[{'baseball': 1, 'basket': 2}, False]

============================== END ==============================


============================== New Completed Execution ==============================
[EXEC CODE]
final_result = 0
[THE PRINT OUTPUT]

[GENERATE VALID FINAL_RESULT]
0

============================== END ==============================


============================== New Completed Execution ==============================
[EXEC CODE]
final_result = {'count': 1, 'label': 'baseball', 'num': 1}
[THE PRINT OUTPUT]

[GENERATE VALID FINAL_RESULT]
{'count': 1, 'label': 'baseball', 'num': 1}

============================== END ==============================

