
============================== New Completed Execution ==============================
[EXEC CODE]
final_result = "black square desk (highlighted by a red box)"
[THE PRINT OUTPUT]

[GENERATE VALID FINAL_RESULT]
black square desk (highlighted by a red box)

============================== END ==============================


============================== New Completed Execution ==============================
[EXEC CODE]

final_result = "Pillow (highlighted by a blue box)"

[THE PRINT OUTPUT]

[GENERATE VALID FINAL_RESULT]
Pillow (highlighted by a blue box)

============================== END ==============================


============================== New Completed Execution ==============================
[EXEC CODE]

final_result = "Pillow (highlighted by a blue box)"

[THE PRINT OUTPUT]

[GENERATE VALID FINAL_RESULT]
Pillow (highlighted by a blue box)

============================== END ==============================


============================== New Completed Execution ==============================
[EXEC CODE]

final_result = "black square desk (highlighted by a red box)"

[THE PRINT OUTPUT]

[GENERATE VALID FINAL_RESULT]
black square desk (highlighted by a red box)

============================== END ==============================


============================== New Completed Execution ==============================
[EXEC CODE]

final_result = "Pillow (highlighted by a blue box)"

[THE PRINT OUTPUT]

[GENERATE VALID FINAL_RESULT]
Pillow (highlighted by a blue box)

============================== END ==============================


============================== New Completed Execution ==============================
[EXEC CODE]

final_result = "Pillow (highlighted by a blue box)"

[THE PRINT OUTPUT]

[GENERATE VALID FINAL_RESULT]
Pillow (highlighted by a blue box)

============================== END ==============================


============================== New Completed Execution ==============================
[EXEC CODE]
final_result = "black square desk (highlighted by a red box)"

[THE PRINT OUTPUT]

[GENERATE VALID FINAL_RESULT]
black square desk (highlighted by a red box)

============================== END ==============================


============================== New Completed Execution ==============================
[EXEC CODE]
final_result = "black square desk (highlighted by a red box)"
[THE PRINT OUTPUT]

[GENERATE VALID FINAL_RESULT]
black square desk (highlighted by a red box)

============================== END ==============================

