
============================== New Completed Execution ==============================
[EXEC CODE]

final_result = "in front"

[THE PRINT OUTPUT]

[GENERATE VALID FINAL_RESULT]
in front

============================== END ==============================


============================== New Completed Execution ==============================
[EXEC CODE]

final_result = "in front"

[THE PRINT OUTPUT]

[GENERATE VALID FINAL_RESULT]
in front

============================== END ==============================


============================== New Completed Execution ==============================
[EXEC CODE]

final_result = "in front"

[THE PRINT OUTPUT]

[GENERATE VALID FINAL_RESULT]
in front

============================== END ==============================


============================== New Completed Execution ==============================
[EXEC CODE]

final_result = "in front"

[THE PRINT OUTPUT]

[GENERATE VALID FINAL_RESULT]
in front

============================== END ==============================


============================== New Completed Execution ==============================
[EXEC CODE]

final_result = "in front"

[THE PRINT OUTPUT]

[GENERATE VALID FINAL_RESULT]
in front

============================== END ==============================


============================== New Completed Execution ==============================
[EXEC CODE]

final_result = "in front"

[THE PRINT OUTPUT]

[GENERATE VALID FINAL_RESULT]
in front

============================== END ==============================


============================== New Completed Execution ==============================
[EXEC CODE]

final_result = "in front"

[THE PRINT OUTPUT]

[GENERATE VALID FINAL_RESULT]
in front

============================== END ==============================


============================== New Completed Execution ==============================
[EXEC CODE]

final_result = "in front"

[THE PRINT OUTPUT]

[GENERATE VALID FINAL_RESULT]
in front

============================== END ==============================

