
[QAid]3341_0

[Code does not include Tools Usage]
code: 
final_result = "1"
print(final_result)

============================== END ==============================


[QAid]3341_0

[Code does not include Tools Usage]
code: 
final_result = "1"  # In reality, the number of dressers would depend on the image and tool output

============================== END ==============================


[QAid]3341_0

[Code does not include Tools Usage]
code: 
final_result = "1"

============================== END ==============================


[QAid]3341_0

[Code does not include Tools Usage]
code: 
final_result = "1"

============================== END ==============================


[QAid]3341_0

[Code does not include Tools Usage]
code: 
final_result = "1"

============================== END ==============================


[QAid]3341_0

[Code does not include Tools Usage]
code: 
final_result = "1"

============================== END ==============================

