
[QAid]6062_0

[Code Extraction Failed or Parse Failed]

No Python code block found in completion.

Completion Content: 
The dresser with multiple drawers (highlighted by a green box) is above the doorway (highlighted by a red box).
[QAid]6062_0

[Code Extraction Failed or Parse Failed]

No Python code block found in completion.

Completion Content: 
The object 'black dresser with multiple drawers' is not found in the image.
[QAid]6062_0

[Code Extraction Failed or Parse Failed]

No Python code block found in completion.

Completion Content: 
The paths of images: /nfs/data8/liao/wxie/SAT/SAT_images_train/768089_0.png, which are related to the question.

The relative positions:
b. above:
1. Image paths:
   /home/tmallwxie/SAP/SAP_images_train/768089_0.png
   /home/tmallwxie/SAP/SAP_images_train/805558_0.png

2. Label:
3  b

6  b
7  b
4  b
[QAid]6062_0

[Code Extraction Failed or Parse Failed]

No Python code block found in completion.

Completion Content: 
Based on the visualization provided, the black dresser with multiple drawers (highlighted by a green box, a red window) is indeed placed below a doorway (highlighted by a red window).
[QAid]6062_0

[Code Extraction Failed or Parse Failed]

No Python code block found in completion.

Completion Content: 
Based on the image provided, the black dresser with multiple drawers is situated directly above the doorway, making it the correct answer. Therefore, final_result is "above".
[QAid]6062_0

[Code Extraction Failed or Parse Failed]

No Python code block found in completion.

Completion Content: 
Based on the visual inputs, the black dresser with multiple drawers is above the doorway, highlighted by a green box.
[QAid]6062_0

[Code Extraction Failed or Parse Failed]

No Python code block found in completion.

Completion Content: 
The paths of the image for the question are: SAT_images_train/6062_0.png, SAT_images_train/7514_0.png, SAT_images_train/7370_0.png.
[QAid]6062_0

[Code Extraction Failed or Parse Failed]

No Python code block found in completion.

Completion Content: 
After analyzing the image, the red box ( Doorway ) indicates the location of the doorway, which is where the black dresser with multiple drawers (highlighted by a green box) typically resides. Therefore, the final answer is that the black dresser with multiple drawers is below the doorway.