
============================== New Completed Execution ==============================
[EXEC CODE]
final_result = "3"
final_result = "final_result"

[THE PRINT OUTPUT]

[GENERATE VALID FINAL_RESULT]
final_result

============================== END ==============================


============================== New Completed Execution ==============================
[EXEC CODE]
final_result = "3"

[THE PRINT OUTPUT]

[GENERATE VALID FINAL_RESULT]
3

============================== END ==============================


============================== New Completed Execution ==============================
[EXEC CODE]
final_result = "final_result = '3'"
[THE PRINT OUTPUT]

[GENERATE VALID FINAL_RESULT]
final_result = '3'

============================== END ==============================


============================== New Completed Execution ==============================
[EXEC CODE]
final_result = "3"

[THE PRINT OUTPUT]

[GENERATE VALID FINAL_RESULT]
3

============================== END ==============================


============================== New Completed Execution ==============================
[EXEC CODE]
final_result = "3"

[THE PRINT OUTPUT]

[GENERATE VALID FINAL_RESULT]
3

============================== END ==============================


============================== New Completed Execution ==============================
[EXEC CODE]
final_result = "3"

[THE PRINT OUTPUT]

[GENERATE VALID FINAL_RESULT]
3

============================== END ==============================

