
[QAid]1102_0

[Code does not include Tools Usage]
code: 
final_result = "1, 1"

============================== END ==============================


[QAid]1102_0

[Code does not include Tools Usage]
code: 
final_result = "1"

============================== END ==============================


[QAid]1102_0

[Code does not include Tools Usage]
code: 
final_result = '1'

============================== END ==============================


[QAid]1102_0

[Code does not include Tools Usage]
code: 
final_result = "1"

============================== END ==============================


[QAid]1102_0

[Code does not include Tools Usage]
code: 
final_result = {
    'Windows': 1  # Since there is only one window visible
}

============================== END ==============================


[QAid]1102_0

[Code does not include Tools Usage]
code: 
final_result = "1"

============================== END ==============================

