
[EXECUTION EXCEPTION]
unterminated string literal (detected at line 2) (<string>, line 2)
code: 
{
    "executed_code": "from object_detector import Object_Detector_Tool,Text_Detector_Tool,Letter_Detector_Tool

# Load the object detector
tool = Object_Detector_Tool

# Load the text detector
tool.text_detector = Text_Detector_Tool
tool.save_object = True

# Load the letter detector
tool.letter_detector = Letter_Detector_Tool

# Execute the tool
results = tool.execute(
    image=r'https://i.imgur.com/gfC7sY6.jpg',
    languages=['en', 'de'],
    detail=1
)

# Extract detection results
detected_objects = {}
detected_letters = {}

for result in results:
    for idx, detection in enumerate(result[0]):
        bbx = detection[0]
        letter = detection[1]
        score = detection[2]
        
        # Check if the letter in detection coordinates and language
        if letter.split('.')[-1] in ['a', 'b', 'c', 'd'] and letter in ["A", "B", "C", "D"]:
            detector = tool.letter_detector
            letter_detection = letter_detector.execute(image=bbx)
            x1, y1, x2, y3 = letter_detection[0][0]
            bbox = [x1, y1, x2, y3]
            
            if bbox not in detected_objects:
                detected_objects[bbox] = [result]
            else:
                detected_objects[bbox].append(result)
                
            if letter not in detected_letters:
                detected_letters[letter] = [result]
            else:
                detected_letters[letter].append(result)
                
    # Print the detected texts
    if len(results) == 1:
        print(f"Detected text: {result[1]}, Score: {str(result[2])}")
    else:
        print("No text detected on this image.")
",
    "final_result": "B"
}

============================== END ==============================

[EXECUTION EXCEPTION]
invalid syntax (<string>, line 22)
code: 
final_result = 0

# Load image and detect baseball player
image_path = "/home/stud/wxie/BLINK_Dataset/Counting/val/images/val_Counting_7_image_1.jpg"
baseball_players = object_detector.execute(image_path, labels=["baseball"], saved_image_path="baseball_detected_objects", threshold=0.35)

if baseball_players and "baseball" in baseball_players:
    total_number_of_players = len(baseball_players)
    count_captured_players = 0
    for player in baseball_players:
        if "pitcher" in player["bbox"]:
            count_captured_players += 1
        elif "catcher" in player["bbox"]:
            count_captured_players += 1

    if count_captured_players < total_number_of_players:
        final_result = C
    else:
        final_result = B

# Load image and detect basketball player
basketball players = object_detector.execute(image_path, labels=["basket"], save_object=True, saved_image_path="basketball_detected_objects", threshold=0.35)

if basketball players and "basket" in basketball_players:
    total_number_of_players = len(basketball_players)
    count_captured_players = 0
    for player in basketball_players:
        if "basket" in player["bbox"]:
            count_captured_players += 1

    if count_captured_players < total_number_of_players:
        final_result = A
    else:
        final_result = D

============================== END ==============================
