
[QAid]13010_0

[Code does not include Tools Usage]
code: 
final_result = "1"
============================== END ==============================


[QAid]13010_0

[Code does not include Tools Usage]
code: 
final_result = "1"

============================== END ==============================


[QAid]13010_0

[Code does not include Tools Usage]
code: 
final_result = "1" # Since there's only one detected chair, it matches with the '1' provided as the response.
============================== END ==============================


[QAid]13010_0

[Code does not include Tools Usage]
code: 
final_result = "1"
============================== END ==============================


[QAid]13010_0

[Code does not include Tools Usage]
code: 
final_result = "1"
============================== END ==============================


[QAid]13010_0

[Code does not include Tools Usage]
code: 
final_result = "1"  # Assuming there is only one chair visible in the scene


============================== END ==============================

