
[Exctuion Failed]

invalid syntax (<string>, line 2)
code: 

```python
from object_detector_tool import Object_Detector_Tool
from text_detector_tool import Text_Detector_Tool

# Example image path
image_path = "/nfs/data8/liao/wxie/SAT/SAT_images_train/305_0.png"

# Detection labels (e.g., 'basketball', 'baseball')
labels = ['baseball', 'basketball']

detected_objects, object_number = Object_Detector_Tool.execute(image=image_path, labels=labels, save_object=True, saved_image_path="detected_objects")

# Load the saved image paths
saved_image_paths = [detected_object['saved_image_path'] for detected_object in detected_objects]

# Count the number of detected objects for each label
object_counts = {
    label: len(saved_image_paths)
    for label, labels in object_number.items()
    for saved_image_path in labels
}

final_result = f"```\nNumber of detected objects for each label:\n{object_counts}\n```"

print(final_result)
```


============================== END ==============================

