
[EXECUTION EXCEPTION]
invalid syntax (<string>, line 1)
code:python3 object_detector.py -i val_Counting_108_image_1.png -l baseball -p 0.5 -o detected_objects

[None RESULT]


[EXECUTION EXCEPTION]
unexpected indent (<string>, line 2)
code:# Load the object detector tool
    from_module: 'object_detector'
    import_name: 'Object_Detector_Tool'

    # Define the label to search for
    label_to_search: "aprons"

    # Execute the tool with path to the image and labels
    detected_objects, object_number = Object_Detector_Tool.execute(image_path="path_to_image_pinterest.jpg", labels=[label_to_search], save_object=True)

    # Count the number of objects
    object_count_dict = {f"{label_to_search}_number": object_number[label_to_search] for label_to_search in detected_objects[("counts")].keys()}

    # Filter the result to only show the ones mentioned in the question
    filtered_objects = {k: v for k, v in object_count_dict.items() if k not in ["Pizza", "Noodle", "Mozzarella"]}
    final_result: list

    # Analyze the output
    final_result = filtered_objects.keys() if len(filtered_objects) >= 1 else []
    
    # Print the final result
    print("The number of words written in white chalk are:", final_result)

[EXECUTION EXCEPTION]
Object_Detector_Tool.execute() got an unexpected keyword argument 'image_path'
code:from object_detector import Object_Detector_Tool

# Load the image
object_detector_tool = Object_Detector_Tool()
image_path = "/home/stud/wxie/BLINK_Dataset/Counting/val/images/val_Counting_108_image_1.jpg"

# Detect objects in the image
(detected_objects, object_number) = object_detector_tool.execute(image_path="{}", labels=["pizza"], threshold=0.5, save_object=False, saved_image_path="detected_objects")

# Count the number of words written in white chalk on the chalkboard
word_count = len(detected_objects["pizza"][0]["boxes"])

final_result = word_count

[EXECUTION EXCEPTION]
invalid syntax (<string>, line 1)
code:<!-- Use the Object_Detector_Tool tool to detect words on the chalkboard -->
from object_detector import Object_Detector_Tool

# Specify the confidence threshold for detection (default: 0.45), label, and the size of the model to use
confidence_threshold = 0.45
labels = ["Brick", "Oven", "Pizza", "4", "Stagioni", "The", "Boulevard", "Shrimp", "Mediterranean", "Aformoggi", "The", "Boulevard", "Shrimp", 
           "Artificial", "I", "Lavae", "Rafa"]  # List of words we are interested in
model_size = "tiny"

# Execute the object detection tool
object_number = Object_Detector_Tool.execute(image='/home/stud/wxie/BLINK_Dataset/Counting/val/images/val_Counting_108_image_1.jpg', labels=labels, confidence_threshold=confidence_threshold, model_size=model_size, save_object=True, saved_image_path="detected_objects")

[None RESULT]


[EXECUTION EXCEPTION]
Object_Detector_Tool.execute() got an unexpected keyword argument 'max_threshold'
code:from object_detector import Object_Detector_Tool

# Download image
image_path = "/home/stud/wxie/BLINK_Dataset/Counting/val/images/val_Counting_108_image_1.jpg"

# Initiate object detector
tool = Object_Detector_Tool()

# Detect objects
results = tool.execute(image=image_path, labels=["pizza", "oven", "chef"], max_threshold=0.7)

# Extract detected objects
count = results[0]["obj_counts"]

final_result = count["pizza"]

[EXECUTION EXCEPTION]
Object_Detector_Tool.execute() missing 1 required positional argument: 'self'
code:from object_detector import Object_Detector_Tool

# Load the image and apply object labels
detected_objects, object_number = Object_Detector_Tool.execute(image="/home/stud/wxie/BLINK_Dataset/Counting/val/images/val_Counting_108_image_1.jpg", labels=["brick_oven_pizza", "aroma", "The Boulevart", "Rafael"], save_object=True, saved_image_path="detected_objects")

# Count the words written in white chalk on the chalkboard
white_chalk_words_count = len(detected_objects["brick_oven_pizza"] + detected_objects["aroma"] + detected_objects["The Boulevart"] + detected_objects["Rafael"])

final_result = white_chalk_words_count
