--- Completion 1 ---
<command>
from object_detector import Object_Detector_Tool

final_result = Object_Detector_Tool().execute(image="/nfs/data8/liao/wxie/SAT/SAT_images_train/7814_0.png", labels=['baseball', 'basket'], save_object=True, saved_image_path='detected_objects')

print(final_result)
</command>
Reward: 1.0

--- Completion 2 ---
<command>
from object_detector import Object_Detector_Tool

# Initialize object detector
object_detector_tool = Object_Detector_Tool()

# Create a list of label names for 'baseball' and 'basket'
label_names = ['baseball', 'basket']

# Set the confidence threshold and model size
confidence_threshold = 0.35
model_size = 'tiny'

# Execute object detection
final_result = object_detector_tool.execute(
    image='path/to/final_image', labels=label_names, save_object=False, saved_image_path='detected_objects', save_object=False, saved_image_path='detected_objects'
)

print(final_result)
</command>
Reward: 1.0

--- Completion 3 ---
<command>
from object_detector import Object_Detector_Tool
final_result = Object_Detector_Tool().execute(image="path/to/image", labels=["baseball", "basket"], save_object=True, saved_image_path="detected_objects")
print(final_result)
</command>
Reward: 1.0

--- Completion 4 ---
<command>
from object_detector import Object_Detector_Tool

final_result = Object_Detector_Tool().execute(image="/nfs/data8/liao/wxie/SAT/SAT_images_train/7814_0.png", labels=['basket', 'baseball'], save_object=True, saved_image_path="detected_objects")

print(final_result)
</command>
Reward: 1.0

--- Completion 5 ---
<command>
from object_detector import Object_Detector_Tool

final_result = Object_Detector_Tool().execute(image="/nfs/data8/liao/wxie/SAT/SAT_images_train/7814_0.png", labels=["baseball", "basket"], save_object=True, saved_image_path="detected_objects")
print(final_result)
</command>
Reward: 1.0

--- Completion 6 ---
<command>
from object_detector import Object_Detector_Tool

final_result = Object_Detector_Tool().execute(image='path/to/image', labels=['baseball'], model_size='tiny', save_object=True, saved_image_path='detected_objects')

print(final_result)
</command>
Reward: 1.0

