
[QAid]5895_0

[Code does not include Tools Usage]
code: 
final_result = "1"
============================== END ==============================


[QAid]5895_0

[Code does not include Tools Usage]
code: 
final_result = "1"

============================== END ==============================


[QAid]5895_0

[Code does not include Tools Usage]
code: 
final_result = "1"  # Assuming there is only one armchair in the scene, 1 armchair is visible


============================== END ==============================


[QAid]5895_0

[Code does not include Tools Usage]
code: 
final_result = "1"
============================== END ==============================


[QAid]5895_0

[Code does not include Tools Usage]
code: 
final_result = "1 Arm-Chair"
============================== END ==============================


[QAid]5895_0

[Code does not include Tools Usage]
code: 
final_result = "1"
============================== END ==============================

