
[QAid]1010_0

[Code does not include Tools Usage]
code: 
final_result = '1'  # 1 counter top visible in the scene
============================== END ==============================


[QAid]1010_0

[Code does not include Tools Usage]
code: 
final_result = '1'  # Assuming there is only one counter top within the scene

============================== END ==============================


[QAid]1010_0

[Code does not include Tools Usage]
code: 
final_result = "1"

============================== END ==============================


[QAid]1010_0

[Code does not include Tools Usage]
code: 
final_result = "1"  # 1 counter top is visible in the scene
============================== END ==============================


[QAid]1010_0

[Code does not include Tools Usage]
code: 
final_result = "1"

============================== END ==============================


[QAid]1010_0

[Code does not include Tools Usage]
code: 
final_result = "1"
============================== END ==============================

