
[QAid]4266_0

[Code Extraction Failed or Parse Failed]

No Python code block found in completion.

Completion Content: 
```python
from object_detector import Object_Detector_Tool

# Define object and language codes to extract text from the image
object = "baseball"
languages = ["en", "de"]

# Execute the Text Detecor Tool
result = Text_Detector_Tool.execute(image='path/to/image.png', languages=languages)

# Iterate through the detected texts
for res in result:
    # Check if the detected text matches the known object name and languages
    if res[1] == object and res[0] == 'Simplified Chinese':
        # Extract bounding box and score of the detected text
        det_x1, det_y1, det_x2, det_y2 = res[2]
        det_x3, det_y3, det_x4, det_y4 = res[3]
        # Extract bounding box and score of the detected text
        det_x1, det_y1, det_x2, det_y2 = det_x1, det_y1, det_x4, det_y4
        # Filter out the detected text with low confidence
        for score in res[3]:
            filtered_score = max(score, 0.5)
            if filtered_score <= 0.2:
                continue
        # Format and print the detected text with confidence score
        detection = f"[[{{[x0, y0], [x1, y1], [x2, y2], [x3, y3]}, \"Detected text\", score}]]"
        print(detection)
    else:
        continue
```
============================== END ==============================


[QAid]4266_0

[Code does not include Tools Usage]
code: 
final_result
============================== END ==============================


[QAid]4266_0

[Code Extraction Failed or Parse Failed]

No Python code block found in completion.

Completion Content: 
```python
from object_detector import Object_Detector_Tool
from text_detector import Text_Detector_Tool

# Load the image with its path and labels
image_path = "/nfs/data8/liao/wxie/SAT/SAT_images_train/4266_0.png"
labels = ['baseball', 'basket']
threshold = 0.35
save_object = True
saved_image_path = 'detected_objects'

# Create an instance of the object detector and text detector tools
object_detector_tool = Object_Detector_Tool()
text_detector_tool = Text_Detector_Tool()

# Use object_detector_tool to detect baseball and basket in the image
object_results = object_detector_tool.execute(image=image_path, labels=labels, threshold=threshold, save_object=save_object, saved_image_path=saved_image_path)

# If there were detected baseball and basket objects, use text_detector_tool to get their coordinates and language
text_results = text_detector_tool.execute(image=image_path, languages=['en', 'de'], detail=1)

# Extract the detected baseball objects' bounding boxes
detect_balls = []
for obj in object_results:
    for obj_result in obj['baseball'][0]['box']:
        detect_balls.append(obj_result)

# Extract the detected basketball objects' bounding boxes
detect_balls.extend([obj['baseball'][0]['box'] for obj in object_results if obj['baseball']])

# If there were detected text for basketball,
# Check if text in the top ball exists if not, just keep the coordinates

result_count = {label: len(detect_balls) for label, _ in object_results[0].items()}

if "basket" in image_path:
    # Check if text was detected for detected basketball
    basketball_result = text_results[0]
    for obj in basketball_result:
        if obj['score'] > 0.7 and 'Detected basketball' in obj['bbox']:
            detect_balls.extend([obj_result for obj_result in det_text_results if 'basketball' in str(obj_result[1])])
            break

result_detailed = {
  "detected_balls": detect_balls,
  "result_count": {label: len(detect_balls) for label, _ in object_results[0].items()},
}
print(result_detailed)
```
============================== END ==============================


[QAid]4266_0

[Code Extraction Failed or Parse Failed]

No Python code block found in completion.

Completion Content: 
```python
from object_detector import Object_Detector_Tool
final_result = Object_Detector_Tool.execute(image='path/to_image.png', labels = ['ShelvingUnit'], save_object=False)
print("Total ShelvingUnits detected in the scene:", final_result['object_number'].values())
```
============================== END ==============================


[QAid]4266_0

[Code Extraction Failed or Parse Failed]

No Python code block found in completion.

Completion Content: 
final_result = {"shelving_units": 0}

object_detector(tool_module_name="object_detector", tool_class_name="Object_Detector_Tool", tool_description="A tool that detects objects in an image using the Grounding DINO model and saves individual object images with empty padding.", tool_version="1.0.0", tool_input_types={"image": "str - The path to the image file.", "labels": "list", "threshold": "float", "model_size": "str", "save_object": "bool", "saved_image_path": "str"}, tool_output_types={"tuple - A tuple containing two elements: (1) a dictionary mapping each detected label to a list of detection entries, e.g. {'baseball': [{'box': (x1, y1, x2, y2), 'score': 0.95, 'saved_image_path': 'path/to/saved/image.png'}]}, (2) a dictionary mapping each label to the number of detected objects in the image. e.g. {'baseball': 2, 'basket': 1}\"
}
============================== END ==============================


[QAid]4266_0

[Code Extraction Failed or Parse Failed]

No Python code block found in completion.

Completion Content: 
The model used is not mentioned in the provided JSON object, so we cannot calculate the number of objects. However, the objects are already detected and saved.

final_result = "Object_detection_result"
# The code will not work as intended because the tools are not correctly implemented.
============================== END ==============================

