
[QAid]5515_0

[Code does not include Tools Usage]
code: 
final_result = "2"

============================== END ==============================


[QAid]5515_0

[Code does not include Tools Usage]
code: 
final_result = "2"
print(final_result)

============================== END ==============================


[QAid]5515_0

[Code does not include Tools Usage]
code: 
final_result = "2"

============================== END ==============================


[QAid]5515_0

[Code does not include Tools Usage]
code: 
final_result = "2"

============================== END ==============================


[QAid]5515_0

[Code does not include Tools Usage]
code: 
final_result = "2"
final_result = "1"
final_result = "0"
final_result = "3"
final_result = "5"

============================== END ==============================


[QAid]5515_0

[Code does not include Tools Usage]
code: 
final_result = "1"
print("The number of armchairs visible in the scene is:", final_result)
============================== END ==============================

