
[EXECUTION EXCEPTION]
No module named 'Letter_Detector_Tool'
code: 
from Letter_Detector_Tool import Letter_Detector_Tool

# Load image
path_to_image = "/home/stud/wxie/BLINK_Dataset/Counting/val/images/val_Counting_102_image_1.jpg"
detected_words = Letter_Detector_Tool.execute(image=path_to_image)

final_result = None
if len(detected_words) > 0:
    # Extract the recognized text from each detected word
    for word in detected_words:
        detected_words_per_word = {}
        confidences = []
        for word_result in word:
            detected_words_per_word[word_result[3]] = [word_result[1], word_result[2], word_result[2] - word_result[0], word_result[4]]
            confidences.append(word_result[2])
        max_confidence_word = max(confidences)
        if max_confidence_word in detected_words:
            word_text = detected_words_per_word[max_confidence_word][1]
            word_confidence = detected_words_per_word[max_confidence_word][2]
            word_bbox = detected_words_per_word[max_confidence_word][0]
            
            final_result = word_text, max_confidence_word, word_bbox, word_confidence
else:
    final_result = (None, None, None, 0)

# Print the final result
print("Final result:", final_result)

============================== END ==============================

[EXECUTION EXCEPTION]
f-string: unmatched '[' (<string>, line 9)
code: 
from letter_detector import Letter_Detector_Tool

# Load the image
image_path = "/home/stud/wxie/BLINK_Dataset/Counting/val/images/val_Counting_102_image_1.jpg"
results = Letter_Detector_Tool.execute(image=image_path)

# Detect and print the letters
for i in range(len(results)):
    print(f"Detected letter {i+1}: {{\"bbx\": {results[i+1]["bbox"]}, \"letter\": {results[i+1]["char"]} , \"score\": {results[i+1]["score"]} }}")
    final_result = letter

============================== END ==============================

[EXECUTION EXCEPTION]
Object_Detector_Tool.execute() missing 1 required positional argument: 'self'
code: 
from object_detector import Object_Detector_Tool

final_result = Object_Detector_Tool.execute(image="/home/stud/wxie/BLINK_Dataset/Counting/val/images/val_Counting_102_image_1.jpg", labels=["basketball,baseball"], save_object=True, saved_image_path="detected_objects")
detected_objects = final_result["0"]
object_number = final_result["1"]

============================== END ==============================

[EXECUTION EXCEPTION]
invalid syntax (<string>, line 1)
code: 
generated python code

============================== END ==============================
