
[QAid]14374_0

[Code Extraction Failed or Parse Failed]

No Python code block found in completion.

Completion Content: 
final_result: 2
============================== END ==============================


[QAid]14374_0

[Code Extraction Failed or Parse Failed]

No Python code block found in completion.

Completion Content: 
0
============================== END ==============================


[QAid]14374_0

[Code Extraction Failed or Parse Failed]

invalid character '‘' (U+2018) (<unknown>, line 3)

Completion Content: 
final_result:
To determine the number of doorways visible in the scene, I need to count the number of doorway images detected in the scene.

<command>
final_result:
  detected_objects, object_number = object_detector_tool.execute(image=image_path, labels=[‘baseball’], save_object=True, saved_image_path=’detected_objects’)
</command>
============================== END ==============================


[QAid]14374_0

[Code Includes Tools Usage]
code: 

from_tool = Object_Detector_Tool()

result, object_number = from_tool.execute(image="path/to/image", labels=["baseball", "basket"], save_object=True, saved_image_path="detected_objects")

============================== END ==============================


[QAid]14374_0

[Code Extraction Failed or Parse Failed]

No Python code block found in completion.

Completion Content: 
final_result = "final_result"
```python
from Tool_Module.object_detector_tool import object_detector_tool

object_detector_tool = Object_Detector_Tool()
detected_objects, object_number = object_detector_tool.execute(image="path_to_image", labels=["baseball"], save_object=True, saved_image_path="detected_objects")
print(
    f"Number of detected objects in the image: {object_number['baseball'] + object_number['basket']}"
)
```
============================== END ==============================


[QAid]14374_0

[Code Extraction Failed or Parse Failed]

No Python code block found in completion.

Completion Content: 
final_result: 0
============================== END ==============================

