
[QAid]11688_0

[Code Extraction Failed or Parse Failed]

No Python code block found in completion.

Completion Content: 
<command>final_result = "There are no desks visible in this scene."
============================== END ==============================


[QAid]11688_0

[Code does not include Tools Usage]
code: 
final_result = "0"
final_result = "0"
final_result = "2"

============================== END ==============================


[QAid]11688_0

[Code does not include Tools Usage]
code: 
final_result = "2"

============================== END ==============================


[QAid]11688_0

[Code does not include Tools Usage]
code: 
final_result = "2"

============================== END ==============================


[QAid]11688_0

[Code does not include Tools Usage]
code: 
final_result = "2"

============================== END ==============================


[QAid]11688_0

[Code does not include Tools Usage]
code: 
final_result = "2"

============================== END ==============================

