--- Completion 1 ---
final_result = ready('in front')
Reward: 0.0

--- Completion 2 ---
Based on the visual inputs, the python program has successfully identified the objects including the grey fabric sofa and the brown cardboard box. It is important to note that the program does not extract any text, so it cannot be further away or in front of the brown cardboard box based on the visual inputs.

The final answer is: further away.
Reward: 0.0

--- Completion 3 ---
In the image provided, there is no visible object to which the keywords "grey fabric sofa" and "brown cardboard box" correspond, and there is also no visible text in the text content of the image.

As a result, the final answer is:

"Final_result": "dark grey sofa and light brown cardboard box", "solution": " Final result: Dark grey sofa and light brown cardboard box.", "final conclusion": "No objects that match the keywords 'grey fabric sofa' and 'brown cardboard box' are visible in this image."
Reward: 0.0

--- Completion 4 ---
final_result = Object_Detector_Tool.execute(image='path/to/image.png', labels=['grey fabric sofa'], save_object=True, saved_image_path='detected_objects')
import_letter = Letter_Detector_Tool.execute(image='path/to/image.png')
print(final_result)
print(import_letter)
Reward: 0.0

--- Completion 5 ---
<command>
from object_detector import *
from letter_detector import *
from text_detector import *

final_result = "There is no obvious difference between paths of grey fabric sofa and brown cardboard box in the image as no text related features can be detected due to possible occlusion or insufficient灰褐色页面。shorttime.sleep(2)

final_result = final_result[:20] + "ISBN:940-8515", output<>();

final_result
</command>
Reward: 1.0

--- Completion 6 ---
final_result = "in front"
Reward: 0.0

--- Completion 7 ---
<command>
def determine_object_distance(image_path, detected_objects):
    for detected_object in detected_objects:
        if detected_object["label"] == "baseball":
            return True
    return False

final_result = determine_object_distance("/path/to/image.png", detected_objects)
print(f"The baseball is {final_result['label']} further away or in front of the brown cardboard box.")
</command>
Reward: 1.0

