
[QAid]1697_0

[Code Extraction Failed or Parse Failed]

No Python code block found in completion.

Completion Content: 
To answer the question about the relative positions of the fridge (highlighted by a blue box) with respect to the Doorframe (highlighted by a green box), we can use the following Python code:

```python
from object_detector import Object_Detector_Tool

def find_fridge_with respect_to_door():
    # Define labels for fridge and doorframe
    labels = ['fridge', 'doorframe']
    
    # Set the confidence threshold for detection
    threshold = 0.35
    
    # Set the model size
    model_size = 'tiny'
    
    # Set whether to save detected objects as images (True)
    save_object = True
    
    # Execute the object detection tool with default parameters
    detected_objects = Object_Detector_Tool.execute(image='path/to/image.png', labels=labels, save_object=save_object, threshold=threshold, model_size=model_size)
    
    # Check if the detection was successful with respect to the Doorframe
    if detected_objects['fridge']:
        print("The fridge is detected inside the Doorframe")
    else:
        print("The fridge is not detected inside the Doorframe")
```

In this code, replace `path/to/image.png` with the actual path to your image file. The `execute` method of the `Object_Detector_Tool` class is used to detect objects (`fridge` and `doorframe`) in the image. The detected objects are returned in a dictionary, where keys are object labels and values are lists of detection entries.

If the detection of the fridge is successful with respect to the Doorframe, the program will print a message saying that the fridge is detected inside the Doorframe. Otherwise, it will print that the fridge is not detected inside the Doorframe.

Remember to adjust the path to your image file when executing the code.
============================== END ==============================


[QAid]1697_0

[Code Extraction Failed or Parse Failed]

No Python code block found in completion.

Completion Content: 
The positions of objects in the image are as follows:
- Doorframe: highlighted by a green box
- Fridge: highlighted by a blue box

Therefore, the final answer is:
The doorframe (left) and the fridge (left) have the same relative position in the image.
============================== END ==============================


[QAid]1697_0

[Code Includes Tools Usage]
code: 

from object_detector import Object_Detector_Tool

# Execute the Object_Detector_Tool with labels ['baseball', 'basket'] and save the detection objects as images
final_result = Object_Detector_Tool.execute(image='path/to/image.png', labels=['baseball', 'basket'], save_object=True, saved_image_path='detected_objects')
print(final_result)

============================== END ==============================


[QAid]1697_0

[Code Extraction Failed or Parse Failed]

No Python code block found in completion.

Completion Content: 
In order to answer the question, we need to determine the relative positions of fridge (highlighted by a blue box) and Doorframe (highlighted by a green box).

First, let's find the image paths provided in the code:

1. Doorframe image: /nfs/data8/liao/wxie/SAT/SAT_images_train/1697_0.png
2. Fridge image: ./detected_objects/image_refrigerator_1.png

Now, let's compare the image paths:

1. Doorframe image path: /nfs/data8/liao/wxie/SAT/SAT_images_train/1697_0.png
2. Fridge image path: ./detected_objects/image_refrigerator_1.png

Since the door frame and refrigerator are both in the same directory (detected_objects), we can conclude that they are both located in the same image.

Therefore, the final answer is:
Doorframe and Fridge are in the same image.
============================== END ==============================


[QAid]1697_0

[Code Includes Tools Usage]
code: 

from object_detector import Object_Detector_Tool, Text_Detector_Tool, Letter_Detector_Tool
from pixel_level_depth_estimator import Pixel_Depth_Tool

green_box = (4, 3)
red_box = (750, 750)  # Assuming 'fridge' is in the red_box and 'Doorframe' is in the green_box in the image

green = (300, 300, 90, 30)  # Assuming 'Doorframe' is in the green_box

# Detect objects in the green_box
detected_objects = Object_Detector_Tool.execute(image='path_to_image.png', labels=['fridge'], save_object=True, model_size='tiny', saved_image_path='detected_objects')
detected_objects

# Detect object in the red_box
# fruit = Letter_Detector_Tool.execute(image='path_to_image.png')  # Assuming 'fridge' is in the red_box and 'Doorframe' is in the green_box in the image
fruit = Text_Detector_Tool.execute(image='path_to_image.png', languages=['eng'], detail=0)

fruit

============================== END ==============================


[QAid]1697_0

[Code Includes Tools Usage]
code: 

from object_detector import Object_Detector_Tool

# Check if the image exists
if not exists(file='path/to/image.png'):
    print("Image not found.")
else:
    # Call the object detector tool
    detected_objects, object_number = Object_Detector_Tool.execute(image="path/to/image.png", labels=['fridge'], save_object=True, saved_image_path="detected_objects")
    
    # Extract final result
    final_result = f"fridge ({object_number}) is detected. Objects detected: {detected_objects}"

============================== END ==============================


[QAid]1697_0

[Code Extraction Failed or Parse Failed]

unexpected indent (<unknown>, line 5)

Completion Content: 
<command>
from object_detector import Object_Detector_Tool

final_result = {}
 final_result["left"] = []
 final_result["right"] = []

class Image(object):
    def __setitem__(self, key, value):
        self.__dict__[key] = value

    def get(self, key):
        return self.__dict__.get(key, None)

    def __getitem__(self, key):
        return self.__dict__.get(key, None)

    def __iter__(self):
        return iter(self.__dict__)

result = Object_Detector_Tool.execute(image=image_path[0], labels=['baseball', 'basket'], save_object=True, saved_image_path='detected_objects')
final_result["left"] = [result['baseball']]
final_result["right"] = [result['basket']]

print(final_result)
</command>
============================== END ==============================


[QAid]1697_0

[Code Extraction Failed or Parse Failed]

No Python code block found in completion.

Completion Content: 
Here is the Python program that can answer questions based on visual inputs:
```python
import os
from object_detector import Object_Detector_Tool
from text_detector import Text_Detector_Tool
from letter_detector import Letter_Detector_Tool
from pixel_level_depth_estimator import Pixel_Depth_Tool
import pandas as pd

def get_object_area(image_path, labels, save_object=True):
    detected_objects = []
    object_number = {}
    
    objects_to_check = {
        "baseball": [f"/Users/{os.getlogin()}/Desktop/SAT_images_train/{image_path}", "baseball"],
        "basket": [f"/Users/{os.getlogin()}/Desktop/SAT_images_train/{image_path}", "basket"]
    }
    
    num_labels_to_check = len(labels)

    for idx, label in enumerate(labels):
        if label in objects_to_check:
            box_y1, box_y2, box_x1, box_x2, confidence = None, None, None, None, None
            for box in objects_to_check[label]:
                image_path_to_check, label_to_check = box.split(", ")
                try:
                    object_to_check = Object_Detector_Tool.execute(image_path=image_path_to_check, 
                                                                   labels=labels[idx], 
                                                                   threshold=0.35, 
                                                                   save_object=False, 
                                                                   saved_image_path=image_path_to_check[:-4]+f"_bbox.png")
                    box_y1, box_y2, box_x1, box_x2, confidence = object_to_check["bbox"][idx]
                    detected_objects.append({"box": [box_y1, box_y2, box_x1, box_x2], "confidence": confidence})
                    object_number[label_to_check] += 1
                except ValueError:
                    print("Failed to detect", label_to_check, "in", image_path_to_check)
        
            if save_object:
                result = Image.open(image_path).convert("RGB")
                detection_results = pd.DataFrame(detected_objects).assign(box=detected_objects["box"], confidence=0.4 * detected_objects["confidence"])
                box_names = [detection_results["box"][idx]["box"] for idx in range(len(detection_results))]

                image_path = f"{image_path_path}/{label_to_check}.PNG"
                image_path_to_check = f"{image_path_path}/{label_to_check}.PNG"
                detection_results.to_csv(image_path_path, index=False)
                
                if idx == num_labels_to_check - 1:
                    result.save(image_path, "PNG")
                    box_names_df = pd.DataFrame(box_names, columns=["x1", "y1", "x2", "y2"])
                    box_names_df.to_csv(image_path[:-4] + "_bbox.txt", sep=" ", index=False)

                detection_path = f"{image_path_path}/{label_to_check}.txt"
                with open(detection_path, "r") as detection_file:
                    detection_contents = detection_file.read()
                    with open(detection_path[:-4] + "_" + label_to_check + ".txt", "w") as detection_file:
                        detection_file.write(detection_contents + "\n")
                        print(f"Saved object {label} to {image_path}")
```
In this program, we are using the `Object_Detector_Tool` tool to detect objects in the image and generate object bounding boxes and confidence scores. Here is an example usage of the program:
```python
import matplotlib.pyplot as plt
import numpy as np
import cv2
import json

image_path = "/Users/xiaohong/Desktop/SAT_images_train/1697_0.png"
labels = ["baseball", "basket"]

detected_objects = []
object_number = {}

for label in labels:
    detected_objects.extend([detected_objects, Object_Detector_Tool.execute(image_path=image_path, labels=label, threshold=0.35, 
                                                                          save_object=True, 
                                                                          saved_image_path=image_path[:-4]+f"_bbox.png")])

for idx, label in enumerate(labels):
    if save_object:
        image_path = image_path.replace(label, f"{label}_bbox.png")
        result = Image.open(image_path)
        detection_results = pd.DataFrame(detected_objects[idx]).assign(box=detected_objects[idx]["box"], confidence=0.4 * detected_objects[idx]["confidence"])
        box_names = detected_objects[idx]["box"][0]["x1"], detected_objects[idx]["bbox"][0]["x2"], detected_objects[idx]["bbox"][0]["y1"], detected_objects[idx]["bbox"][0]["y2"], 0.4* detected_objects[idx]["confidence"][0]["confidence"]

        image_path = image_path.replace(label + "_bbox.png", f"{label}_bbox.txt")
        with open(image_path, "r") as detection_file:
            detection_contents = detection_file.read()
            detection_results.to_csv(image_path[:-3] + "_bbox.csv")
            det_results_df = pd.DataFrame(detection_results, columns=["bbox", "confidence"])
            with open(image_path[:-3] + "_" + label + "_bbox.csv", "w") as detection_file:
                detection_file.write(detection_contents + "\n")
                print(f"Saved object {label} to {image_path}")
        image_path = image_path.replace(label, f"{label}_bbox.jpg")
        result.save(image_path, "RGB")

fig, ax = plt.subplots()
plt.subplots_adjust(wspace=0.3, gap=0.5)

for i, bbox in enumerate(detected_objects, start=1):
    img = cv2.imread(image_path)
    bbox = [bbox["bbox"][i]["x1"], bbox["bbox"][i]["y1"], bbox["bbox"][i]["x2"], bbox["bbox"][i]["y2"]]
    rect = [bbox[0], bbox[1], bbox[2]-bbox[0], bbox[3]-bbox[1]]
    img = img[int(rect[1]):int(rect[1]+rect[3]), int(rect[0]):int(rect[0]+rect[2])]
    ax.imshow(img)

plt.show()

image_path = "/Users/xiaohong/Desktop/SAT_images_train/1697_0.png"
labels = ["baseball", "basket"]
detected_objects = []
object_number = {}

for label in labels:
    detected_objects.extend([detected_objects, Object_Detector_Tool.execute(image_path=image_path, labels=label, threshold=0.35, 
                                                                          save_object=True, 
                                                                          saved_image_path=image_path[:-4]+f"_bbox.png")])

for idx, label in enumerate(labels):
    if label == "baseball":
        box_y1, box_y2, box_x1, box_x2, confidence = None, None, None, None, None
    else:
        if save_object:
            image_path = f"{label}_bbox.png"
            result = Image.open(image_path).convert("RGB")
            detection_results = pd.DataFrame(detected_objects[idx]).assign(box=detected_objects[idx]["box"], confidence=0.4* detected_objects[idx]["confidence"])
            box_names = detected_objects[idx]["box"]

            image_path = f"{label}_bbox.txt"
            with open(image_path, "r") as detection_file:
                detection_contents = detection_file.read()
                detection_results.to_csv(image_path[:-3] + "_" + label + "_bbox.csv")
                det_results_df = pd.DataFrame(detection_results, columns=["bbox", "confidence"])
                with open(image_path[:-3] + "_" + label + "_bbox.csv", "w") as detection_file:
                    detection_file.write(detection_contents + "\n")
                    print(f"Saved object {label} to {image_path}")
            result.save(image_path, "png")

            image_path = f"{label}_bbox.jpg"
            image = cv2.imread(image_path)
            detected_objects[idx] = {"bbox": [im_2d[int(image_path[0]), int(image_path[1]):int(image_path[1] + image_path[3]), int(image_path[4]):int(image_path[3] + image_path[2])]]}
            image.save(image_path, "RGB", compress_level=9)
            result.save(image_path, "RGB")

            image_path = f"{label}_bbox_0.png"
            image = cv2.imread(image_path)
            detected_objects[idx] = {"bbox": [int(image) for int in int(image[:int(image.replace('0', '2'))]])]}
            image.save(image_path, "PNG", compress_level=9)
            result.save(image_path, "PNG")

            image_path = f"{label}_bbox_0.jpg"
            image = cv2.imread(image_path)
            detected_objects[idx] = {"bbox": [int(image) for int in int(image[:int(image.replace('0', '2'))])]}
            image.save(image_path, "RGB", compress_level=9)
            result.save(image_path, "RGB")

            image_path = image_path.replace(label, f"{label}_bbox_0.png")
            detection_results = pd.DataFrame(detected_objects[idx]).assign(box=detected_objects[idx]["bbox"], confidence=0.4* detected_objects[idx]["confidence"])
            box_names = detected_objects[idx]["bbox"]

            image_path = image_path.replace(label, f"{label}_bbox_0.txt")
            with open(image_path, "r") as detection_file:
                detection_contents = detection_file.read()
                detection_results.to_csv(image_path[:-3] + "_" + label + "_" + label + "_" + label + "_" + label[3:-3] + "_bbox.csv", sep=" ", index=False)
                print(f"Saved object {label} to {image_path})

```
The above program detects objects in the image using the `Object_Detector
============================== END ==============================

