
[Exctuion Failed]

name 'Object_Detector_Tool' is not defined
code: 
final_result = Object_Detector_Tool.execute(image='path/to_image.png', labels=['chair', 'table'], save_object=True, saved_image_path='detected_objects')

============================== END ==============================


[Exctuion Failed]

Object_Detector_Tool.execute() missing 1 required positional argument: 'self'
code: 

from object_detector import Object_Detector_Tool

final_result = Object_Detector_Tool.execute(image='path/to/image.png', labels=['chair'], save_object=True)

if final_result:
    detected_objects = final_result[0]
    total_objects = final_result[1]
    print(f"Total number of chairs detected: {total_objects}")
    print(detected_objects)
else:
    print("No chairs detected.")


============================== END ==============================


[None RESULT]


[Successful Execution but Get None RESULT]
[EXEC CODE]

from object_detector import Object_Detector_Tool

# Function to detect objects in the image and save detected objects
def detect_objects_and_save_objects(image_path, labels, save_object=False, saved_image_path="detected_objects"):    
    # Create object detection model using Grounding DINO
    object_detector = Object_Detector_Tool()

    # Detect objects for a list of labels
    detected_objects, object_number = object_detector.execute(image_path=image_path, labels=labels, save_object=save_object, saved_image_path=saved_image_path)

    # Print the detected objects and object number
    final_result = f"Detected objects: {detected_objects}, Object number: {object_number}"

    return final_result


============================== END ==============================

