
[QAid]13356_0

[Code does not include Tools Usage]
code: 
for final_result in ["1 CounterTop", "1 CounterTop", "1 CounterTop", "2 CounterTop", "1 CounterTop"]:
  print(final_result)

============================== END ==============================


[QAid]13356_0

[Code does not include Tools Usage]
code: 
final_result = "1"

============================== END ==============================


[QAid]13356_0

[Code does not include Tools Usage]
code: 
final_result = "1"

============================== END ==============================


[QAid]13356_0

[Code does not include Tools Usage]
code: 
final_result = "1"

============================== END ==============================


[QAid]13356_0

[Code does not include Tools Usage]
code: 
最终结果 = "1"
final_result = "CounterTops: 1"

============================== END ==============================


[QAid]13356_0

[Code does not include Tools Usage]
code: 
final_result = "1"

============================== END ==============================

