
============================== New Completed Execution ==============================
[EXEC CODE]
final_result = "black colour chair (highlighted by a red box)"
[THE PRINT OUTPUT]

[GENERATE VALID FINAL_RESULT]
black colour chair (highlighted by a red box)

============================== END ==============================


============================== New Completed Execution ==============================
[EXEC CODE]
final_result = "black colour chair (highlighted by a blue box)"
[THE PRINT OUTPUT]

[GENERATE VALID FINAL_RESULT]
black colour chair (highlighted by a blue box)

============================== END ==============================


============================== New Completed Execution ==============================
[EXEC CODE]
final_result = "black colour chair (highlighted by a blue box)"
[THE PRINT OUTPUT]

[GENERATE VALID FINAL_RESULT]
black colour chair (highlighted by a blue box)

============================== END ==============================


============================== New Completed Execution ==============================
[EXEC CODE]
final_result = "black colour chair (highlighted by a red box)"
[THE PRINT OUTPUT]

[GENERATE VALID FINAL_RESULT]
black colour chair (highlighted by a red box)

============================== END ==============================


============================== New Completed Execution ==============================
[EXEC CODE]
final_result = "black colour chair (highlighted by a blue box)"
[THE PRINT OUTPUT]

[GENERATE VALID FINAL_RESULT]
black colour chair (highlighted by a blue box)

============================== END ==============================


============================== New Completed Execution ==============================
[EXEC CODE]
final_result = "black colour chair (highlighted by a blue box)"
[THE PRINT OUTPUT]

[GENERATE VALID FINAL_RESULT]
black colour chair (highlighted by a blue box)

============================== END ==============================


============================== New Completed Execution ==============================
[EXEC CODE]
final_result = "black colour chair (highlighted by a blue box)"
[THE PRINT OUTPUT]

[GENERATE VALID FINAL_RESULT]
black colour chair (highlighted by a blue box)

============================== END ==============================


============================== New Completed Execution ==============================
[EXEC CODE]
final_result = "black colour chair (highlighted by a red box)"
[THE PRINT OUTPUT]

[GENERATE VALID FINAL_RESULT]
black colour chair (highlighted by a red box)

============================== END ==============================

