
[QAid]4250_0

[Code Extraction Failed or Parse Failed]

closing parenthesis '}' does not match opening parenthesis '(' (<unknown>, line 26)

Completion Content: 
<command>
from objectDetector_Tool import Object_Detector_Tool

# Define the image path and object labels
image_path = "/nfs/data8/liao/wxie/SAT/SAT_images_train/4250_0.png"
object_labels = ['baseball', 'basket']

# Create objects_detector_tool object
object_detector_tool = Object_Detector_Tool()

# Execute object detection
detected_objects, object_number = object_detector_tool.execute(image=image_path, labels=object_labels, save_object=True, saved_image_path="detected_objects") 

# Extract text blocks for detection
text_detector_tool = Text_Detector_Tool()
text_outputs = text_detector_tool.execute(image=image_path, languages=['en', 'de'])
text_blocks = text_outputs[0]
text_blocks_with_confidences = [[box, desc, score] for box, desc, score in zip(text_blocks["bbox"], text_outputs["desc"], text_outputs["score"])]

# Determine total count of text blocks
total_text_blocks = len(image_path) if text_outputs else None

final_result = {
    "detected_objects": {
        *detected_objects,
        **({label: count for label, count in object_number.items()}}
    },
    "text_blocks": text_blocks_with_confidences,
    "total_text_blocks": total_text_blocks
}
</command>
============================== END ==============================


[QAid]4250_0

[Code Extraction Failed or Parse Failed]

'[' was never closed (<unknown>, line 9)

Completion Content: 
<command>
from Object_Detector_Tool import Object_Detector_Tool

file_path = "/nfs/data8/liao/wxie/SAT/SAT_images_train/4250_0.png"
labels = ["baseball", "basket"]
save_object = True

object_detection_result = Object_Detector_Tool().execute(image=file_path, labels=labels, save_object=save_object)
final_result = [{"baseball": [{"box": [149, 52, 228, 244], "score": 0.997, "saved_image_path": "detected_objects/image_baseball_1.png"}], "basket": [{"box": [225, 145, 341, 355], "score": 0.978, "saved_image_path": "detected_objects/image_basket_1.png"}]}
length = len(final_result)

output = "detected_objects : {}\nobject_number : {}"
final_answer = output.format(tuple(final_result), length)
</command>
============================== END ==============================


[QAid]4250_0

[Code Extraction Failed or Parse Failed]

No Python code block found in completion.

Completion Content: 
<command>
from object_detector_tool import Object_Detector_Tool
from text_detector_tool import Text_Detector_Tool

def object_count(image_path, labels=("baseball", "basket"), save_object=False, saved_image_path="detected_objects"):
    object_detector_tool = Object_Detector_Tool()
    detected_objects, object_number = object_detector_tool.execute(image=image_path, labels=labels, save_object=save_object, saved_image_path=saved_image_path)
    object_count: dict = {}
    total_objects = 0
    for label, detection_results in detected_objects.items():
        object_count[label] = len(detection_results)
        total_objects += len(detection_results)
    
    return object_count, total_objects

def text_detection(image_path, languages=("en", "de"), detail=1):
    text_detector_tool = Text_Detector_Tool()
    result = text_detector_tool.execute(image=image_path, languages=languages, detail=detail)
    if not result:
        return []
    
    detected_text_blocks = result[0][0]
    detected_sentences = []
    for block in detected_text_blocks:
        if block[-1] == "Detected text":
            text = block[len(block)-2]
            if languages[-1] == 'en':
                detected_sentences.append(text)
            elif languages[-1] == 'ja':
                detected_sentences.append(text.strip().replace('\n', ' ').strip())
            else:
                detected_sentences.append(text.strip() if 'space' not in text else text.strip().replace(' ', '').replace('\n', ' '))
    
    return detected_sentences

def analyze_image(image_path, languages=("en", "de"), extra_language=None):
    object_count, total_objects = object_count(image_path, labels=("baseball", "basket"), languages=languages, languages_to_exclude=[extra_language])
    detected_text_block_list = text_detection(image_path, languages=languages)
    
    return object_count, detected_text_block_list

object_count, detected_text_blocks = analyze_image(image_path="/nfs/data8/liao/wxie/SAT/SAT_images_train/4250_0.png")
final_result = {"object_count": object_count, "detected_text_block_list": detected_text_blocks}
final_result = {key: val for key, val in sorted(final_result.items(), key=lambda item: item[0], reverse=True)}
final_result, object_number = object_count(image_path="/nfs/data8/liao/wxie/SAT/SAT_images
============================== END ==============================


[QAid]4250_0

[Code Includes Tools Usage]
code: 

import numpy as np

def count_safes(image_path):
    # Load image and perform text detection
    image = image_path
    languages = ['en', 'de']
    result = text_detector_tool.execute(image=image, languages=languages)
    
    # Define variables
    detected_safes = []
    total_safes = 0
    
    # Loop through detected text blocks in the image
    for block_info in result:
        # Extract bounding box coordinates
        x0, y0 = block_info[1][0]
        x1, y1 = block_info[1][1]
        x2, y2 = block_info[1][2]
        x3, y3 = block_info[1][3]
        
        # Check if text block is for a save object
        text = block_info[3]
        if "S" in text and "afe" in text:
            # Add detection to list of safes
            detected_safes.append([x0, y0, x1, y1, x2, y2, x3, y3])
            # Update total count of safes
            total_safes += 1
    
    # Save detected objects as images
    for det in detected_safes:
        x0, y0, x1, y1, x2, y2, x3, y3 = det
        image_box = np.array([x0, y0, x1, y1], dtype=np.int32)
        image_box = (image_box.astype(np.int32) - np.array([800, 1000], dtype=np.int32)).astype(np.uint32)
        cv2.rectangle(image, (x0, y0), (x1, y1), (255, 0, 0), 2)
        cv2.putText(image, "SAFE", (x2, y2), cv2.FONT_HERSHEY_SIMPLEX, 0.5, (255, 255, 255), 2)
        # Save image
        imwrite_path = imgwrite_path + "S" + "_s" + str(total_safes) + ".png"
        cv2.imwrite(imwrite_path, image)
    
    return detected_safes, total_safes

============================== END ==============================


[QAid]4250_0

[Code does not include Tools Usage]
code: 

from object_detector_tool import (
    execute as object_detector_tool,
    execute_image as image_detector_tool
)
from text_detector_tool import (
    execute as text_detector_tool
)

final_result = {}

# Check for the presence of any safety items
satches = [
    "closed", "keyring", "keyholder", "keylock", "kettle",
    "lock", "luggage", "mirror", "safe", "snuff"
]

for safety in satches:
    safety_result = object_detector_tool(image=image_reader, model="tiny", labels=[safety], save_object=True, saved_image_path="satches")
    if "detected_object" in safety_result:
        safety_result_with_boxes = safety_result["detected_objects"][safety][0]["box"]
        final_result[safety] = safety_result_with_boxes

# Count the detected safety items
for safety in satches:
    safety_count = image_detector_tool(image=image_reader, labels=[safety])["object_count"]
    final_result[safety] = safety_count

final_result

============================== END ==============================


[QAid]4250_0

[Code Includes Tools Usage]
code: 

from tool_module_name import *
import_name: object_detector_tool

user_tool_output = object_detector_tool.execute(image=image_path, labels=['baseball', 'basket'], save_object=True, saved_image_path='detected_objects')

detected_objects, object_number = (1, 2) if user_tool_output['detected_objects'] else (0, 0)
final_result = {"detected_objects": user_tool_output["detected_objects"], "object_number": object_number}

============================== END ==============================

