
[QAid]3263_0

[Code does not include Tools Usage]
code: 
import object_detector
final_result = object_detector.object_detector_tool(image="path/to/image", labels=["baseball", "basket"], threshold=0.35, save_object=True, saved_image_path="detected_objects")
print(final_result)

============================== END ==============================


[QAid]3263_0

[Code Includes Tools Usage]
code: 

from object_detector import Object_Detector_Tool

final_result = Object_Detector_Tool().execute(image="path/to/image", labels=["baseball", "basket"], save_object=True, saved_image_path="detected_objects")
print(final_result)

============================== END ==============================


[QAid]3263_0

[Code Includes Tools Usage]
code: 

from object_detector import Object_Detector_Tool

final_result = Object_Detector_Tool().execute(image='path/to/image', labels=['ball'], model_size='tiny', save_object=True, saved_image_path='detected_objects')
print(final_result)

============================== END ==============================


[QAid]3263_0

[Code Includes Tools Usage]
code: 

from object_detector import Object_Detector_Tool

final_result = Object_Detector_Tool().execute(image='path/to/image', labels=['baseball', 'basket'], save_object=True, saved_image_path='detected_objects')
print(final_result)

============================== END ==============================


[QAid]3263_0

[Code Includes Tools Usage]
code: 

from object_detector import Object_Detector_Tool
final_result = Object_Detector_Tool().execute(image='path/to/image', labels=['baseball', 'basket'], save_object=True, saved_image_path='detected_objects')
print(final_result)

============================== END ==============================


[QAid]3263_0

[Code Includes Tools Usage]
code: 

from object_detector import Object_Detector_Tool

final_result = Object_Detector_Tool().execute(image="path/to/image", labels=["baseball", "basket"], save_object=True, saved_image_path="detected_objects")
print(final_result)

============================== END ==============================

