
[Exctuion Failed]

name 'extracted_labels' is not defined
code: 

for label in extracted_labels:
  extracted_image = saved_image_path.format(label=label)
  depth_image_directory = 'depth_images'
  if output_image:
    depth_image_directory = 'depth_images'  # Add if output_image is True

  if output_video:
    depth_image_directory = 'depth_images'  # Add if output_video is True

  depth_image = get_depth_for_image_image(image, mode='image', output_directory=depth_image_directory, output_image_path=extracted_image)

from object_detector import Object_Detector_Tool
from letter_detector import Letter_Detector_Tool

detector_tool = Object_Detector_Tool()
labels = ['baseball', 'basket']

extracted_labels = detector_tool.execute(image=image_path, labels=labels, threshold=0.35, model_size='tiny')

result = Letter_Detector_Tool.execute(image='path/to/image.png')

image, detection_results, detected_letter = result

if isinstance(detection_results, list):
    for detection in detection_results:
        label, confidence, _ = detection
        if label == 'baseball':
            print('baseball Detected by the Object Detector. The confidence score is:', confidence)
        elif label == 'basket':
            print('basketball Detected by the Object Detector. The confidence score is:', confidence)
        else:
            print('Detected Unkown letter, its confidence score is:', confidence)

if detected_letter:
    print('Detected:', detected_letter[0][1]) # Example: 'A' # Extracting the detected letter from a detected result list


============================== END ==============================


[None RESULT]


[Successful Execution but Get None RESULT]
[EXEC CODE]


# Note: The actual object detection code may look different if using the <tool_module_name> tool or a different approach for solving the problem.



============================== END ==============================

