
[Exctuion Failed]

closing parenthesis ')' does not match opening parenthesis '{' on line 17 (<string>, line 21)
code: 

from object_detector import Object_Detector_Tool

final_result = Object_Detector_Tool(
    tool_module_name="object_detector",
    tool_class_name="Object_Detector_Tool",
    tool_description="A tool that detects objects in an image using the Grounding DINO model and saves individual object images with empty padding.",
    tool_version="1.0.0",
    input_types={
        "image": "str - The path to the image file.",
        "labels": "list - A list of object labels to detect.",
        "threshold": "float - The confidence threshold for detection (default: 0.35).",
        "model_size": "str - The size of the model to use ('tiny' or 'base', default: 'tiny').",
        "save_object": "bool - Whether to save the detected objects as images (default: False).",
        "saved_image_path": "str - The path to save the detected object images (default: 'detected_objects')."
    },
    output_types={"tuple - A tuple containing two elements: (1) a dictionary mapping each detected label to a list of detection entries, e.g. {'baseball': [{'box': (x1, y1, x2, y2), 'score': 0.95, 'saved_image_path': 'path/to/saved/image.png'}]}, (2) a dictionary mapping each label to the number of detected objects in the image. e.g. {'baseball': 2, 'basket': 1}}",
    user_metadata={
        "potential usage": "The tool can be used for counting and locating interest-objects in images by utilizing the bounding boxes"
    }
)

final_result.execute(image="6716_0.png", labels=["baseball", "basket"], save_object=True, saved_image_path="detected_objects")
detected_objects, object_number = final_result.output(output_example=final_result.output())
print(f"The count of detected objects is {object_number.get('baseball')}")
print(f"The count of detected objects is {object_number.get('basket')}")


============================== END ==============================


[Exctuion Failed]

No module named 'object_detector_tool'
code: 

import object_detector_tool
final_result = object_detector_tool.execute(image='path/to_image', labels=[['baseball', 'basket']], save_object=True, saved_image_path='detected_objects')


============================== END ==============================

