
[QAid]3233_0

[Code Includes Tools Usage]
code: 

from object_detector import Object_Detector_Tool
final_result = Object_Detector_Tool().execute(image='path/to/image', labels=['baseball', 'basket'], save_object=True, saved_image_path='detected_objects')
print(final_result)

============================== END ==============================


[QAid]3233_0

[Code Extraction Failed or Parse Failed]

invalid syntax (<unknown>, line 1)

Completion Content: 
<command>&lt;module&gt;/object_detector&quot;
<command>final_result = object_detector_tool.execute(image='image.png', labels=['baseball', 'basket'], save_object=True, saved_image_path='detected_objects')
</command>&lt;/command&gt;
============================== END ==============================


[QAid]3233_0

[Code Includes Tools Usage]
code: 

from object_detector import Object_Detector_Tool

final_result = Object_Detector_Tool().execute(image="3233_0.png", labels=["baseball", "basket"], threshold=0.35)
print(final_result)

============================== END ==============================


[QAid]3233_0

[Code Includes Tools Usage]
code: 

from object_detector import Object_Detector_Tool

final_result = Object_Detector_Tool().execute(image='path/to/image', labels=['baseball', 'basket'], save_object=True, saved_image_path='detected_objects')
print(final_result)

============================== END ==============================


[QAid]3233_0

[Code Includes Tools Usage]
code: 

from object_detector import Object_Detector_Tool

final_result = Object_Detector_Tool().execute(image="path/to/image", labels=["door"], threshold=0.35)
door_count = sum(1 for _ in final_result[0].keys())
door_count

============================== END ==============================


[QAid]3233_0

[Code Includes Tools Usage]
code: 
from object_detector import Object_Detector_Tool
final_result = Object_Detector_Tool().execute(image='path/to/image', labels=['baseball', 'basket'], save_object=True, saved_image_path='detected_objects')
print(final_result)

============================== END ==============================

