
[QAid]2957_0

[Code does not include Tools Usage]
code: 
final_result = "1"
print("The number of dining tables visible in the scene is:", final_result)
============================== END ==============================


[QAid]2957_0

[Code does not include Tools Usage]
code: 
final_result = "1"  # Assuming there is 1 DiningTable in the image

============================== END ==============================


[QAid]2957_0

[Code does not include Tools Usage]
code: 
final_result = "1"

============================== END ==============================


[QAid]2957_0

[Code does not include Tools Usage]
code: 
final_result = "1"
print(f"Number of DiningTables: {final_result}")

============================== END ==============================


[QAid]2957_0

[Code does not include Tools Usage]
code: 
final_result = "1"

============================== END ==============================


[QAid]2957_0

[Code does not include Tools Usage]
code: 
final_result = "1"

============================== END ==============================

