
============================== New Completed Execution ==============================
[EXEC CODE]
final_result = "dark blue fabric armchair (highlighted by a blue box)"
[THE PRINT OUTPUT]

[GENERATE VALID FINAL_RESULT]
dark blue fabric armchair (highlighted by a blue box)

============================== END ==============================


============================== New Completed Execution ==============================
[EXEC CODE]
final_result = "dark blue fabric armchair (highlighted by a blue box)"
[THE PRINT OUTPUT]

[GENERATE VALID FINAL_RESULT]
dark blue fabric armchair (highlighted by a blue box)

============================== END ==============================


============================== New Completed Execution ==============================
[EXEC CODE]
final_result = "dark blue fabric armchair"
[THE PRINT OUTPUT]

[GENERATE VALID FINAL_RESULT]
dark blue fabric armchair

============================== END ==============================


============================== New Completed Execution ==============================
[EXEC CODE]
final_result = "dark blue fabric armchair"
[THE PRINT OUTPUT]

[GENERATE VALID FINAL_RESULT]
dark blue fabric armchair

============================== END ==============================


============================== New Completed Execution ==============================
[EXEC CODE]

final_result = "dark blue fabric armchair"

[THE PRINT OUTPUT]

[GENERATE VALID FINAL_RESULT]
dark blue fabric armchair

============================== END ==============================


============================== New Completed Execution ==============================
[EXEC CODE]
final_result = "dark blue fabric armchair (highlighted by a blue box)"
[THE PRINT OUTPUT]

[GENERATE VALID FINAL_RESULT]
dark blue fabric armchair (highlighted by a blue box)

============================== END ==============================

