
============================== New Completed Execution ==============================
[EXEC CODE]

from object_detector import Object_Detector_Tool
object_num = {}
result = {}
img = "/nfs/data8/liao/wxie/SAT/SAT_images_train/551_0.png"
labels = ['baseball', 'basket']
threshold = 0.35
model_size = 'tiny'
save_object = True

try:
    # Detect objects in the image
    object_detection = Object_Detector_Tool.execute(image=img, labels=labels, threshold=threshold, model_size=model_size, save_object=save_object)
    object_num = object_detection['object_number']
    detected_objects = object_detection['detected_objects']
    for label in object_num:
        if len(detected_objects[label]) != 0:
            result[label] = detected_objects[label]
except Exception as e:
    print(e)

final_result = {"object number": object_num, "detected objects count": result}
print(final_result)

[THE PRINT OUTPUT]
Object_Detector_Tool.execute() missing 1 required positional argument: 'self'
{'object number': {}, 'detected objects count': {}}

[GENERATE VALID FINAL_RESULT]
{'object number': {}, 'detected objects count': {}}

============================== END ==============================

