
[QAid]12067_0

[Code does not include Tools Usage]
code: 
final_result = "1"

============================== END ==============================


[QAid]12067_0

[Code does not include Tools Usage]
code: 
final_result = "1"

============================== END ==============================


[QAid]12067_0

[Code does not include Tools Usage]
code: 
final_result = "1"

============================== END ==============================


[QAid]12067_0

[Code does not include Tools Usage]
code: 
final_result = "1"  # Total number of Windows visible in the scene

============================== END ==============================


[QAid]12067_0

[Code does not include Tools Usage]
code: 
final_result = "1"

============================== END ==============================


[QAid]12067_0

[Code does not include Tools Usage]
code: 
final_result = "1"

============================== END ==============================

