
[QAid]14530_0

[Code does not include Tools Usage]
code: 
final_result = "2"

============================== END ==============================


[QAid]14530_0

[Code Extraction Failed or Parse Failed]

unexpected indent (<unknown>, line 1)

Completion Content: 
<command> <command>final_result = "2"
</command> </command>
============================== END ==============================


[QAid]14530_0

[Code does not include Tools Usage]
code: 
final_result = "2"

============================== END ==============================


[QAid]14530_0

[Code does not include Tools Usage]
code: 
final_result = {"result": "2", "commands": ["detected_objects, object_number = Object_Detector_Tool.execute(image=path/to/image.png, labels=['baseball', 'basket'], save_object=True, saved_image_path='detected_objects')"]}
============================== END ==============================


[QAid]14530_0

[Code does not include Tools Usage]
code: 
final_result = "2"

============================== END ==============================


[QAid]14530_0

[Code does not include Tools Usage]
code: 
final_result = "2"

============================== END ==============================

