
============================== New Completed Execution ==============================
[EXEC CODE]
final_result = "2"

[THE PRINT OUTPUT]

[GENERATE VALID FINAL_RESULT]
2

============================== END ==============================


============================== New Completed Execution ==============================
[EXEC CODE]
final_result = "2"

[THE PRINT OUTPUT]

[GENERATE VALID FINAL_RESULT]
2

============================== END ==============================


============================== New Completed Execution ==============================
[EXEC CODE]
final_result = {"result": "2", "commands": ["detected_objects, object_number = Object_Detector_Tool.execute(image=path/to/image.png, labels=['baseball', 'basket'], save_object=True, saved_image_path='detected_objects')"]}
[THE PRINT OUTPUT]

[GENERATE VALID FINAL_RESULT]
{'result': '2', 'commands': ["detected_objects, object_number = Object_Detector_Tool.execute(image=path/to/image.png, labels=['baseball', 'basket'], save_object=True, saved_image_path='detected_objects')"]}

============================== END ==============================


============================== New Completed Execution ==============================
[EXEC CODE]
final_result = "2"

[THE PRINT OUTPUT]

[GENERATE VALID FINAL_RESULT]
2

============================== END ==============================


============================== New Completed Execution ==============================
[EXEC CODE]
final_result = "2"

[THE PRINT OUTPUT]

[GENERATE VALID FINAL_RESULT]
2

============================== END ==============================

