
============================== New Completed Execution ==============================
[EXEC CODE]

final_result = "Doorway (highlighted by a blue box)"

[THE PRINT OUTPUT]

[GENERATE VALID FINAL_RESULT]
Doorway (highlighted by a blue box)

============================== END ==============================


============================== New Completed Execution ==============================
[EXEC CODE]

final_result = "Doorway (highlighted by a blue box)"

[THE PRINT OUTPUT]

[GENERATE VALID FINAL_RESULT]
Doorway (highlighted by a blue box)

============================== END ==============================


============================== New Completed Execution ==============================
[EXEC CODE]

final_result = "Doorway (highlighted by a blue box)"

[THE PRINT OUTPUT]

[GENERATE VALID FINAL_RESULT]
Doorway (highlighted by a blue box)

============================== END ==============================


============================== New Completed Execution ==============================
[EXEC CODE]

final_result = "Doorway (highlighted by a blue box)@"

[THE PRINT OUTPUT]

[GENERATE VALID FINAL_RESULT]
Doorway (highlighted by a blue box)@

============================== END ==============================


============================== New Completed Execution ==============================
[EXEC CODE]

final_result = "Doorway (highlighted by a blue box)"

[THE PRINT OUTPUT]

[GENERATE VALID FINAL_RESULT]
Doorway (highlighted by a blue box)

============================== END ==============================


============================== New Completed Execution ==============================
[EXEC CODE]

final_result = "Dark wooden bed frame with slats"

[THE PRINT OUTPUT]

[GENERATE VALID FINAL_RESULT]
Dark wooden bed frame with slats

============================== END ==============================


============================== New Completed Execution ==============================
[EXEC CODE]

final_result = "Doorway (highlighted by a blue box)"

[THE PRINT OUTPUT]

[GENERATE VALID FINAL_RESULT]
Doorway (highlighted by a blue box)

============================== END ==============================


============================== New Completed Execution ==============================
[EXEC CODE]

final_result = "Doorway (highlighted by a blue box)"

[THE PRINT OUTPUT]

[GENERATE VALID FINAL_RESULT]
Doorway (highlighted by a blue box)

============================== END ==============================

