
[Exctuion Failed]

Object_Detector_Tool.execute() missing 1 required positional argument: 'self'
code: 
from object_detector import Object_Detector_Tool

detected_objects = Object_Detector_Tool.execute(image="/nfs/data8/liao/wxie/SAT/SAT_images_train/7601_0.png", labels=["baseball", "basket"], save_object=True, saved_image_path="detected_objects")

print(detected_objects)


============================== END ==============================


[Exctuion Failed]

Object_Detector_Tool.execute() missing 1 required positional argument: 'self'
code: 
from object_detector import Object_Detector_Tool

result = Object_Detector_Tool.execute(image='path/to/image.png', labels=['baseball', 'basket'], save_object=True, saved_image_path='detected_objects')
detected_objects, object_number = result
final_result = f"1 {'Doorways'}"

for obj in detected_objects:
    if obj['label'] != 'Doorways':
        final_result += f" {'{' + obj['label'] + '}'} "
final_result += " {'{' + 'Doorways' + '}}"

print(final_result)


============================== END ==============================

