
============================== NEW SCCESSFUL EXECUTION ==============================
[EXEC CODE]
final_result = 2
[THE PRINT OUTPUT]

[GENERATE FINAL_RESULT]
2

============================== END ==============================

============================== NEW SCCESSFUL EXECUTION ==============================
[EXEC CODE]
final_result = 1
[THE PRINT OUTPUT]

[GENERATE FINAL_RESULT]
1

============================== END ==============================

============================== NEW SCCESSFUL EXECUTION ==============================
[EXEC CODE]
final_result = "B"
[THE PRINT OUTPUT]

[GENERATE FINAL_RESULT]
B

============================== END ==============================

============================== NEW SCCESSFUL EXECUTION ==============================
[EXEC CODE]
final_result = "D"
[THE PRINT OUTPUT]

[GENERATE FINAL_RESULT]
D

============================== END ==============================

============================== NEW SCCESSFUL EXECUTION ==============================
[EXEC CODE]
final_result = 2
[THE PRINT OUTPUT]

[GENERATE FINAL_RESULT]
2

============================== END ==============================

============================== NEW SCCESSFUL EXECUTION ==============================
[EXEC CODE]
final_result = "B"
[THE PRINT OUTPUT]

[GENERATE FINAL_RESULT]
B

============================== END ==============================
