
============================== NEW SCCESSFUL EXECUTION ==============================
[EXEC CODE]
from object_detector import Object_Detector_Tool

final_result = 'A'
[THE PRINT OUTPUT]

[GENERATE FINAL_RESULT]
A

============================== NEW SCCESSFUL EXECUTION ==============================
[EXEC CODE]
from object_detector import Object_Detector_Tool

final_result = "A"
[THE PRINT OUTPUT]

[GENERATE FINAL_RESULT]
A

============================== NEW SCCESSFUL EXECUTION ==============================
[EXEC CODE]
from object_detector import Object_Detector_Tool

final_result = "A"
[THE PRINT OUTPUT]

[GENERATE FINAL_RESULT]
A

============================== NEW SCCESSFUL EXECUTION ==============================
[EXEC CODE]
from object_detector import Object_Detector_Tool

final_result = "A"

# This program uses the Object_Detector_Tool tool to detect and count baseball and basketball objects in the image.
# The function returns a tuple with dictionaries for each detected object, including a dictionary with labels and their counts.
[THE PRINT OUTPUT]

[GENERATE FINAL_RESULT]
A

============================== NEW SCCESSFUL EXECUTION ==============================
[EXEC CODE]
from object_detector import Object_Detector_Tool

final_result = "A"
[THE PRINT OUTPUT]

[GENERATE FINAL_RESULT]
A
