
[Exctuion Failed]

invalid syntax (<string>, line 1)
code: 
Based on the visual input, the television is the closer object to the camera, as it is positioned closer to the viewer than the brown colour side table.

============================== END ==============================


[Exctuion Failed]

invalid syntax (<string>, line 1)
code: 
To determine which object is closer to the camera, we need to compare the pixel depth values of the Television and brown colour side table.

<code>
from pixel_level_depth_estimator import Pixel_Depth_Tool

final_result = Pixel_Depth_Tool.execute(image_path=['path/to/image.png'], mode='image', outdir='./vis_depth', output=True)
depths = final_result['depth_map']
television_depth = depths['Television']
side_table_depth = depths['brown colour side table']
</code>

============================== END ==============================


[Exctuion Failed]

name 'Pixel_Depth_Tool' is not defined
code: 

Pixel_Depth_Tool.execute(image_path=['path/to/image1_img.png', 'path/to/image2_img.png'], output=False, outdir='./vis_depth')


============================== END ==============================


[Exctuion Failed]

invalid syntax (<string>, line 1)
code: 
To determine which object is closer to the camera taking this photo, we need to calculate the depth of each object using the Pixel_Depth_Tool tool.
The pixel depth of the brown colour side table is greater than the pixel depth of the Television.
Therefore, the brown colour side table is closer to the camera than the Television.

============================== END ==============================


[Exctuion Failed]

name 'Television' is not defined
code: 
Final_result: Television

============================== END ==============================


[Exctuion Failed]

unexpected indent (<string>, line 2)
code: 

 final_result = True


============================== END ==============================

