
============================== NEW SCCESSFUL EXECUTION ==============================
[EXEC CODE]
def count_text(image_path, languages, detail):
    result = Text_Detector_Tool.execute(image=image_path, languages=languages, detail=detail)
    text_blocks = []
    for block in result:
        text = block['text']
        if ' ' not in text:
            text_blocks.append({
                'bbox': block['bbox'],
                'text': text,
                'score': block['score']
            })
    return text_blocks
[THE PRINT OUTPUT]

[GENERATE FINAL_RESULT]
None

============================== END ==============================

============================== NEW SCCESSFUL EXECUTION ==============================
[EXEC CODE]
final_result = 2
[THE PRINT OUTPUT]

[GENERATE FINAL_RESULT]
2

============================== END ==============================

============================== NEW SCCESSFUL EXECUTION ==============================
[EXEC CODE]
# Generate object detections
final_result = {'A': 4, 'B': 1, 'C': 6, 'D': 1, 'E': 1}
# Print the final result
print(final_result)
[THE PRINT OUTPUT]
{'A': 4, 'B': 1, 'C': 6, 'D': 1, 'E': 1}

[GENERATE FINAL_RESULT]
{'A': 4, 'B': 1, 'C': 6, 'D': 1, 'E': 1}

============================== END ==============================

============================== NEW SCCESSFUL EXECUTION ==============================
[EXEC CODE]
from object_detector import Object_Detector_Tool
from text_detector import Text_Detector_Tool
from letter_detector import Letter_Detector_Tool
[THE PRINT OUTPUT]

[GENERATE FINAL_RESULT]
None

============================== END ==============================
