
[EXECUTION EXCEPTION]
name 'image_path' is parameter and global (<string>, line 5)
code:from object_detector import Object_Detector_Tool

# Read the image
def read_image(image_path):
    global image_path
    image = image_path
    return image

# Read the image
image_path = "/home/stud/wxie/BLINK_Dataset/Counting/val/images/val_Counting_93_image_1.jpg"

# Detect objects
object_detector_tool = Object_Detector_Tool()
labels = ["baseball", "basket"]
object_detector_tool.labels = labels
confidence_threshold = 0.45
model_size = "tiny"
save_object = True

detected_objects, object_number = object_detector_tool.execute(image=image, labels=labels, save_object=save_object, threshold=confidence_threshold, model_size=model_size)

# Calculate the number of detected objects
num_objects = object_number["baseball"]
num_baskets = object_number["basket"]

# Calculate the percentage of detected objects
percentage_objects = (num_objects / image_path.split("/")[-1].split(".")[0].split("-")[-1].split("_")[-2]) * 100
percentage_bacteria = (num_baskets / image_path.split("/")[-1].split(".")[0].split("-")[-1].split("_")[-1].split("_")[-2]) * 100

# Final result variable
final_result = {
    "human_bacteria": percentage_objects if object_count == 0 else 0,
    "human_bacteria_percentage": percentage_bacteria if object_count == 0 else 0
}

# Print the result
print(f"Total number of detected objects: {num_objects}")
print(f"Percentage of detected objects: {percentage_objects}%")
print(f"Percentage of bacteria: {percentage_bacteria}%")

[EXECUTION EXCEPTION]
Object_Detector_Tool.execute() missing 1 required positional argument: 'self'
code:from object_detector import Object_Detector_Tool

# Path to the image file
image_path = "/home/stud/wxie/BLINK_Dataset/Counting/val/images/val_Counting_93_image_1.jpg"
labels = ["baseball", "basket"]
save_object = True
saved_image_path = "detected_objects"

# Detection and saving object images
detected_objects, object_number = Object_Detector_Tool.execute(image=image_path, labels=labels, save_object=save_object, saved_image_path=saved_image_path)

# Count detected objects
count = object_number["baseball"] + object_number["basket"]

# Final result
final_result = count

[EXECUTION EXCEPTION]
No module named 'tool_module_name'
code:from tool_module_name import Object_Detector_Tool
import tool_class_name

tool = Object_Detector_Tool()
label = ["people"]
threshold = 0.45
model_size = "tiny"
save_object = True
saved_image_path = "detected_objects"

result = tool.execute(image="/home/stud/wxie/BLINK_Dataset/Counting/val/images/val_Counting_93_image_1.jpg", labels=label, threshold=threshold, model_size=model_size, save_object=save_object, saved_image_path=saved_image_path)

[EXECUTION EXCEPTION]
not enough values to unpack (expected 2, got 0)
code:from object_detector import Object_Detector_Tool

# Get the path of the image file
image_path = "/home/stud/wxie/BLINK_Dataset/Counting/val/images/val_Counting_93_image_1.jpg"

# Create an object detection tool instance
tool = Object_Detector_Tool()

# Execute the object detection tool
detected_result, label_count = tool.execute(image_path, labels=["water"], save_object=True, saved_image_path="detected_objects")

# Check if there are any detected water bottles in the image
if "water" in label_count:
    final_result = True
else:
    final_result = False

final_result

[EXECUTION EXCEPTION]
'Object_Detector_Tool' object does not support the context manager protocol
code:from object_detector import Object_Detector_Tool

with Object_Detector_Tool() as td:
    # Example: Detect objects of interest in the image
    detected_objects, object_number = td.execute(image="/path/to/image.png", labels=["baseball"], save_object=True, saved_image_path="detected_objects/", threshold=0.45)

# The result will be a dictionary with each detected object as key and its count as value. We can find the number of individuals washing hands by checking if there is a key with a 'baseball' label (e.g., 'baseball' in detected_objects)
number_washing_hands = len(detected_objects)  # number_washing_hands = object_number

# Output the final answer
final_result = f"The number of people washing hands is {number_washing_hands}."
print(final_result)

[EXECUTION EXCEPTION]
module 'object_detector' has no attribute 'object_detector'
code:import object_detector # Import the Object_Detector_Tool tool
# Load the image
image_path = "/home/stud/wxie/BLINK_Dataset/Counting/val/images/val_Counting_93_image_1.jpg"
img = object_detector.object_detector(image=image_path)
detection_result = img.detect_objects_in_image(labels=["basin"]) # Detect objects in the image
labels, detection_results = img.get_labels(detection_result)

# Count the total number of 'basin' detection
number_of_detected_basin = len(detection_results)

final_result = {'D:0.B0': number_of_detected_basin}

print(final_result) # print the final result
