--- Completion 1 ---
<command>final_result = "1"
</command>
Reward: 0.5

--- Completion 2 ---
<command>final_result = "1"
</command>
Reward: 0.5

--- Completion 3 ---
<code>
from object_detector import Object_Detector_Tool

final_result = "1 Doorframe"  # Use "1" for the final answer based on the number of Doorframes visible in the scene.

print(final_result)
</code>
Reward: 0.0

--- Completion 4 ---
<command>final_result = "1"
</command>
Reward: 0.5

--- Completion 5 ---
<command>final_result = '1'</command>
Reward: 0.5

--- Completion 6 ---
<command>final_result = "1"</command>
Reward: 0.5

