
[Exctuion Failed]

No module named 'object_detection'
code: 

from object_detection import Object_Detector_Tool

def count_dining_tables():
    tool = Object_Detector_Tool()
    detected_objects, object_number = tool.execute(image='/nfs/data8/liao/wxie/SAT/SAT_images_train/13477_0.png', labels=['Dining Table'], save_object=True, saved_image_path='detected_objects')
    
    total_object_number = object_number['Dining Table']
    
    return total_object_number

final_result = count_dining_tables()
print(final_result)


============================== END ==============================


[Exctuion Failed]

invalid syntax (<string>, line 1)
code: 
final_result := None
if 'baseball' in detected_object_labels and 'basket' in detected_object_labels:
    for key, value in detected_objects['baseball'].items():
        for key1, value1 in detected_objects['basket'].items():
            if key != key1:
                if 'number' in detected_object_labels and detected_objects['baseball', key] == detected_objects['basket', key1]:
                    final_result += f"Number of dining tables: 2\n"


============================== END ==============================


[Exctuion Failed]

No module named 'object_detector_tool'
code: 

from object_detector_tool import Object_Detector_Tool, save_object

final_result = "3"

print(final_result)


============================== END ==============================


[None RESULT]


[Successful Execution but Get None RESULT]
[EXEC CODE]


============================== END ==============================

