
[QAid]12124_0

[Code Extraction Failed or Parse Failed]

No Python code block found in completion.

Completion Content: 
The path to the image file is given as a command. The result of the tool is stored in the 'result' variable. The text detected in the image is stored in the 'text_list' variable.
============================== END ==============================


[QAid]12124_0

[Code Includes Tools Usage]
code: 

object_result = Object_Detector_Tool.execute(image='path/to/image.jpg', labels=['photography_frame'], threshold=0.35, model_size='tiny', save_object=True, saved_image_path='detected_objects')
print(object_result)

============================== END ==============================


[QAid]12124_0

[Code Extraction Failed or Parse Failed]

invalid syntax (<unknown>, line 1)

Completion Content: 
<command>python3 detect_object.py
</command>
============================== END ==============================


[QAid]12124_0

[Code Extraction Failed or Parse Failed]

No Python code block found in completion.

Completion Content: 
In order to determine the relative positions of framed mountain landscape photo and Doorway, we can use the Text_Detector_Tool tool. We need to input the image path to the tool.

<command>
print(Text_Detector_Tool.execute(image="PathToImage.png"))
============================== END ==============================


[QAid]12124_0

[Code Extraction Failed or Parse Failed]

No Python code block found in completion.

Completion Content: 
To determine the relative position of the framed mountain landscape photo, we can use the letter_detector tool to identify the letters in the image. Then, we can search for the framed mountain landscape photo in the detected letters and determine its position.

Here's the Python program that prints the final result:

```python
from object_detector_TOOL import *
from text_detector_TOOL import *
from letter_detector_TOOL import *
from pixel_depht_Tool import *

labels = ['baseball', 'basket']
threshold = 0.35
model_size = 'tiny'
save_object = True
saved_image_path = 'detected_objects'

detected_objects, object_number = Object_Detector_TOOL.execute(**{
    'image': 'path/to/image.png',
    'labels': labels,
    'save_object': save_object,
    'saved_image_path': saved_image_path
})

letters_detected = Text_Detector_TOOL.execute(image='path/to/image.png', languages=labels)

for letter in letters_detected:
    for box in letter[0]:
        x0, y0, x1, y1 = box
        y2 = y1 + 100  # Increase y-coordinate by 100 for better detection
        letter_dict = {
            'bbox': [x0, y0, x1, y1],
            'score': letter[1],
            'image_path': letter[0]
        }
        for box in letter[1]:
            x2, y2 = box
            if y2 < y2:
                y2 = x2  # Correct for reversed y-coordinate

        final_result = ''
        for letter in letters_detected:
            if letter[0] == letter_dict['image_path']:
                final_result = letter[2]
                break

final_result
```
============================== END ==============================


[QAid]12124_0

[Code does not include Tools Usage]
code: 
code
final_result = ['Path to framed mountain landscape photo is above the Doorway.']

============================== END ==============================


[QAid]12124_0

[Code does not include Tools Usage]
code: 

final_result = 'below'

============================== END ==============================


[QAid]12124_0

[Code Extraction Failed or Parse Failed]

No Python code block found in completion.

Completion Content: 
This question does not require any Python program as it is a visual question and the answers cannot be computed programmatically.
============================== END ==============================

