--- Completion 1 ---
<command>
from object_detector import Object_Detector_Tool

final_result = Object_Detector_Tool.execute(image='path_to_image.png')

print(final_result)
</command>
Reward: 1.0

--- Completion 2 ---
<command>
from object_detector import Object_Detector_Tool

final_result = Object_Detector_Tool.execute(image='path/to/image.png', languages=['en', 'de'], detail=0)

print("Number of Dressers:", len(final_result['baseball']))
print("Number of Baskets:", len(final_result['basket']))
</command>
Reward: 1.0

--- Completion 3 ---
<command>
from object_detector import Object_Detector_Tool

final_result = Object_Detector_Tool.execute(image="path/to/image.png", labels=["Desk"), save_object=True, saved_image_path="detected_objects")
print(final_result)
</command>
Reward: 1.0

--- Completion 4 ---
<command>
from object_detector import Object_Detector_Tool

final_result = Object_Detector_Tool.execute(image='path/to/image.png', labels=['dresser'], save_object=True, saved_image_path='dresses')

print("Number of dressers detected:", final_result['object_number'])
print("Dressers:", final_result['detected_objects'])
</command>
Reward: 1.0

--- Completion 5 ---
<command>
from object_detector import Object_Detector_Tool

final_result = Object_Detector_Tool.execute(image="path_to_image.png", labels=["bed"], save_object=True, saved_image_path="")
print(final_result)
</command>
Reward: 1.0

--- Completion 6 ---
<command>
from object_detector import Object_Detector_Tool

final_result = Object_Detector_Tool.execute(image='path/to/image.png', labels=['dresser', 'table'], save_object=True, saved_image_path='detected_objects')

print(final_result)
</command>
Reward: 1.0

