--- Completion 1 ---
final_result = 1
Reward: 0.0

--- Completion 2 ---
if __name__ == "__main__":
    # Load the data file
    data_path = 'path_to_data.csv'
    
    # Read the data and print the number of data rows
    df = pd.read_csv(data_path)
    print(df.shape[0])  # 3 rows, 6 columns, 919pxx x 945pxx

    # Add the missed data rows using a specific index
    df['data_column_' + str(df.shape[0]+1)] = np.nan  # Added new data column
    df['data_column_' + str(df.shape[0]+2)] = np.nan  # Added some other data column

    # Calculate the standard deviation of the missing data
    std_df = df.var(axis=0).reset_index(name='std')
    std_df['std'] = std_df['std'] / 2  # Add 0 to make sure the standard deviation of the standard deviation is 2
    std_df['std'] = std_df['std'] / std_df['std'].rolling(window=7, center=False).mean()  # Calculate the rolling mean
    std_df['rolling_std'] = standard_deviation_std(norm_range=(0, 1000)) + std_df['std']  # Add the standard deviation of the standard deviation to the data

    # Read data in a list
    data_df = pd.read_csv(data_path)
    
    # Merge the data in a list with the updated data
    updated_data_df = pd.concat([df]*len(data_df), ignore_index=True)  # Increase number of data rows for consistency
    updated_data_df = pd.merge(updated_data_df, data_df, on='data_column_'+str(df.shape[0]+1), how='left')  # Add standard deviation to data missing (left join)

    # Calculate the different classes of the standard deviation
    for class_num in range(1, std_df.shape[1]+1):
        std_df[f'standard_deviation_{class_num}'] = std_df[f'standard_deviation_{class_num}'].clip(0, std_df.shape[1]-1)  # Clip to valid values of the new standard deviation class

    # Print the class of the mean of each standard deviation
    print(std_df[f'standard_deviation_1_min'])  # 147458

    # Merger the new standard deviation classes with the previous data
    standard_diff_df = pd.concat([std_df]*len(data_df), ignore_index=True)  # Increase number of class names to handle the missing data

    # print(standard_diff_df['standard_deviation_1_min'].unique())
    # import catboost
    # from encoders import OneHotEncoder, LabelEncoder, String2ID
    from catboost import BoatsCV
    serverport1 = 8888
    modelt1 = "model1"  # You can update this as needed
    echo1 = True
    shuffle1 = True
    rounds1 = 30
    align1 = "las_layouts ms_after_split--x30"*3
    f1 = 0.  # Mainout
    nthread1=16
    nthread_beam1=16
    catboost_params1=[
            "catboost_looptime = 300",
            "catboost_significance = 0",
            "catboost_use_leaf = 0",
            # 'ee_boost' = 2.28333,
            'ee_boost' = 10,
            "catboost_marginboosting = 1e-4",
            # 'ee_boost=1b',
            "ee_boost=5.00000",
        ]
    p1 = {
        "algorithm": "catboost",
        # "algorithm": "etree_boost",
        # 'algorithm' != None,
        # 'algorithm' != None,
        # 'algorithm' != None,
        # 'algorithm' != None,
        # 'algorithm' != None,
        # 'algorithm' != None,
        # 'algorithm' != None,
        'algorithm' !=None,
        'algorithm' !=None,
        # 'algorithm' != None,
        # 'algorithm' != None,
        'algorithm' !=None,
        'algorithm' !=None,
        'algorithm' !=None,
        'algorithm' !=None,
        'algorithm' !=None,
        'algorithm' !=None,
        'algorithm' !=None,
        # 'algorithm' != None,
        # 'algorithm' != None,
        # 'algorithm' != None,
        # 'algorithm' != None,
        'algorithm' !=None,
        'algorithm' !=None,
        'algorithm' !=None,
        'algorithm' !=None,
        # 'algorithm' != None,
        #
Reward: 0.0

--- Completion 3 ---
final_result = {
  0: "0",
  2: "2"
}
Reward: 0.0

--- Completion 4 ---
final_result = 0

if image_file.endswith(".png"):
  result = text_detector.execute(image_path=image_file)
else:
  result = object_detector.execute(image_path=image_file)

if result:
  detected_objects = [detected_object["bbox"] for detected_object in result["detected_objects"]]
  total_objects = len(detected_objects)

  if save_image_path:
    image_folder = image_file.split('/')[0]
    image_folder += '_' + filtered_keywords

    for obj in detected_objects:
      for language in language_codes:
        tex_res = letter_detector.execute(image_folder=image_folder, language=language)
        for tex_info in tex_res:
          text = tex_info[1]
          score = tex_info[2]

          if text in filtered_keywords and obj[2] == language:
            for obj in detected_objects:
              if obj[1] == text:
                matched_obj = obj.pop()
                obj.insert(0, {'bbox': matched_obj[0], 'score': score}) # Width, Height, Bounding Box in normalized coordinates (top-left Corner), Score]

              base = img._getimageobject_obj(image_file=path_to_image_file)
              base = base.crop(obj[":"], offset = (x,y), extend = (w,h))
              base = base.resize((0,0), shape=(w,h), preservew=False, preserveheight=False)

              depth = result[image_folder] 
              box1 = obj[1] # unique bounding box containing 'text' for outdoor weak and strong label
              box2 = func(image_folder, obj, 'boxes.txt')

              width   = box1[2] - box1[0] # lb or 100, 150, 150, 200 ...
              height  = box1[3] - box1[1] # ub or 200, 150, 150, 200 ...

              depth = np.array(depth)

              if outdir:
                depth_output = image_results[image_folder]
                depth_output.update({
                    'bbox': [box1[0], box1[1], box1[2], box1[3]], # b
                    'depth_map': depth[:, box1[0]:box1[0]+width, box1[1]:box1[1]+height],
                    'participant_images': [path_to_img, path_to_depth_image],
                    'participant_video': [path_to_video_image, path_to_depth_video_image],
                    'participant_depth': depth,
                })
                if outdir:
                  depth_output = yield depth_output # Cordova specific output
                else:
                  outdir = 'out/' # Standard ''.path cannot be used like path/to
  #    filename = basename(os.path.splitext(file)[0])
  #    os.makedirs(os.path.dirname(true_filename),'-'), ... # Create new dirs if necessary
  # (_assets_image1_b, _ . . . , the_line_count==1) image1_analysis, [{'text': 'a', 'score': 100.0}, {'text': 'b', 'score': 20.0}, {'text': 'c', 'score': 30.0}], smells[s, t] are 3 attentions sequence {b 700 1400},eval u(b)\n}} eval(u(b)) f(R2RedeToy)b code_samples 0 0 extract_code("b", 0, 0 1 2 7)
  else:
    filtered_keywords = nx.classes.ordering_keywords()

    not_found = []
    first = compiled(words)
    second = first.compileURNS()
    first.compileURNS()

results = letter_detector.execute(image=image_folder)

print(results)
```
Reward: 0.0

--- Completion 5 ---
final_result = 0
Reward: 0.0

--- Completion 6 ---
final_result = 1
Reward: 0.0

--- Completion 7 ---
final_result = 2
<command>
Reward: 0.0

