
[EXECUTION EXCEPTION]
Object_Detector_Tool.execute() missing 1 required positional argument: 'labels'
code: 
from object_detector import Object_Detector_Tool

# Load our model
obj_detector = Object_Detector_Tool()

# Image path
image_path = '/home/stud/wxie/BLINK_Dataset/Counting/val/images/val_Counting_86_image_1.jpg'

# Detect objects
boxes, scores, objects = obj_detector.execute(image=image_path, save_object=True)

# Retrieve the number of objects for each label in the image
label_count = {};

for obj in objects:
    if obj.get('label') in label_count:
        label_count[obj['label']] += 1
    else:
        label_count[obj['label']] = 1
        
final_result = max(label_count, key=label_count.get) if len(label_count) > 0 else None

final_result

============================== END ==============================

[EXECUTION EXCEPTION]
Object_Detector_Tool.execute() missing 1 required positional argument: 'self'
code: 
from object_detector import Object_Detector_Tool
final_result = Object_Detector_Tool.execute(image="/path/to/image.png", labels=["DINNER", "MONDAY", "SATURDAY", "LUNCH", "DINNER"], save_object=True, )

============================== END ==============================

[EXECUTION EXCEPTION]
name 'Image' is not defined
code: 
final_result = 0
# Detect the number of banners in the awning
flag = Image.open("/home/stud/wxie/BLINK_Dataset/Counting/val/images/val_Counting_86_image_1.jpg")
banners = detect(img=flag, tool=Object_Detector_Tool, threshold=0.75).categories[0]['bbox'][0]
final_result = 5

============================== END ==============================

[EXECUTION EXCEPTION]
[Errno 2] No such file or directory: '/home/stud/wxie/BLINK_Dataset/Counting/val/text.txt'
code: 
from object_detector import Object_Detector_Tool
from text_detector import Text_Detector_Tool
from letter_detector import Letter_Detector_Tool

# Load the image
image_path = '/home/stud/wxie/BLINK_Dataset/Counting/val/images/val_Counting_86_image_1.jpg'
tool = Object_Detector_Tool()
detected_objects = tool.execute(image=image_path, labels=["Lunch & Dinner"], save_object=True)
object_number = {'Lunch & Dinner': 2}
final_result = 'B'

# Extract the text in the image
text_path = '/home/stud/wxie/BLINK_Dataset/Counting/val/text.txt'
text_data = []
with open(text_path, 'r', encoding='utf-8') as file:
    for line in file.readlines():
        text_data.append(line.strip())

# Detect the lettering on the awning
letter_data = []
for (bbox, detected_objects) in detected_objects.items():
    for detected_object in detected_objects:
        bbox, score = detected_object
        lettering = Text_Detector_Tool.execute(image=''.join(detected_object), languages=['en'])[0][0]  # Using Simplified Chinese as example language
        letter_data.append([bbox[0], lettering, score])
# Process the lettering data
letter_data = [[[100, 150], [200, 150], [200, 200], [100, 200]]]  # Example lettering data
letter_result = Letter_Detector_Tool.execute(image=''.join(letter_data))
letter_data = letter_result[0]

# Combine the information
final_result = 'B'

============================== END ==============================
