
[EXECUTION EXCEPTION]
Object_Detector_Tool.__init__() got an unexpected keyword argument 'labels'
code:from object_detector import Object_Detector_Tool

# Path to the image
image_path = '/home/stud/wxie/BLINK_Dataset/Counting/val/images/val_Counting_20_image_1.jpg'

# Load the image
obj_detector_tool = Object_Detector_Tool(image_path, labels=["toilet", "basin"], save_object=True)

# Get the labels and their counts
labels, labels_count = obj_detector_tool.execute()

# Extract the number of toilets on the left side
left_toilets = [labels[label] for label in labels_count.keys() if "toilet" in label and "left" in label]
left_toilets_length = len(left_toilets)

final_result = {"Toilets left": left_toilets_length}

[None RESULT]


[EXECUTION EXCEPTION]
Object_Detector_Tool.__init__() takes 1 positional argument but 2 were given
code:from object_detector import Object_Detector_Tool

# Image path
image_path = "/home/stud/wxie/BLINK_Dataset/Counting/val/images/val_Counting_20_image_1.jpg"

# Initialize object detector tool
object_detector = Object_Detector_Tool(image_path)

# Detect objects in the image
detections = object_detector.execute(labels=["basin", "toilet"], save_object=True)

# Analyze detected results
total_basins = len([d for d in detections if "basin" in d])
total_toilets = len([d for d in detections if "toilet" in d])

final_result = {"total toilets": total_toilets, "total basins": total_basins}

[EXECUTION EXCEPTION]
not enough values to unpack (expected 2, got 0)
code:from object_detector import Object_Detector_Tool

class ImageClassifier:
    def classify_images(self, image_path):
        detector_tool = Object_Detector_Tool()
        labels = ["toilet", "basin"]
        
        if image_path.startswith("/home/stud/wxie/BLINK_Dataset/Counting/val/images"):
            detections, _ = detector_tool.execute(image_path, labels, save_object=True, saved_image_path="detected_objects")
            _, counts = detected_objects.get_counts(image_path)
        
        return counts

final_result = ImageClassifier().classify_images("/home/stud/wxie/BLINK_Dataset/Counting/val/images/val_Counting_20_image_1.jpg")
print(final_result)

[EXECUTION EXCEPTION]
unexpected indent (<string>, line 2)
code:# Import the necessary tool from the package
 from object_detector import Object_Detector_Tool

 # Load the required libraries
 import cv2

 # Define the path of the image file
 image_path = "/home/stud/wxie/BLINK_Dataset/Counting/val/images/val_Counting_20_image_1.jpg"

 # Initialize the object detector tool
 object_detector = Object_Detector_Tool()

 # Perform object detection on the image
 results = object_detector.execute(image_path)
 # Display the results
 for label, details in results['output']:
     print(f"{label}: {len(details['boxes'])}")

 # Calculate the total number of detected objects
 total_objects = sum(details['boxes'].values())

 # Define the final result
 final_result = {
     "toilets": [count for count in details['boxes'].values()]
 }

# Print the final result
final_result

[EXECUTION EXCEPTION]
Object_Detector_Tool.__init__() got an unexpected keyword argument 'threshold'
code:from object_detector import Object_Detector_Tool

# Load image and get the labels
image_path = "/home/stud/wxie/BLINK_Dataset/Counting/val/images/val_Counting_20_image_1.jpg"
labels = ["toilets", "basins"]


# Create object detector tool:
od = Object_Detector_Tool(image_path, labels, threshold=0.45, model_size="tiny", save_object=True, saved_image_path="detected_objects")


# Get detected objects count
results = od.execute()  # run tool and get detected objects count & list of bounding boxes with confidence score

# Process detected objects count
num_toilets = 0
for result in results[0]["object_list"]:
    for box in result["bbox_list"]:
        if "toilets" in box["label"]:
            num_toilets += 1
         

final_result = num_toilets

[EXECUTION EXCEPTION]
Object_Detector_Tool.__init__() got an unexpected keyword argument 'image'
code:from object_detector import Object_Detector_Tool

# Example image path (replace with your actual image path)
image_path = "/home/stud/wxie/BLINK_Dataset/Counting/val/images/val_Counting_20_image_1.jpg"
labels = ["toilet", "basin", "shower"]
threshold = 0.45

# Initialize Object_Detector_Tool with desired parameters
tool = Object_Detector_Tool(image=image_path, labels=labels, save_object=True, threshold=threshold)

# Detect objects in the image and gather results
detected_objects = tool.execute()
object_number = detected_objects['object_number']

# Calculate total count
total = len(detected_objects['object_number'])

print(f"Number of toilets to the left of the basins: {total}")
final_result = total

[EXECUTION EXCEPTION]
Object_Detector_Tool.__init__() takes 1 positional argument but 2 were given
code:from object_detector import Object_Detector_Tool

# Path to the image file
image_path = "/home/stud/wxie/BLINK_Dataset/Counting/val/images/val_Counting_20_image_1.jpg"

# Create the object detector tool
tool = Object_Detector_Tool(image_path)

# Detect bounding boxes and confidence scores for detected objects
objects = tool.get_detections()

# Count each detected label
label_counts = len(objects)

# Convert the detection result into a dictionary
detection_results = objects['detections']

# Get the total count for each label in the image
total_counts = {obj['label']: obj['count'] for obj in detection_results}

# Extract the toilet and sink labels from the detected bounding boxes
toilets = [object['bbox'] for object in detection_results if object['label'] == 'Toilet']
bathrooms = [object['bbox'] for object in detection_results if object['label'] == 'Bathroom']

# Check if there are any toilets among the detected bounding boxes
if toilets:
    toilets_count = len(toilets)
    if toilets_count > 0:
        final_result = {"count": len(bathrooms)}
        final_result.update(total_counts)
        final_result.update({" toilets_count": toilets_count})
        final_result.update({" other_baths_count": label_counts - toilets_count})
else:
    final_result = {"count": label_counts}

final_result
