
============================== NEW SCCESSFUL EXECUTION ==============================
[EXEC CODE]
from object_detector import Object_Detector_Tool

def count_toilets(image_path):
    # Load the image
    object_detector = Object_Detector_Tool(image=image_path)
    detected_objects, _ = object_detector.execute()
    
    # Count the number of toilets
    toilet_count = sum(1 for obj_details in detected_objects["objects"] if obj_details["label"] == "toilet")
    
    return toilet_count
[THE PRINT OUTPUT]

[GENERATE FINAL_RESULT]
None

[None RESULT]


[EXECUTION EXCEPTION]
Object_Detector_Tool.__init__() takes 1 positional argument but 2 were given
code:from object_detector import Object_Detector_Tool

# Define the image path
image_path = "/home/stud/wxie/BLINK_Dataset/Counting/validation/images/validation_Counting_2_image_1.jpg"

# Create an object_detector_tool instance
object_detector_tool = Object_Detector_Tool(image_path)

# Detect objects
labels, _ = object_detector_tool.execute()

# Calculate the total number of detected objects
total_objects = len(labels)

final_result = {"total_objects": total_objects}

[EXECUTION EXCEPTION]
type object 'Object_Detector_Tool' has no attribute 'read_image'
code:from object_detector import Object_Detector_Tool

final_result = 0
# Read the image
image_path = "/home/stud/wxie/BLINK_Dataset/Counting/val/images/val_Counting_2_image_1.jpg"
image_data = Object_Detector_Tool.read_image(image_path)

# Detect objects
labels = ["toilet_d", "toilet_b"]  # 'baseball', 'basket'
save_object = True

try:
    detected_objects = Object_Detector_Tool.detect_objects(image_data, labels, threshold=0.45, model_size='tiny', save_object=save_object)
    for label in detected_objects['labels']:
        if label == "toilet_d":
            final_result += detected_objects[label]['grouped_detection_results']['boxes'][len(detected_objects['labels']) - 1]
except Exception as e:
    print(f"Error: {e}")

print(f"Number of black toilets: {final_result}")

[EXECUTION EXCEPTION]
Object_Detector_Tool.__init__() takes 1 positional argument but 3 were given
code:from object_detector import Object_Detector_Tool

# Path to the image
image_path = "/home/stud/wxie/BLINK_Dataset/Counting/val/images/val_Counting_2_image_1.jpg"

# Create the object detector tool
tool = Object_Detector_Tool(image_path, ["toilet"])

# Save the detected objects
tool.execute(labels=["toilet"], save_object=True, saved_image_path="detected_objects")

# Count the detected objects
final_result = tool.execute(labels=["toilet"], save_object=True, saved_image_path="detected_objects")
detected_objects = final_result[1]
detected_counts = {label: len(detected_objects) for label in detected_objects}
detected_objects

[EXECUTION EXCEPTION]
type 'Object_Detector_Tool' is not subscriptable
code:from object_detector import Object_Detector_Tool

# Define the command as a function to execute the tool after providing all required inputs
def get_number_of_common_objects(image_path, labels, threshold=0.45, model_size='tiny', save_object=True, saved_image_path="detected_objects"): 

    # Load the model and get object bounding boxes and scores
    detected_objects, object_number = Object_Detector_Tool.execute(image=image_path, labels=labels, save_object=save_object, saved_image_path=saved_image_path, model_size=model_size, threshold=threshold)
    
    # Initialize an empty dictionary to hold the counts
    object_counts = {}
    
    # Loop through the detected objects and count the occurrences
    for label, bounding_box, confidence_score in detected_objects['detected_objects']:
        if label in object_counts:
            object_counts[label] += 1
        else:
            object_count = 1
            object_counts[label] = object_count
    
    # Ensure the object count is a float and appropriate for counting purposes
    object_counts = {k: float(v) for k, v in object_counts.items()}
    
    print("Detected common objects:")
    for label, count in object_counts.items():
        print(f"{label}: {count}")

# Example use case: To find the number of common toilets in the image
image_path = "/home/stud/wxie/BLINK_Dataset/Counting/val/images/val_Counting_3_image_9.jpg"
camera = Object_Detector_Tool[image_path][0]
label_list = ["toilet"]
get_number_of_common_objects(image_path, label_list)
