
============================== New Completed Execution ==============================
[EXEC CODE]

final_result = "1"

[THE PRINT OUTPUT]

[GENERATE VALID FINAL_RESULT]
1

============================== END ==============================


============================== New Completed Execution ==============================
[EXEC CODE]

final_result = "1"

[THE PRINT OUTPUT]

[GENERATE VALID FINAL_RESULT]
1

============================== END ==============================


============================== New Completed Execution ==============================
[EXEC CODE]

final_result = "1"

[THE PRINT OUTPUT]

[GENERATE VALID FINAL_RESULT]
1

============================== END ==============================


============================== New Completed Execution ==============================
[EXEC CODE]

final_result = "1"  # The number of DeskLamps can only be 1 in this scenario, as the question specifies only one DeskLamp.

[THE PRINT OUTPUT]

[GENERATE VALID FINAL_RESULT]
1

============================== END ==============================


============================== New Completed Execution ==============================
[EXEC CODE]

final_result = "1"

[THE PRINT OUTPUT]

[GENERATE VALID FINAL_RESULT]
1

============================== END ==============================


============================== New Completed Execution ==============================
[EXEC CODE]

final_result = "1"

[THE PRINT OUTPUT]

[GENERATE VALID FINAL_RESULT]
1

============================== END ==============================


============================== New Completed Execution ==============================
[EXEC CODE]

final_result = "1"

[THE PRINT OUTPUT]

[GENERATE VALID FINAL_RESULT]
1

============================== END ==============================


============================== New Completed Execution ==============================
[EXEC CODE]

final_result = "1"

[THE PRINT OUTPUT]

[GENERATE VALID FINAL_RESULT]
1

============================== END ==============================

