
[QAid]153_0

[Code Includes Tools Usage]
code: 

from object_detector import Object_Detector_Tool

final_result = Object_Detector_Tool().execute(image='path_to_large_image', labels=['chair'], save_object=True, saved_image_path='detected_objects')
print(final_result)

============================== END ==============================


[QAid]153_0

[Code Includes Tools Usage]
code: 

from object_detector import Object_Detector_Tool

final_result = Object_Detector_Tool().execute(image="path/to/image", labels=["baseball", "basket"], save_object=True)

============================== END ==============================


[QAid]153_0

[Code Includes Tools Usage]
code: 

from object_detector import Object_Detector_Tool

final_result = Object_Detector_Tool().execute(image="path/to/image", labels=["baseball", "basket"], save_object=True, saved_image_path="detected_objects")

============================== END ==============================


[QAid]153_0

[Code Includes Tools Usage]
code: 

from object_detector import Object_Detector_Tool

final_result = Object_Detector_Tool().execute(image='/nfs/data8/liao/wxie/SAT/SAT_images_train/153_0.png', labels=['chair'], threshold=0.6, model_size='base', save_object=True, saved_image_path='detected_objects')
print(final_result)

============================== END ==============================


[QAid]153_0

[Code Includes Tools Usage]
code: 

from tools.object_detector import Object_Detector_Tool

final_result = Object_Detector_Tool().execute(image='path/to/image', labels=['chair'], save_object=True, saved_image_path='detected_objects')
print(final_result)

============================== END ==============================


[QAid]153_0

[Code Includes Tools Usage]
code: 

from object_detector import Object_Detector_Tool

final_result = Object_Detector_Tool().execute(image="/nfs/data8/liao/wxie/SAT/SAT_images_train/153_0.png", labels=["chair", "table"], save_object=True)
print(final_result)

============================== END ==============================

