
[Exctuion Failed]

Object_Detector_Tool.execute() missing 1 required positional argument: 'self'
code: 

from object_detector import Object_Detector_Tool

final_result = Object_Detector_Tool.execute(image='path/to_image_path.png', labels=['window'])
print(final_result)


============================== END ==============================


[Exctuion Failed]

Object_Detector_Tool.execute() got an unexpected keyword argument 'language_codes'
code: 

from object_detector import Object_Detector_Tool

final_result = Object_Detector_Tool.execute(image='path/to/image.png', save_object=True, language_codes=['en', 'de'], detail=0)

print("Number of Windows detected:", final_result[0][0][1][0])


============================== END ==============================


[Exctuion Failed]

Object_Detector_Tool.execute() missing 1 required positional argument: 'self'
code: 

from object_detector import Object_Detector_Tool

final_result = Object_Detector_Tool.execute(image='path/to/image.png', labels=['Windows', 'Wall'], save_object=True, saved_image_path='detected_windows')
print(final_result)


============================== END ==============================


[Exctuion Failed]

Object_Detector_Tool.execute() missing 1 required positional argument: 'self'
code: 

from object_detector import Object_Detector_Tool

# Executing the tool with the image and label parameters
final_result = Object_Detector_Tool.execute(image="path-to-image.png", labels=["baseball", "basket"], save_object=True, saved_image_path="detected_objects")

print(final_result)


============================== END ==============================


[Exctuion Failed]

Object_Detector_Tool.execute() missing 1 required positional argument: 'self'
code: 

from object_detector import Object_Detector_Tool

final_result = Object_Detector_Tool.execute(image='path/to/image.png', labels=['baseball', 'basket'], save_object=True, saved_image_path='detected_objects')
print(final_result)


============================== END ==============================


[Exctuion Failed]

Object_Detector_Tool.execute() missing 1 required positional argument: 'self'
code: 

from object_detector import Object_Detector_Tool

final_result = Object_Detector_Tool.execute(image='path/to/image.png', labels=['window'], save_object=True, saved_image_path='detected_objects')
print(final_result)


============================== END ==============================

