
[QAid]7708_0

[Code Extraction Failed or Parse Failed]

No Python code block found in completion.

Completion Content: 
final_result
============================== END ==============================


[QAid]7708_0

[Code Extraction Failed or Parse Failed]

No Python code block found in completion.

Completion Content: 
generated lines
final_result = ""
============================== END ==============================


[QAid]7708_0

[Code Extraction Failed or Parse Failed]

No Python code block found in completion.

Completion Content: 
final_result: "[1, 2]"
============================== END ==============================


[QAid]7708_0

[Code Extraction Failed or Parse Failed]

No Python code block found in completion.

Completion Content: 
final_result
============================== END ==============================


[QAid]7708_0

[Code Extraction Failed or Parse Failed]

No Python code block found in completion.

Completion Content: 
final_result
============================== END ==============================


[QAid]7708_0

[Code Extraction Failed or Parse Failed]

No Python code block found in completion.

Completion Content: 
The image contains a television set on the wall, but no other objects. Therefore, the number of televisions is 0.
final_result: 0
============================== END ==============================

