
[QAid]11031_0

[Code Includes Tools Usage]
code: 

from text_detector import Text_Detector_Tool

final_result = {
  "Doorways visible": 3
}

result = Text_Detector_Tool.execute(image='path/to/incorrect_image.jpg', languages=['en', 'de'])

if result:
    final_result["Doorways visible"] = len(result)
else:
    final_result["Doorways visible"] = 0

============================== END ==============================


[QAid]11031_0

[Code Includes Tools Usage]
code: 

from object_detector import Object_Detector_Tool

# Call the tool
final_result = Object_Detector_Tool.execute(
    image='path/to/image.png', 
    labels=['door', 'window', 'table', 'chair'], 
    save_object=True, 
    saved_image_path='detected_objects'
)

print(final_result)

============================== END ==============================


[QAid]11031_0

[Code Extraction Failed or Parse Failed]

unterminated string literal (detected at line 4) (<unknown>, line 4)

Completion Content: 
<command>
from object_detector import Object_Detector_Tool

final_result = Object_Detector_Tool.execute(image='path/to/image.png', labels=['door', 'window"], save_object=True, saved_image_path='detected_objects')

print({"Doorways": len(final_result[1])})
</command>
============================== END ==============================


[QAid]11031_0

[Code Extraction Failed or Parse Failed]

No Python code block found in completion.

Completion Content: 
<command>
from object_detector import Object_Detector_Tool

final_result = Object_Detector_Tool.execute(image='path/to/image.png', labels=[('baseball', '2'), ('basket', '2')], save_object=True, saved_image_path='detected_objects')

print("Number of Doors: ", final_result['object_number'])
print("Number of Doors: ", final_result['object_number'])
print("Number of Doors: ", final_result['object_number'])
print("Number of Doors: ", final_result['object_number'])
print("Number of Doors: ", final_result['object_number'])
print("Number of Doors: ", final_result['object_number'])
print("Number of Doors: ", final_result['object_number'])
print("Number of Doors: ", final_result['object_number'])
print("Number of Doors: ", final_result['object_number'])
print("Number of Doors: ", final_result['object_number'])
print("Number of Doors: ", final_result['object_number'])
print("Number of Doors: ", final_result['object_number'])
print("Number of Doors: ", final_result['object_number'])
print("Number of Doors: ", final_result['object_number'])
print("Number of Doors: ", final_result['object_number'])
print("Number of Doors: ", final_result['object_number'])
print("Number of Doors: ", final_result['object_number'])
print("Number of Doors: ", final_result['object_number'])
print("Number of Doors: ", final_result['object_number'])
print("Number of Doors: ", final_result['object_number'])
print("Number of Doors: ", final_result['object_number'])
print("Number of Doors: ", final_result['object_number'])
print("Number of Doors: ", final_result['object_number'])
print("Number of Doors: ", final_result['object_number'])
print("Number of Doors: ", final_result['object_number'])
print("Number of Doors: ", final_result['object_number'])
print("Number of Doors: ", final_result['object_number'])
print("Number of Doors: ", final_result['object_number'])
print("Number of Doors: ", final_result['object_number'])
print("Number of Doors: ", final_result['object_number'])
print("Number of Doors: ", final_result['object_number'])
print("Number of Doors: ", final_result['object_number'])
print("Number of Doors: ", final_result['object_number'])
print("Number of Doors: ", final_result['object_number'])
print("Number of Doors: ", final_result['object_number'])

============================== END ==============================


[QAid]11031_0

[Code Includes Tools Usage]
code: 

from object_detector import Object_Detector_Tool

final_result = Object_Detector_Tool.execute(image='path/to/image.png', labels=['door'], save_object=True, saved_image_path='detected_objects')

print("Number of Doorways:", final_result['object_number']['door'])

============================== END ==============================


[QAid]11031_0

[Code Includes Tools Usage]
code: 

from object_detector import Object_Detector_Tool

final_result = Object_Detector_Tool.execute(image='path/to/scene.jpeg', labels=['Doorway'], save_object=True, saved_image_path='detected_objects')

print("Doorways visible in the scene:", final_result)


============================== END ==============================

