
[QAid]10034_0

[Code does not include Tools Usage]
code: 
final_result = "1"

============================== END ==============================


[QAid]10034_0

[Code does not include Tools Usage]
code: 
final_result = "1"
print(final_result)
============================== END ==============================


[QAid]10034_0

[Code does not include Tools Usage]
code: 
final_result = "1 BaseballBats are visible in the scene."

============================== END ==============================


[QAid]10034_0

[Code does not include Tools Usage]
code: 
final_result = "1"

============================== END ==============================


[QAid]10034_0

[Code does not include Tools Usage]
code: 
final_result = "1"  # 1 baseball bat is visible in the scene
============================== END ==============================


[QAid]10034_0

[Code does not include Tools Usage]
code: 
final_result = "1"

============================== END ==============================

