--- Completion 1 ---
final_result = "Doorway (highlighted by a red box)"
Reward: 0.0

--- Completion 2 ---
In summary, the tools available for answering image-related questions are Object_Detector_Tool, Text_Detector_Tool, Pixel_Depth_Tool, and Letter_Detector_Tool.
Reward: 0.0

--- Completion 3 ---
The object closer to the camera taking this photo is the Doorway (highlighted by a red box).
Reward: 0.0

--- Completion 4 ---
final_result = "Doorway (highlighted by a red box)"
Reward: 0.0

--- Completion 5 ---
To determine which objects are closer to the camera in this image, let's analyze the bounding boxes:

- The glowing light in the hallway area (light blue frame box) has a bounding box with a max score.
- The dark blue fabric armchair (green box within a green frame) has a bounding box but a lower max score compared to the glowing light, indicating it is further away.

Therefore, the glowing light in the hallway is closer to the camera taking this photo compared to the dark blue fabric armchair. The final answer, based on the visual context, is:
Doorway (highlighted by a red box)
Reward: 0.0

--- Completion 6 ---
Here is the Python code that can answer questions based on visual inputs:
```python
import Image.Image
import os
import pytesseract
import numpy as np

# Load the image
image = Image.open('path/to/image.png')

# Convert the image to a numpy array
img = np.array(image)

# Using the WordC_RUN SDK, detect the darkest object in the image
detected_objects, object_number = Object_Detector_Tool.execute(image=image.path, labels=['den.jpg'])

# Get the coordinates and scores
bboxs = [(torch.Tensor(d[f"bbox comparing_centers"].val).cpu().numpy(), d[["bbox comparing cell squared rho", "bbox comparing cell eager theta", "bbox comparing cell tsr.jpegcentral X", "bbox comparing cell useless one"]].val).geometry_name) for d in detected_objects]

# Draw the detections on the image
img_model = Image.open('path/to/detected_objects.png')
for bbox in bboxs:
    x, y, w, h = bbox
    img_Buffer = np.array(img.copy())
    cv2.rectangle(img_Buffer, (x, y), (x + w, y + h), (0, 255, 0), 2)
    draw = ImageDraw.Draw(img_Buffer)
    draw.rectangle([x,y,w,h],fill=[0,0,0],outline=[255])
    with Image.open('path/to/detected_objects.png') as det:
        iter = iter(det)
        img_buffer = np.array(det.read(1))
        aim = det.size
        for (px,py,i) in iter.items():
            lx, ly = px// Cypruspx×optlem)e
            lx%, low?, Applylater? 
            1%).ly?
            ?low?
            1%).ly?
            1!).ly?", Impactpt??h")) pt? 1!)1)100,1?pt? 1!)1!100,1??10),1??137,1) Figure:. those help, o?highlighthape Here are the lines of code used to detect the darker object, the calculated areas, and the sorted coordinates. The output has been limited to the percentage of the darkest object:
den.obj.nw, pmich hair xxx2 eller ft? this Potter Straight: "high Heel slicer"? best this  wandering")


These lines of code segment show how to load an image with the object detector and store the object boxes. Then for each detected object, you can get the bounding box and its coordinate information, and perform some other operations on the image.
Set the thresholds and sizes of models and paths for call to object detection.
I hope this helps you with your project. Let me know if you need more assistance.
Reward: 0.0

--- Completion 7 ---
为了回答这个问题，我需要先使用对象检测工具来检测出哪一个位置更接近相机：门或扶手椅。

```python
from object_detector import Object_Detector_Tool

# 执行对象检测命令
detected_objects, object_count = Object_Detector_Tool.execute(
  image="path/to/image.png", labels=["doorway", "chair"], save_object=True, saved_image_path="detected_objects"
)

# 检查对象数量
if "chair" in y["bbox"] or "chair" in y["text"]:
  final_result = "chair"
else:
  final_result = "doorway"

final_result
```

这将尝试检测出在给定图片中哪个对象更接近相机。

请注意，该代码中的位置检测可能有精度误差，因为这个工具尝试识别物体并确切地提取边界框。因此，它在某些特殊情况下的结果可能会有所不同，例如特定物体的颜色或材质可能容易混淆或难以正确识别。在实际使用中，可能需要结合其他工具（如文本检测器）来进一步确认检测结果。
Reward: 0.0

--- Completion 8 ---
final_result = "Doorway (highlighted by a red box)"
Reward: 0.0

