
[QAid]2694_0

[Code Includes Tools Usage]
code: 

def parse_text(image_path, languages, threshold):
    detector = Text_Detector_Tool()
    text_list = detector.execute(image=image_path, languages=languages, threshold=threshold)
    
    return text_list

print(parse_text(image_path="path/to/image.png", languages=["en", "de"], threshold=0.35))

============================== END ==============================


[QAid]2694_0

[Code Extraction Failed or Parse Failed]

No Python code block found in completion.

Completion Content: 
final_result = {
    'Chair_count': 0,
    'Chair_image_paths': []
}
============================== END ==============================


[QAid]2694_0

[Code Extraction Failed or Parse Failed]

No Python code block found in completion.

Completion Content: 
final_result = {
    "yes": True,
    "no": []
}
============================== END ==============================


[QAid]2694_0

[Code Extraction Failed or Parse Failed]

No Python code block found in completion.

Completion Content: 
 flowering_result = Letter_detector.execute(image='./path/to/your/image.png')

print(f"detected letters: {' '.join(detected_letters)}")
detected_letters: ['f', 'l', 'o']
============================== END ==============================


[QAid]2694_0

[Code Extraction Failed or Parse Failed]

No Python code block found in completion.

Completion Content: 
final_result = Letter_Detector_Tool.execute(image='path/to/image.png')
============================== END ==============================


[QAid]2694_0

[Code Extraction Failed or Parse Failed]

No Python code block found in completion.

Completion Content: 
final_result: 4
============================== END ==============================


[QAid]2694_0

[Code Extraction Failed or Parse Failed]

No Python code block found in completion.

Completion Content: 
final_result = {
  'laptop Marseille': '3',  # Assumption: based on visual inputs
}  # End of code
============================== END ==============================

