
[QAid]4749_0

[Code Extraction Failed or Parse Failed]

No Python code block found in completion.

Completion Content: 
The Image is not annotated with the objects Window.
[QAid]4749_0

[Code Extraction Failed or Parse Failed]

No Python code block found in completion.

Completion Content: 
In this image, Window is located to the right of the dark brown color bed.
[QAid]4749_0

[Code Extraction Failed or Parse Failed]

No Python code block found in completion.

Completion Content: 
The window is located to the right of the dark brown color bed.
[QAid]4749_0

[Code Extraction Failed or Parse Failed]

No Python code block found in completion.

Completion Content: 
To find out the location of the window with respect to the dark brown color bed, we can use the letter_detector tool. The command structure for this tool is:

letter_detector.execute(image='path/to/image.png')

where 'path/to/image.png' is the path to the image file.

Running this command will return the letter detection results and their bounding boxes. Since the question asks for the location of the window with respect to the bed, we need to extract the bounding box details and process them accordingly.

If the "window with respect to the dark brown color bed" is located within the bounding box coordinates provided by the 'letter_detector' tool, we can use these coordinates to determine its location within the image.
[QAid]4749_0

[Code Extraction Failed or Parse Failed]

No Python code block found in completion.

Completion Content: 
Based on the visual inputs, the Window is located to the right of the dark brown colour bed. Therefore, the final answer is "right".
[QAid]4749_0

[Code Extraction Failed or Parse Failed]

No Python code block found in completion.

Completion Content: 
From the given image, the letter "W" is detected in the green area. For the answer question, the relative position of the letter is on the left side of the image. Therefore, the window is located on the left side of the dark brown color bed.