
[QAid]5574_0

[Code Includes Tools Usage]
code: 

from Object_Detector_Tool import Object_Detector_Tool

final_result = Object_Detector_Tool.execute(image='path/to/scene.png', languages=['en', 'de', 'fr', 'hu', 'ar'])
print(final_result)

============================== END ==============================


[QAid]5574_0

[Code Includes Tools Usage]
code: 

from object_detector import Object_Detector_Tool

final_result = Object_Detector_Tool.execute(image='path/to/images.png', labels=['chair'], save_object=True, saved_image_path='detected_objects/')
print(final_result)

============================== END ==============================


[QAid]5574_0

[Code Includes Tools Usage]
code: 

import Object_Detector_Tool

final_result = Object_Detector_Tool.execute(image='path/to_image.png', labels=['chair', 'table'], threshold=None, model_size='base', save_object=True, saved_image_path='detected_objects')
print(final_result)

============================== END ==============================


[QAid]5574_0

[Code Includes Tools Usage]
code: 

from Object_Detector_Tool import Object_Detector_Tool

final_result = Object_Detector_Tool.execute(image="/path/to/image.png", labels=["chair"], save_object=True, saved_image_path="detected_objects")

print(final_result)

============================== END ==============================


[QAid]5574_0

[Code Includes Tools Usage]
code: 

from object_detector import Object_Detector_Tool

final_result = Object_Detector_Tool.execute(image='path/to_image.png',
                                          labels=['baseball', 'basket'],
                                          save_object=True,
                                          saved_image_path='detected_objects')

print(final_result)

============================== END ==============================


[QAid]5574_0

[Code Includes Tools Usage]
code: 

from object_detector import Object_Detector_Tool

final_result = Object_Detector_Tool.execute(
  image="/path/to/image.png",
  labels=["chair"],
  save_object=True,
  saved_image_path="detected_objects"
)

print(final_result)

============================== END ==============================

