
[EXECUTION EXCEPTION]
Object_Detector_Tool.execute() missing 1 required positional argument: 'image'
code:from object_detector import Object_Detector_Tool
import_name: 'Object_Detector_Tool'

question = "How many people are wearing red shirt?"

# Function to calculate the number of people wearing red shirts
def calculate_people_wearing_red_shirts(persons, colors):
    num_red_shirt = 0
    for person in persons:
        if person['label'].startswith('红色'):
            num_red_shirt += 1
    return num_red_shirt

# The image file
image_path = '/home/stud/wxie/BLINK_Dataset/Counting/val/images/val_Counting_8_image_1.jpg'

# Run the tool to detect objects in the image
result = Object_Detector_Tool.execute(image_path, labels=["红色"], save_object=True)

# Extract the people wearing red shirts
people_wearing_red_shirts = result.output_types[1]["detected_objects"]
num_people_wearing_red_shirts = calculate_people_wearing_red_shirts(people_wearing_red_shirts, ["red"])


final_result = {
    "question": question,
    "answer": str(num_people_wearing_red_shirts) + " people are wearing red shirt.\n"
                "This includes a person who wears red (progressive color), a person who wears red (progressive color)."
}

print(final_result)

[EXECUTION EXCEPTION]
unexpected indent (<string>, line 2)
code:# Import the necessary tools and packages
    from object_detector import Object_Detector_Tool

    # Define the image path
    image_path = "/home/stud/wxie/BLINK_Dataset/Counting/val/images/val_Counting_8_image_1.jpg"

    # Create an Object_Detector_Tool instance
    detector_tool = Object_Detector_Tool()

    # Execute the detection
    predicted_labels, object_counts = detector_tool.execute(image=image_path)

    # Check if the 'baseball' label was detected
    if 'baseball' in predicted_labels:
        detection_count = predicted_labels['baseball']['total_count']
        final_result = f"{detection_count} people wearing red shirt"
    else:
        final_result = "0 people wearing red shirt"

    print(final_result)

[EXECUTION EXCEPTION]
invalid syntax (<string>, line 24)
code:import image_detector as object_detector_tool

# Set up object_detector_tool
device_id = 0
object_detector_tool.device_id = device_id

# Load object_detection model
object_detector_tool.load_model()

# Load input image
input_image_path = "/home/stud/wxie/BLINK_Dataset/Counting/val/images/val_Counting_8_image_1.jpg"
input_image = object_detector_tool.image_detector(tool_module_name="object_detector", tool_name="object_detector_tool", tool_class_name="Object_Detector_Tool", tool_version="1.0.0", tool_desc="A tool that detects objects in an image using the Grounding DINO model", tool_size=("tiny",), tool_save_objects=False)

# Process the image
labels_to_detect = ["baseball", "basket"]
confidence_threshold = 0.45

results = object_detector_tool.detection_tool(
    tool_module_name="object_detector",
    tool_name="object_detector_tool",
    tool_class_name="Object_Detector_Tool",
    tool_version="1.0.0",
    tool_save_objects=False,
    labels_to_detect=["baseball"].+labels_to_detect,
    input_image=input_image,
    scale_size=("tiny",),
    confidence_threshold=confidence_threshold,
    model_type=("tiny",),
)

# Convert list of object labels to a tuple
labels = [label["name"] for _, _, _, label in results["output_list"]]

# Count occurrences of each label
label_counts = {label["name"]: label["count"] for _, _, _, label in results["output_list"]}

[None RESULT]


[EXECUTION EXCEPTION]
keyword argument repeated: labels (<string>, line 7)
code:from object_detector import Object_Detector_Tool

# Load the image
object_detector_tool = Object_Detector_Tool()

# Get the detected labels and associated object paths
labels, object_labels_results = object_detector_tool.execute(labels=["baseball"], labels=["basket"], save_object=False, saved_image_path="")

# Extract the total number of people wearing red shirts
total_people_in_red_shirt = len(labels['label']['count'][0]['all_objects']['count'][0])

final_result = {'A': total_people_in_red_shirt}

print(final_result)

[EXECUTION EXCEPTION]
unterminated string literal (detected at line 15) (<string>, line 15)
code:from object_detector import Object_Detector_Tool

# Define the question
question = ""
# Answer
final_result = {}
# Load and use the object detection tool
detector = Object_Detector_Tool()
detected_objects, object_number = detector.execute(image="path/to/image.jpg", labels=["red"], save_object=True, saved_image_path="detected_objects", model_size="tiny")
final_result = detected_objects

if object_number >= 1:
    question = "How many people are wearing red shirt?"
else:
    question = "How many people are wearing red shirt? (An error message could be provided here)'

final_result['question'] = question
print(final_result)

[None RESULT]


[EXECUTION EXCEPTION]
Object_Detector_Tool.__init__() got an unexpected keyword argument 'labels'
code:from object_detector import Object_Detector_Tool

# Set the image path
image_path = '/home/stud/wxie/BLINK_Dataset/Counting/val/images/val_Counting_8_image_1.jpg'

# Initialize the object detector
object_detector = Object_Detector_Tool(image_path, labels=["cat"], threshold=0.45, model_size="tiny", save_object=True, saved_image_path="cat_detected_objects")

# Get the number of people wearing red shirts
people_count = object_detector.output_types[0]['object_number']
final_result = people_count
