
[QAid]13774_0

[Code Includes Tools Usage]
code: 

from object_detector import Object_Detector_Tool

final_result = Object_Detector_Tool().execute(image='path/to/image', labels=['baseball', 'basket'], save_object=True, saved_image_path='detected_objects')

============================== END ==============================


[QAid]13774_0

[Code Includes Tools Usage]
code: 

from object_detector import Object_Detector_Tool

final_result = Object_Detector_Tool().execute(image=r'/nfs/data8/liao/wxie/SAT/SAT_images_train/13774_0.png', labels=['baseball'], save_object=True, saved_image_path='detected_objects')

============================== END ==============================


[QAid]13774_0

[Code Includes Tools Usage]
code: 

from object_detector import Object_Detector_Tool

final_result = Object_Detector_Tool().execute(image="path_to_image", labels=["fridge"], save_object=True, saved_image_path='detected_objects')

print(final_result)

============================== END ==============================


[QAid]13774_0

[Code Includes Tools Usage]
code: 

from object_detector import Object_Detector_Tool

final_result = Object_Detector_Tool().execute(image="path/to/image", labels=["baseball", "basket"], save_object=True, saved_image_path="detected_objects")

============================== END ==============================


[QAid]13774_0

[Code Includes Tools Usage]
code: 

from object_detector import Object_Detector_Tool

final_result = Object_Detector_Tool().execute(image='path/to/image', labels=['baseball', 'basket'], save_object=True, saved_image_path='detected_objects')['detected_objects']
print(final_result)

============================== END ==============================


[QAid]13774_0

[Code Includes Tools Usage]
code: 

from object_detector import Object_Detector_Tool

final_result = Object_Detector_Tool().execute(image='path/to_image', labels=['baseball', 'basket'], save_object=True, saved_image_path='detected_objects')

============================== END ==============================

