--- Completion 1 ---
<command>
from object_detector import Object_Detector_Tool

final_result = Object_Detector_Tool.execute(image='path/to_image.png', labels=['tv'], save_object=True, saved_image_path='detected_objects')

print(final_result)
</command>
Reward: 1.0

--- Completion 2 ---
<command>
from object_detector import Object_Detector_Tool

final_result = Object_Detector_Tool.execute(image='path_to_image_6547_0.png', labels=['baseball', 'basket'], threshold=0.35, model_size='tiny', save_object=True, saved_image_path='detected_objects')

print(f"Total number of detected objects: {final_result['object_number'].get('baseball', 0)}")
print(f"Total number of detected objects: {final_result['object_number'].get('basket', 0)}")
</command>
Reward: 1.0

--- Completion 3 ---
<command>
from object_detector import Object_Detector_Tool

final_result = Object_Detector_Tool.execute(image='/nfs/data8/liao/wxie/SAT/SAT_images_train/6547_0.png', labels=['Baseball', 'Basket'], save_object=True, saved_image_path='detected_objects')

if final_result:
    detected_objects = final_result['detected_objects']  # assuming 'detected_objects' exists in the output
    object_number = final_result['object_number']
    print(f"Found two objects: Baseball {object_number} and a basketball {object_number}")
else:
    print("Text detection failed")
</command>
Reward: 1.0

--- Completion 4 ---
<command>
from object_detector import Object_Detector_Tool

final_result = Object_Detector_Tool.execute(image='path/to/image.png', labels=['television'], threshold=0.35, model_size='tiny')
print(final_result)
</command>
Reward: 1.0

--- Completion 5 ---
<command>
from object_detector import Object_Detector_Tool

final_result = Object_Detector_Tool.execute(image='path/to/image.png', languages=['en', 'de'], save_object=True, saved_image_path='detected_objects')
print(final_result)
</command>
Reward: 1.0

--- Completion 6 ---
<command>
from object_detector import Object_Detector_Tool

final_result = Object_Detector_Tool.execute(image="/nfs/data8/liao/wxie/SAT/SAT_images_train/image.jpg", labels=["television"], save_object=True, saved_image_path="detected_objects")

print(final_result)
</command>
Reward: 1.0

