
============================== NEW SCCESSFUL EXECUTION ==============================
[EXEC CODE]
{
   "final_result": "D"
}
[THE PRINT OUTPUT]

[GENERATE FINAL_RESULT]
None

============================== END ==============================

============================== NEW SCCESSFUL EXECUTION ==============================
[EXEC CODE]
final_result = 1
[THE PRINT OUTPUT]

[GENERATE FINAL_RESULT]
1

============================== END ==============================

============================== NEW SCCESSFUL EXECUTION ==============================
[EXEC CODE]
final_result = 'D'
[THE PRINT OUTPUT]

[GENERATE FINAL_RESULT]
D

============================== END ==============================

============================== NEW SCCESSFUL EXECUTION ==============================
[EXEC CODE]
final_result = "D"
[THE PRINT OUTPUT]

[GENERATE FINAL_RESULT]
D

============================== END ==============================

============================== NEW SCCESSFUL EXECUTION ==============================
[EXEC CODE]
final_result = "D"
[THE PRINT OUTPUT]

[GENERATE FINAL_RESULT]
D

============================== END ==============================

============================== NEW SCCESSFUL EXECUTION ==============================
[EXEC CODE]
final_result = True
[THE PRINT OUTPUT]

[GENERATE FINAL_RESULT]
True

============================== END ==============================

============================== NEW SCCESSFUL EXECUTION ==============================
[EXEC CODE]
final_result = {'A': 0, 'B': 1, 'C': 0, 'D': 0, 'E': 0}
[THE PRINT OUTPUT]

[GENERATE FINAL_RESULT]
{'A': 0, 'B': 1, 'C': 0, 'D': 0, 'E': 0}

============================== END ==============================
