
[QAid]13990_0

[Code does not include Tools Usage]
code: 
final_result = "3"

============================== END ==============================


[QAid]13990_0

[Code does not include Tools Usage]
code: 
final_result = "3"

============================== END ==============================


[QAid]13990_0

[Code does not include Tools Usage]
code: 
final_result = "3"
============================== END ==============================


[QAid]13990_0

[Code does not include Tools Usage]
code: 
final_result = "3"  # Assuming there are 3 chairs visible in the scene
============================== END ==============================


[QAid]13990_0

[Code does not include Tools Usage]
code: 
final_result = "3"

============================== END ==============================


[QAid]13990_0

[Code does not include Tools Usage]
code: 
final_result = "3"

============================== END ==============================

