
============================== NEW EXECUTION ==============================

[EXECUTION EXCEPTION]
Object_Detector_Tool.__init__() got an unexpected keyword argument 'models'
code:from object_detector import Object_Detector_Tool

# Define labels for detecting
labels_for_detection = ['baseball', 'basket']

# Set the threshold and size of the model
model_size = 'tiny'

# Set the save_object parameter if you want to save detected object images
save_object = True

# Create the object detector tool with the defined labels
object_detector_tool = Object_Detector_Tool(models=model_size, labels=labels_for_detection)

# Set the confidence threshold to detect sports equipment and human body parts
confidence_threshold = 0.45

# Execute the object detection on the image
detected_objects, detected_object_count = object_detector_tool.execute(image="path_to_detailed_image.jpg", labels=labels_for_detection, save_object=save_object, confidence_threshold=confidence_threshold)

# Remove detected object images and sort the object detection list by total count
sorted_object_detection_list = sorted(detected_objects, key=lambda x: x['total_count'])

# Count the total number of people wearing blue shirts
total_people_wearing_blue_shirt = []
for detection in sorted_object_detection_list:
    if 'baseball' in detection['label'] and 'soccerball' in detection['label'].lower():
        total_people_wearing_blue_shirt.append(detection['total_count'])

# Check if the count meets the specific requirement
if total_people_wearing_blue_shirt and total_people_wearing_blue_shirt[0] <= 3 and total_people_wearing_blue_shirt[0] >= 2:
    print("There are between 2 and 3 people wearing blue shirts.")
else:
    print("No one is wearing blue shirts in the given image.")

============================== NEW EXECUTION ==============================

[EXECUTION EXCEPTION]
Object_Detector_Tool.execute() missing 1 required positional argument: 'self'
code:from object_detector import Object_Detector_Tool

# The original image file path
original_image_path = "/home/stud/wxie/BLINK_Dataset/Counting/val/images/val_Counting_102_image_1.jpg"

# Get the number of people wearing blue
# The available tools: Object_Detector_Tool
result = Object_Detector_Tool.execute(image=original_image_path, labels=["blue"], save_object=True, saved_image_path="detected_objects")

# Extract the label counts from the detected_object dictionary
label_counts = {label: count for label, count in result[0].items()}

# Assign the detected people wearing blue to the variable final_result
final_result = label_counts

============================== NEW EXECUTION ==============================

[EXECUTION EXCEPTION]
Object_Detector_Tool.__init__() got an unexpected keyword argument 'model_size'
code:# Import necessary libraries
from object_detector import Object_Detector_Tool

# Define labels (in this case, "baseball" and "basket" as example labels)
labels = ["baseball", "basket"]

# Set threshold and model size
threshold = 0.45  # Example threshold, adjust as needed
model_size = "base"  # "tiny" or "base"

# Set save_object variable
save_object = True  # Example, set to False for no saving

# Create Object_Detector_Tool
object_detector = Object_Detector_Tool(model_size=model_size)

# Call the tool method
detected_objects, object_count = object_detector.execute(image="path/to/image.png", labels=labels, threshold=threshold, model_size=model_size, save_object=save_object)

# Determine final result
final_result = detected_objects

# Print the result
for detected_object in detected_objects:
    print(detected_object)

============================== NEW EXECUTION ==============================

[EXECUTION EXCEPTION]
not enough values to unpack (expected 2, got 0)
code:from object_detector import Object_Detector_Tool

image_path = "/home/stud/wxie/BLINK_Dataset/Counting/val/images/val_Counting_102_image_1.jpg"
labels = ["baseball", "basket"]
threshold = 0.45
model_size = "tiny"

# Execute the Object_Detector_Tool
detected_objects, object_number = Object_Detector_Tool.execute(image_path, labels, threshold, model_size, save_object=True, saved_image_path="detected_objects")

# Print the total count of objects in the image
total_object_count = object_number

print(f"Total count of objects detected in the image: {total_object_count}")

============================== NEW EXECUTION ==============================

[EXECUTION EXCEPTION]
OpenCV(4.11.0) /io/opencv/modules/imgproc/src/color.cpp:199: error: (-215:Assertion failed) !_src.empty() in function 'cvtColor'

code:from object_detector import Object_Detector_Tool

# Assuming the image file is "/Users/stud/BLINK_Dataset/Counting/val/images/val_Counting_102_image_1.jpg"
# Load the image using OpenCV
import cv2
image = cv2.imread("/Users/stud/BLINK_Dataset/Counting/val/images/val_Counting_102_image_1.jpg")

# Convert the image to grayscale
image_grayscale = cv2.cvtColor(image, cv2.COLOR_BGR2GRAY)

# Detect objects using Object_Detector_Tool
detected_objects = Object_Detector_Tool.execute(image=image_grayscale,
                                               labels=["baseball"],
                                               save_object=True,
                                               saved_image_path="detected_objects")

final_result = detected_objects['object_number']

============================== NEW EXECUTION ==============================

[EXECUTION EXCEPTION]
name 'object_detector' is not defined
code:from object_detector import Object_Detector_Tool

# Define variable to store count of people wearing blue shirt
people_count = 0

# Convert the image to grayscale
image = 'val_Counting_102_image_1.jpg'
gray_image = object_detector.execute(image=image, save_object=True, thresholds=[0.9], model_size='base')

# Find blue shirts in the image and count for white counts
for person in gray_image:
    if person['labels'] == ['baseball', 'basket'] and person['box'][6][0] > 0.7:
        people_count += 1

# Final result
final_result = people_count

============================== NEW EXECUTION ==============================

[EXECUTION EXCEPTION]
name 'io' is not defined
code:from object_detector import Object_Detector_Tool

def ask_number_of_detections(image_path: str, labels: list, threshold: float = 0.45, model_size: str = 'tiny', save_object: bool = False, saved_image_path: str = 'detected_objects'):
    detection_tool = Object_Detector_Tool(image_path, labels=labels, threshold=threshold, model_size=model_size, save_object=save_object)
    detected_objects = detection_tool. execute().get('object_number')
    return detected_objects

def count_blue_shirt_players(people_image_path: str):
    image = io.imread(people_image_path)
    detected_info = ask_number_of_detections(image_path=image_image_path, labels=['blue shirt'])
    total_blue_shirt_players = sum(label_info['label'] == 'blue shirt' for label_info in detected_info)
    return total_blue_shirt_players

total_blue_shirt_players = count_blue_shirt_players('/home/stud/wxie/BLINK_Dataset/Counting/val/images/val_Counting_102_image_1.jpg')
print(f"Number of people wearing blue shirt: {total_blue_shirt_players}")

============================== NEW EXECUTION ==============================

[EXECUTION EXCEPTION]
not enough values to unpack (expected 2, got 0)
code:from object_detector import Object_Detector_Tool

# Define the path to the first image
path_to_image1 = "/home/stud/wxie/BLINK_Dataset/Counting/val/images/val_Counting_102_image_1.jpg"

# Define the labels to detect
labels_to_detect = ["baseball", "basket"]

# Define the threshold for detection
threshold = 0.45

model_size = "tiny"

# Define whether to save the detected objects
save_objects = False

# Load the object detector tool
object_detector_tool = Object_Detector_Tool()

# Execute the object detection
detected_objects, num_objects = object_detector_tool.execute(image=path_to_image1, labels=labels_to_detect, save_object=save_objects, threshold=threshold, model_size=model_size)

# Determine how many people are wearing blue shirt
num_blue_shirt_objects = len(detected_objects)
final_result = num_blue_shirt_objects

final_result
