--- Completion 1 ---
<command>final_result = 3
</command>
Reward: 0.5

--- Completion 2 ---
<command>final_result = "1" if "Windows" in ["0", "1", "3", "4"] else "0"
</command>
Reward: 0.5

--- Completion 3 ---
<command>final_result = ''
try:
    final_result = (1, 2)  # 1 is the count of windows visible in the scene
except:
    final_result = (0, 0)  # 0 is the count of windows as there are no windows visible in the scene

</command>
Reward: 0.5

--- Completion 4 ---
<command>final_result = 0</command>
Reward: 0.5

--- Completion 5 ---
<command>final_result = 0
</command>
Reward: 0.5

--- Completion 6 ---
<command>final_result = "The program has executed successfully."</command>
Reward: 0.5

