
[Exctuion Failed]

invalid syntax (<string>, line 1)
code: 
<python>
from detector import Object_Detector_Tool

def count_object_in_image(image_path):
    result = Object_Detector_Tool.execute(image=image_path, labels=['baseball', 'basket'],
                                          save_object=True, saved_image_path='detected_objects')
    object_labels, num_objects = result[0], result[1]
    return object_labels, num_objects

# Example usage
image_path = '/nfs/data8/liao/wxie/SAT/SAT_images_train/1615_0.png'  # Replace with actual image path
object_labels, num_objects = count_object_in_image(image_path)
print(f'Number of objects detected: {num_objects}, Labels: {", ".join(object_labels)}')
</python>

============================== END ==============================


[Exctuion Failed]

cannot import name 'Image' from 'object_detector' (/home/stud/wxie/miniconda3/envs/VisualThinker/lib/python3.11/site-packages/object_detector/__init__.py)
code: 

from object_detector import Object_Detector_Tool, Image

final_result = Object_Detector_Tool.execute(image="1615_0.png", labels=['Doorway'])

if len(final_result["detected_objects"]) > 0:
    doors = final_result["detected_objects"][0]["saved_image_path"]
    final_result_json = {"doors": doors}
    print(json.dumps(final_result_json, indent=2))
else:
    print("No doors detected.")


============================== END ==============================

