
[Exctuion Failed]

No module named 'object_detector_tool'
code: 

from object_detector_tool import Object_Detector_Tool
from text_detector_tool import Text_Detector_Tool

final_result = ""

# Step 1: Detect dressers in the image
detected_objects, object_number = Objects_Detector_Tool.execute(image="path/to/image", labels=["Chair", "Dresser"], save_object=True, saved_image_path="detected_objects")

# Step 2: Determine the number of dressers based on the detected objects
total_dressers = object_number.get("Chair") + float(detected_objects.get("Chair", {}).get("boxes", [])[-1].get("y2") - detected_objects.get("Chair", {}).get("boxes", [])[-1].get("y1"))

final_result = {
  "number of dressers": total_dressers,
  "dresses": ["Chair"],
  "dishes": [
    {"name": "Dresser", "boxes": {"boxes": [(x1, y1, x2, y2) for (x1, y1, x2, y2) in detected_objects.get("Dresser", {}).get("boxes", [])]}}
  ]
}

print(final_result)


============================== END ==============================


[None RESULT]


[Successful Execution but Get None RESULT]
[EXEC CODE]
final_result: {"total_dressers": 0}

============================== END ==============================

