
[EXECUTION EXCEPTION]
invalid syntax (<string>, line 5)
code: 
final_result = [
    "A"
][
    A in detector_outputs["objects"]
    for A in ["baseball", "basket"]
]

final_result

============================== END ==============================

[EXECUTION EXCEPTION]
f-string: empty expression not allowed (<string>, line 15)
code: 
from letter_detector import Letter_Detector_Tool

final_result = Letter_Detector_Tool.execute(image='path/to/wood_horse_image.jpg')

detected_letters = []
for detected_rectangle in final_result:
    if "A" in detected_rectangle[2]:
        letter = "A"
        bbx = [detected_rectangle[0][0], detected_rectangle[0][1], detected_rectangle[2][0], detected_rectangle[2][1]]
        score = detected_rectangle[3]
        detected_letters.append([bbx, letter, score])
letter_list = []

for detected_letter in detected_letters:
    letter_list.append(f"Detected letter '{}': bounding box: {detected_letter[0]}, letter: {detected_letter[1]}, score: {detected_letter[2]}")

final_result[0]['detected_letters'] = letter_list

============================== END ==============================

[EXECUTION EXCEPTION]
invalid syntax (<string>, line 15)
code: 
from object_detector import Object_Detector_Tool
from text_detector import Text_Detector_Tool
from letter_detector import Letter_Detector_Tool

# Path to the image
image_path = "/home/stud/wxie/BLINK_Dataset/Counting/val/images/val_Counting_14_image_1.jpg"

# Detect object labels
objects = Object_Detector_Tool.execute(image=image_path, labels=["horse"], save_object=True)

# Filter for horse
horse_bboxes = [bbox for bbox in objects if bbox.object_label == "horse"]

# Detect letters inside the horse
horse_letters = [bbox for _, bbox in horse_bboxes for if bbox.text[0] == 'A']

horse_count = len(horse_bboxes)

horse_letters_count = len(horse_letters)

final_result = [horse_count, horse_letters_count]

============================== END ==============================

[EXECUTION EXCEPTION]
name 'import_name' is not defined
code: 
final_result = 0

# Load the horse image
from_module = 'object_detector'
object_detector = import_name(f"from_module:{from_module}Object_Detector_Tool")
horse_image_path = '/home/stud/wxie/BLINK_Dataset/Counting/val/images/val_Counting_14_image_1.jpg'
horse_results = object_detector.execute(image=horse_image_path, labels=["Horse"], languages=['zh'], threshold=0.45, model_size="tiny")

# Get the number of horse results
num_horse_results = 0
for result in horse_results:
    if result[2] == "Horse":
        num_horse_results += 1

if num_horse_results > 0:
    final_result = 1
else:
    final_result = 0

final_result

============================== END ==============================
