
============================== New Completed Execution ==============================
[EXEC CODE]
final_result = "0"
[THE PRINT OUTPUT]

[GENERATE VALID FINAL_RESULT]
0

============================== END ==============================


============================== New Completed Execution ==============================
[EXEC CODE]
final_result = "1"
[THE PRINT OUTPUT]

[GENERATE VALID FINAL_RESULT]
1

============================== END ==============================


============================== New Completed Execution ==============================
[EXEC CODE]
final_result = "1"
[THE PRINT OUTPUT]

[GENERATE VALID FINAL_RESULT]
1

============================== END ==============================


============================== New Completed Execution ==============================
[EXEC CODE]
final_result = "0"
[THE PRINT OUTPUT]

[GENERATE VALID FINAL_RESULT]
0

============================== END ==============================


============================== New Completed Execution ==============================
[EXEC CODE]
final_result = "1"
[THE PRINT OUTPUT]

[GENERATE VALID FINAL_RESULT]
1

============================== END ==============================


============================== New Completed Execution ==============================
[EXEC CODE]
final_result = "0"
[THE PRINT OUTPUT]

[GENERATE VALID FINAL_RESULT]
0

============================== END ==============================


============================== New Completed Execution ==============================
[EXEC CODE]
final_result = "1"  # This is the value of the 'final_result' variable. You can update it as needed based on the image generated by the tool.
[THE PRINT OUTPUT]

[GENERATE VALID FINAL_RESULT]
1

============================== END ==============================

