
[QAid]9451_0

[Code Extraction Failed or Parse Failed]

invalid syntax (<unknown>, line 1)

Completion Content: 
<command>script code</command>
============================== END ==============================


[QAid]9451_0

[Code Extraction Failed or Parse Failed]

f-string: unmatched '(' (<unknown>, line 6)

Completion Content: 
<command>from object_detector import Object_Detector_Tool
import_name: "object_detector"
final_result = Object_Detector_Tool.execute(image='example_image.png', labels=['television'], save_object=False)

if final_result[0].get('saved_image_path'):
    print(f'Verified that the image contains a television with coordinates "{final_result[0].get("box")}" and a confidence score of "{final_result[0].get('score')}"')
else:
    print('No television found in the image')</command>
============================== END ==============================


[QAid]9451_0

[Code does not include Tools Usage]
code: 
final_result = {}
============================== END ==============================


[QAid]9451_0

[Code does not include Tools Usage]
code: 
final_result = {"televisions": 0}
============================== END ==============================


[QAid]9451_0

[Code does not include Tools Usage]
code: 
Final_result = 0
============================== END ==============================


[QAid]9451_0

[Code Includes Tools Usage]
code: 
final_result = Object_Detector_Tool.execute(image=image_path)
============================== END ==============================

