--- Completion 1 ---
<command>
from object_detector import Object_Detector_Tool

final_result = Object_Detector_Tool.execute(image='path/to/image.png', labels=['CounterTops'], remove_labels=True)

if final_result[0]:
    if 'CounterTops' in final_result[0]:
        count = final_result[0]['CounterTops'][0]['num']
    else:
        count = 0
else:
    count = 0

final_result
</command>
Reward: 1.0

--- Completion 2 ---
<command>
from object_detector import Object_Detector_Tool

final_result = Object_Detector_Tool.execute(image='/nfs/data8/liao/wxie/SAT/SAT_images_train/2154_0.png', labels=['CounterTops'])

if final_result[0]:
    counter_tops = len(final_result[0][0]['box'])
    print("The number of CounterTops visible in the scene:", counter_tops)
else:
    print("No CounterTops detected.")
</command>
Reward: 1.0

--- Completion 3 ---
<command>
from object_detector import Object_Detector_Tool

final_result = Object_Detector_Tool.execute(image='path/to/image.png', labels=['Counter Top'], save_object=False)
print(final_result)
</command>
Reward: 1.0

--- Completion 4 ---
<command>
from object_detector import Object_Detector_Tool

final_result = Object_Detector_Tool.execute(image='path/to/your/image.png')
print(final_result)
</command>
Reward: 1.0

--- Completion 5 ---
<command>
from Object_Detector_Tool import Object_Detector_Tool

final_result = Object_Detector_Tool.execute(image="/nfs/data8/liao/wxie/SAT/SAT_images_train/2154_0.png", labels=["CounterTop"], save_object=False, saved_image_path="")

print("Number of Counter Tops detected:", final_result["object_number"])
</command>
Reward: 1.0

--- Completion 6 ---
<command>
from object_detector import Object_Detector_Tool

final_result = Object_Detector_Tool.execute(image='path/to/image.png', labels=['countertop'], save_object=True, saved_image_path='countertops')

if 'countertops' in final_result[0]:
  countertops = final_result[0]['countertops']
else:
  countertops = []
  final_result[0]['countertops'] = countertops

print(f"{final_result[0]} countertops found in the image.")
</command>
Reward: 1.0

