
[EXECUTION EXCEPTION]
Object_Detector_Tool.execute() got an unexpected keyword argument 'categories'
code:from object_detector import Object_Detector_Tool

# Load the image and set parameters
image_path = "/home/stud/wxie/BLINK_Dataset/Counting/val/images/val_Counting_62_image_1.jpg"
categories = ["man", "camera"]

# Detect objects based on the image
detected_objects, object_number = Object_Detector_Tool.execute(image_path, categories=categories, save_object=True)

final_result = ""
for category, results in detected_objects.items():
    if "man" in category:
        final_result += f"{results['boxes']} man\n"
    else:
        final_result += f"{results['boxes']} camera\n"

if "camera" in final_result:
    final_result = final_result.split("camera")[-1]
    final_result = int(final_result.split(".")[0])
else:
    final_result = ""

print(final_result)

[None RESULT]


[EXECUTION EXCEPTION]
Object_Detector_Tool.execute() missing 1 required positional argument: 'self'
code:from object_detector import Object_Detector_Tool

# Read image
image = "/home/stud/wxie/BLINK_Dataset/Counting/val/images/val_Counting_62_image_1.jpg"

# Detect objects using Object_Detector_Tool
detected_objects, object_number = Object_Detector_Tool.execute(image=image, labels=["baseball", "basket"], save_object=True, saved_image_path="detected_objects")

# Check if a man is looking through a camera
current_tool_class_name = "Object_Detector_Tool"
current_tool_class_description = "A tool that detects objects in an image using the Grounding DINO model and saves individual object images with empty padding."
current_tool_output_type = "tuple"  # The result is a tuple with two elements
current_tool_version = 1.0  # Tool version 1.0.0

final_result = "A"

[None RESULT]


[EXECUTION EXCEPTION]
Object_Detector_Tool.execute() missing 1 required positional argument: 'self'
code:from object_detector import Object_Detector_Tool as odt

# Path to image file
image_path = "/home/stud/wxie/BLINK_Dataset/Counting/val/images/val_Counting_62_image_1.jpg"

# Detection object labels list
obj_labels = ['baseball', 'basket']

# Confidence threshold
threshold = 0.45

# Model size
model_size = 'tiny'

final_result = odt.execute(image=image_path, labels=obj_labels, save_object=True, saved_image_path="detected_objects", threshold=threshold, model_size=model_size)

detected_objects = final_result[1]
object_count = detected_objects

for item in detected_objects:
    if 'boxes' in item and 'confidence_scores' in item:
        if item['confidence_scores'] > 0.45:
            if item['confidence_scores'] == max(detected_objects, key=lambda x: x['confidence_scores'])['confidence_scores']:
                print(f"Detected object: {item['labels'][0]}, Confidence Score: {item['confidence_scores']:.2f}")

if max(object_count, key=object_count.get) >= 2:
    print(f"Found two men looking through cameras.")
    final_result['image_with_objects_only'] = "Image with detected and highlighted objects only."
    print("The results are saved to 'detected_objects' folder." + final_result['image_with_objects_only'])

[EXECUTION EXCEPTION]
invalid syntax (<string>, line 22)
code:from object_detector import Object_Detector_Tool

# Path to the image file
path_to_image = "/home/stud/wxie/BLINK_Dataset/Counting/val/images/val_Counting_62_image_1.jpg"

# Initialize the object detector
obj_det = Object_Detector_Tool(image_path=path_to_image)

# Get the information from the object detector
info = obj_det.execute(labels=["man", "horse"], save_object=True)

# Extract the information from the information tuple
labels_dict = info[0]
count_dict = info[1]

# Check if any man is looking through a camera
if "man" in count_dict:
    man_count = count_dict["man"]
else:
    man_count = 0

print(final_result: man_count)
