
[QAid]13249_0

[Code does not include Tools Usage]
code: 
final_result = "1 Painting"

============================== END ==============================


[QAid]13249_0

[Code does not include Tools Usage]
code: 
final_result = "1"  # Option 1: 1 Painting detected

============================== END ==============================


[QAid]13249_0

[Code does not include Tools Usage]
code: 
final_result = "1"

============================== END ==============================


[QAid]13249_0

[Code does not include Tools Usage]
code: 
final_result = "1"  # Assuming that the text detector is able to count one item

============================== END ==============================


[QAid]13249_0

[Code does not include Tools Usage]
code: 
final_result = "1 Painting"  # The number of visible Paintings

============================== END ==============================


[QAid]13249_0

[Code does not include Tools Usage]
code: 
final_result = "1"  # Assuming there are only 1 painting in the scene

============================== END ==============================

