
[QAid]8497_0

[Code does not include Tools Usage]
code: 
final_result = "2"

============================== END ==============================


[QAid]8497_0

[Code does not include Tools Usage]
code: 
final_result = "2"

============================== END ==============================


[QAid]8497_0

[Code does not include Tools Usage]
code: 
final_result = "2"

============================== END ==============================


[QAid]8497_0

[Code does not include Tools Usage]
code: 
final_result = "2"

============================== END ==============================


[QAid]8497_0

[Code does not include Tools Usage]
code: 
final_result = "2"

============================== END ==============================


[QAid]8497_0

[Code does not include Tools Usage]
code: 
final_result = '2'  # The total number of DeskLamps visible in the scene is 2

============================== END ==============================

