--- Completion 1 ---
final_result: 0
Reward: 0.0

--- Completion 2 ---
final_result = ""

# Import required classes
from .object_detector import Object_Detector_Tool

# Demonstrate to detect baseball and basket
detected_objects = object_detector.execute(image="path/to/image.png", labels=["baseball", "basket"], save_object=False)
object_number = {"baseball": 1, "basket": 2}

# Demonstrate to detect Chinese text in English
result = text_detector.execute(image="path/to/image.png", languages=["en", "zh"], detail=1)
text_blocks = result[0]["detected_blocks"]
confidence_scores = result[0]["confidence_scores"]

# Print the results
final_result = f"Number of doors in the scene: 0\nObjects detected: {len(detected_objects[0])}\nNumber of objects detected: {object_number}"

# Output final result
print(final_result)
Reward: 0.0

--- Completion 3 ---
final_result
Reward: 0.0

--- Completion 4 ---
# Import necessary tool
from object_detector import Object_Detector_Tool

# Execute the tool
result = Object_Detector_Tool.execute(image='path/to/image.png', labels=['baseball'], save_object=True, saved_image_path='detected_objects') # Define 'saved_image_path'
detected_objects, object_number = result
final_result = f"{} Doorways are visible in the scene."
if saved_image_path:
  # Print the resulting objects
  print(detected_objects)
else:
  # Print the number of objects rather than a list
  print(object_number)
Reward: 0.0

--- Completion 5 ---
final_result = "<command>from_module: 'object_detector', import_name: 'Object_Detector_Tool'"
Reward: 0.0

--- Completion 6 ---
final_result
Reward: 0.0

