
[QAid]12700_0

[Code Includes Tools Usage]
code: 

from object_detector import Object_Detector_Tool

final_result = Object_Detector_Tool().execute(image='path/to/image', labels=['baseball', 'basket'], save_object=False, saved_image_path='detected_objects')

============================== END ==============================


[QAid]12700_0

[Code Includes Tools Usage]
code: 

from object_detector import Object_Detector_Tool

final_result = Object_Detector_Tool().execute(image='./SAT_images_train/12700_0.png', labels=['DiningTables'], save_object=True, saved_image_path='detected_objects')

============================== END ==============================


[QAid]12700_0

[Code Includes Tools Usage]
code: 

from object_detector import Object_Detector_Tool
final_result = Object_Detector_Tool().execute(image="path/to/image", labels=["baseball", "basket"], save_object=True, saved_image_path="detected_objects")

============================== END ==============================


[QAid]12700_0

[Code Includes Tools Usage]
code: 

from object_detector import Object_Detector_Tool

final_result = Object_Detector_Tool().execute(image="12700_0.png", labels=["DiningTable"], save_object=True, saved_image_path="detected_tables")

print(final_result)

============================== END ==============================


[QAid]12700_0

[Code Includes Tools Usage]
code: 

from object_detector import Object_Detector_Tool

final_result = Object_Detector_Tool().execute(image="12700_0.png", labels=["baseball", "basket"], save_object=True)
print(final_result)

============================== END ==============================


[QAid]12700_0

[Code Includes Tools Usage]
code: 

from object_detector import Object_Detector_Tool

final_result = Object_Detector_Tool().execute(image='/nfs/data8/liao/wxie/SAT/SAT_images_train/12700_0.png', labels=['dining_table_1'], save_object=True, saved_image_path='detected_objects')

============================== END ==============================

