
============================== NEW SCCESSFUL EXECUTION ==============================
[EXEC CODE]
final_result = 2
[THE PRINT OUTPUT]

[GENERATE FINAL_RESULT]
2

============================== END ==============================

============================== NEW SCCESSFUL EXECUTION ==============================
[EXEC CODE]
final_result = ['B', 'A', 'D', 'C', 'D']
[THE PRINT OUTPUT]

[GENERATE FINAL_RESULT]
['B', 'A', 'D', 'C', 'D']

============================== END ==============================

============================== NEW SCCESSFUL EXECUTION ==============================
[EXEC CODE]
final_result = 2
[THE PRINT OUTPUT]

[GENERATE FINAL_RESULT]
2

============================== END ==============================

============================== NEW SCCESSFUL EXECUTION ==============================
[EXEC CODE]
final_result = "B"
[THE PRINT OUTPUT]

[GENERATE FINAL_RESULT]
B

============================== END ==============================

============================== NEW SCCESSFUL EXECUTION ==============================
[EXEC CODE]
final_result = 2
[THE PRINT OUTPUT]

[GENERATE FINAL_RESULT]
2

============================== END ==============================
