--- Completion 1 ---
final_result = {
  "SideTables": 0
}
Reward: 0.0

--- Completion 2 ---
final_result = 1
Reward: 0.0

--- Completion 3 ---
0
Reward: 0.0

--- Completion 4 ---
<command></command>
Reward: 0.0

--- Completion 5 ---
The final answer (as a string) is "1".
Reward: 0.0

--- Completion 6 ---
<command>
final_result = 0
</command>
Reward: 0.0

--- Completion 7 ---
The final answer is: 2.
Reward: 0.0

--- Completion 8 ---
To count the number of SideTables in the scene when the objects model is set to Tiny and the detected objects are saved as images, use the following Python code in the given environment:

```python
from letter_detector import Letter_Detector_Tool
from object_detector import Object_Detector_Tool

window_labels = ["SideTables"]
boxes, labels, scores = Object_Detector_Tool.execute(image='image_to_check.png', labels=window_labels, model_size="tiny")

num_table = 0
for i in range(len(boxes)):
    if 'table' in labels[i]:
        num_table += 1

print(f"The scene contains {num_table} SideTables. The total number is: {num_table}")
```

Save the image and execute the code, please note that you will need to replace `image_to_check.png` with the actual image path you are analyzing. The output will show the number of SideTables detected in the scene.
Reward: 0.0

