
[QAid]2227_0

[Code Includes Tools Usage]
code: 
from object_detector import Object_Detector_Tool
final_result = Object_Detector_Tool().execute(image='path/to/image', labels=['soap_bottle'], save_object=True, saved_image_path='detected_objects')
print(final_result)

============================== END ==============================


[QAid]2227_0

[Code Includes Tools Usage]
code: 

from object_detector import Object_Detector_Tool

final_result = Object_Detector_Tool().execute(image='path/to/image', labels=['soap'], save_object=True, saved_image_path='detected_objects')
print(final_result)

============================== END ==============================


[QAid]2227_0

[Code Includes Tools Usage]
code: 

from object_detector import Object_Detector_Tool
final_result = Object_Detector_Tool().execute(image='path/to/image', labels=['soap'], threshold=0.35, save_object=True, saved_image_path='detected_objects')
print(final_result)

============================== END ==============================


[QAid]2227_0

[Code Includes Tools Usage]
code: 

from object_detector import Object_Detector_Tool
final_result = Object_Detector_Tool().execute(image='path/to/image', labels=['soap'], save_object=True, saved_image_path='detected_objects')
print(final_result)

============================== END ==============================


[QAid]2227_0

[Code Includes Tools Usage]
code: 

from object_detector import Object_Detector_Tool

final_result = Object_Detector_Tool().execute(image='path/to/image', labels=['soap_bottle'], save_object=True, saved_image_path='detected_objects/')
print(final_result)

============================== END ==============================


[QAid]2227_0

[Code Includes Tools Usage]
code: 

from object_detector import Object_Detector_Tool
final_result = Object_Detector_Tool().execute(image='path/to/image', labels=['soapbottle'], save_object=True, saved_image_path='detected_objects')
print(final_result)

============================== END ==============================

