
============================== NEW EXECUTION ==============================

[EXECUTION EXCEPTION]
Object_Detector_Tool.__init__() got an unexpected keyword argument 'label_list'
code:from object_detector import Object_Detector_Tool

# Read the image
with open("/home/stud/wxie/BLINK_Dataset/Counting/val/images/val_Counting_9_image_1.jpg", 'rb') as f:
    img = f.read()

# Detect objects
tool = Object_Detector_Tool(label_list=['baseball', 'basket', 'plane'], save_object=True)
tool.execute(image=img, save_object=False, labels=['baseball', 'basket', 'plane'])
labels = tool.label_count.split()
boxes = tool.object_count.split()

# Calculate the number of black suitcases
black_suitcases = sum([1 for x in boxes if x['label'] == 'Black'])
final_result = black_suitcases

============================== NEW EXECUTION ==============================

[EXECUTION EXCEPTION]
Object_Detector_Tool.execute() missing 1 required positional argument: 'self'
code:from object_detector import Object_Detector_Tool

# Parameters
image_path = "/path/to/image.png"
labels = ['baseball', 'basket']
threshold = 0.45  # confidence threshold
model_size = 'base'  # default model size

# Setting the confidence threshold
threshold = 0.45

# Detecting the object categories
detected_objects, object_number = Object_Detector_Tool.execute(image=image_path, labels=labels, save_object=True, threshold=threshold, model_size=model_size)

# Calculating total object count and generating the output
total_count = object_number['object_count']
final_result = 'Total objects detected: {0}'.format(total_count)

print(final_result)

============================== NEW EXECUTION ==============================

[EXECUTION EXCEPTION]
Object_Detector_Tool.execute() missing 1 required positional argument: 'self'
code:from object_detector import Object_Detector_Tool

# Read the image
image_path = "/home/stud/wxie/BLINK_Dataset/Counting/val/images/val_Counting_9_image_1.jpg"
object_labels = ["baseball", "basket"]

# Set the confidence threshold
threshold = 0.45

# Set the model size
model_size = "tiny"

# Set the boolean to save the detected object images
save_object = True

# Execute the function with the provided parameters
(detected_objects, object_count) = Object_Detector_Tool.execute(image=image_path, labels=object_labels, save_object=save_object, threshold=threshold, model_size=model_size)

detected_objects[0]

============================== NEW EXECUTION ==============================

[EXECUTION EXCEPTION]
Object_Detector_Tool.execute() missing 1 required positional argument: 'self'
code:from object_detector import Object_Detector_Tool

# Load the image
# This function assumes the existence of a helper function named Object_Detector_Tool that detects objects in an image using the Grounding DINO model and saves individual object images with empty padding.
# The function returns a detection dict and an object count dict
detected_objects, object_count = Object_Detector_Tool.execute(image="/home/stud/wxie/BLINK_Dataset/Counting/val/images/val_Counting_9_image_1.jpg", labels=["hand"], save_object=True)

# Determine the total number of black suitcases based on labels
total_black_suitcases = object_count.get("baseball", {}).get("label", "") == "basket"

# Display the number of black suitcases detected in the image
final_result = total_black_suitcases

============================== NEW EXECUTION ==============================

[EXECUTION EXCEPTION]
Object_Detector_Tool.__init__() takes 1 positional argument but 5 were given
code:from object_detector import Object_Detector_Tool

# image path
image_path = "/home/stud/wxie/BLINK_Dataset/Counting/val/images/val_Counting_9_image_1.jpg"

# labels to detect
labels = ["baseball", "basket"]

# confidence threshold (default: 0.45)
threshold = 0.45

# model_size (default: 'tiny')
model_size = "tiny"

# save object images (default: False)
save_object = True

if "detected_objects" in locals():
    del detected_objects

if "object_number" in locals():
    del object_number

# execute object detector tool
object_detector_tool = Object_Detector_Tool(image_path, labels, threshold, model_size)
object_detector_tool.execute_save_object(save_object, "detected_objects")

# print object count
print(f"Total number of black suitcases: {len([obj['label'] == 'basket' for obj in detected_objects])}")

============================== NEW EXECUTION ==============================

[EXECUTION EXCEPTION]
type object 'Object_Detector_Tool' has no attribute 'load_model'
code:from object_detector import Object_Detector_Tool

# Load the model from the saved model
model = Object_Detector_Tool.load_model("model_1")

# Load the image
img = Object_Detector_Tool.prepare_image("/home/stud/wxie/BLINK_Dataset/Counting/val/images/val_Counting_9_image_1.jpg")

# Detect the objects and get their confidence scores
objects = model.detect(img) if model.size == 'base' else model.detect(img, threshold=0.5)

# Calculate the total count of objects
total_count = objects[0]["total_count"]

total_count

============================== NEW EXECUTION ==============================

[EXECUTION EXCEPTION]
Object_Detector_Tool.execute() missing 1 required positional argument: 'self'
code:from object_detector import Object_Detector_Tool

# Image path
image_path = "/home/stud/wxie/BLINK_Dataset/Counting/val/images/val_Counting_9_image_1.jpg"

# Object labels to detect
object_labels = ["baseball", "basket"]

# Threshold for detection confidence
confidence_threshold = 0.45

# Use the default label detection model and threshold for base
detected_objects, object_number = Object_Detector_Tool.execute(image=image_path, labels=object_labels, save_object=True, threshold=confidence_threshold)

for object_info in detected_objects:
    object_label = object_info["label"]
    object_confidence = object_info["confidence score"]
    if object_label == "baseball":
        object_number["baseball"] += 1
    else:
        object_number["basket"] += 1

final_result = {"total baseball": object_number["baseball"], "total basket": object_number["basket"]}

============================== NEW EXECUTION ==============================

[EXECUTION EXCEPTION]
Object_Detector_Tool.execute() missing 1 required positional argument: 'labels'
code:from object_detector import Object_Detector_Tool

# Step 1: Load the image file path
image_path = 'path/to/image.png'

# Step 2: Create an instance of the object detector tool
tool = Object_Detector_Tool()

# Step 3: Call the execute function and store the output
detected_objects, object_number = tool.execute(image=image_path)

# Step 4: Check if object 'basketball' was detected
if 'basketball' in detected_objects:
    num_basketballs = object_number['basketball']
else:
    num_basketballs = 0

# Step 5: Final result
final_result = f"There are {num_basketballs} black suitcases in the image."
