--- Completion 1 ---
Here is the Python program to answer the given question based on the given tools module:
```python
from object_detector import Object_Detector_Tool
from text_detector import Text_Detector_Tool
final_result = []
detected_objects = {}
object_number = {}
image = "/nfs/data8/liao/wxie/SAT/SAT_images_train/1615_0.png"

def detect_objects(image_path, labels):
    labels = labels.split(", ")
    detected_objects = {}
    object_number = {}
    result = Object_Detector_Tool.execute(image=image_path, labels=labels, save_object=True, saved_image_path="detected_objects")
    for obj in result[0][1]:
        labeled_object = {}
        if labels[0] in obj[0]:
            detected_objects[labels[0]] = []
            object_number[labels[0]] = 1
        else:
            detected_objects[labels[0]] = detected_objects[labels[0]] + [obj[0]]
            object_number[labels[0]] += 1
        labeled_object["box"] = obj[0]
        labeled_object["score"] = obj[2] * 0.99
        if obj[3] != None:
            marked_name = f"{obj[3]}_{labels[0]}"
            labeled_object["saved_image_path"] = f"detected_objects/{marked_name}.png"
            labeled_object["confidence"] = obj[3]
        detected_objects = detected_objects | labeled_object
    return (detected_objects, object_number)

detected_objects, object_number = detect_objects(image, ', '.join(["baseball", "basket"]))
print("Detected objects:", detected_objects)
print("Object number:", object_number)
# This loop goes the 5th time because it only saves the first detected ball
for (i, name) in enumerate(["baseball", "basket", "baseball", "basket", "basket", "basket", "basket", "baseball", "baseball", "baseball", "basket", "basket", "basket", "baseball", "basket", "baseball", "basket", "basket", "basket", "basket", "basket", "basket", "basket", "basket", "basket", "basket", "baseball", "basket", "basket", "basket", "basket", "basket", "basket", "basket", "basket", "basket", "basket", "basket", "basket",
Reward: 0.0

--- Completion 2 ---
<command>
from Object_Detector_Tool import Object_Detector_Tool

# Example image path
image_path = '/nfs/data8/liao/wxie/SAT/SAT_images_train/1615_0.png'

# Example language codes
languages = ['en', 'de']

# Example detail level (optional)
detail = 2

# Run the text detector tool
result = Object_Detector_Tool.execute(image=image_path, languages=languages, detail=detail)

# Extract the detected captions
detected_objects = result[0]
object_number = result[1]

final_result = [
  f"Detected {len(detected_objects)} object(s):",
  *[f"{'    '}. `{det}" for det in detected_objects]
]
if 'number_of_objects_saved' in object_number:  
  final_result.append(f"{'    '}. Number of objects saved: {object_number['number_of_objects_saved']}")


print("Detected objects:", final_result)
```
</command>
Reward: 1.0

--- Completion 3 ---
from object_detector import Object_Detector_Tool

# Set parameters
image_path = "/nfs/data8/liao/wxie/SAT/SAT_images_train/1615_0.png"
labels = ["baseball", "basket"]
threshold = 0.35
model_size = "tiny"
save_object = True
saved_image_path = "detected_objects"

# Start the object detection
detector = Object_Detector_Tool()
results = detector.execute(image=image_path, labels=labels, save_object=save_object, thresholds=[threshold])

# Get the object counter
object_count = detector.object_number

if save_object:
    for result in results:
        image_path_prefix = "/nfs/data8/liao/wxie/SAT/SAT_images_train/1615_0/"
        result["saved_image_path"] = image_path_prefix + result["saved_image_path"]

# Calculate the total object count
total_objects = object_count.get("baseball", 0) + object_count.get("basket", 0)

final_result = {
  "total_objects": total_objects
}

print(final_result)
Reward: 0.0

--- Completion 4 ---
<command>
```python
import Object_Detector_Tool
import Text_Detector_Tool

def calculate_objects_and_count(image_path, detected_labels, languages=['en', 'de'], detail=0):
    results = {}
    detected_objects = []
    number_of_objects = {}

    for detected_label in detected_labels:
        result = Text_Detector_Tool.execute(image=image_path, languages=languages, detail=detail)
        if result:
            for row in result:
                if row[3] > 0.1:
                    box = [row[0], row[1], row[2], row[3]]
                    results[detected_label] = [box, result[3]]
                    detected_objects.append(box)
                    number_of_objects[detected_label] = len(result)

    if not detected_objects:
        return detected_objects, number_of_objects

    result = []
    for detected_label, (box, confidence_score) in results.items():
        if confidence_score > 0.5 and len(box) > 2:
            result.append((detected_label, box))

    if result:
        detected_objects = [obj[0] for obj in result if obj[1]]
        number_of_objects = {detected_label: len(result) for detected_label, (box, _) in results.items() if box and box[0] % 1 == 0}
    return detected_objects, number_of_objects

detected_objects, number_of_objects = Object_Detector_Tool.execute(image=image_path, labels=['baseball', 'basket'], save_object=True, saved_image_path="detected_objects/" + os.path.splitext(image_path)[0])
final_result = generated_lines
```
Reward: 0.0

--- Completion 5 ---
from object_detector import Object_Detector_Tool

final_result = {
  "Doorways": 0
}

Object_Detector_Tool.execute(image="/nfs/data8/liao/wxie/SAT/SAT_images_train/1615_0.png", labels=["Door"], saved_object=True, saved_image_path="detected_objects/")
Reward: 0.0

--- Completion 6 ---
final_result: 0
Reward: 0.0

