--- Completion 1 ---
<command>
```python
from object_detector import Object_Detector_Tool, Text_Detector_Tool

# Example image and languages
image_path = "/nfs/data8/liao/wxie/SAT/SAT_images_train/7891_0.png"
languages = ['en', 'de']
detail = 0  # Simple text detection is suffcient

# Detect objects using objects_detector tool
detected_objects = Object_Detector_Tool.execute(image=image_path, labels=['baseball', 'basket'], languages=languages, detail=detail)

detected_objects
```
Reward: 0.0

--- Completion 2 ---
<command>
final_result = "A:0 B:1 C:0 D:0 E:0 F:0 G:0 H:1 I:0 J:0 K:0 L:0 M:0 N:0 O:0 P:0 Q:0 R:0 S:0 T:0 U:0 V:0 W:0 X:0 Y:0 Z:0"
</command>
Reward: 0.5

--- Completion 3 ---
from object_detector import Object_Detector_Tool

# Check if painting is visible
total_paintings = 0
if "painting" in detection_result:
    # Get detection results for painting
    painting_boxes = detection_result['painting']
    
    # Count number of paintings detected
    total_paintings = len(painting_boxes)
else:
    print("No painting detected")
    final_result: str = "0"
else:
    final_result: str = "0"
generated_lines = [f"total_paintings: {total_paintings}"]
generated_string = "\n".join(generated_lines)
print(generated_string)
Reward: 0.0

--- Completion 4 ---
final_result = ""

from object_detector import Object_Detector_Tool

# Demo for counting paintings in the scene
try:
    detected_paintings = Object_Detector_Tool().execute(image="/nfs/data8/liao/wxie/SAT/SAT_images_train/7891_0.png", labels=["painting"], save_object=True, saved_image_path="detected_paintings")
    print(f"Detected paintings: {len(detected_paintings['painting'])}")

except Exception as e:
    print(f"Error occurred: {str(e)}")

# Example output (for demonstration purposes)
if bool(detected_paintings['painting']):
    detected_paintings
    object_number = {label: len(detected_paintings[label]['boxes']) for label in detected_paintings['painting']}
else:
    object_number = {}
final_result = ""
```
Reward: 0.0

--- Completion 5 ---
final_result
Reward: 0.0

--- Completion 6 ---
```python
from Object_Detector_Tool import Object_Detector_Tool, save_image_path

# Detect baseball and basket
detected_objects = Object_Detector_Tool.execute(image='path/to/image.png', labels=['baseball', 'basket'], save_object=True, saved_image_path='detected_objects')

# Check if at least one of the detected objects is present
if detected_objects['baseball'] != []:
    baseball_count = len(detected_objects['baseball'][0][1][1])
else:
    baseball_count = 0

if detected_objects['basket'] != []:
    basket_count = len(detected_objects['basket'][0][1][1])
else:
    basket_count = 0

final_result = f"1 baseball, {basket_count} baskets."
```
Reward: 0.0

