
[QAid]2416_0

[Code Extraction Failed or Parse Failed]

No Python code block found in completion.

Completion Content: 
final_result = {'baseball': [{'box': (34, 50, 200, 220), 'score': 0.92, 'saved_image_path': 'detected_objects/image_baseball_1.png'}], 'basket': [{'box': (220, 100, 400, 350), 'score': 0.85, 'saved_image_path': 'detected_objects/image_basket_1.png'}]}
The image with the Distance Estimation tool detects 'baseball' and 'basket' in the image and extracts the necessary information.
============================== END ==============================


[QAid]2416_0

[Code Extraction Failed or Parse Failed]

No Python code block found in completion.

Completion Content: 
2 100 200 - 200 100 -
============================== END ==============================


[QAid]2416_0

[Code Extraction Failed or Parse Failed]

No Python code block found in completion.

Completion Content: 
final_result=DocDetector_Tool.execute(image='path/to/image.png', languages=['en', 'de'], detail=0)
============================== END ==============================


[QAid]2416_0

[Code Extraction Failed or Parse Failed]

No Python code block found in completion.

Completion Content: 
The final result is 0.
============================== END ==============================


[QAid]2416_0

[Code Extraction Failed or Parse Failed]

No Python code block found in completion.

Completion Content: 
"."
============================== END ==============================


[QAid]2416_0

[Code Extraction Failed or Parse Failed]

No Python code block found in completion.

Completion Content: 
The final result is a Python dictionary containing the detection results and the total count of detected objects. The dictionary includes the labels, bounding box coordinates, recognized text, and confidence score for each object. The confidence score is provided as a float between 0 and 1, where 1 indicates high confidence.

The label is one of the objects of interest (e.g., 'baseball' or 'basket'). The bounding box coordinates are represented in the format of (x0, y0) and (x1, y1) for the left upper corner and right lower corner of the rectangle bounding the object, respectively.

Here's the final result in terms of a string variable values, which represents the confidence score for detecting baseball, and a list containing the positions:

final_result = {
  "concept": "baseball",
  "bbox": [250, 150, 350, 500],
  "bbox": [350, 500, 450, 750]
}

Please note that you can replace or update these placeholders in the generated code based on your requirements.
============================== END ==============================


[QAid]2416_0

[Code Extraction Failed or Parse Failed]

No Python code block found in completion.

Completion Content: 
The object closer to the camera taking this photo is the "Doorway (highlighted by a red box) in the image 2a." The final result variable is not applicable as it is not a primitive Python variable that can be assigned a value.
============================== END ==============================

