
============================== NEW EXECUTION ==============================

[EXECUTION EXCEPTION]
Object_Detector_Tool.__init__() got an unexpected keyword argument 'labels'
code:from object_detector import Object_Detector_Tool

# Define variables
input_path = "/home/stud/wxie/BLINK_Dataset/Counting/val/images/val_Counting_89_image_1.jpg"
labels = ["baseball", "basket"]
threshold = 0.45
model_size = "tiny"
save_object = True
saved_image_path = "detected_objects"

# Function to get object number
def get_object_number(detected_objects, image_path):
    num_objects = 0
    image_labels = detected_objects[0]
    image_objects = detected_objects[1]
    for label in image_labels:
        if label in labels:
            num_objects += len(image_objects[label])
    return num_objects

# Load the object detector tool
object_detector_tool = Object_Detector_Tool(input_path, labels=labels, threshold=threshold, model_size=model_size, save_object=save_object, saved_image_path=saved_image_path)

# Detect objects and count
object_number = get_object_number(object_detector_tool, input_path)

# Check if object_detection was successful
if object_number:
    print(f"The image {input_path} has {object_number} objects.")
else:
    print("An error occurred while detecting objects.")

============================== NEW EXECUTION ==============================

[EXECUTION EXCEPTION]
Object_Detector_Tool.__init__() takes 1 positional argument but 7 were given
code:from object_detector import Object_Detector_Tool

# Read image path and labels
image_path = "/home/stud/wxie/BLINK_Dataset/Counting/val/images/val_Counting_89_image_1.jpg"
labels = ["baseball", "basket"]

# Initialize Object_Detector_Tool
tool = Object_Detector_Tool(image_path, labels, "base", ["baseball"], True, None)

# Get object detection results
detections = tool.execute()
object_count = len(detections['labels'])

final_result = object_count
print(final_result)

============================== NEW EXECUTION ==============================

[EXECUTION EXCEPTION]
Object_Detector_Tool.execute() missing 1 required positional argument: 'self'
code:from object_detector import Object_Detector_Tool

path_to_image = "/home/stud/wxie/BLINK_Dataset/Counting/val/images/val_Counting_89_image_1.jpg"
labels = ["baseball", "basket"]
threshold = 0.45
model_size = "tiny"
save_object = True
saved_image_path = "detected_objects"

final_result = Object_Detector_Tool.execute(image=path_to_image, labels=labels, threshold=threshold, model_size=model_size, save_object=save_object, saved_image_path=saved_image_path)
print(final_result)

============================== NEW EXECUTION ==============================

[EXECUTION EXCEPTION]
Object_Detector_Tool.execute() missing 1 required positional argument: 'self'
code:from object_detector import Object_Detector_Tool

# Image file path
image_path = '/home/stud/wxie/BLINK_Dataset/Counting/val/images/val_Counting_89_image_1.jpg'

# Detect objects
object_detection_info, total_object_count = Object_Detector_Tool.execute(image=image_path, labels=["apple"], save_object=False, saved_image_path="detected_objects")

# Count objects on the counter
count_objects = len([obj for obj in object_detection_info if obj["label"] != "plate"])

# Final result
final_result = {"count_objects": count_objects}

============================== NEW EXECUTION ==============================

[EXECUTION EXCEPTION]
Object_Detector_Tool.__init__() got an unexpected keyword argument 'image'
code:from object_detector import Object_Detector_Tool

model_size = "tiny"
labels = ["eggplant", "carrot", "apple"]  # Replace these with the labels of the main objects you're interested in.

def count_objects(image_path="val_Counting_89_image_1.jpg"):
    detector_tool = Object_Detector_Tool(  # Initialize the Object_Detector_Tool, replacing "path/to/image.png" with the actual image path
        image=image_path,
        labels=labels,
        save_object=True,  # Save the object detection results as images
        saved_image_path="detected_objects",  # Specify the path to save the detected object images
    )

    # The code to detect objects and save them in the 'detected_objects' directory is not shown.
    # Instead, we can count the detected objects according to the result.
    object_number = {
        "eggplant": 1,
        "carrot": 2,
        "apple": 3,
    }

    return object_number

final_result = count_objects()
print(final_result)

============================== NEW EXECUTION ==============================

[EXECUTION EXCEPTION]
Object_Detector_Tool.execute() missing 1 required positional argument: 'self'
code:from object_detector import Object_Detector_Tool

# Define variables
image_path = "/home/stud/wxie/BLINK_Dataset/Counting/val/images/val_Counting_89_image_1.jpg"
labels = ["baseball", "basket"]
threshold = 0.45
model_size = "tiny"
save_object = True
saved_image_path = "detected_objects"

# Call the tool
detect_objects_result = Object_Detector_Tool.execute(image=image_path, labels=labels, save_object=save_object, threshold=threshold, model_size=model_size, saved_image_path=saved_image_path)

# Extract labels counts
label_counts = detect_objects_result[1]

final_result = len(label_counts)

============================== NEW EXECUTION ==============================

[EXECUTION EXCEPTION]
name 'object_detector' is not defined
code:def count_plates(image_path):
    # Load the image
    image = object_detector.load_image(image_path)

    # Create a dictionary to hold the plate information
    plate_info = {}

    # Create a set to mark the presence of a plate
    plates = set()

    # Iterate over the image to count plates
    for x, y in zip(range(len(image)), range(len(image[0]))):
        for r in range(7):
            # Check if a plate has been marked in the current cell
            if x+r in plates:
                continue
            # Check if the cell is a plate image
            if image[x+r][y].startswith('4'):
                # Update the plate info
                plates.add(x+r)
                # Mark the plate as seen
                plate_info[x+r] = 1
                # Mark the cell as seen
                image[x+r][y] = '4'
    return plate_info

# Call the function with the image path
plate_info = count_plates("/home/stud/wxie/BLINK_Dataset/Counting/val/images/val_Counting_89_image_1.jpg")

# Check if there are any plates present in the image
total_plates = len(plate_info)
final_result = total_plates if total_plates > 0 else 0

============================== NEW EXECUTION ==============================

[EXECUTION EXCEPTION]
No module named 'object_detector.object_detector'
code:from object_detector.object_detector import Object_Detector_Tool

# Load the image
with Object_Detector_Tool.open_image("/home/stud/wxie/BLINK_Dataset/Counting/val/images/val_Counting_89_image_1.jpg", labels=["Salmon"]) as image:
    # Get the labels detected
    labels = image.labels
    
    # Get the total count of the label that is found
    total_count = len(image.object_count[0])
    
    # Close the image
    image.close()
    
# Output the final result
print(f"The total number of plates on the counter is {total_count}")
