
[Successful Execution but Get None RESULT]


============================== END ==============================

[Successful Execution but Get None RESULT]


============================== END ==============================

[EXECUTION EXCEPTION]
unterminated string literal (detected at line 2) (<string>, line 2)
code: 
from letter_detector import Letter_Detector_Tool
letter_detector_Tool.execute(image='path/to/image.jpg') ["Letter_Detector_Tool.execute(image='path/to/image.jpg')

============================== END ==============================

[EXECUTION EXCEPTION]
Object_Detector_Tool.__init__() got an unexpected keyword argument 'labels'
code: 
from object_detector import Object_Detector_Tool

# Load the image
image_path = "/home/stud/wxie/BLINK_Dataset/Counting/val/images/val_Counting_86_image_1.jpg"
object_detector_tool = Object_Detector_Tool(image_path, labels=["Mon", "Wed", "Thur", "Fri", "Sat", "Sun"], languages=["en", "de"], threshold=0.35, model_size="tiny")
result = object_detector_tool.execute()

# Process the detected object images
detected_objects = result[0]
object_number = result[1]

# Determine the number of banners
banner_count = len(detected_objects) - 6

# Print the result
final_result = ['Banners'] if banner_count > 0 else ['Banners and More']
print("Number of Banners:", final_result)

============================== END ==============================

[EXECUTION EXCEPTION]
Letter_Detector_Tool.execute() missing 1 required positional argument: 'self'
code: 
from letter_detector import Letter_Detector_Tool

# Load the image
path_to_image = "/home/stud/wxie/BLINK_Dataset/Counting/val/images/val_Counting_86_image_1.jpg"
results = Letter_Detector_Tool.execute(image=path_to_image)

# Filter the results
filtered_results = [result for result in results if "P" in result[3]]

print(filtered_results)

============================== END ==============================
