
============================== New Completed Execution ==============================
[EXEC CODE]
final_result = "1 TVStand"

[THE PRINT OUTPUT]

[GENERATE VALID FINAL_RESULT]
1 TVStand

============================== END ==============================


============================== New Completed Execution ==============================
[EXEC CODE]
final_result = '1'

[THE PRINT OUTPUT]

[GENERATE VALID FINAL_RESULT]
1

============================== END ==============================


============================== New Completed Execution ==============================
[EXEC CODE]
final_result = "1"
print(f"Number of TV Stands visible: {final_result}")

[THE PRINT OUTPUT]
Number of TV Stands visible: 1

[GENERATE VALID FINAL_RESULT]
1

============================== END ==============================


============================== New Completed Execution ==============================
[EXEC CODE]
final_result = "1"

[THE PRINT OUTPUT]

[GENERATE VALID FINAL_RESULT]
1

============================== END ==============================


============================== New Completed Execution ==============================
[EXEC CODE]
final_result = '1'

[THE PRINT OUTPUT]

[GENERATE VALID FINAL_RESULT]
1

============================== END ==============================


============================== New Completed Execution ==============================
[EXEC CODE]
final_result = "1"

[THE PRINT OUTPUT]

[GENERATE VALID FINAL_RESULT]
1

============================== END ==============================

