--- Completion 1 ---
<command>final_result = "3"
</command>
Reward: 0.5

--- Completion 2 ---
<command>final_result = "3"  # There are 3 visible chairs in the scene
</command>
Reward: 0.5

--- Completion 3 ---
<command>final_result = "3"</command>
Reward: 0.5

--- Completion 4 ---
<command>final_result = '3'  # Assuming 3 chairs are visible in the scene</command>
Reward: 0.5

--- Completion 5 ---
<command>final_result = "3"</command>
Reward: 0.5

--- Completion 6 ---
<command>final_result = "3"</command>
Reward: 0.5

