
[QAid]3227_0

[Code Extraction Failed or Parse Failed]

No Python code block found in completion.

Completion Content: 
final_result = "B"
[QAid]3227_0

[Code Extraction Failed or Parse Failed]

No Python code block found in completion.

Completion Content: 
final_result = "below"
[QAid]3227_0

[Code Extraction Failed or Parse Failed]

No Python code block found in completion.

Completion Content: 
final_result = "A"
[QAid]3227_0

[Code Extraction Failed or Parse Failed]

No Python code block found in completion.

Completion Content: 
final_result = "A"
[QAid]3227_0

[Code Extraction Failed or Parse Failed]

No Python code block found in completion.

Completion Content: 
final_result = 'below'
[QAid]3227_0

[Code Extraction Failed or Parse Failed]

No Python code block found in completion.

Completion Content: 
<command >
final_result = "above"
</command>
[QAid]3227_0

[Code Extraction Failed or Parse Failed]

No Python code block found in completion.

Completion Content: 
 final_result = "C"
print("Final answer: ", final_result)
[QAid]3227_0

[Code Extraction Failed or Parse Failed]

No Python code block found in completion.

Completion Content: 
final_result = "above"