
[EXECUTION EXCEPTION]
invalid syntax (<string>, line 17)
code: 
def answer_question(image_path):
  try:
   object_detector = Object_Detector_Tool()
   labels = ["baseball", "basket"]
   save_object = True
   saved_image_path = "detected_objects"
   
   detected_objects, object_count = object_detector.execute(image=image_path, labels=labels, save_object=save_object, saved_image_path=saved_image_path)
   
   if detected_objects:
    detected_objects = {k: v for k, v in detected_objects.items()}
    if save_object:
     for obj in detected_objects:
      detected_objects[obj]['bbox'].append([x1, y1, x2, y2] for x1, y1 in detected_objects[obj]['bbox'])
      detected_objects[obj]['bbox'].extend([x1, y1, x2, y2] for x1, y1 in detected_objects[obj]['bbox'])
     
     detected_objects = [detected_objects[item]: det for (det, item) in detected_objects.items()]
     
     object_detector.save_detected_objects(detected_objects=detected_objects, save_object=save_object, saved_image_path=saved_image_path, object_count=object_count)
   
   else:
    final_result = "No detected object of interest."
   
   return final_result

============================== END ==============================

[EXECUTION EXCEPTION]
list indices must be integers or slices, not str
code: 
from object_detector import Object_Detector_Tool
from text_detector import Text_Detector_Tool
from letter_detector import Letter_Detector_Tool

# Load the trained model
object_detector = Object_Detector_Tool()
text_detector = Text_Detector_Tool()
letter_detector = Letter_Detector_Tool()

# Detect objects in the image
object_results = object_detector.execute(image="path/to/pizza/image.jpg", labels=["cheese"], threshold=0.35, save_object=True, saved_image_path="detected_objects")
object_number = {'cheese': len(object_results['cheese'])}
final_result = 'A'

# Detect text in the image
text_results = text_detector.execute(image="path/to/pizza/image.jpg", languages=['en', 'de'], detail=0)
final_result = 'A' if 'A' in text_results else 'B'

# Detect letters in the image
letter_results = letter_detector.execute(image="path/to/pizza/image.jpg")
final_result = 'A' if 'A' in letter_results else 'B'

============================== END ==============================
