--- Completion 1 ---
<command>
from object_detector import Object_Detector_Tool

def count_side_tables(image_file):
  # Implement the object_detect function to count the number of sides tables
  pass
</command>
Reward: 0.5

--- Completion 2 ---
<command>
from object_detector import Object_Detector_Tool

result = Object_Detector_Tool().execute(image=image_path, labels=['baseball', 'basket'], save_object=True, saved_image_path='detected_objects')

detected_objects = result.get('detected_objects', [])
object_number = len(detected_objects)

final_result = {
    'detected_objects': detected_objects,
    'object_number': object_number
}
</command>
Reward: 1.0

--- Completion 3 ---
<command>
from object_detector import Object_Detector_Tool

final_result = Object_Detector_Tool.execute(image="nfs/data8/liao/wxie/SAT/SAT_images_train/11989_0.png", labels=["SideTable"], save_object=True, saved_image_path="SideTables")
print("SideTables detected:", final_result)
</command>
Reward: 1.0

--- Completion 4 ---
<command>
from object_detector import Object_Detector_Tool

final_result = Object_Detector_Tool().execute(image="/nfs/data8/liao/wxie/SAT/SAT_images_train/11989_0.png", labels=["Baseball", "Basketball"], save_object=True, saved_image_path="detected_objects")
</command>
Reward: 1.0

--- Completion 5 ---
<command>
from object_detector import Object_Detector_Tool

final_result = Object_Detector_Tool().execute(image="/nfs/data8/liao/wxie/SAT/SAT_images_train/11989_0.png")
print("Number of SideTables:", final_result[1]["basket"])
</command>
Reward: 1.0

--- Completion 6 ---
<command>
from Object_Detector_Tool import object_detector_tool

# Example usage
detected_objects, object_number = object_detector_tool.execute(image='/nfs/data8/liao/wxie/SAT/SAT_images_train/11989_0.png', labels=['baseball', 'basket'], save_object=True)

final_result = []
for label, detection in detected_objects.items():
    for det in detection:
        if det['score'] > 0.35:  # Replace this with a specific threshold
            final_result.append({'label': label, 'count': 1 if 'category' in det and 'score' in det['category'] else 0, 'save_image': len(det['category']['score']) > 0})

final_result = {'detected_objects': final_result}
final_result = {'object_number': {label: 2} if 'score' in det['category'] else {}}

<command>
Reward: 0.0

