
============================== New Completed Execution ==============================
[EXEC CODE]
final_result = "B"
print(final_result)
[THE PRINT OUTPUT]
B

[GENERATE VALID FINAL_RESULT]
B

============================== END ==============================


============================== New Completed Execution ==============================
[EXEC CODE]
final_result = "Window"
[THE PRINT OUTPUT]

[GENERATE VALID FINAL_RESULT]
Window

============================== END ==============================


============================== New Completed Execution ==============================
[EXEC CODE]
final_result = 1.0  # Pillow
[THE PRINT OUTPUT]

[GENERATE VALID FINAL_RESULT]
1.0

============================== END ==============================


============================== New Completed Execution ==============================
[EXEC CODE]
final_result = "Pillow"
[THE PRINT OUTPUT]

[GENERATE VALID FINAL_RESULT]
Pillow

============================== END ==============================


============================== New Completed Execution ==============================
[EXEC CODE]
final_result = "Pillow"
Pixel_Depth_Tool: {"mode": "image", "image_path": ["path/to/image.png"], "outdir": "./vis_depth"}
[THE PRINT OUTPUT]

[GENERATE VALID FINAL_RESULT]
Pillow

============================== END ==============================


============================== New Completed Execution ==============================
[EXEC CODE]
final_result = "Pillow"
final_result = "B"
final_result = "C"
final_result = "Jaw"
print(final_result)
[THE PRINT OUTPUT]
Jaw

[GENERATE VALID FINAL_RESULT]
Jaw

============================== END ==============================

