
[EXECUTION EXCEPTION]
name 'A' is not defined
code:# Implement the object_detector Python tool provided
from object_detector import Object_Detector_Tool

final_result = A  # Assign the chosen option based on the tool_output

[EXECUTION EXCEPTION]
not enough values to unpack (expected 2, got 0)
code:from object_detector import Object_Detector_Tool

final_result = ""
# Initialize the Object_Detector_Tool
tool = Object_Detector_Tool()

# Load an image
path_to_image = "/home/stud/wxie/BLINK_Dataset/Counting/val/images/val_Counting_119_image_1.jpg"
tool.execute(image=path_to_image, labels=["baseball"], save_object=True)

# Save detected objects to 'detected_objects'
detected_objects, object_number = tool.execute(image="path/to/image.png", labels=["baseball"], save_object=True)

# Filter out object data that doesn't include the label 'baseball'
filtered_objects = {obj["label"]: obj for obj in detected_objects if obj["label"] == "baseball"}

# Calculate the number of objects
if filtered_objects:
    total_objects = sum(object_number.values())
else:
    total_objects = 0

total_objects

[None RESULT]


[EXECUTION EXCEPTION]
Object_Detector_Tool.execute() missing 1 required positional argument: 'self'
code:from object_detector import Object_Detector_Tool
final_result = Object_Detector_Tool.execute(image="val_C001C05820810224200_50196.jpg", labels=["baseball", "basket"], save_object=True, saved_image_path="detected_objects")['object_number']
print(final_result['object_number'][0]['basket']['boxes'])

[EXECUTION EXCEPTION]
Object_Detector_Tool.execute() missing 1 required positional argument: 'self'
code:from object_detector import Object_Detector_Tool

final_result = Object_Detector_Tool.execute(image="/home/stud/wxie/BLINK_Dataset/Counting/val/images/val_Counting_119_image_1.jpg", labels=["yellow"], threshold=0.45)

print("People wearing yellow shirts: ", final_result[0]['total_count_dict']['yellow'])
