
============================== NEW SCCESSFUL EXECUTION ==============================
[EXEC CODE]
from object_detector import Object_Detector_Tool

final_result = 'E'
[THE PRINT OUTPUT]

[GENERATE FINAL_RESULT]
E

============================== NEW SCCESSFUL EXECUTION ==============================
[EXEC CODE]
from object_detector import Object_Detector_Tool

final_result = "C"

# Load the image and check the license plate, if present
# We need to adjust this code to detect the presence of license plates and check whether the people are wearing a yellow shirt
[THE PRINT OUTPUT]

[GENERATE FINAL_RESULT]
C

============================== NEW SCCESSFUL EXECUTION ==============================
[EXEC CODE]
from object_detector import Object_Detector_Tool
final_result = None
[THE PRINT OUTPUT]

[GENERATE FINAL_RESULT]
None
