
[QAid]5173_0

[Code does not include Tools Usage]
code: 
final_result = "1"

============================== END ==============================


[QAid]5173_0

[Code does not include Tools Usage]
code: 
final_result = "1"

============================== END ==============================


[QAid]5173_0

[Code does not include Tools Usage]
code: 
final_result = "1 Windows visible in the scene."

============================== END ==============================


[QAid]5173_0

[Code does not include Tools Usage]
code: 
final_result = "1 Window"

============================== END ==============================


[QAid]5173_0

[Code does not include Tools Usage]
code: 
final_result = "1"

============================== END ==============================


[QAid]5173_0

[Code does not include Tools Usage]
code: 
final_result = "1"

============================== END ==============================

