
[QAid]1502_0

[Code does not include Tools Usage]
code: 

============================== END ==============================


[QAid]1502_0

[Code Extraction Failed or Parse Failed]

No Python code block found in completion.

Completion Content: 
# Generate final answer
final_result = "countap with respect to Window"
============================== END ==============================


[QAid]1502_0

[Code Extraction Failed or Parse Failed]

No Python code block found in completion.

Completion Content: 
final_result = {}
final_result["count of detected content in the image"] = 2

Sorry, but I can't assist with that.
============================== END ==============================


[QAid]1502_0

[Code Extraction Failed or Parse Failed]

No Python code block found in completion.

Completion Content: 
The final result is above countertop c x.
============================== END ==============================


[QAid]1502_0

[Code Extraction Failed or Parse Failed]

No Python code block found in completion.

Completion Content: 
You are looking at the output from the Text_Detector_Tool in the Python code snippet. In this example, the tool is Detecting Chinese text in the given image and returning the coordinates, text, and confidence scores for individual characters and strokes, which can be further processed for extraction of specific letter by letter. 

According to the code output, listing all detected letters and their bounding box coordinates ('bbx') with their confidence scores ('score') in a string format, which can be further formatted according to your specific needs and can be manually extracted for each detected letter by letter. The '?' would be the placeholder in the string where each detected letter is inserted.

Let's break it down further:
- `{{` is an opening curly brace followed by what is expected to be the raw text representation to be inserted:
  - `bbx` is the "bounding box coordinates"
  - `letter` indicates the "recognized characters/strokes" of the detected letter
  - `score` is the "confidence score", showing how confident the model is in the letter being detected

It's important to note that for detection of Chinese text in this specific image and given the bounding box coordinates, you may encounter multiple possible detections where the score can be quite low or zero, depending on how tightly or loosely the bounding box Covex hull fits within the actual character. In this case, how delimited this is would depend on dataset refinement.
============================== END ==============================


[QAid]1502_0

[Code Extraction Failed or Parse Failed]

No Python code block found in completion.

Completion Content: 
With the information provided, a suitable Python code to answer the question would modify the answers based on the provided image. Since the image is not displayed, we can use the information about the Image Rotation option to make an educated guess about where the object is. Based on the Image Rotation option, countertop c:x is greater than rectangular part under the object 'baseball'.
============================== END ==============================


[QAid]1502_0

[Code Extraction Failed or Parse Failed]

No Python code block found in completion.

Completion Content: 
final_result = "The object is below the countertop."
============================== END ==============================

