
[Exctuion Failed]

Object_Detector_Tool.execute() missing 1 required positional argument: 'labels'
code: 

from object_detector import Object_Detector_Tool

final_result = Object_Detector_Tool().execute(image="/nfs/data8/liao/wxie/SAT/SAT_images_train/3414_0.png")
print(final_result)


============================== END ==============================


[Exctuion Failed]

list index out of range
code: 

from object_detector import Object_Detector_Tool

def count_house_plants(input_image_path):
    object_detector = Object_Detector_Tool()
    result = object_detector.execute(image=input_image_path, labels=["house plant"], save_object=False)
    house_plants = result[0]
    house_plants_dict = {}
    for idx, plant_dict in enumerate(house_plants):
        if "house plant" in plant_dict["labels"]:
            house_plants_dict[idx] = plant_dict
    return house_plants_dict

final_result = count_house_plants("/nfs/data8/liao/wxie/SAT/SAT_images_train/3414_0.png")
print(final_result)


============================== END ==============================


[Exctuion Failed]

Object_Detector_Tool.execute() got an unexpected keyword argument 'confidence_threshold'
code: 

from object_detector import Object_Detector_Tool

# Example image file path
image_path = "/nfs/data8/liao/wxie/SAT/SAT_images_train/3414_0.png"

# Labels for baseball and basket
labels = ["baseball", "basket"]

# Confidence threshold
confidence_threshold = 0.35

# Size of the model
model_size = "tiny"

# Save object to a path
save_object = True

# Save_path for the detected objects
saved_image_path = "detected_objects"

# Call the function to detect the objects in the image
final_result = Object_Detector_Tool.execute(image=image_path, labels=labels, confidence_threshold=confidence_threshold, model_size=model_size, save_object=save_object, saved_image_path=saved_image_path)
print("Detected objects:", final_result)


============================== END ==============================


[Exctuion Failed]

No module named 'Object_Detector_Tool'
code: 

from Object_Detector_Tool import Object_Detector_Tool

final_result = Object_Detector_Tool().execute(image='path_to_your_image', labels=['baseball'], save_object=True, saved_image_path='')
detected_objects, object_number = final_result['detected_objects']
print(f'Detected objects: {detected_objects}')
print(f'Object number: {len(detected_objects)}')

if not object_number:  # Check if there are no objects detected
  print("No objects detected in image")
else:
  print("Number of detected objects:", object_number)


============================== END ==============================

