
============================== New Completed Execution ==============================
[EXEC CODE]

final_result = {
    "num_plants": 1,
    "detected_plants": [
        {"confidence": 0.32, "x": 60, "y": 87, "count": 1}
    ]
}

if final_result["num_plants"] == 1:
    print("There is one House Plant visible in the scene.")
else:
    print("There are", final_result["num_plants"], "House Plants visible in the scene.")

[THE PRINT OUTPUT]
There is one House Plant visible in the scene.

[GENERATE VALID FINAL_RESULT]
{'num_plants': 1, 'detected_plants': [{'confidence': 0.32, 'x': 60, 'y': 87, 'count': 1}]}

============================== END ==============================


============================== New Completed Execution ==============================
[EXEC CODE]

from object_detector import Object_Detector_Tool

final_result = Object_Detector_Tool().execute(image='path/to_image.png', labels=['baseball', 'basket'], save_object=True, saved_image_path='detected_objects')

[THE PRINT OUTPUT]
Error building the Object Detection tool: Cannot re-initialize CUDA in forked subprocess. To use CUDA with multiprocessing, you must use the 'spawn' start method
Error detecting objects: Failed to build the Object Detection tool.
Failed to detect objects after 10 attempts.

[GENERATE VALID FINAL_RESULT]
[]

============================== END ==============================

