
[QAid]14218_0

[Code Extraction Failed or Parse Failed]

No Python code block found in completion.

Completion Content: 
final_result = "Doorway"
[QAid]14218_0

[Code Extraction Failed or Parse Failed]

No Python code block found in completion.

Completion Content: 
final_result = "Doorway"
print(final_result)
[QAid]14218_0

[Code Extraction Failed or Parse Failed]

No Python code block found in completion.

Completion Content: 
 final_result = "Doorway"
[QAid]14218_0

[Code Extraction Failed or Parse Failed]

No Python code block found in completion.

Completion Content: 
final_result = "framed monochromatic wall decor painting"
print(final_result)
[QAid]14218_0

[Code Extraction Failed or Parse Failed]

No Python code block found in completion.

Completion Content: 
final_result = "baseball"
[QAid]14218_0

[Code Extraction Failed or Parse Failed]

No Python code block found in completion.

Completion Content: 
final_result = {"baseball": 1, "basket": 2}
[QAid]14218_0

[Code Extraction Failed or Parse Failed]

No Python code block found in completion.

Completion Content: 
final_result = "Doorway"
[QAid]14218_0

[Code Extraction Failed or Parse Failed]

No Python code block found in completion.

Completion Content: 
final_result = "framed monochromatic wall decor painting"