
[EXECUTION EXCEPTION]
name 'tracks' is not defined
code:from object_detector import Object_Detector_Tool

object_labels = ['red motorcycles', 'headlights']

light_count = 0

for i, motorbike in enumerate(tracks[1:], start=1):
    object_count = 0
    for label in object_labels:

        if i % 10 == 0:
            print(f"Detected {len(tracks)} instances of motorbikes:")
            
        # Check for the red motorbikes in tracks[1:]
        if tracks[i % 10].get('bbox', [0, 0, 0, 0]) > 0:
            object_count += tracks[i % 10].get('bbox')[0]
            object_count += tracks[i % 10].get('bbox')[2]
            object_count += tracks[i % 10].get('bbox')[1]

        if tracks[i % 10].get('bbox', [0, 0, 0, 0]) > tracks[i % 10 - 1][6:]:
            object_count += tracks[i % 10][7:]
            object_count += tracks[i % 10 - 1][8:]

        if tracks[i % 10].get('bbox', [0, 0, 0, 0]) > tracks[i % 10 - 1][:4]:
            object_count += tracks[i % 10 - 1][:3]
            object_count += tracks[i % 10 - 1][9:]

        if object_count >= 2:
            light_count += 1

            print(f"Detected {object_count} instances of {label}")
            print(f"  with bounding box: {tracks[i % 10 - 1]}")
            print(f"  with bounding box: {tracks[i % 10]}")

print(f"Total light count: {light_count}")

[EXECUTION EXCEPTION]
Object_Detector_Tool.__init__() got an unexpected keyword argument 'image_path'
code:from object_detector import Object_Detector_Tool

# Path to the image
image_path = "/home/stud/wxie/BLINK_Dataset/Counting/val/images/val_Counting_52_image_1.jpg"

# Number of red motorcycles
num_red_motorcycles = 0

# Create the object detector tool
tool = Object_Detector_Tool(image_path=image_path, labels=["motorcycle"], save_object=True)

# Detect the motorcycles
boxes, confidences, image_paths = tool.execute()

# Check if any of the motorcycles are red
for box in boxes.tolist():
    if int(box[0][0]) == 204 and box[0][1] >= 433 and box[0][1] <= 519 and box[0][2] >= 350 and box[0][2] <= 523:
        num_red_motorcycles += 1

# Check if there are at least two red motorcycles in the image
if num_red_motorcycles >= 2:
    # Save the detected objects
    tool.save_object("detected_objects")

final_result = {"num_red_motorcycles": num_red_motorcycles, "result_path": ["detected_objects"]}

print(f"Number of red motorcycles in the image: {final_result['num_red_motorcycles']}")

[EXECUTION EXCEPTION]
Object_Detector_Tool.execute() missing 1 required positional argument: 'self'
code:from object_detector import Object_Detector_Tool

# The command for object detection, including image and labels, save and saved_image_path parameters
detected_objects = Object_Detector_Tool.execute(image="path/to/image.jpg", labels=["baseball", "basket"], save_object=True, saved_image_path="detected_objects")

[EXECUTION EXCEPTION]
not enough values to unpack (expected 2, got 0)
code:from object_detector import Object_Detector_Tool

# Detect the number of red motorcycles
threshold = 0.45
model_size = 'tiny'
save_object = False

# Load the image
path_to_image = "/home/stud/wxie/BLINK_Dataset/Counting/val/images/val_Counting_52_image_1.jpg"
detector_tool = Object_Detector_Tool()

# Detect the objects
detected_objects, object_number = detector_tool.execute(image=path_to_image, labels=["red"], save_object=save_object, threshold=threshold, model_size=model_size)

# Print the count of red motorcycles
red_motorcycles_count = object_number['red']['motorcycles']

final_result = red_motorcycles_count
