
[EXECUTION EXCEPTION]
Object_Detector_Tool.execute() missing 1 required positional argument: 'self'
code:from object_detector import Object_Detector_Tool

detect_result = Object_Detector_Tool.execute(image="path/to/building.jpg", labels=["baseball", "basket"], threshold=0.45, model_size="tiny", save_object=True, saved_image_path="detected_objects")
detected_objects, object_number = detected_result
detected_objects

[EXECUTION EXCEPTION]
Object_Detector_Tool.execute() missing 1 required positional argument: 'self'
code:from object_detector import Object_Detector_Tool

# Define question
question = "How many blue circles are on this building?"
 
# Use the tool
detected_objects, object_number = Object_Detector_Tool.execute(image="/home/stud/wxie/BLINK_Dataset/Counting/val/images/val_Counting_46_image_1.jpg", labels=["blue circle"], save_object=True, saved_image_path="detected_objects")

# Extract and count blue circles
num_blue_circles = len(detected_objects["detected_objects"]["boxes"]["label_ids"])
final_result = f"The blue circles on this building are count : {num_blue_circles}"

============================== NEW SCCESSFUL EXECUTION ==============================
[EXEC CODE]
from object_detector import Object_Detector_Tool

result = {1: 0}
final_result = result
[THE PRINT OUTPUT]

[GENERATE FINAL_RESULT]
{1: 0}

[EXECUTION EXCEPTION]
not enough values to unpack (expected 2, got 0)
code:from object_detector import Object_Detector_Tool

# Function to count blue circles in the image
def count_blue_circles(image_path):
    detector_tool = Object_Detector_Tool()
    label = "blue_circle"
    
    # Call the function with the provided image path and labels
    detected_objects, object_number = detector_tool.execute(image=image_path, labels=[label], save_object=True, threshold=0.45, model_size="tiny")
    
    # Count the number of detected objects
    blue_circle_count = len(detected_objects) if detected_objects else 0
    
    return blue_circle_count

# Given image path
blue_circle_count = count_blue_circles("/home/stud/wxie/BLINK_Dataset/Counting/val/images/val_Counting_46_image_1.jpg")

for label, detection_results in detected_objects.items():
    if detection_results['label'] == 'blue_circle':
        total_count = len(detection_results['saved_image_paths'])
        break

[EXECUTION EXCEPTION]
Object_Detector_Tool.__init__() got an unexpected keyword argument 'input_types'
code:from object_detector import Object_Detector_Tool

# Step 1: Set up the object detector tool
tool = Object_Detector_Tool(
    input_types={"image": "val_Counting_46_image_1.jpg", "labels": ["basin", "wall"], "threshold": 0.45, "model_size": "tiny", "save_object": True, "saved_image_path": "detected_objects"})

# Step 2: Detect objects in the image
objects, object_count = tool.execute()

# Step 3: Print the total number of objects detected
total_objects = [item for sublist in objects.values() for item in sublist.values()]
print("Total number of objects detected:", total_objects)

[EXECUTION EXCEPTION]
list indices must be integers or slices, not str
code:from object_detector import Object_Detector_Tool

def count_blue_circles():
    result = {
        'total_count': 0
    }
    
    image_path = "/home/stud/wxie/BLINK_Dataset/Counting/val/images/val_Counting_46_image_1.jpg"
    labels = ["blue_circle"]
    
    tool = Object_Detector_Tool()
    result['total_count'] += tool.execute(image_path, labels, False, model_size="tiny", save_object=False)['output_types'][1]['total_count']
    
    return result['total_count']

final_result = count_blue_circles()
final_result
