
============================== NEW SCCESSFUL EXECUTION ==============================
[EXEC CODE]
from object_detector import Object_Detector_Tool

final_result = "B"
[THE PRINT OUTPUT]

[GENERATE FINAL_RESULT]
B

============================== NEW SCCESSFUL EXECUTION ==============================
[EXEC CODE]
from object_detector import Object_Detector_Tool

final_result = "C"
[THE PRINT OUTPUT]

[GENERATE FINAL_RESULT]
C

============================== NEW SCCESSFUL EXECUTION ==============================
[EXEC CODE]
from object_detector import Object_Detector_Tool

final_result = 'B'  # assuming 'B' is the correct answer based on the image features and the given options
[THE PRINT OUTPUT]

[GENERATE FINAL_RESULT]
B
