
[QAid]5143_0

[Code does not include Tools Usage]
code: 
final_result = "1"
============================== END ==============================


[QAid]5143_0

[Code does not include Tools Usage]
code: 
final_result = "1"

============================== END ==============================


[QAid]5143_0

[Code does not include Tools Usage]
code: 
final_result = "1"
============================== END ==============================


[QAid]5143_0

[Code does not include Tools Usage]
code: 
final_result = "1"
============================== END ==============================


[QAid]5143_0

[Code does not include Tools Usage]
code: 
final_result = '1'  # 1 Dresser being visible in the scene
============================== END ==============================


[QAid]5143_0

[Code does not include Tools Usage]
code: 
final_result = "1"
============================== END ==============================

