
============================== New Completed Execution ==============================
[EXEC CODE]

final_result = 'twotiered metal cart'

[THE PRINT OUTPUT]

[GENERATE VALID FINAL_RESULT]
twotiered metal cart

============================== END ==============================


============================== New Completed Execution ==============================
[EXEC CODE]

final_result = "twotiered metal cart"

[THE PRINT OUTPUT]

[GENERATE VALID FINAL_RESULT]
twotiered metal cart

============================== END ==============================


============================== New Completed Execution ==============================
[EXEC CODE]

final_result = "twotiered metal cart"

[THE PRINT OUTPUT]

[GENERATE VALID FINAL_RESULT]
twotiered metal cart

============================== END ==============================


============================== New Completed Execution ==============================
[EXEC CODE]

final_result = 'twotiered metal cart'

[THE PRINT OUTPUT]

[GENERATE VALID FINAL_RESULT]
twotiered metal cart

============================== END ==============================


============================== New Completed Execution ==============================
[EXEC CODE]

final_result = 'twotiered metal cart'

[THE PRINT OUTPUT]

[GENERATE VALID FINAL_RESULT]
twotiered metal cart

============================== END ==============================


============================== New Completed Execution ==============================
[EXEC CODE]

final_result = 'twotiered metal cart'

[THE PRINT OUTPUT]

[GENERATE VALID FINAL_RESULT]
twotiered metal cart

============================== END ==============================

