
[Exctuion Failed]

Object_Detector_Tool.execute() missing 2 required positional arguments: 'self' and 'labels'
code: 

from object_detector import Object_Detector_Tool

final_result = Object_Detector_Tool.execute(image='path/to/image.png', save_object=True)

if final_result:
  detected_objects = final_result[0]
else:
  detected_objects = []

if detected_objects:
  object_number = final_result[1]
  
  for obj in detected_objects:
    table = False

    ## Detect table
    # For now, we assume a table is detected
    if table == True:
      print(obj)
else:

  print("No dining tables detected in the image.")


============================== END ==============================

