
[QAid]6730_0

[Code Includes Tools Usage]
code: 

from object_detector import Object_Detector_Tool

final_result = Object_Detector_Tool.execute(image='path/to/image.png', labels=['baseball', 'basket'], save_object=True, saved_image_path='detected_objects')
print(final_result)

============================== END ==============================


[QAid]6730_0

[Code Includes Tools Usage]
code: 

from object_detector import Object_Detector_Tool
final_result = Object_Detector_Tool.execute(image='path/to/image.png', labels=['dressing_table', 'bed', 'window'], save_object=True, saved_image_path='final_dressers')
print(final_result)

============================== END ==============================


[QAid]6730_0

[Code Includes Tools Usage]
code: 

from object_detector import Object_Detector_Tool

final_result = Object_Detector_Tool.execute(image='path/to_image.jpg', labels=[],
                                          save_object=False, saved_image_path='')
print(final_result)

============================== END ==============================


[QAid]6730_0

[Code Includes Tools Usage]
code: 

from object_detector import Object_Detector_Tool, Text_Detector_Tool

final_result = Object_Detector_Tool.execute(image='path/to/image.png', save_object=True, languages=['en', 'de'])
result = Text_Detector_Tool.execute(image='path/to/image.png', languages=['en'])

if final_result is not None and 'baseball' in final_result:
    count = {'baseball': 0 if 'basket' in result else 1}
elif final_result is not None and 'basket' in final_result:
    count = {'baseball': 0, 'basket': 1}
else:
    count = {'baseball': 0, 'basket': 0}

final_result = {'detected_objects': result, 'object_number': count}

print(final_result)

============================== END ==============================


[QAid]6730_0

[Code Includes Tools Usage]
code: 

from object_detector import Object_Detector_Tool

final_result = Object_Detector_Tool.execute(image='path/to_image.png', labels=['basket', 'baseball'], save_object=True, saved_image_path='detected_objects')

print("Detected objects:", final_result)

============================== END ==============================


[QAid]6730_0

[Code Extraction Failed or Parse Failed]

unterminated string literal (detected at line 8) (<unknown>, line 8)

Completion Content: 
<command>
from object_detector import Object_Detector_Tool

final_result = Object_Detector_Tool.execute(image='path_to_your_image.png', labels=['bed', 'desk'], save_object=True, saved_image_path='detected_objects')

length = len(final_result['object_number'].keys())
if length == 0:
    print('<command>Final result: No objects detected in the scene.\n</command>')
else:
    print(<command>final_result</command>)</command>
============================== END ==============================

