--- Completion 1 ---
<command>
```python
import import_module:Object_Detector_Tool

command = "detected_objects, object_number = Object_Detector_Tool.execute(image='path/to/image.png', labels=['basketball', 'baseball'], save_object=True, saved_image_path='detected_objects')"

result = import_module:text_detector.execute(command, languages=['en', 'de'], detail=0)
final_result = result[0]
```
</command>
Reward: 1.0

--- Completion 2 ---
<command>
final_result = {
    'total': 1,
    'statue': {'name': 'Baseball', 'count': 1},
    'name': 'Basket',
    'count': 2
}
</command>

The count of statues visible in the scene is 2.
Reward: 0.0

--- Completion 3 ---
generate_text

final_result = "No Statues are visible in the scene."

# Example usage:
# result = Text_Detector_Tool.execute(image='path/to/image.png', languages=['en', 'de'])
# if len(result) == 1: 
#     detected_text = result[0][2][0]
# else:
#     detected_text = "No text detected in the image."
# print("Detected text:", detected_text)
Reward: 0.0

--- Completion 4 ---
```python
final_result = ['2', '0', '3', '2']
```
Reward: 0.0

--- Completion 5 ---
Here is the Python program to count and locate interest-objects in an image based on the given tools and question:

```python
import Object_Detector_Tool
import Text_Detector_Tool

# Generate a dict mapping each label to the number of detected objects in the image
object_number_result = Object_Detter_Tool.execute(image='path/to/image.png', labels=['baseball', 'basket'])

# Output the object number as a Python dictionary
final_object_number = object_number_result = object_number_result.get('baseball', {})
final_object_number.update(object_number_result.get('basket', {}))

# Extract and print the number of Statues visible in the scene
print(final_object_number)
```
Reward: 0.0

--- Completion 6 ---
The image provided does not contain any objects or text to be detected. Therefore, no Python code block is required to generate the final answer. The final result would be:

<command>final_result: 0</command>
Reward: 0.0

