
============================== New Completed Execution ==============================
[EXEC CODE]
final_result = "further away"
print(final_result)
[THE PRINT OUTPUT]
further away

[GENERATE VALID FINAL_RESULT]
further away

============================== END ==============================


============================== New Completed Execution ==============================
[EXEC CODE]
final_result = "farther away"
[THE PRINT OUTPUT]

[GENERATE VALID FINAL_RESULT]
farther away

============================== END ==============================


============================== New Completed Execution ==============================
[EXEC CODE]
final_result = "further away"
[THE PRINT OUTPUT]

[GENERATE VALID FINAL_RESULT]
further away

============================== END ==============================


============================== New Completed Execution ==============================
[EXEC CODE]
final_result = "further away"
[THE PRINT OUTPUT]

[GENERATE VALID FINAL_RESULT]
further away

============================== END ==============================


============================== New Completed Execution ==============================
[EXEC CODE]
final_result = "further away"
[THE PRINT OUTPUT]

[GENERATE VALID FINAL_RESULT]
further away

============================== END ==============================


============================== New Completed Execution ==============================
[EXEC CODE]
final_result = "further away"
[THE PRINT OUTPUT]

[GENERATE VALID FINAL_RESULT]
further away

============================== END ==============================


============================== New Completed Execution ==============================
[EXEC CODE]
final_result = "further away"
[THE PRINT OUTPUT]

[GENERATE VALID FINAL_RESULT]
further away

============================== END ==============================

