
[Exctuion Failed]

Object_Detector_Tool.execute() missing 1 required positional argument: 'self'
code: 

from object_detector import Object_Detector_Tool

# Set the input parameters
image_path = "/path/to/imge.jpg"  # Replace with the actual image path
labels = ['Baseball', 'Basket', 'Table', 'Chair', 'Desk', 'TV']
threshold = 0.35
model_size = 'tiny'
save_object = True

# Execute the Object_Detector_Tool command
detected_objects, object_number = Object_Detector_Tool.execute(image=image_path, labels=labels, threshold=threshold, model_size=model_size, save_object=save_object)

final_result = "Number of chairs visible within the room: " + str(detected_objects['chairs'][-1]['box'][0][0]) if detected_objects['chairs'] else "0 chairs visible"
final_result += " Total chairs: " + str(object_number['chairs']) if detected_objects else "0 chairs detected"

print(final_result)


============================== END ==============================


[Exctuion Failed]

Object_Detector_Tool.execute() missing 1 required positional argument: 'self'
code: 

from object_detector import Object_Detector_Tool

final_result = Object_Detector_Tool.execute(image='path/to/image.png', labels=['baseball', 'basket'], save_object=True, saved_image_path='detected_objects')

print(f"Number of chairs in the scene: {' '.join(final_result['object_number'].keys())}")
print(f"Chairs detected: {' '.join(final_result['object_number'].values())}")
if not final_result['object_number'].get('baseball'):
    print("No chairs detected.")
else:
    print("There are 1 baseball chair and 2 basket chairs detected.")


============================== END ==============================


[Exctuion Failed]

No module named 'objects_detector_tool'
code: 

import objects_detector_tool
import text_detector_tool

def calculate_objects_count(image_path):
    labels = ['baseball', 'basket']
    object_count = {}
    retry = 0
    while retry <= 3:
        try:
            result = objects_detector_tool.execute(image_path, labels=[f'baseball', 'basket'], threshold=0.35, save_object=False, saved_image_path="detected_objects")
            return result
            break
        except Exception as e:
            retry += 1
            pass
    return object_count

object_count = calculate_objects_count("/nfs/data8/liao/wxie/SAT/SAT_images_train/2694_0.png")
print(object_count)


============================== END ==============================


[Exctuion Failed]

Object_Detector_Tool.execute() missing 1 required positional argument: 'self'
code: 

from object_detector import Object_Detector_Tool

# Sample image path or URL, or 'SAT_images_train/2694_0.png'
image_path = ...


final_result = Object_Detector_Tool.execute(image=image_path, labels=['chair'], save_object=True, saved_image_path="detected_objects")
print(final_result)


============================== END ==============================


[Exctuion Failed]

name 'run_object_detector' is not defined
code: 

import_object_detector = "object_detector"

path_to_image = 'path/to/image.png'  # Replace with the actual image path
labels = ["baseball", "basket"]  # List of labels to detect
threshold = 0.35  # Confidence threshold (default: 0.35)
model_size = "tiny"  # Model size (default: "tiny")
save_object = True  # Whether to save the detected objects as images

object_labels, object_number = run_object_detector(
    image=path_to_image, 
    labels=labels, 
    threshold=threshold, 
    model_size=model_size,
    save_object=save_object
)

print(f"Detected labels: {', '.join(object_labels)}")
print(f"Number of detected objects: {object_number}")


============================== END ==============================

