
[EXECUTION EXCEPTION]
invalid syntax (<string>, line 31)
code: 
from object_detector import Object_Detector_Tool

object_detector_tool = Object_Detector_Tool()
labels = ['baseball', 'basket']
save_object = True
saved_image_path = 'detected_objects'
label_count = {}
total_count = {}

for language in ['de', ...]:  # Add other languages
    language_codes = [f'{l}{(index + 1) % 2 for index in range(len(l))} for l in languages']  # Example with three languages
    result = object_detector_tool.execute(image='path/to/image.png', languages=language_codes, save_object=save_object, saved_image_path=saved_image_path)
    detections = result[0]
    detected_objects = {}
    for obj in detections['baseball']:
        detection_entry = {'box': obj['box'], 'score': obj['score'], 'bbox': [obj['bbox'][1], obj['bbox'][0], obj['bbox'][3], obj['bbox'][2]], 'label': 'baseball', 'score': obj['score']}
        detected_objects['baseball'] = [detection_entry]
    total_count['baseball'] = label_count['baseball'] + 1
    object_count = {det := {'bbox': bbox, 'label': det.label} for det in detections['baseball'] for bbox in det['bbox']}  # Add object detection for all detected baseball objects
    if label_count.get('basket', None) is None:
        label_count['basket'] = 1
    else:
        label_count['basket'] += 1
    object_count['basket'] = [det := {'bbox': bbox, 'label': det.label} for det in detections['basket']]
    detected_objects['basket'] = object_count['basket']
    for det in detected_objects['baseball'] + detected_objects['basket']:
        if obj := object_count['baseball'].get(det['label']):
            obj['bbox'] = [bbox for bbox in [obj['bbox'], det['bbox']] if bbox[1] > obj['bbox'][1][1]]
        else:
            object_count['baseball'][det['label']] = [det['bbox'], det['bbox']]
        del detected_objects['baseball'][i] for i in range(1)
    for det in detected_objects['basket']:
        if obj := object_count['basket'].get(det['label']):
            obj['bbox'] = [bbox for bbox in [obj['bbox'], det['bbox']] if bbox[1] > obj['bbox'][1][1]]
        else:
            object_count['basket'][det['label']] = [det['bbox'], det['bbox']]
        del detected_objects['basket'][i] for i in range(1)
    total_count['basket'] = label_count['basket']

final_result = '({}) #total#'.
format(final_result).format(total_count, label_count)

============================== END ==============================

[EXECUTION EXCEPTION]
EOF when reading a line
code: 
final_result = input("Please load the image data: ")
(detected_objects, object_count) = Text_Detector_Tool.execute(detected_objects=final_result, languages=['eng', 'de'])
object_count

============================== END ==============================

[Successful Execution but Get None RESULT]


============================== END ==============================

[EXECUTION EXCEPTION]
unexpected indent (<string>, line 11)
code: 
from object_detector import Object_Detector_Tool

# Use the ImageIO library to load the image file
f = Image.open("/home/stud/wxie/BLINK_Dataset/Counting/val/images/val_Counting_1_image_1.jpg")

# Create a detection tool object using the 'object_detector' tool class
object_detector_tool = Object_Detector_Tool()

# Call the 'execute' function to perform the detection. 'image' should be the path to the image file
results = object_detector_tool.execute(image=path_to_image, labels=["kantina"]), 
    saved_object=0)

# Extract the number of detected objects from the results dictionary
number_of_objects = 0

for detected_objects in results:
    if detected_objects['label'] == "kantina":
        number_of_objects += 1

# Convert the result dictionary to a list
number_of_objects = results['object_number']

# Assign the number of objects to the final result variable
final_result = ['(A) ' + str(number_of_objects), 'None of the detected objects match the label "kantina".']

# Add any additional processing to the final result
# (you can choose to add code here if needed, for example, you can display the number of objects or further analyze the results)

# Print the final result
print(final_result)

============================== END ==============================
