
[Exctuion Failed]

Object_Detector_Tool.execute() got an unexpected keyword argument 'thres'
code: 

from object_detector import Object_Detector_Tool

final_result = ""
save_detected_obj = False

# Paths and options
image_path = "/nfs/data8/liao/wxie/SAT/SAT_images_train/7891_0.png"
labels = ["baseball", "basket"]
threshold = 0.35
model_size = "tiny"
save_detected_obj = True

options = {"model_size": model_size, "thres": threshold, "label": "baseball", "nogb": False, "retries": 3}
detected = Object_Detector_Tool.execute(image_path, labels, save_detected_obj, saved_image_path="detected_objects", **options)

if detected:
    result = detected["detected_objects"]
    obj_num = detected["total"]

    final_result = f"1 detected baseball in the image\n{n_obj} objects detected baseball in the image"
else:
    final_result = "No objects detected in the image"

print(final_result)


============================== END ==============================


[Exctuion Failed]

No module named 'module'
code: 

from module.object_detector import Object_Detector_Tool

tool_class = Object_Detector_Tool
command = f"result = {tool_class.tool_class_name}.execute(image='path/to/image.png', languages=['en', 'de'])"
execute_tool = tool_class(tools_metadata=tool_class.user_metadata)
output = execute_tool.command, execute_tool.output_types
number_of_paintings = int(output[1].get('object_number').values('painting'))
print(f"Number of paintings detected: {number_of_paintings}")


============================== END ==============================


[Exctuion Failed]

No module named 'object_detector.objects_detector_tool'
code: 

from object_detector.objects_detector_tool import ObjectsDetectorTool

final_result = {"number of paintings": 0}

if "/nfs/data8/liao/wxie/SAT/SAT_images_train/7891_0.png" in query:
    # The image is located at "/nfs/data8/liao/wxie/SAT/SAT_images_train/7891_0.png"
    model_size = "tiny"
    labels = ["painting"]
    
    paint_path = "/nfs/data8/liao/wxie/SAT/SAT_images_train/1005_painting.jpg"  # Example path for a painting
    det_result = ObjectsDetectorTool.execute(image=paint_path, labels=labels, save_object=True, saved_image_path="detected_paintings")
    
    if det_result:
        # Assuming the text detector successfully detects the painting
        texts = det_result["detected_results"]["painting"][0]["text"]  # Example text block
        texts_count = len(texts.split())
        
        # Calculate the number of paintings
        if texts_count == 1:
            final_result["number of paintings"] = 1
        else:
            final_result["number of paintings"] = texts_count
        
        # Log or process the painting detection results
else:
    final_result["number of paintings"] = 0

print(final_result)


============================== END ==============================


[Exctuion Failed]

No module named 'module'
code: 

from module.object_detector import Object_Detector_Tool, detected_objects, object_number

saved_image_path = 'detected_objects/image_baseball_1.png'
object_number = {'baseball': 1, 'basket': 2}
final_result = detected_objects(image='7891_0.png', labels=['baseball', 'basket'], save_object=True, saved_image_path=saved_image_path, object_number=object_number)

print(f"Total number of detected objects: {object_number['baseball'] + object_number['basket']}")
for obj in sorted(detected_objects, key=lambda x: x['box'][1], reverse=True):
    print(f"{obj}")


============================== END ==============================

