--- Completion 1 ---
<command>final_result = "1"  # The number of doorways is 1</command>
Reward: 0.5

--- Completion 2 ---
<command>final_result = "1"
</command>
Reward: 0.5

--- Completion 3 ---
<command>from objectDetector import Object_Detector_Tool
final_result = "1"
</command>
Reward: 0.5

--- Completion 4 ---
<command>final_result = "1 Doorway"
</command>
Reward: 0.5

--- Completion 5 ---
<command>final_result = "1"  # Assuming there is only one doorway visible

</command>
Reward: 0.5

--- Completion 6 ---
<command>final_result = "1"
</command>
Reward: 0.5

