--- Completion 1 ---
<command>final_result = "6"
</command>
Reward: 0.5

--- Completion 2 ---
<command>final_result = '6'</command>
Reward: 0.5

--- Completion 3 ---
<command>import object_detector
final_result = "7"  # This script output, without final result, because it doesn't recognize the number of chairs in the scene.

</command>
Reward: 0.5

--- Completion 4 ---
<command>from object_detector import Object_Detector_Tool

final_result = "6"
</command>
Reward: 0.5

--- Completion 5 ---
<command>final_result = "6"
</command>
Reward: 0.5

--- Completion 6 ---
<command>final_result = "6"
</command>
Reward: 0.5

