
[QAid]5726_0

[Code does not include Tools Usage]
code: 
final_result = "1"
============================== END ==============================


[QAid]5726_0

[Code does not include Tools Usage]
code: 
final_result = "1"


============================== END ==============================


[QAid]5726_0

[Code does not include Tools Usage]
code: 
final_result = "1"
============================== END ==============================


[QAid]5726_0

[Code does not include Tools Usage]
code: 
final_result = "1"  # There is only one vase detected in the scene

============================== END ==============================


[QAid]5726_0

[Code does not include Tools Usage]
code: 
final_result = "1"

============================== END ==============================


[QAid]5726_0

[Code does not include Tools Usage]
code: 
final_result = "1"  # 从示例中我们知道，只有一个花瓶在图像中可见，所以返回数量为1
============================== END ==============================

