
============================== NEW SCCESSFUL EXECUTION ==============================
[EXEC CODE]
from object_detector import Object_Detector_Tool

# Load object detector tool
objectDetector_tool = Object_Detector_Tool()

# Define object labels and threshold for detection
object_labels = ["motorcycle"]
threshold = 0.45

# Define model size
model_size = "tiny"

# Define if saving detected results
save_object = True
saved_image_path = "detected_objects"

# Execute tool and get results
result = objectDetector_tool.execute(image="/home/stud/wxie/BLINK_Dataset/Counting/val/images/val_Counting_61_image_1.jpg", labels=object_labels, threshold=threshold, model_size=model_size, save_object=save_object, saved_image_path=saved_image_path)
final_result = result
[THE PRINT OUTPUT]
Error building the Object Detection tool: Cannot re-initialize CUDA in forked subprocess. To use CUDA with multiprocessing, you must use the 'spawn' start method
Error detecting objects: Failed to build the Object Detection tool.
Failed to detect objects after 10 attempts.

[GENERATE FINAL_RESULT]
[]
