
============================== NEW SCCESSFUL EXECUTION ==============================
[EXEC CODE]
final_result = 0
print(final_result)
[THE PRINT OUTPUT]
0

[GENERATE FINAL_RESULT]
0

============================== END ==============================

============================== NEW SCCESSFUL EXECUTION ==============================
[EXEC CODE]
final_result = "D"
[THE PRINT OUTPUT]

[GENERATE FINAL_RESULT]
D

============================== END ==============================

============================== NEW SCCESSFUL EXECUTION ==============================
[EXEC CODE]
final_result = 0  # Assume no letter is detected
[THE PRINT OUTPUT]

[GENERATE FINAL_RESULT]
0

============================== END ==============================
