
[EXECUTION EXCEPTION]
not enough values to unpack (expected 2, got 0)
code:from object_detector import Object_Detector_Tool

final_result = "C"

# Step 1: Load the image
detector_tool = Object_Detector_Tool()
image_path = "/home/stud/wxie/BLINK_Dataset/Counting/val/images/val_Counting_22_image_1.jpg"

# Step 2: Execute the tool to detect objects
detected_objects, object_number = detector_tool.execute(image=image_path, labels=["baseball", "basket"], save_object=True, saved_image_path="detected_objects")

if detected_objects:
    # Step 3: Check if 'baseball' or 'basket' are detected
    if "baseball" in object_number:
        final_result = "A"
    elif "basket" in object_number:
        final_result = "B"
else:
    final_result = "C"

final_result

[EXECUTION EXCEPTION]
Object_Detector_Tool.execute() missing 1 required positional argument: 'self'
code:from object_detector import Object_Detector_Tool

# Load the image
detected_objects, object_number = Object_Detector_Tool.execute(image="/home/stud/wxie/BLINK_Dataset/Counting/val/images/val_Counting_22_image_1.jpg", labels=["cupcake"], save_object=True, saved_image_path="detected_objects")

final_result = "C"

[EXECUTION EXCEPTION]
Object_Detector_Tool.execute() missing 1 required positional argument: 'self'
code:from object_detector import Object_Detector_Tool
final_result = "C" if 1.0 in Object_Detector_Tool.execute(image="path/to/image.png", labels=["cups", "water bottle"], save_object=True, threshold=0.5, model_size="tiny")["object_number"] else final_result
