--- Completion 1 ---
<command>
from object_detector import Object_Detector_Tool

final_result = Object_Detector_Tool.execute(image=image_path, thresholds=[0.35], languages=['en', 'ja'], model_size='fine', save_object=True, saved_image_path='detected_objects')
print(final_result)
</command>
Reward: 1.0

--- Completion 2 ---
<command>
from object_detector import Object_Detector_Tool

final_result = Object_Detector_Tool.execute(image='/nfs/data8/liao/wxie/SAT/SAT_images_train/7323_0.png', labels=['houseplant'], save_object=True, saved_image_path='detected_objects')

print("The number of houseplants is:", final_result['object_number'])
</command>
Reward: 1.0

--- Completion 3 ---
<command>
from object_detector import Object_Detector_Tool

final_result = Object_Detector_Tool.execute(image='path/to/image.png', labels=['HousePlants', 'Table'], save_object=True, saved_image_path='detected_objects')

print(final_result)
</command>
Reward: 1.0

--- Completion 4 ---
<command>
from object_detector import Object_Detector_Tool

final_result = {}

# Check if there are any HousePlants in the image
image_path = "/nfs/data8/liao/wxie/SAT/SAT_images_train/7323_0.png"
result = Object_Detector_Tool.execute(image=image_path, labels=["plants", "houseplant"], saved_object=True)

if "plants" in result:
    plants = result["plants"]
    house_plants = total_plants = 0

    for plant in plants:
        if plant["label"].lower() in ["houseplant", "house plant", "houseplant plant", "house plant"]:
            house_plants += 1
        else:
            total_plants += 1

    final_result.update({"house plent": str(house_plants), "total plent": str(total_plants)})

# Check if there are any HousePlants in the image
if final_result.get("house plent"):
    final_result = {**final_result}
else:
    final_result = {}

print(final_result)
</command>
Reward: 1.0

--- Completion 5 ---
<command>
from object_detector import Object_Detector_Tool

final_result = Object_Detector_Tool.execute(image='path/to_image.png', labels=['House Plant'], save_object=True, saved_image_path='detected_objects')

if isinstance(final_result, tuple):
    detected_objects = final_result[0]
    object_number = final_result[1]

    print(f"Found {len(detected_objects)} HousePlants in the image.")
    for obj in detected_objects:
        print(f"{obj['saved_image_path']} Contains an object with score: {obj['score']}")
else:
    print("No HousePlants detected.")

if object_number > 0:
    print(f"Total detected objects count: {obj_number}")
</command>
Reward: 1.0

--- Completion 6 ---
<command>
    final_result = 0
    language_codes = ['en', 'zh', 'ja']
    for language in language_codes:
        text = Text_Detector_Tool.execute(image='path/to/image.png', languages=[language.upper()])[0][1]
        final_result += len(text.split())
    
    return f"Number of HousePlants found: {final_result}"
</command>
Reward: 0.5

