
[EXECUTION EXCEPTION]
Object_Detector_Tool.__init__() got an unexpected keyword argument 'labels'
code:from object_detector import Object_Detector_Tool

# Path to image file
image_path = "/home/stud/wxie/BLINK_Dataset/Counting/val/images/val_Counting_105_image_1.jpg"

# Parameters for object detection
labels = ["baseball", "basket"]
threshold = 0.45

# Initialize object detector tool
obj_detector = Object_Detector_Tool(image_path, labels=labels, threshold=threshold)

# Extract labels with bounding boxes and confidence scores
results = obj_detector.execute()

num_arrows = len([result for result in results['object_result']['label'] if result['type'] == 'ARROW'])

final_result = {"num_arrows": num_arrows}

[EXECUTION EXCEPTION]
Object_Detector_Tool.execute() got an unexpected keyword argument 'image_path'
code:from object_detector import Object_Detector_Tool

# Path to the image
image_path = '/home/stud/wxie/BLINK_Dataset/Counting/val/images/val_Counting_105_image_1.jpg'

# Options for object detection (example: use 'baseball' and 'basket' as categories)
labels = ['baseball', 'basket']

# Set confidence threshold (e.g., 0.45 for low confidence)
threshold = 0.45

# Set model size ('tiny' or 'base')
model_size = 'tiny'

# Decide whether to save detected objects (e.g., True for 'save_object')
save_object = False

# Executing object detection
object_results = Object_Detector_Tool.execute(image_path=image_path, labels=labels, threshold=threshold, model_size=model_size, save_object=save_object)

# Counting detected objects
final_result = {
    'baseball': len(object_results[0]['boxes']),
    'basket': len(object_results[1]['boxes'])
}

print("Final result:", final_result)

[EXECUTION EXCEPTION]
Object_Detector_Tool.execute() got an unexpected keyword argument 'image_path'
code:# Import required tool
from object_detector import Object_Detector_Tool

# Set up the image path and parameters
image_path = "/home/stud/wxie/BLINK_Dataset/Counting/val/images/val_Counting_105_image_1.jpg"
labels = ["one way"]
threshold = 0.45
model_size = "tiny"

# Execute the tool
final_result = Object_Detector_Tool.execute(image_path=image_path, labels=labels, threshold=threshold, model_size=model_size, save_object=True, saved_image_path="detected_objects")

# Extract information from the results
detected_labels = final_result[0]
detected_labels_count = final_result[1]

[EXECUTION EXCEPTION]
Object_Detector_Tool.execute() missing 1 required positional argument: 'self'
code:final_result = Object_Detector_Tool.execute(image="path/to/image.jpg", labels=["Greenwich St", "Merchant Marines Veterans Plaza", "One Way"], save_object=True, saved_image_path="Greenwich St")

[EXECUTION EXCEPTION]
name 'object_detector' is not defined
code:# The image is read as a string
detected_objects, object_number = object_detector.execute(image="path/to/image.png", labels=["arrow"], save_object=True, saved_image_path="detected_objects") 
print("Number of signs with arrows detected:", object_number)

[EXECUTION EXCEPTION]
Object_Detector_Tool.execute() missing 1 required positional argument: 'self'
code:from object_detector import Object_Detector_Tool

final_result = Object_Detector_Tool.execute(image="/home/stud/wxie/BLINK_Dataset/Counting/val/images/val_Counting_105_image_1.jpg", labels=["merchant marines", "veterans plaza"], save_object=True, saved_image_path="detected_objects")

print(final_result)
1

[EXECUTION EXCEPTION]
Object_Detector_Tool.execute() missing 1 required positional argument: 'self'
code:final_result = Object_Detector_Tool.execute(image="path/to/image.jpg", labels=["merchandise"], save_object=True, saved_image_path="detected_objects")
1
