
============================== New Completed Execution ==============================
[EXEC CODE]

final_result = "white color dining table"

[THE PRINT OUTPUT]

[GENERATE VALID FINAL_RESULT]
white color dining table

============================== END ==============================


============================== New Completed Execution ==============================
[EXEC CODE]

final_result = "white color dining table"

[THE PRINT OUTPUT]

[GENERATE VALID FINAL_RESULT]
white color dining table

============================== END ==============================


============================== New Completed Execution ==============================
[EXEC CODE]

final_result = 'white color dining table'

[THE PRINT OUTPUT]

[GENERATE VALID FINAL_RESULT]
white color dining table

============================== END ==============================


============================== New Completed Execution ==============================
[EXEC CODE]

final_result = "white color dining table"

[THE PRINT OUTPUT]

[GENERATE VALID FINAL_RESULT]
white color dining table

============================== END ==============================


============================== New Completed Execution ==============================
[EXEC CODE]

final_result = 'white color dining table'

[THE PRINT OUTPUT]

[GENERATE VALID FINAL_RESULT]
white color dining table

============================== END ==============================


============================== New Completed Execution ==============================
[EXEC CODE]

final_result = "white color dining table"

[THE PRINT OUTPUT]

[GENERATE VALID FINAL_RESULT]
white color dining table

============================== END ==============================


============================== New Completed Execution ==============================
[EXEC CODE]

final_result = "white color dining table"

[THE PRINT OUTPUT]

[GENERATE VALID FINAL_RESULT]
white color dining table

============================== END ==============================


============================== New Completed Execution ==============================
[EXEC CODE]


final_result = 'white color dining table'

[THE PRINT OUTPUT]

[GENERATE VALID FINAL_RESULT]
white color dining table

============================== END ==============================

