
[Exctuion Failed]

No module named 'Object_Detector_Tool'
code: 

from Object_Detector_Tool import Object_Detector_Tool

final_result = Object_Detector_Tool.execute(image="image_path.png", labels=["Doorway"], save_object=True)
print(final_result)


============================== END ==============================


[Exctuion Failed]

Object_Detector_Tool.execute() missing 2 required positional arguments: 'self' and 'labels'
code: 

from object_detector import Object_Detector_Tool

final_result = Object_Detector_Tool.execute(image='path/to_image.png')
print("Detected object(s):")
for (labels, objects) in final_result[0]:
    print(f"Object(s) detected: {labels} -> {objects}")


============================== END ==============================


[Exctuion Failed]

Object_Detector_Tool.execute() missing 1 required positional argument: 'self'
code: 

from object_detector import Object_Detector_Tool

final_result = Object_Detector_Tool.execute(image='path/to_image.png',
    labels=['baseball', 'basket'], 
    save_object=True,
    saved_image_path='detected_objects')

print(final_result)


============================== END ==============================


[Exctuion Failed]

invalid syntax (<string>, line 22)
code: 

from object_detector import Object_Detector_Tool

def calculate_number_of_doorways(image_path, languages=['en', 'de'], detail=0):
    try:
        # Load the image
        image = Image.open(image_path)
        
        # Detect the doors
        results = object_detection(image=image, languages=languages, detail=detail)
        
        # Count the doorways
        total_doorways = len([result[0] for result in results if result[1] == 'baseball'])
        
        return total_doorways
    except Exception as e:
        print(f"Error occurred while detecting doorways: {e}")
        return None

# Test the function
image_path = '/nfs/data8/liao/wxie/SAT/SAT_images_train/6902_0.png'
total_doorways = calculate_number_of_doorways(image_path=.image_path)
print(f"There are {total_doorways} doorways.")


============================== END ==============================

