
[QAid]5696_0

[Code Includes Tools Usage]
code: 

from object_detector import Object_Detector_Tool
final_result = Object_Detector_Tool().execute(image="path/to/image.png", labels=["sink"], save_object=True, saved_image_path="detected_objects")
print(final_result)

============================== END ==============================


[QAid]5696_0

[Code Includes Tools Usage]
code: 

from object_detector import Object_Detector_Tool
final_result = Object_Detector_Tool().execute(image='path_to_your_image', labels=['basin'], saved_image_path='detected_objects')
print(final_result)

============================== END ==============================


[QAid]5696_0

[Code Includes Tools Usage]
code: 

from object_detector import Object_Detector_Tool

final_result = Object_Detector_Tool().execute(image="5696_0.png", labels=["sink", "table"], save_object=True, saved_image_path="detected_objects")
print(final_result)

============================== END ==============================


[QAid]5696_0

[Code Includes Tools Usage]
code: 

from object_detector import Object_Detector_Tool

final_result = Object_Detector_Tool().execute(image="/nfs/data8/liao/wxie/SAT/SAT_images_train/5696_0.png", labels=["sink"], save_object=True, saved_image_path="detected_objects")
print(final_result)

============================== END ==============================


[QAid]5696_0

[Code Includes Tools Usage]
code: 

from object_detector import Object_Detector_Tool

final_result = Object_Detector_Tool().execute(image='path/to/image', labels=['sink'], save_object=True, saved_image_path='detected_objects')

print(final_result)

============================== END ==============================


[QAid]5696_0

[Code Includes Tools Usage]
code: 

from object_detector import Object_Detector_Tool

final_result = Object_Detector_Tool().execute(image='path/to/image', labels=['sink'], save_object=True)

============================== END ==============================

