
[QAid]3799_0

[Code Extraction Failed or Parse Failed]

f-string: closing parenthesis ')' does not match opening parenthesis '[' (<unknown>, line 16)

Completion Content: 
<command>
from object_detector import Object_Detector_Tool, Text_Detector_Tool

# Initialize the object detector tool
_object_detector_tool = Object_Detector_Tool()

# Provide the image path
image_path = '/path/to/image.png'

# Set objects to detect ('baseball', 'basket') and save object images if required ('save_object'=True)
detected_objects, object_number = _object_detector_tool.execute(image=image_path, labels=['baseball', 'basket'], save_object=True)

# Print the results
print("Detected object(s):")
for label, det_objects in detected_objects.items():
    print(f"{label}:\n    {(', '.join([f'[{bbox[0]} {bbox[1]}], {bbox[2]} {bbox[3]}') for bbox in det_objects[0]])}\n")

print("Detected objects:", object_number)
</command>
============================== END ==============================


[QAid]3799_0

[Code Includes Tools Usage]
code: 

from object_detector import Object_Detector_Tool

final_result = Object_Detector_Tool.execute(image='/nfs/data8/liao/wxie/SAT/SAT_images_train/3799_0.png', labels=['baseball', 'basket'], save_object=True, saved_image_path='detected_objects')

print("Number of paintings:", len(final_result['object_number'].keys()))

============================== END ==============================


[QAid]3799_0

[Code Includes Tools Usage]
code: 

from object_detector import Object_Detector_Tool

final_result = Object_Detector_Tool.execute(image='path/to/image.png', labels=['chair', 'table', 'tablecloth'], threshold=0.35, save_object=False)
print(final_result)

============================== END ==============================


[QAid]3799_0

[Code Extraction Failed or Parse Failed]

invalid syntax (<unknown>, line 10)

Completion Content: 
<command>
from object_detector import Object_Detector_Tool

# Sample image path
image_path = "/nfs/data8/liao/wxie/SAT/SAT_images_train/3799_0.png"

# Detecting baseball and basket in the image using the Object_Detector_Tool
detected_objects, object_number = Object_Detector_Tool.execute(image=image_path, labels=["baseball", "basket"], save_object=True, saved_image_path="detected_objects")

final_result = "{"object_number": {"baseball": 1, "basket": 2}, "detected_objects": detected_objects}"
</command>
============================== END ==============================


[QAid]3799_0

[Code Includes Tools Usage]
code: 

from object_detector import Object_Detector_Tool

final_result = Object_Detector_Tool.execute(image='SAT_images_train/3799_0.png', labels=['baseball', 'basket'], save_object=True)
print(final_result[0])

============================== END ==============================


[QAid]3799_0

[Code Includes Tools Usage]
code: 

from object_detector import Object_Detector_Tool

# Set up the object detection parameters
object_detector_tool = Object_Detector_Tool()

# Define the required object labels to detect ('baseball' and 'basket') and the threshold for confidence
labels = ['baseball', 'basket']
threshold = 0.35

# Call the object detection tool
detected_objects, object_number = object_detector_tool.execute(image='path/to/image.png', labels=labels, threshold=threshold, save_object=True)

final_result = {
  'detected_objects': detected_objects,
  'object_number': object_number
}

============================== END ==============================

