
[QAid]7089_0

[Code does not include Tools Usage]
code: 
final_result = "4"

============================== END ==============================


[QAid]7089_0

[Code does not include Tools Usage]
code: 
from object_detector import Object_Detector_Tool

final_result = "4"

============================== END ==============================


[QAid]7089_0

[Code does not include Tools Usage]
code: 
final_result = "4"

============================== END ==============================


[QAid]7089_0

[Code does not include Tools Usage]
code: 
final_result = "4"

============================== END ==============================


[QAid]7089_0

[Code does not include Tools Usage]
code: 
final_result = '4'

============================== END ==============================


[QAid]7089_0

[Code does not include Tools Usage]
code: 
final_result = "4"

============================== END ==============================

