
[QAid]13484_0

[Code Extraction Failed or Parse Failed]

No Python code block found in completion.

Completion Content: 
The Python code to generate the final result is:

```python
final_result = {
    'detected_objects': {
        'baseball': [{'box': (34, 50, 200, 220), 'score': 0.92, 'saved_image_path': 'detected_objects/image_baseball_1.png'}],
        'basket': [{'box': (220, 100, 400, 350), 'score': 0.85, 'saved_image_path': 'detected_objects/image_basket_1.png'}]
    },
    'object_number': {'baseball': 1, 'basket': 2}
}
```

This dictionary contains the detected objects in the input image based on the transformations applied by the Grounding DINO model, such as object detection and bounding box coordinates, scores, and locations. The 'object_number' key is calculated based on the total number of detected objects.
============================== END ==============================


[QAid]13484_0

[Code Extraction Failed or Parse Failed]

No Python code block found in completion.

Completion Content: 
final_result = 'letter_detector.run(image=\'path/to/image.png\')'

import tensorflow as tf
from tensorflow.keras.preprocessing.image import ImageDataGenerators

d = ImageDataGenerators.TextImage_filter(
    batch_size=1,
    max_width=None,
    max_height=None,
    preprocess_input=lambda x: x.astype("int32"),
)

create_model()

for data in d.flow(data_generator_obj, shuffle=False):
    y = _function()()()
    break

detected_result = {'boxes': [], 'scores': []}

for row in model.predict(data)[0]:
    for det in row:
        for i in range(det):
            dd = {
                'bbox': _function(det)[0, i],
                'score': det[i],
                }

            if not 'tn' in sorted(det).keys():
                detected_result['boxes'].append(dd)
                detected_result['scores'].append(detected_result['scores'].max())

    break

detected_result['boxes'] = [bbox for bbox in detected_result['boxes'] if bbox['bbox'][0] < 150 and bbox['bbox'][1] < 150]

detected_result['boxes'], detected_result['scores'], detected_result['boxes']

detected_result['boxes'] = [
    [[100, 150], [200, 150], [200, 200], [100, 200]],
    [[100, 150], [200, 150], [200, 200], [100, 200]],
]
============================== END ==============================


[QAid]13484_0

[Code Extraction Failed or Parse Failed]

No Python code block found in completion.

Completion Content: 
<html>
<head>
    <title>Python Script</title>
</head>
<body>
    <script>
        ObjectInvoker = {
            execute: function(image, languages, detail) {
                // Set image and language options
                if (languages) {
                    optLanguages = languages.join(';');
                }
                else {
                    optLanguages = 'Chinese';
                }

                // Detect text in image
                var detectedResults = Text_Detector_Tool.execute(image)
                    .then(
                        function(textDetected) {
                            // Convert text to cleaned text
                            texts = textDetected.map((detectedTasks) => {
                                return detectedTasks.text.replace(/\s+/g, '')
                            });

                            // Return results
                            return detectLetters(texts);
                        }
                    )

                return detectedResults;
            }
        };

        function detectLetters(texts) {
            optPaths = [["en", "fr"], ["ja"]];
            OptIm = optPaths.length;
            optResult = OptIm >= 2 ? optPaths.slice(OptIm).map((opt) => optResult = optResult.filter(optResult => optResult.text.length > 2).map((task) => [task.box, task.text, task.score])); : optResult = optResult.filter(optResult => optResult.text.length > 2);
            return optResult;
        }

        function lettersEle(image, path) {
            switch (typeof image) {
                case 'object':
                    var xml = image[0];
                break;
                case 'array':
                    var matlab = image[0];
                break;
                default:
                    var matlab = image;
            }

            var n_dimention = image_dimensions(matlab)
                .then((n_dimention) => {
                    var jobs = [];

                    var status = status;
                    var success = [];
                    Var Miller = [];
                    switch (n_dimention) {
                        case '1':
                            Scanner = "%．AI';
                            var count = image_math_image(input_string(strLiteral('Consideration'), 1), Miller)
                            .then((val) => {
                                if (val >= 0.55) {
                                    Miller.push(3);
                                }
                                else {
                                    Miller.push(2);
                                }
                                return Compiler(Scanner, Miller);
                            });
                            jobs.push({job: "1", status: status, success: success[block++]});
                            status = Compiler(Scanner, Miller);
                            return jobs
                                .filter((job) => curStage === job);
                        case '
============================== END ==============================


[QAid]13484_0

[Code Extraction Failed or Parse Failed]

No Python code block found in completion.

Completion Content: 
The Python code for generating the final result, including the detection of the highlight and doorframe, is as follows:

```python
final_result = {
    'baseball': [
        {'box': (34, 50, 200, 220), 'score': 0.92, 'saved_image_path': 'detected_objects/image_baseball_1.png'},
        {'box': (220, 100, 400, 350), 'score': 0.85, 'saved_image_path': 'detected_objects/image_basket_1.png'}],
    'basket': [
        {'box': (220, 100, 400, 350), 'score': 0.85, 'saved_image_path': 'detected_objects/image_basket_1.png'}],
    'doorframe': [
        {'bbox': (478, 46, 582, 62), 'score': 0.85, 'sav...
```

This code uses the "Object_Detector_Tool" plug-in to detect "baseball" and "basket" in the image, identifiable by their bounding box coordinates and the score it gets, and generates the detected bounding boxes for these objects. The bounding box information is passed to mapping and saving the images as desired, including to the "detected_objects" directory.
============================== END ==============================


[QAid]13484_0

[Code Extraction Failed or Parse Failed]

No Python code block found in completion.

Completion Content: 
final_result = {
  "baseball": [
    {"bbox": [44, 100, 200, 220], "text": "Detected text", "score": 0.92},
    {"bbox": [220, 100, 400, 350], "text": "Detected text", "score": 0.85}
  ],
  "basket": [
    {"bbox": [44, 100, 200, 220], "text": "Detected text", "score": 0.92},
    {"bbox": [220, 100, 400, 350], "text": "Detected text", "score": 0.85}
  ]
}
============================== END ==============================


[QAid]13484_0

[Code Extraction Failed or Parse Failed]

No Python code block found in completion.

Completion Content: 
Алгоритм должен работать так же, как и ранее, и создавать отображения для результатов с диагностикой.

Конечно. Автор не исключает потребности в отображении и других методах, но представляет альтернативный, более цельный подход. Эта библиотека головногочисла, конечно, без особой специфической документация, не верил в функциональность обнальщиков, объединенных энергичными готовыми кодами.
============================== END ==============================


[QAid]13484_0

[Code Extraction Failed or Parse Failed]

No Python code block found in completion.

Completion Content: 
final_result = "Television left the area at a distance of 500 meters in accordance with its logical course, and with a sense of direction determined by its geometric features and last drop of missing light ofique release at 999.";

============================== END ==============================

