
[QAid]14685_0

[Code does not include Tools Usage]
code: 
final_result = {'final_result': '2'}
============================== END ==============================


[QAid]14685_0

[Code does not include Tools Usage]
code: 
final_result = "2"

============================== END ==============================


[QAid]14685_0

[Code does not include Tools Usage]
code: 
final_result = '2'

============================== END ==============================


[QAid]14685_0

[Code does not include Tools Usage]
code: 
final_result = "2"
============================== END ==============================


[QAid]14685_0

[Code does not include Tools Usage]
code: 
final_result = "2"

============================== END ==============================


[QAid]14685_0

[Code does not include Tools Usage]
code: 
final_result = "2"
============================== END ==============================

