
============================== New Completed Execution ==============================
[EXEC CODE]

final_result = "below"

[THE PRINT OUTPUT]

[GENERATE VALID FINAL_RESULT]
below

============================== END ==============================


============================== New Completed Execution ==============================
[EXEC CODE]

final_result = "below"

[THE PRINT OUTPUT]

[GENERATE VALID FINAL_RESULT]
below

============================== END ==============================


============================== New Completed Execution ==============================
[EXEC CODE]

final_result = "below"

[THE PRINT OUTPUT]

[GENERATE VALID FINAL_RESULT]
below

============================== END ==============================


============================== New Completed Execution ==============================
[EXEC CODE]

final_result = "below"

[THE PRINT OUTPUT]

[GENERATE VALID FINAL_RESULT]
below

============================== END ==============================


============================== New Completed Execution ==============================
[EXEC CODE]

final_result = "below"

[THE PRINT OUTPUT]

[GENERATE VALID FINAL_RESULT]
below

============================== END ==============================


============================== New Completed Execution ==============================
[EXEC CODE]

final_result = "below"

[THE PRINT OUTPUT]

[GENERATE VALID FINAL_RESULT]
below

============================== END ==============================


============================== New Completed Execution ==============================
[EXEC CODE]

final_result = "below"

[THE PRINT OUTPUT]

[GENERATE VALID FINAL_RESULT]
below

============================== END ==============================


============================== New Completed Execution ==============================
[EXEC CODE]

final_result = "below"

[THE PRINT OUTPUT]

[GENERATE VALID FINAL_RESULT]
below

============================== END ==============================

