
[EXECUTION EXCEPTION]
Object_Detector_Tool.execute() missing 1 required positional argument: 'self'
code:from object_detector import Object_Detector_Tool

# Usage:
final_result = Object_Detector_Tool.execute(image=r'C:\path\to\image.jpg', labels=['motorcycle1', 'motorcycle2', 'motorcycle3'], save_object=True, saved_image_path="motorCycleDetected")

[EXECUTION EXCEPTION]
invalid syntax (<string>, line 1)
code:generated python code

[EXECUTION EXCEPTION]
Object_Detector_Tool.execute() missing 1 required positional argument: 'self'
code:from object_detector import Object_Detector_Tool
final_result = final_result  # Assign 'final_result' to a variable

# Call the Object_Detector_Tool method with the image path: "path/to/image.png" and the labels to detect: ['baseball', 'basket']
detected_objects, object_number = Object_Detector_Tool.execute(image="path/to/image.png", labels=["baseball", "basket"], save_object=True, saved_image_path="detected_objects")

# Extract the results for the object detection
results = detected_objects['objects']

# Determine the number of telephone poles to the right of the truck
telephone_poles = results[0]['boxes'][0][0] - 2  # Subtract 5 because truck is at 5 pm.

print(f"The number of telephone poles to the right of the truck is: {telephone_poles}")

[None RESULT]


[EXECUTION EXCEPTION]
Object_Detector_Tool.execute() missing 1 required positional argument: 'self'
code:from object_detector import Object_Detector_Tool
final_result = Object_Detector_Tool.execute(image="/home/stud/wxie/BLINK_Dataset/Counting/val/images/val_Counting_85_image_1.jpg", labels=["baseball", "basket"], save_object=True, saved_image_path="detected_objects")
