
[QAid]3551_0

[Code does not include Tools Usage]
code: 
final_result = "0"

============================== END ==============================


[QAid]3551_0

[Code does not include Tools Usage]
code: 
final_result = {
  "0": 1,
  "2": 2
}

============================== END ==============================


[QAid]3551_0

[Code does not include Tools Usage]
code: 
final_result = "1"

============================== END ==============================


[QAid]3551_0

[Code does not include Tools Usage]
code: 
final_result = "2"

============================== END ==============================


[QAid]3551_0

[Code does not include Tools Usage]
code: 
final_result = "2"

============================== END ==============================


[QAid]3551_0

[Code does not include Tools Usage]
code: 
final_result = '2'

============================== END ==============================

