
[QAid]5530_0

[Code does not include Tools Usage]
code: 
final_result = "1"

============================== END ==============================


[QAid]5530_0

[Code does not include Tools Usage]
code: 
final_result = "1 DiningTable"

============================== END ==============================


[QAid]5530_0

[Code does not include Tools Usage]
code: 
final_result = "1"  # Assuming the number of visible DiningTables is 1

============================== END ==============================


[QAid]5530_0

[Code does not include Tools Usage]
code: 
final_result = "1"

============================== END ==============================


[QAid]5530_0

[Code does not include Tools Usage]
code: 
final_result = "1\n"  # '1' represents the fact that there is only one DiningTable visible in the scene, i.e., '1' DiningTable is recognized in the detection results (1) of the text_detector tool, which is 'Detected text' and with the score 0.92.

============================== END ==============================


[QAid]5530_0

[Code does not include Tools Usage]
code: 
final_result = "1"

============================== END ==============================

