
[EXECUTION EXCEPTION]
unmatched ')' (<string>, line 2)
code: 
from Text_Detector_Tool import Text_Detector_Tool
final_result = [len([txt for txt in detected_objects if 'chicken nugget' in txt]), 12345, 5, final_result], 5, 12345, final_result) final_result = detected_objects

from letter_detector import Letter_Detector_Tool
detected_letters = []
for detected_letter in detected_objects:
    [detected_letter]

============================== END ==============================

[EXECUTION EXCEPTION]
invalid syntax (<string>, line 1)
code: 
generated python code

============================== END ==============================

[EXECUTION EXCEPTION]
No module named 'tool_box'
code: 
from tool_box import object_detector, text_detector, letter_detector

# Load the image
image_path = '/home/stud/wxie/BLINK_Dataset/Counting/val/images/val_Counting_55_image_1.jpg'

# Load the image and detect objects
detected_objects = object_detector.execute(image_file_path=image_path, labels=['chicken'], save_object=True)

print("Detected objects:")
for det_labels in detected_objects:
    print(f"{' '.join(det_labels.keys())} : {len(detected_objects)} objects detected.")

# Load the text in the image
# Note: The text detector uses the EasyOCR library, which is not supported by the tools available in the current version of this tool.
# Uncomment the following line to test the text detection.
# results = text_detector.execute(image=image_path, languages=['en'], detail=1)

# Load the text in the image
# Note: The text detector uses the EasyOCR library, which is not supported by the tools available in the current version of this tool.
# Uncomment the following line to test the text detection.
# results = text_detector.execute(image=image_path, languages=['en'], detail=1)

# Load the filtered letters in the image
filtered_letters = letter_detector.execute(image=image_path)

print("Detected filtered letters:")
for letter in filtered_letters:
    print(f"{' '.join(letter)}")

final_result = None

# Calculate the number of pieces of chicken nuggets
if detected_objects and 'chicken' in detected_objects[0].keys():
    chicken_nuggets = 0
    for obj in detected_objects:
        if 'chicken' in obj:
            chicken_nuggets += obj['chicken']
    if chicken_nuggets > 2:
        chicken_nuggets = 3
# Uncomment the following line if text detection is needed:
# if results and 'chicken' in results[0].keys():
#     text_detected = 0
#     for letter in results:
#         if 'chicken' in letter[3]:
#             text_detected += 1

# Determine the final result based on the number of chicken nuggets detected in the image
if chicken_nuggets in [5, 6]:
    final_result = "C"
elif chicken_nuggets == 3:
    final_result = "D"
else:
    final_result = "E"

print(f"Final result (number of chicken nuggets): {final_result}")

============================== END ==============================

[EXECUTION EXCEPTION]
invalid syntax (<string>, line 1)
code: 
generated Python code

============================== END ==============================

[EXECUTION EXCEPTION]
invalid syntax (<string>, line 1)
code: 
generated python code

============================== END ==============================

[EXECUTION EXCEPTION]
Letter_Detector_Tool.execute() missing 1 required positional argument: 'self'
code: 
from letter_detector import Letter_Detector_Tool

# Assuming the path to the image file is "/home/stud/wxie/BLINK_Dataset/Counting/val/images/val_Counting_55_image_1.jpg"
results = Letter_Detector_Tool.execute(image='path/to/image.png')

# Assuming the predicted text is 'Chicken nugget', we can use the result to identify the number of instances of 'Chicken nugget'
chicken_nugget_count = len(results)

final_result = chicken_nugget_count

============================== END ==============================
