
============================== NEW EXECUTION ==============================

[EXECUTION EXCEPTION]
Object_Detector_Tool.execute() missing 1 required positional argument: 'self'
code:from object_detector import Object_Detector_Tool

# Set the confidence threshold for detection
threshold = 0.45

# Use the object_detector tool
detected_objects, object_number = Object_Detector_Tool.execute(image="ball_in_mouth.jpg", labels=["soccer ball"], save_object=True, saved_image_path="detected_objects")

# Filter the detected objects to include only the ones of interest
soccer_ball_positions = [obj['box'] for obj in detected_objects if obj['label'] == 'soccer ball' and obj['confidence score'] >= threshold]

# Count the number of objects of interest
num_soccer_balls = len(soccer_ball_positions)

# Check if any soccer balls were detected
if num_soccer_balls > 0:
    print(f"There are {num_soccer_balls} soccer ball in the image.")
else:
    print(f"No soccer ball detected in the image.")

============================== NEW EXECUTION ==============================

[EXECUTION EXCEPTION]
type object 'Object_Detector_Tool' has no attribute 'load_image'
code:from object_detector import Object_Detector_Tool

# Load the image file
image_path = "/home/stud/wxie/BLINK_Dataset/Counting/val/images/val_Counting_102_image_1.jpg"
image = Object_Detector_Tool.load_image(image_path)

# Detect the object labels to analyze
labels = ["baseball", "basket"]

# Set the confidence threshold and model size
threshold = 0.45
model_size = "tiny"

# Save the detected objects as images
save_object = True
saved_image_path = "detected_objects"

# Execute the tool
detected_objects, object_number = Object_Detector_Tool.execute(image=image, labels=labels, save_object=save_object, saved_image_path=saved_image_path, threshold=threshold, model_size=model_size)

# Analyze the object counts for analysis
final_result = []

for detected_object in detected_objects:
    label_count = object_number.get(detected_object['label'])
    if label_count is not None:
        label_count += 1
        final_result.append({"label": detected_object['label'], "count": label_count})

print(final_result)

============================== NEW EXECUTION ==============================

[EXECUTION EXCEPTION]
Object_Detector_Tool.__init__() got an unexpected keyword argument 'image'
code:from object_detector import Object_Detector_Tool

# Define desired labels
labels = ["football_player", "goalkeeper", "goal Post"]

# Define threshold and model size (assuming we need to specify threshold and size)
threshold = 0.5
model_size = "tiny"

# Convert image path to string for detection
image_path = "/home/stud/work/BLINK_Dataset/Counting/val/images/val_Counting_102_image_1.jpg"

# Initialize object detector tool
object_detector_tool = Object_Detector_Tool(image=image_path, labels=labels, threshold=threshold, model_size=model_size)

# Perform object detection
detected_objects, object_number = object_detector_tool.execute()

============================== NEW EXECUTION ==============================

[EXECUTION EXCEPTION]
invalid syntax (<string>, line 20)
code:from object_detector import Object_Detector_Tool

# Sample image path
image_path = "/home/stud/wxie/BLINK_Dataset/Counting/val/images/val_Counting_102_image_1.jpg"

# Detect objects
detect_tools = Object_Detector_Tool()
object_labels = ["baseball", "basket"]
detect_tools.execute(image=image_path, labels=object_labels, save_object=True, saved_image_path="detected_objects")

# Get statistics for baseball and basket detection
boxes_basket = detect_tools.object_number[1]
boxes_baseball = detect_tools.object_number[0]

# Calculate total number of objects for baseball and basket
total_basket_objects = len(boxes_basket)
total_baseball_objects = len(boxes_baseball)

final_result = {"total_objects": total_basket_objects + total_baseball_objects}
```

============================== NEW EXECUTION ==============================

[EXECUTION EXCEPTION]
Object_Detector_Tool.execute() missing 1 required positional argument: 'self'
code:from object_detector import Object_Detector_Tool

path_to_image = "/home/stud/wxie/BLINK_Dataset/Counting/val/images/val_Counting_102_image_1.jpg"

total_objects_count = Object_Detector_Tool.execute(
    image=path_to_image,
    labels=["baseball", "basket"],
    save_object=False,  # No need when just counting total objects
    saved_image_path=""
)

final_result = {
    "total_count": total_objects_count,
    "command_used": "Object_Detector_Tool.execute",
    "output_description": "This tool was used to count the total number of baseball and basket objects in the image.",
}

============================== NEW EXECUTION ==============================

[EXECUTION EXCEPTION]
Object_Detector_Tool.execute() got an unexpected keyword argument 'image_path'
code:from object_detector import Object_Detector_Tool

# Define the path to the image file
image_path = '/home/stud/wxie/BLINK_Dataset/Counting/val/images/val_Counting_102_image_1.jpg'

# Create the Object_Detector_Tool instance
tool = Object_Detector_Tool()

# Use the instance to detect objects in the image
labels = ["baseball", "basket"]
confidence_threshold = 0.45
model_size = "tiny"
draw_detected_objects = True
save_detected_objects = False
final_result = tool.execute(image_path=image_path, labels=labels, confidence_threshold=confidence_threshold, model_size=model_size, save_object=save_detected_objects, draw_detected_objects=draw_detected_objects)

if final_result:
    # The first item in `final_result` is a tuple of dictionaries, so I'll convert it into a list of dictionaries
    detected_objects = [obj for obj in final_result[0]]
    total_count = total_label_count = 0

    for object in detected_objects:
        label = object['label']
        total_count += 1
        total_label_count += object['confidence score']
    
    print(f"The total number of people wearing blue shirt in the image is {total_count}.")
else:
    print("Unable to detect objects in the image.")

============================== NEW EXECUTION ==============================

[EXECUTION EXCEPTION]
Object_Detector_Tool.execute() missing 1 required positional argument: 'self'
code:from object_detector import Object_Detector_Tool

# Load the image
image_path = "/home/stud/wxie/BLINK_Dataset/Counting/val/images/val_Counting_102_image_1.jpg"
detected_objects, object_number = Object_Detector_Tool.execute(image=image_path, labels=["soccer ball"], threshold=0.45)

# Count the objects
total_objects = sum([len(detected_objects['labels'][i]['bbox'][0]) for detected_objects in detected_objects.values()])
print(f"Total soccer ball in the image: {total_objects}")

============================== NEW EXECUTION ==============================

[EXECUTION EXCEPTION]
Object_Detector_Tool.execute() got an unexpected keyword argument 'image_path'
code:from object_detector import Object_Detector_Tool

# Load the image
image_path = "/home/stud/wxie/BLINK_Dataset/Counting/val/images/val_Counting_102_image_1.jpg"
detected_objects, _ = Object_Detector_Tool.execute(image_path=image_path, labels=["baseball", "basket"], save_object=True, saved_image_path="detected_objects")

# Initialize variables
total_count = {}
count_basket = 0
count_baseball = 0

for obj in detected_objects:
    if obj["label"] == "basket":
        count_basket += obj["confidence score"]
    elif obj["label"] == "baseball":
        count_baseball += obj["confidence score"]

# Print the result
final_result = (["count_basket=%s" % count_basket, "count_baseball=%s" % count_baseball], total_count)
print(final_result)
