
[QAid]9042_0

[Code does not include Tools Usage]
code: 
final_result = "1"

============================== END ==============================


[QAid]9042_0

[Code does not include Tools Usage]
code: 
final_result = "1"  # Since there is only one DiningTable in the scene
============================== END ==============================


[QAid]9042_0

[Code does not include Tools Usage]
code: 
final_result = "1"
============================== END ==============================


[QAid]9042_0

[Code does not include Tools Usage]
code: 
import object_detector
final_result = "1"

============================== END ==============================


[QAid]9042_0

[Code does not include Tools Usage]
code: 
final_result = "1"

============================== END ==============================


[QAid]9042_0

[Code does not include Tools Usage]
code: 
final_result = "1"

============================== END ==============================

