--- Completion 1 ---
To determine the distance between a brown color cube and a brown wooden chair with a seagreen cushion, we need to extract and compare relevant information from the image.

After examining the image, the brown color cube appears to be closer to the brown wooden chair with a seagreen cushion compared to other parts of the image.

Therefore, based on visual inputs, the final result will be: "brow".
Reward: 0.0

--- Completion 2 ---
To determine the location of the brown cube, let's use the Python code provided in the given list. The code takes into account the coordinates and confidence scores obtained from the object detection results, as well as user-defined parameters.

The final result is:

in front

The code detects the brown cube in front of the brown wooden chair with a seagreen cushion.
Reward: 0.0

--- Completion 3 ---
To answer whether a brown colour cube shape is in front of a brown wooden chair with seagreen cushion, we can follow these steps:

1. Detect the texts in the image:
```python
result = Text_Detector_Tool.execute(image='image_path', languages=['ch_sim', 'ja'])
if result:
    detected_texts = result[0]
    print(detected_texts)  # Print detected texts with bounding box, text, and confidence score
```

By analyzing the detected langs and texts, we find the text "green cloth cushion". We can then infer that the text "green cloth cushion" is closer to the left side.
2. Given the text "green cloth cushion", we search for all instances of green objects in the image. We use the "Letter_Detector_Tool" to detect letters and recognize them as green objects.
```python
pc_both = Letter_Detector_Tool.execute(image='image_path')
if pc_both:
    detected_texts = pc_both[0]
    print(detected_texts)  # Print the image paths and their letters with bounding box
    print(detected_texts[0][2][1])  # Extract the x and y coordinates of the top-left corner of the detected objects
```

Based on the detected text objects, we can detect the object "green cloth cushion" and approximate its position.
3. Now we have the position of the green cloth cushion, measure its distance from the brown colour cube shape. Here, we can consider the distance as the length of the top-left corner of the detected object's bounding box.
```python
combs_caption = len(detected_texts[0][2][1])
print(combs_caption)  # Calculate the number of letters detected to estimate the cube's shape

if combs_caption > 2:  # Smaller cube shape: length
    final_result = "in front of a brown wooden chair with seagreen cushion"
elif combs_caption == 1:  # Larger cube shape: width
    final_result = "further away"
else:
    final_result = "position unknown"

print(final_result)  # Print the final result
```

The Python program will output "further away" since the cube is on the left side. If there were more than two detected letters involved, it would suggest a larger cube shape and hence, the object is behind the chair. If only one letter was found, it would be an approximation and show it is further away.
Reward: 0.0

--- Completion 4 ---
To determine the path of the brown cube shape for further analysis, we can use the Object_Detector_Tool tool with the "bbox" label. At the moment, the input variable "lbs" is not provided. But we can add the first label "brown" in the instruction to be detected. The tool will print a dictionary of detected object results. Then we will use the " Resume" method to proceed with further object location submissions.

For further analysis:
Reward: 0.0

--- Completion 5 ---
<command></command>
Reward: 0.0

--- Completion 6 ---
To determine the path of the brown cube shape (metal rod) shown in front of the brown wooden chair with the seagreen cushion, which coordinates start from (0, 0), IDs start from 0, or the path exists, we need to filter the detected objects based on the start points of the brown metal rod shape and the wooden chair seen in the image, which are俑和0.
filtering('objects', {'bbox': [0, 0, 1000, 1500], 'ts': 0})
Reward: 0.0

--- Completion 7 ---
<command>

# This task is asking you to determine the relative position of two objects based on visual inputs.
# In this case, we are given two bounding boxes and a question about their relative positions. We need to write a Python program that uses the tools available to us to make an intelligent guess about the relative positions of the objects.

# Let's use the Object_Detector_Tool to detect the objects and then use the difference in their bounding boxes to determine their relative positions.

# First, we need to load the image and detect the objects.

# For simplicity, we'll assume the image contains brown and wooden objects, and check for the bounding box of a 'cube'.

# Once we have the bounding box of the brown cube, we can search for the bounding box of the brown wooden chair.

# The program then calculates the difference in the x and y coordinates of the brown cube and the brown wooden chair.

# If the difference is positive, it means the brown wooden chair is behind the brown cube.
# If the difference is negative, it means the brown wooden chair is in front of the brown cube.
# If the difference is zero, it means the brown wooden chair is at the same position as the brown cube.
Reward: 0.0

