
[QAid]11003_0

[Code does not include Tools Usage]
code: 
final_result = {"window_count": 0}
============================== END ==============================


[QAid]11003_0

[Code does not include Tools Usage]
code: 
final_result = 1
============================== END ==============================


[QAid]11003_0

[Code does not include Tools Usage]
code: 
final_result = 0
============================== END ==============================


[QAid]11003_0

[Code does not include Tools Usage]
code: 
final_result = 0
============================== END ==============================


[QAid]11003_0

[Code does not include Tools Usage]
code: 
final_result = 0
============================== END ==============================


[QAid]11003_0

[Code does not include Tools Usage]
code: 
final_result = 2
============================== END ==============================

