--- Completion 1 ---
<command>
from object_detector import Object_Detector_Tool

final_result = Object_Detector_Tool.execute(image='path_to_image.jpg', labels=['desk'], save_object=True)
print(final_result)
</command>
Reward: 1.0

--- Completion 2 ---
<command>
from object_detector import Object_Detector_Tool

final_result = Object_Detector_Tool.execute(image='path/to/image.png', labels=['desk'])
print(final_result[0])
</command>
Reward: 1.0

--- Completion 3 ---
<command>
from object_detector import Object_Detector_Tool

final_result = Object_Detector_Tool.execute(
  image="path_to_image.png",
  labels=['desk'],
  threshold=0.5,
  save_object=True,
  saved_image_path="detected_objects"
)

print(final_result)
</command>
Reward: 1.0

--- Completion 4 ---
<command>
from object_detector import Object_Detector_Tool

final_result = Object_Detector_Tool.execute(image='path/to_image.png',
                                           labels=['baseball', 'basket'],
                                           save_object=False,
                                           saved_image_path='detected_objects')

print(final_result)
</command>
Reward: 1.0

--- Completion 5 ---
<command>
from text_detector import Text_Detector_Tool

# Sample image and languages
sample_image = 'path/to/sample_image.png'
langs = ['en', 'de']

# Detect text in the image
result = Text_Detector_Tool.execute(image=sample_image, languages=langs)

# Convert detection results to a format for answering the question
final_result = []
for block in result:
    if len(block) == 0:
        result = None
    
    # Convert each detection to a dictionary for easy analysis
    detection_data = {
        'box': block[0],
        'recognized_text': block[1],
        'confidence_score': block[2]
    }
    
    final_result.append(detection_data) 

if result is not None:
    # Save detected objects if required
    from object_detector import Object_Detector_Tool
    saved_image_path = 'detected_objects'
    detected_objects, object_number = Object_Detector_Tool.execute(image=sample_image, labels=['baseball', 'basket'], save_object=True, saved_image_path=saved_image_path)
    
    # Add objects to final_result as a dictionary with labels and count
    final_result.append({'baseball': len(detected_objects['baseball']), 'basket': len(detected_objects['basket'])})

print(final_result)
</command>
```python
final_result
```
Reward: 0.0

--- Completion 6 ---
<command>
from object_detector import Object_Detector_Tool

final_result = Object_Detector_Tool.execute(image='image_path', labels=[1, 0], save_object=True, saved_image_path='detected_objects')
print(final_result)
</command>
Reward: 1.0

