--- Completion 1 ---
<command>final_result = "1 Painting"
</command>
Reward: 0.5

--- Completion 2 ---
<command>final_result = "1"  # Option 1: 1 Painting detected
</command>
Reward: 0.5

--- Completion 3 ---
<command>final_result = "1"
</command>
Reward: 0.5

--- Completion 4 ---
<command>final_result = "1"  # Assuming that the text detector is able to count one item
</command>
Reward: 0.5

--- Completion 5 ---
<command>final_result = "1 Painting"  # The number of visible Paintings
</command>
Reward: 0.5

--- Completion 6 ---
<command>final_result = "1"  # Assuming there are only 1 painting in the scene
</command>
Reward: 0.5

