
[EXECUTION EXCEPTION]
invalid syntax (<string>, line 1)
code:// Import the required modules
from object_detector import Object_Detector_Tool

// Prompt the user to choose the object labels to detect
labels = ["baseball", "basket"]

//Set the confidence threshold
threshold = 0.45

// Set the model size to Tiny
model_size = "tiny"

// Set the save_object to True
save_object = True

// Check if the image is provided
if not (image := input("Enter the path to the image: ")):
    print("Please provide the path to the image.")
else:
    // Load the object detector tool
    detector_tool = Object_Detector_Tool(image=image, labels=labels, threshold=threshold, model_size=model_size, save_object=save_object)

    // Get the results of the detection
    detected_objects, object_number = detector_tool.execute()

    // Determine the person wearing a hat
    has_hat = any(person['type'] == 'person' and person['attributes']['wearing_a_hat'] for person in detected_objects['person'])

    // Print the results
    print("Has hat:", has_hat)
    print("Detected images:", len(detected_objects['person']))

[EXECUTION EXCEPTION]
'Object_Detector_Tool' object has no attribute 'detect_objects_labels'
code:from object_detector import Object_Detector_Tool

detector_tool = Object_Detector_Tool()

image_path = "/home/stud/wxie/BLINK_Dataset/Counting/val/images/val_Counting_13_image_1.jpg"

if detector_tool.detect_objects_labels(image_path, labels=["baseball", "basket"]) and "baseball" in detector_tool.get_object_results():
    # Found 'baseball' in image
    final_result = detector_tool.get_object_results()["objects"]  # Get list of detected objects
    print(final_result)
else:
    # No 'baseball' was detected in the image
    final_result = {}
    print("No 'baseball' was detected in the image.")

[EXECUTION EXCEPTION]
Object_Detector_Tool.execute() got an unexpected keyword argument 'image_path'
code:from object_detector import Object_Detector_Tool

# Step 1: Define the path to the image file
image_path = "/home/stud/wxie/BLINK_Dataset/Counting/val/images/val_Counting_13_image_1.jpg"

# Step 2: Use the Object_Detector_Tool class to detect interest-objects in the image
object_detector_tool = Object_Detector_Tool()
labels = ["baseball", "basket", "hat", "tree"]

# Step 3: Set the confidence threshold and the size of the model
object_detector_tool.threshold = 0.45
object_detector_tool.model_size = "tiny"

# Step 4: Set the save setting to True so the detected objects are saved to a file
object_detector_tool.save_object = True
object_detector_tool.saved_image_path = "detected_objects"

# Step 5: Use the tool with the defined paths
detected_objects, object_number = object_detector_tool.execute(image_path=image_path, labels=labels, saved_object=True)

[EXECUTION EXCEPTION]
No module named 'image_tool'
code:import image_tool as it

[EXECUTION EXCEPTION]
Object_Detector_Tool.__init__() got an unexpected keyword argument 'labels'
code:from object_detector import Object_Detector_Tool

# Read the image
image_path = '/home/stud/wxie/BLINK_Dataset/Counting/val/images/val_Counting_13_image_1.jpg'
detector_tool = Object_Detector_Tool(image_path, labels=['baseball', 'basket'], save_object=True, saved_image_path='detected_objects')
object_number, detected_objects = detector_tool.execute()

final_result = {
    'objects_count': detector_tool.user_metadata['object_number'],
    'count_distribution': object_number
}
print(final_result)

[EXECUTION EXCEPTION]
Object_Detector_Tool.__init__() got an unexpected keyword argument 'save_object'
code:from object_detector import Object_Detector_Tool

# Load the image and define the labels to detect
image_path = "/home/stud/wxie/BLINK_Dataset/Counting/val/images/val_Counting_13_image_1.jpg"
labels = ["baseball", "basket"]

# Convert object labels to a list of integers for consistency
label_list = [2, 3]  # Corresponding to 'baseball' and 'basket' respectively

# Create the Object_Detector_Tool instance
ot_tool = Object_Detector_Tool(image_path, labels, 'tiny', save_object=True)

# Execute the tool to detect baseball and basketball in the image
ot_tool.execute(save_object=True)

# Count the detected objects
object_count = ot_tool['object_number']

# Final result:
final_result = {'count': object_count}
print(final_result)

[EXECUTION EXCEPTION]
'return' outside function (<string>, line 41)
code:from object_detector import Object_Detector_Tool

# Provide the path to the image file
image_path = "/home/stud/wxie/BLINK_Dataset/Counting/val/images/val_Counting_13_image_1.jpg"

# Create an instance of the Object_Detector_Tool tool
tool = Object_Detector_Tool(image_path)

# Detect the objects in the image using the grounded DINO model
detected_objects = tool.execute()

if detected_objects:
    labels = detected_objects['output_types'][0][0]['labels']
    total_count = detected_objects['output_types'][1]['count']
    total_objects = set(detected_objects['output_types'][1].keys())
    
    # Count the total number of people wearing hats
    num_people_with_hats = 0
    for label in total_objects:
        if 'hat' in label and label not in labels:
            num_people_with_hats += detected_objects['output_types'][1][label]

    final_result = {
        'total_people_with_hats': num_people_with_hats + (total_count - 1) * 2  # Subtract 1 to remove the person counting himself
    }

    # Save detected objects as images if 'save_object' is True
    if 'save_object' in detected_objects['arguments']:
        if detected_objects['arguments']['save_object']:
            image_path = "/home/stud/wxie/BLINK_Dataset/Counting/val/images/val_Counting_13_image_1.jpg"  # Replace with the actual path of the image file
            result_folder = "/home/stud/wxie/BLINK_Dataset/Counting/val/images/val_Counting_13_image_"  # Replace with the actual path of the result folder
            for label in total_objects:
                if 'hat' in label and label not in labels:
                    full_path = f"{result_folder}/{label}.jpg"
                    if not file_exists(full_path):
                        modified_image = image_path
                        modified_image = modify_image_with_umbrella(modified_image, 'hat', num_people_with_hats)
                        modified_image = resize_image(modified_image, 100, 100)
                        modified_image.save(full_path)
       
    return final_result
else:
    return [
        "Did not find any detected objects",
        "Failed to execute the Object_Detector_Tool tool",
    ]

[EXECUTION EXCEPTION]
Object_Detector_Tool.__init__() takes 1 positional argument but 2 were given
code:from object_detector import Object_Detector_Tool

# Path to the image
image_path = "/home/stud/wxie/BLINK_Dataset/Counting/val/images/val_Counting_13_image_1.jpg"

# Create an instance of Object_Detector_Tool
tool_instance = Object_Detector_Tool(image_path)

# Detect objects in the image
labels = ["baseball"]
object_results = tool_instance.execute(labels=labels)

# Count each object in the image
object_number = tool_instance.count_labels(object_results)

final_result = {"people_count": person_count, "hat_count": hat_count} if hat_count >= 2 else {"final_result": None}

print(final_result)
