
[QAid]14388_0

[Code does not include Tools Usage]
code: 
final_result = "1"
============================== END ==============================


[QAid]14388_0

[Code does not include Tools Usage]
code: 
final_result = "1"

============================== END ==============================


[QAid]14388_0

[Code does not include Tools Usage]
code: 
final_result = "1"

============================== END ==============================


[QAid]14388_0

[Code does not include Tools Usage]
code: 
import object_detector
import text_detector

final_result = "1"

============================== END ==============================


[QAid]14388_0

[Code does not include Tools Usage]
code: 
final_result = "1"
============================== END ==============================


[QAid]14388_0

[Code does not include Tools Usage]
code: 
from object_detector import Object_Detector_Tool

final_result = "1"

============================== END ==============================

