
============================== NEW SCCESSFUL EXECUTION ==============================
[EXEC CODE]
final_result = (5, 1)
[THE PRINT OUTPUT]

[GENERATE FINAL_RESULT]
(5, 1)

============================== END ==============================

============================== NEW SCCESSFUL EXECUTION ==============================
[EXEC CODE]
final_result = 4
[THE PRINT OUTPUT]

[GENERATE FINAL_RESULT]
4

============================== END ==============================

============================== NEW SCCESSFUL EXECUTION ==============================
[EXEC CODE]
final_result = 6
[THE PRINT OUTPUT]

[GENERATE FINAL_RESULT]
6

============================== END ==============================
