
[Exctuion Failed]

No module named 'Object_Detector_Tool'
code: 

from Object_Detector_Tool import Object_Detector_Tool
from Text_Detector_Tool import Text_Detector_Tool

final_result = []
# Check for doorway presence
if "Doorways" in input_str_content:
    number_of_doorways = 1
else:
    number_of_doorways = 0

print(f"Number of Doorways: {int(number_of_doorways)}")


============================== END ==============================


[Exctuion Failed]

invalid syntax (<string>, line 1)
code: 
```no import statements needed for this task.

============================== END ==============================


[Exctuion Failed]

invalid syntax (<string>, line 1)
code: 
from_object_detector import Object_Detector_Tool
from_text_detector import Text_Detector_Tool

# Define the question to be answered

# Run the tool for detecting baseball and basketball

result = Object_Detector_Tool.execute(image='path/to/image.png', labels=['baseball', 'basket'])
object_num = result['object_number']

# Run the tool for detecting text

result = Text_Detector_Tool.execute(image='path/to/image.png', languages=['en', 'de'])
text_blocks = result['result']

# Process the detected text blocks into a final result

final_result = []

for text_block in text_blocks:
    if text_block != []:
        final_result.append({
            'bbox': (text_block[0][0], text_block[0][1], text_block[0][2], text_block[0][3]),
            'text': text_block[1],
            'confidence': text_block[2]
        })

# Generate the final result as a string

final_result_string = json.dumps(final_result, indent=4)

# Return the final result as a string

final_result_string


============================== END ==============================


[Exctuion Failed]

unexpected indent (<string>, line 2)
code: 

    from object_detector import Object_Detector_Tool
    from text_detector import Text_Detector_Tool

    # Initialize the object detector
    detect_objects = Object_Detector_Tool
else:
    final_result = ""

# Calculate the number of doorways in the scene
objects = [{'box': (0, 0, 1, 1), 'label': 'doorway'}, {'box': (0, 0, 0.98, 0.98), 'label': 'door'}} 
result = detect_objects.execute(image='1.png', labels=objects, save_object=False)
if result[0] is not None:
    total_objects = len(result[0]['detected_objects'])
else:
    final_result = "No doorways detected."
    total_objects = 0

return "The number of doorways visible in the scene is {}".format(total_objects)


============================== END ==============================

