
[EXECUTION EXCEPTION]
name 'A' is not defined
code: 
final_result = A

============================== END ==============================

[EXECUTION EXCEPTION]
Letter_Detector_Tool.__init__() got an unexpected keyword argument 'image'
code: 
from letter_detector import Letter_Detector_Tool

# Load the image
image_path = "/home/stud/wxie/BLINK_Dataset/Counting/val/images/val_Counting_58_image_1.jpg"
image = Letter_Detector_Tool(image=image_path)

# Extract the detected letters
result_letters = image['detected_letters']

# Count the drive wheels on the engine
drive_wheels = len(image['engine_wheels'])

# Determine the correct answer
final_result = "D" if (result_letters['A'] == 'A' or result_letters['A'] == 'a') else "E"

print(final_result)

============================== END ==============================

[EXECUTION EXCEPTION]
name 'Object_Detector_Tool' is not defined
code: 
final_result = {"engine_drive_wheels": 0}
image_path = "/home/stud/wxie/BLINK_Dataset/Counting/val/images/val_Counting_58_image_1.jpg"  # Replace with the image path given by your image source
num_wheels = 2
for detection in Object_Detector_Tool.execute(image=image_path, labels=["train_wheels"], save_object=True):
    bounding_box = (detection["bbox"][0], detection["bbox"][1], detection["bbox"][2], detection["bbox"][3])
    if bounding_box[4] - bounding_box[0] > final_result.get("engine_drive_wheels", 0) and bounding_box[4] - bounding_box[0] < num_wheels:
        final_result["engine_drive_wheels"] += 1

final_result

============================== END ==============================
