
============================== New Completed Execution ==============================
[EXEC CODE]

final_result = "Doorframe (highlighted by a blue box)"

[THE PRINT OUTPUT]

[GENERATE VALID FINAL_RESULT]
Doorframe (highlighted by a blue box)

============================== END ==============================


============================== New Completed Execution ==============================
[EXEC CODE]
final_result = 'Doorframe (highlighted by a blue box)'
[THE PRINT OUTPUT]

[GENERATE VALID FINAL_RESULT]
Doorframe (highlighted by a blue box)

============================== END ==============================


============================== New Completed Execution ==============================
[EXEC CODE]

final_result = "Doorframe (highlighted by a blue box)"

[THE PRINT OUTPUT]

[GENERATE VALID FINAL_RESULT]
Doorframe (highlighted by a blue box)

============================== END ==============================


============================== New Completed Execution ==============================
[EXEC CODE]

final_result = "Doorframe (highlighted by a blue box)"

[THE PRINT OUTPUT]

[GENERATE VALID FINAL_RESULT]
Doorframe (highlighted by a blue box)

============================== END ==============================


============================== New Completed Execution ==============================
[EXEC CODE]

final_result = 'Doorframe (highlighted by a blue box) or brown top white leg dining table (highlighted by a green box)'

[THE PRINT OUTPUT]

[GENERATE VALID FINAL_RESULT]
Doorframe (highlighted by a blue box) or brown top white leg dining table (highlighted by a green box)

============================== END ==============================


============================== New Completed Execution ==============================
[EXEC CODE]

final_result = "Doorframe (highlighted by a blue box)"

[THE PRINT OUTPUT]

[GENERATE VALID FINAL_RESULT]
Doorframe (highlighted by a blue box)

============================== END ==============================


============================== New Completed Execution ==============================
[EXEC CODE]

final_result = "Doorframe (highlighted by a blue box)"

[THE PRINT OUTPUT]

[GENERATE VALID FINAL_RESULT]
Doorframe (highlighted by a blue box)

============================== END ==============================


============================== New Completed Execution ==============================
[EXEC CODE]

final_result = "Doorframe (highlighted by a blue box)"

[THE PRINT OUTPUT]

[GENERATE VALID FINAL_RESULT]
Doorframe (highlighted by a blue box)

============================== END ==============================

