
[QAid]12809_0

[Code Extraction Failed or Parse Failed]

No Python code block found in completion.

Completion Content: 
final_result: "2"
============================== END ==============================


[QAid]12809_0

[Code Extraction Failed or Parse Failed]

No Python code block found in completion.

Completion Content: 
final_result
============================== END ==============================


[QAid]12809_0

[Code Extraction Failed or Parse Failed]

No Python code block found in completion.

Completion Content: 
final_result
============================== END ==============================


[QAid]12809_0

[Code Extraction Failed or Parse Failed]

No Python code block found in completion.

Completion Content: 
# Import necessary tool
from object_detector import ObjectDetector_Tool
from text_detector import TextDetector_Tool

# Path specified in your question and code
image_path = "/nfs/data8/liao/wxie/SAT/SAT_images_train/12809_0.png"
object_labels = ["baseball", "basket"]
object_number = {"baseball": 1, "basket": 2}

# Tool for object detection and text detection
object_detector = ObjectDetector_Tool()
text_detector = TextDetector_Tool()

# Execute object detection
detected_objects, object_number = object_detector.execute(image_path, object_labels)

# Execute text detection
result = text_detector.execute(image_path, languages=['en', 'de'])
detected_blocks = result['result']

# Verify text detection result
if detected_blocks:
    detected_text_blocks = [block for block in detected_blocks if block[-1] in detectable_text]
    detectable_text_blocks = [block[:-2] for block in detected_blocks if block[-1] in detectable_text]
    detectable_text = detectable_text_blocks[0]
else:
    detected_text = "Error: Text detection failed."

# Generate Python code execution and response
result_str = ''
for obj, sub_obj in detected_objects.items():
    if sub_obj:
        detected_text_block = [f"{{['bbox', 'text', 'score'], {'detected_text', sub_obj[-1], sub_obj[-2]}}, {text}},"]
        result_str += '{' + '[' + ', '.join(detected_text_block) + '],' + '}'
    elif 'basket' in obj:
        result_str += '[' + ', '.join(detected_blocks) + '],\n'
    else:
        result_str += f'["' + object_label + '": [{0 * 1j}, {0 * 1j}] , "bbox", ["{0 * 1j}", "{0 * 1j}"] , {""},{text}], '



# Generate a string in the form of a Python command
commands = [
    f"detected_objects : {"f'{{\"bbox\",\"score\", \"" + detected_objects['baseball'][-1] + "\", \"" + detected_objects['baseball'][-2] + "\"}, '\"' + str(sub_obj) + '\"}',
                     }",
    f"detected_objects : {"f'{{\"bbox\",\"score\", \"" + detected_objects['basket
============================== END ==============================


[QAid]12809_0

[Code Extraction Failed or Parse Failed]

No Python code block found in completion.

Completion Content: 
final_result = "0"

for tool_name in ["Object_Detector_Tool", "text_detector"]:
  tool_options = eval(f"Object_Detector_Tool.{tool_name}")

  try:
    if tool_options["tool_class_name"] == "Object_Detector_Tool":
      image_path = "/nfs/data8/liao/wxie/SAT/SAT_images_train/12809_0.png"
      tool_options.update({"image": image_path, "threshold": 0.35, "model_size": "tiny", "save_object": True, "saved_image_path": "detected_objects"})
      detected_objects, object_number = tool_options()

      if detected_objects and "baseball" in detected_objects and detected_objects["baseball"][0]["box"][0][0] == detected_objects["basket"][0]["box"][0][0]:
        final_result = 1

      elif detected_objects and "basket" in detected_objects and detected_objects["basket"][0]["box"][0][0] == detected_objects["baseball"][0]["box"][0][0]:
        final_result = 1
  except Exception as e:
    print(f"An error occurred: {e}")

print(final_result)
============================== END ==============================


[QAid]12809_0

[Code Extraction Failed or Parse Failed]

No Python code block found in completion.

Completion Content: 
final_result = 1
============================== END ==============================

