
[EXECUTION EXCEPTION]
Object_Detector_Tool.__init__() got an unexpected keyword argument 'labels'
code:from object_detector import Object_Detector_Tool

final_result = 0

# Image path
image_path = "/home/stud/wxie/BLINK_Dataset/Counting/val/images/val_Counting_26_image_1.jpg"

# Detect objects
object_detector = Object_Detector_Tool(image_path, labels=["baseball", "basket"], save_object=True, saved_image_path="detected_objects")
result_1 = object_detector.execute()

# Print the result
for label, result in result_1['object_number'].items():
    if label == 'baseball':  # Check for 'baseball'
        final_result += result_1['object_number'][label]

# Find the maximum count
max_count = max(final_result, default=0)
final_result = max_count

final_result

[EXECUTION EXCEPTION]
No module named 'Object_Detector_Tool'
code:from Object_Detector_Tool import Object_Detector_Tool

# Execute the object detection tool
detected_objects, object_number = object_detector.execute(image="path/to/image.jpg", labels=["bus"], save_object=True, saved_image_path="detected_objects")

final_result = object_number['total_count']
print(final_result)

[EXECUTION EXCEPTION]
Object_Detector_Tool.execute() missing 1 required positional argument: 'self'
code:from object_detector import Object_Detector_Tool

# Optional: If using a different method to identify buses, replace tool_class_name with 'Bus_Detector_Tool'
tool_class_name = 'Object_Detector_Tool'
detected_objects, object_number = Object_Detector_Tool.execute(image="/home/stud/wxie/BLINK_Dataset/Counting/val/images/val_Counting_26_image_1.jpg", labels=["bus"], save_object=True,
                                                             saved_image_path="detected_objects")

# Number of detected buses
num_buses = object_number["bus"]
final_result = num_buses

# Output final result
print(f"The number of buses detected is: {num_buses}")

[EXECUTION EXCEPTION]
Object_Detector_Tool.execute() missing 1 required positional argument: 'self'
code:from object_detector import Object_Detector_Tool

# Optional path to the image if it is not locally saved
image_path = "/home/stud/wxie/BLINK_Dataset/Counting/val/images/val_Counting_26_image_1.jpg"

# Using the Object_Detector_Tool to detect objects
detected_objects, object_number = Object_Detector_Tool.execute(image=image_path, labels=["pink"], save_object=True, saved_image_path="detected_objects")

# Since we need a count of detected objects, we look at the object_number dictionary
final_result = "Number of detected objects:"
if object_number == 3:
    final_result += str(3)

# Output a boolean value to match the question
if final_result.endswith("*"):
    final_result = "None"
print(final_result)

[EXECUTION EXCEPTION]
invalid syntax (<string>, line 11)
code:from object_detector import Object_Detector_Tool

final_result =  (C,)

for label in "baseball" + "basket":
 try:
   detected_objects, object_number = Object_Detector_Tool.execute(image="path/to/image.png", labels=[label], save_object=True, saved_image_path="detected_objects")
 except Exception as e:
   final_result = (B,)

finally:
  print(final_result)

[EXECUTION EXCEPTION]
Object_Detector_Tool.execute() missing 1 required positional argument: 'self'
code:from object_detector import Object_Detector_Tool  # import the Object_Detector_Tool class

# execute the tool
detected_objects, object_number = Object_Detector_Tool.execute(image='path/to/palace.jpg', labels=['bus'], save_object=True, saved_image_path='detected_objects')  # replace 'bus' with your choice of category from Question

final_result = detected_objects['object_number'][-1]  # extract the last entry of the 'object_number' list

[EXECUTION EXCEPTION]
Object_Detector_Tool.execute() missing 1 required positional argument: 'self'
code:from object_detector import Object_Detector_Tool

# Assume the image path is 'path/to/image.png'
detected_objects, object_count = Object_Detector_Tool.execute(image='path/to/image.png', labels=['yellow'], save_object=True, saved_image_path='detected_objects')

final_result = object_count
print(final_result)
