--- Completion 1 ---
<command>
from Object_Detector_Tool import Object_Detector_Tool

final_result = Object_Detector_Tool.execute(image="path/to/image.png", labels=['baseball', 'basket'], save_object=True, saved_image_path="detected_objects")
print(final_result)
</command>
Reward: 1.0

--- Completion 2 ---
<command>
def count_paintings(image_path):
    with open(image_path, 'rb') as f:
        result = Object_Detector_Tool.execute(image=image_path, labels=['painting'], threshold=0.35, model_size='tiny', save_object=True, saved_image_path='detected_objects')
        painting_count = len(result['image_baseball'])
        return painting_count

final_result = count_paintings('/path/to/first_image.png')
print("Number of paintings: ", final_result)
</command>
Reward: 1.0

--- Completion 3 ---
<command>
from object_detector import Object_Detector_Tool

final_result = Object_Detector_Tool.execute(
    image='/nfs/data8/liao/wxie/SAT/SAT_images_train/9496_0.png',
    labels=['baseball', 'basket'],
    save_object=True,
    saved_image_path='detected_objects'
)

print(final_result)
</command>
Reward: 1.0

--- Completion 4 ---
<command>
from object_detector import Object_Detector_Tool

final_result = Object_Detector_Tool.execute(image='path/to/given_image.png', labels=['baseball', 'basket'], save_object=True, saved_image_path='detected_objects')
print(final_result)
</command>
Reward: 1.0

--- Completion 5 ---
<command>
from object_detector import Object_Detector_Tool

final_result = Object_Detector_Tool.execute(image='path_to_image.png')
print(final_result)
</command>
Reward: 1.0

--- Completion 6 ---
<command>
from object_detector import Object_Detector_Tool

final_result = Object_Detector_Tool.execute(image='path_to_image.png', labels=['baseball', 'basket'], save_object=True, saved_image_path='detected_objects')
print(final_result)
</command>
Reward: 1.0

