
[EXECUTION EXCEPTION]
unmatched ']' (<string>, line 1)
code:import_path: ['object_detector', 'Object_Detector_Tool'], object_name: 'Object_Detector_Tool'].index('Object_Detector_Tool').execute(image="/home/stud/wxie/BLINK_Dataset/Counting/val/images/val_Counting_27_image_1.jpg", labels=["dog", "furnished furniture"], save_object=True, saved_image_path="detected_objects")

[EXECUTION EXCEPTION]
name 'question' is not defined
code:from object_detector import Object_Detector_Tool

def answer_question(question):
    # Assume the image_path is valid and provides the image file path.

    # Load the image
    try:
        print("Loading image...")
        image_path = "/home/stud/wxie/BLINK_Dataset/Counting/val/images/val_Counting_27_image_1.jpg"
        image = Image.open(image_path)
    except Exception as e:
        print(f"Error opening image: {e}")
        return None

    # Detect objects
    object_detection_tool = Object_Detector_Tool(image_path, labels=["baseball", "basket"])
    object_detection_tool.execute()

    # Convert to CSV format
    results_df = pd.DataFrame(object_detection_tool.output_types[0])

    # Analyze results
    detected_labels = results_df["[1] object detection results"]['[2] detection results']

    # Determine if the final result is present
    final_result = detected_labels[detected_labels['baseball'].str.contains('baseball')].shape[0]

    return final_result

# Call the function with the question
result = answer_question(question)
print(f"Number of people laying down: {result}")

[EXECUTION EXCEPTION]
Object_Detector_Tool.execute() got an unexpected keyword argument 'image_path'
code:from object_detector import Object_Detector_Tool

tool = Object_Detector_Tool()
# Load and preprocess the image
image_path = "/home/stud/wxie/BLINK_Dataset/Counting/val/images/val_Counting_27_image_1.jpg"
label_list = ["baseball", "basket"]
confidence_threshold = 0.45
model_size = "tiny"
save_object = True
saved_image_path = "detected_objects"

# Detect objects in the image
result = tool.execute(image_path=image_path, labels=label_list, confidence_threshold=confidence_threshold, model_size=model_size, save_object=save_object, saved_image_path=saved_image_path)

# Count the detected objects
objects_count = tool.output_types[1]

[EXECUTION EXCEPTION]
Object_Detector_Tool.__init__() got an unexpected keyword argument 'image_path'
code:from object_detector import Object_Detector_Tool

# Image path
image_path = "/home/stud/wxie/BLINK_Dataset/Counting/val/images/val_Counting_27_image_1.jpg"

# Instantiate the tool
tool = Object_Detector_Tool(image_path="path/to/image.png")

# Detect objects
labels = tool.detect_objects(input_labels=["baseball", "basket"], threshold=0.45, model_size="tiny", save_object=True, saved_image_path="detected_objects")

# Extract object counts
object_counts = tool.extract_object_counts(labels)

final_result = "B" if len(object_counts) == 2 else "D"

print(f"Number of people laying down: {final_result}")

[EXECUTION EXCEPTION]
Object_Detector_Tool.execute() missing 1 required positional argument: 'labels'
code:from object_detector import Object_Detector_Tool

# Load the tool with the path to the image
tool = Object_Detector_Tool()

# Set the image path
image_path = "/home/stud/wxie/BLINK_Dataset/Poodle_1033_image_1.jpg"

# Initialize the object detection tool
detector_tool = Object_Detector_Tool()
result = detector_tool.execute(image=image_path)

# Process the result
total_label_count = result['object_number']
total_label_count['total'] = total_label_count['baseball'] + total_label_count['basket']

final_result = 'B'
print(final_result)

[EXECUTION EXCEPTION]
Object_Detector_Tool.execute() missing 1 required positional argument: 'self'
code:from object_detector import Object_Detector_Tool  # Import the object_detector tool

# Load the image using OpenCV
import cv2
 
# Load a sample image file
image = cv2.imread('/home/stud/wxie/BLINK_Dataset/Counting/val/images/val_Counting_27_image_1.jpg')
 
# Convert it to grayscale
gray = cv2.cvtColor(image, cv2.COLOR_BGR2GRAY)  # Convert the RGB image to grayscale
 
# Set the threshold for object detection
threshold = 0.5  # Set the threshold according to the object you want to detect
 
# Define the labels to be detected
labels = ['baseball', 'basket']  # Replace these labels as needed with your specific object labels
 
# Define the confidence threshold
confidence_threshold = 0.45  # Set a higher confidence threshold to detect small objects
 
# Define the image file to save detected objects
saved_image_path = 'detected_objects'  # Replace with your saved image file path after calling Object_Detector_Tool
 
# Call the tool to detect objects
detected_objects, object_number = Object_Detector_Tool.execute(image=image, labels=labels, threshold=threshold, model_size='tiny', save_object=True, saved_image_path=saved_image_path)
 
# Check if any objects are detected
if len(detected_objects['objects']) == 0:
    final_result = 'D'
else:
    # Check if the detected object is 'baseball'
    for obj in detected_objects['objects']:
        if 'baseball' in obj['name']:
            ball_count = detected_objects['objects'][obj_names].get('objects', {}).get('baseball')
            total_count = detected_objects['objects'][obj_names].get('objects', {}).get('basket')
            if ball_count and ball_count >= total_count:
                final_result = 'A'
            else:
                final_result = 'C'
            break
     

# Output the final result
final_result
