--- Completion 1 ---
<command>
from object_detector import Object_Detector_Tool

# Function to detect objects in the image
def detect_objects(image_path, labels, save_object=True, saved_image_path="detected_objects"):
    tool_data = {
        "input_types": {
            "image": "str - The path to the image file.",
            "labels": "list - A list of object labels to detect.",
            "threshold": "float - The confidence threshold for detection (default: 0.35).",
            "model_size": "str - The size of the model to use ('tiny' or 'base', default: 'tiny').",
            "save_object": "bool - Whether to save the detected objects as images (default: False).",
            "saved_image_path": "str - The path to save the detected object images (default: 'detected_objects')."
        },
        "output_types": "\"tuple - A tuple containing two elements: (1) a dictionary mapping each detected label to a list of detection entries, e.g. {'baseball': [{'box': (x1, y1, x2, y2), 'score': 0.95, 'saved_image_path': 'path/to/saved/image.png'}]}, (2) a dictionary mapping each label to the number of detected objects in the image. e.g. {'baseball': 2, 'basket': 1}\".\n",
        "demo_commands": {
            "command": "detected_objects, object_number = Object_Detector_Tool.execute(image=\"path/to/image.png\", labels=[\"baseball\", \"basket\"], save_object=True, saved_image_path=\"detected_objects\")",
            "description": "Detects 'baseball' and 'basket' in the image. Returns a tuple: (1) a dict mapping each label to a list of detection results (each with box, score, and optionally saved image path); (2) a dict with the total count for each detected label. If 'save_object' is True, detected objects are cropped and saved to the specified directory.",
            "output_example": "detected_objects : {\n'baseball': [{'box': (34, 50, 200, 220), 'score': 0.92, 'saved_image_path': 'detected_objects/image_baseball_1.png'}],\n'basket': [{'box': (220, 100
Reward: 0.0

--- Completion 2 ---
```python
from object_detector import Object_Detector_Tool
final_result = 1

model_size = 'tiny'

save_object = True
saved_image_path = '/nfs/data8/liao/wxie/SAT/SAT_images_train'  # Replace with the actual path for the saved objects

detected_objects, object_number = Object_Detector_Tool.execute(image="/nfs/data8/liao/wxie/SAT/SAT_images_train/322_0.png", labels=['baseball'], model_size=model_size, save_object=save_object, saved_image_path=saved_image_path)

if save_object:
    for label, detection in detected_objects.items():
        if detection is not None:
            if detection.score > 0.35 and 'baseball' in label:
                for d in detection:
                    final_result = max(final_result, 1 + len(detection))
            elif detection.score > 0.35:
                final_result = max(final_result, len(detection))
        else:
            final_result = max(final_result, 1)

print("Number of Sinks:", final_result)
```
Reward: 0.0

--- Completion 3 ---
```python
from object_detector import Object_Detector_Tool  # From the object_detector_tool.py module
from text_detector import Text_Detector_Tool  # From the text_detector_tool.py module

def count_sinks(images):
    # Assume 'sink' is the name of the sink in the image
    for i, image in enumerate(images):
        for label in ["sink"] + ["teapot", "bottle"]:
            if label in image:
                total = 0
                total += 1
                if "sink" in image and "teapot" in image:
                    print(image)
                if "bottle" in image:
                    print(image)
                result = Image.open(image)
                detected = Object_Detector_Tool.execute(image=image, labels=[label])
                text = Text_Detector_Tool.execute(image=image, languages=["en"])
                if "text" in text:
                    for text_entry in text["text"]:
                        if "text" in text_entry:
                            if "teapot" in text_entry["text"]:
                                total += 2
                            if "sink" in text_entry["text"]:
                                total += 1
                detected_sinks = {
                    label: {"boxes": [{"bbox": x} for x in detected["labels"]]},
                    'total': {'boxes': [{"bbox": x} for x in detected["labels"]]}
                }
                total += 1
                final_result = {
                    "total": total,
                    **detected_sinks[os.path.splitext(image.split("/")[-1])[0]],
                }
                print(f"Total {total} found: {os.path.splitext(image.split('/')[-1])}")
                return final_result

result = count_sinks(["/nfs/data8/liao/wxie/SAT/SAT_images_train/322_0.png"])  # Example image path
print(result)
```
Reward: 0.0

--- Completion 4 ---
```python
from object_detector import Object_Detector_Tool

result = Object_Detector_Tool.execute(image='path/to/image.png', labels=['sink'], save_object=True, saved_image_path='detected_objects')

detected_objects = result[0]
object_number = result[1]

final_result = {
  "detected_objects": {
    "sink_1": {
      "bbox": [[[285, 160, 344, 357]], {"text": "Sink 1", "score": 0.7]},
      "bbox_2": [[[285, 225, 344, 357]], {"text": "Sink 2", "score": 0.72]},
      "bbox_3": [[[342, 380, 400, 530]], {"text": "Sink 3", "score": 0.8],
                [352, 177, 400, 328]], {"text": "Sink 4", "score": 0.73},
                [352, 177, 400, 228]], {"text": "Sink 5", "score": 0.8]}
    },
    "object_number_1": 1,
    "object_number_2": 2
  }
}
Reward: 0.0

--- Completion 5 ---
final_result = "1"

# Import the tool module and class name
from object_detector import Object_Detector_Tool

# Given image path
image_path = "/nfs/data8/liao/wxie/SAT/SAT_images_train/322_0.png"

# Set the confidence threshold
confidence_threshold = 0.5

# Usage of the Object_Detector_Tool
object_list = Object_Detector_Tool.execute(image=image_path, labels=["sink"], save_object=False)

if object_list:
    sink_list = object_list["baseball"]

    if sink_list:
        if "score" not in sink_list[0].keys():
            sink_list[0].update({"score": float("inf")})
        sink_list[0]["score"] = sink_list[0]["score"] / (sink_list[0]["score"] + 0.001)
        sink_list[0]["count"] += 1

    if sink_list:
        sink_list = object_list["sink"]
        sink_list["count"] += 1

    sink_list = sorted(sink_list.items(), key=lambda x: x[1]["count"], reverse=True)

    final_result = len(sink_list)
print("No Sinks detected:", final_result)
Reward: 0.0

--- Completion 6 ---
<command>
from tools.object_detection import Object_Detector_Tool
from tools.text_detection import Text_Detector_Tool

object_count = 0

def count_sinks():
    tool = Object_Detector_Tool()
    image_path = "path/to/image.png"

    results = tool.execute(image=image_path, labels=['sink'])
    object_count += len(results[0]["label"])

    sink_count = sum(results[0]["label"].get("sink", 0) for result in results)
    return sink_count

def identify_text():
    tool = Text_Detector_Tool()
    languages = ["en", "de"]
    text_count = len(tool.execute(image="path/to/text.png", languages=languages))

    return text_count

final_result = count_sinks() + identify_text()
final_result
</command>
Reward: 1.0

