
============================== New Completed Execution ==============================
[EXEC CODE]
final_result = "1"

[THE PRINT OUTPUT]

[GENERATE VALID FINAL_RESULT]
1

============================== END ==============================


============================== New Completed Execution ==============================
[EXEC CODE]
final_result = "1 DiningTable"

[THE PRINT OUTPUT]

[GENERATE VALID FINAL_RESULT]
1 DiningTable

============================== END ==============================


============================== New Completed Execution ==============================
[EXEC CODE]
final_result = "1"  # Assuming the number of visible DiningTables is 1

[THE PRINT OUTPUT]

[GENERATE VALID FINAL_RESULT]
1

============================== END ==============================


============================== New Completed Execution ==============================
[EXEC CODE]
final_result = "1"

[THE PRINT OUTPUT]

[GENERATE VALID FINAL_RESULT]
1

============================== END ==============================


============================== New Completed Execution ==============================
[EXEC CODE]
final_result = "1\n"  # '1' represents the fact that there is only one DiningTable visible in the scene, i.e., '1' DiningTable is recognized in the detection results (1) of the text_detector tool, which is 'Detected text' and with the score 0.92.

[THE PRINT OUTPUT]

[GENERATE VALID FINAL_RESULT]
1


============================== END ==============================


============================== New Completed Execution ==============================
[EXEC CODE]
final_result = "1"

[THE PRINT OUTPUT]

[GENERATE VALID FINAL_RESULT]
1

============================== END ==============================

