
[QAid]12637_0

[Code does not include Tools Usage]
code: 
final_result = {} 
============================== END ==============================


[QAid]12637_0

[Code Extraction Failed or Parse Failed]

No Python code block found in completion.

Completion Content: 
<command>
def get_laptop_details(images_path):
    objects = {}
    object_count = {}

    for image_path in images_path:
        # Load image
        image = Image.open(image_path)
        
        # Extract text blocks
        text_blocks = text_detector.execute(image, languages=['en', 'de'], detail=1)
        
        for text_block in text_blocks:
            if text_block[0] not in objects:
                objects[text_block[0]] = {'boxes': [], 'text': text_block[3], 'confidence': text_block[2], 'count': 0}
            
            objects[text_block[0]]['boxes'].append((text_block[1][0], text_block[1][1], text_block[1][2], text_block[1][3]))
            objects[text_block[0]]['count'] += 1
            
            if text_block[0] not in object_count:
                object_count[text_block[0]] = {'boxes': [], 'text': {}, 'count': 0}
                
            if text_block[0] not in object_count[text_block[0]]['boxes']:
                object_count[text_block[0]]['boxes'].append((text_block[1][0], text_block[1][1], text_block[1][2], text_block[1][3]))
            
            object_image = image.crop((text_block[1][0], text_block[1][1], text_block[1][2], text_block[1][3]))
            object_image.save(f'detected_objects/{text_block[0]}.png', 'PNG')
            
    return objects, object_count

images_path = ['/nfs/data8/liao/wxie/SAT/SAT_images_train/12637_0.png']

objects, object_count = get_laptop_details(images_path)
"""

def main():
    # Sample image path
    sample_image_path = '/nfs/data8/liao/wxie/SAT/SAT_images_train/12637_0.png'

    # Sample language codes
    sample_languages = ['en', 'de', 'zh', 'jp']
    
    # Determine the level of detail and language for text detection
    level_of_detail = 1
    languages = sample_languages
    text_detector.execute(sample_image_path, languages, detail=level_of_detail)

    # Initialize dictionary for objects
    objects = {}

    # Detect objects
    for image_path in images_path:
        #
============================== END ==============================


[QAid]12637_0

[Code Includes Tools Usage]
code: 

from object_detector import Object_Detector_Tool

# Use the Object_Detector_Tool to detect the types of televisions
televisions_found = []
televisions_result = Object_Detector_Tool.execute(image='/nfs/data8/liao/wxie/SAT/SAT_images_train/12637_0.png', labels=['television'])
for label, detections in televisions_result.items():
    for detection in detections:
        if 'television' in detection['box'][0]:
            televisions_found.append(label)

final_result = {
  "televisions": televisions_found,
  "num_television": len(televisions_found)
}
print(final_result)

============================== END ==============================


[QAid]12637_0

[Code Includes Tools Usage]
code: 

from object_detector import Object_Detector_Tool

# Set up the dialog tool
window = "dialog"
config = {
  "orientation": ["top", "left", "bottom", "center"],
  "label": ["This is a test dialog box"],
  "icon": "icon.png",
  "title": "Title Bar Text",
  "width": 200,
  "height": 100,
  "callback": "execute_dialog"
}

result = Object_Detector_Tool.execute(image='/nfs/data8/liao/wxie/SAT/SAT_images_train/12637_0.png', labels=['television'], languages=['en', 'de'])

print(result)

if result:
  print("Number of TVs detected: ", result[0]['number_of_objects'])
  print(" TVs detected in the following locations:")
  for i, tv_obj in enumerate(result[0]['objects']):
    print(i, " - {} with bounding box : {} and score: {} - saved in {}".format(tv_obj['label'], tv_obj['rect_info'], tv_obj['score'], tv_obj['saved_image_path']))
else:
  print("Failed to detect any television")

============================== END ==============================


[QAid]12637_0

[Code Includes Tools Usage]
code: 
final_result = Object_Detector_Tool.execute(image=image_path, labels=['teapot'], threshold=0.35, save_object=True, saved_image_path='detected_objects')[0]
============================== END ==============================


[QAid]12637_0

[Code Extraction Failed or Parse Failed]

No Python code block found in completion.

Completion Content: 
Here is the Python program that processes the input image and returns the number of detected televisions in the scene:

```python
from object_detector import Object_Detector_Tool

# Load the detected objects (televisions) from the image
detected_objects = Object_Detector_Tool.execute(image='path/to/image.png', labels=['Television'])

# Get the number of detected objects for the detected category (in this case, 'Television')
total_objects = detected_objects['Television'][0]['object_number']

print(f"The scene contains {total_objects} Television objects.")
```

This program first calls the `Object_Detector_Tool` tool to detect and capture the television objects in the scene. Then, it uses the resulting dictionary containing the detected categories and their respective objects to extract the number of detected objects. Finally, it prints the total number of detected televisions.
============================== END ==============================

