--- Completion 1 ---
<command>final_result = "1"
</command>
Reward: 0.5

--- Completion 2 ---
<command>final_result = "1"
</command>
Reward: 0.5

--- Completion 3 ---
<command>final_result = "1 Ladle"
</command>
Reward: 0.5

--- Completion 4 ---
<command>final_result = "1 Ladles are visible in the scene."
</command>
Reward: 0.5

--- Completion 5 ---
<command>final_result = "1"
</command>
Reward: 0.5

--- Completion 6 ---
<command>final_result = "1"  # based on the number of objects detected in the image
final_result = "1"  # Based on the number of objects detected in the image
</command>
Reward: 0.5

