
[QAid]1706_0

[Code does not include Tools Usage]
code: 
final_result = "1"

============================== END ==============================


[QAid]1706_0

[Code does not include Tools Usage]
code: 
final_result = "1"

============================== END ==============================


[QAid]1706_0

[Code does not include Tools Usage]
code: 
final_result = "1"

============================== END ==============================


[QAid]1706_0

[Code does not include Tools Usage]
code: 
final_result = "1"

============================== END ==============================


[QAid]1706_0

[Code does not include Tools Usage]
code: 
final_result = "1"  # Assuming there's only one refrigerator visible in the scene
============================== END ==============================


[QAid]1706_0

[Code does not include Tools Usage]
code: 
final_result = "1"

============================== END ==============================

