
============================== New Completed Execution ==============================
[EXEC CODE]

final_result = "yes"

[THE PRINT OUTPUT]

[GENERATE VALID FINAL_RESULT]
yes

============================== END ==============================


============================== New Completed Execution ==============================
[EXEC CODE]

final_result = "no"

[THE PRINT OUTPUT]

[GENERATE VALID FINAL_RESULT]
no

============================== END ==============================


============================== New Completed Execution ==============================
[EXEC CODE]

final_result = 'yes'

[THE PRINT OUTPUT]

[GENERATE VALID FINAL_RESULT]
yes

============================== END ==============================


============================== New Completed Execution ==============================
[EXEC CODE]

final_result = 'yes'

[THE PRINT OUTPUT]

[GENERATE VALID FINAL_RESULT]
yes

============================== END ==============================


============================== New Completed Execution ==============================
[EXEC CODE]

final_result = 'yes'

[THE PRINT OUTPUT]

[GENERATE VALID FINAL_RESULT]
yes

============================== END ==============================


============================== New Completed Execution ==============================
[EXEC CODE]

final_result = "yes"

[THE PRINT OUTPUT]

[GENERATE VALID FINAL_RESULT]
yes

============================== END ==============================


============================== New Completed Execution ==============================
[EXEC CODE]

final_result = "yes"

[THE PRINT OUTPUT]

[GENERATE VALID FINAL_RESULT]
yes

============================== END ==============================


============================== New Completed Execution ==============================
[EXEC CODE]

final_result = "yes"

[THE PRINT OUTPUT]

[GENERATE VALID FINAL_RESULT]
yes

============================== END ==============================

