
[EXECUTION EXCEPTION]
name 'image' is not defined
code:image

[EXECUTION EXCEPTION]
closing parenthesis ')' does not match opening parenthesis '[' (<string>, line 14)
code:from object_detector import Object_Detector_Tool

# Define the image path
image_path = "/home/stud/wxie/BLINK_Dataset/Counting/val/images/val_Counting_79_image_1.jpg"

# Execute the tool to detect the objects in the image
result = Object_Detector_Tool.execute(image_path)

# Extract the labels and their counts
labels = result['output_types'][0]
counts = result['output_types'][1]

# Count the number of consonants in the letters on the snowboard
number_of_consonants = sum([1 for label in labels if all(letter not in 'aeiou' for letter in label['text']))])

# Calculate the final result
final_result = {
    'number_of_consonants': number_of_consonants,
    'choices': [(label['text'], label['count']) for label in counts]
}

# Print the results
print(f"Number of consonants in letter(s) on snowboard: {final_result['number_of_consonants']}")

[EXECUTION EXCEPTION]
invalid syntax (<string>, line 1)
code:import_object_detector_tool = Object_Detector_Tool(image_path="/home/stud/wxie/BLINK_Dataset/Counting/val/images/val_Counting_79_image_1.jpg", labels=["snowboard", "hiking", "climber"], save_object=True, saved_image_path="detected_objects") final_result = object_detector_tool.execute()

[EXECUTION EXCEPTION]
No module named 'object_detector_tool'
code:from object_detector_tool import Object_Detector_Tool

# Read the image file
image_path = "/home/stud/wxie/BLINK_Dataset/Counting/val/images/val_Counting_79_image_1.jpg"
label_list = ["baseball", "basket"]

# Set threshold
threshold = 0.45

# Execute object detection
result = Object_Detector_Tool.execute(image_path, labels=label_list, save_object=True, saved_image_path="detected_objects")

# Count the number of consonants in labels
consonant_count = sum(label.count('b') + label.count('d') + label.count('g') for label in label_list)

print(f"The number of consonants in the labels: {consonant_count}")

[None RESULT]


[EXECUTION EXCEPTION]
name 'object_detector' is not defined
code:from object_detector import Object_Detector_Tool

# Define the image file
image_path = "/home/stud/wxie/BLINK_Dataset/Counting/val/images/val_Counting_79_image_1.jpg"

# Create the Object_Detector_Tool instance
obj_detector = Object_Detector_Tool()

# Execute the object detection
labels, object_number = object_detector.execute(image_path, labels=["snowboard"], threshold=0.5, saved_image_path=object_path)

print("Number of consonants:", len([label for label in labels if 'snowboard' in label and label.startswith("C")]))

# Store the first result to check it
if object_number == 1:
    print("1 consonant found for snowboard.")
else:
    print("No consonants found for snowboard.")

[EXECUTION EXCEPTION]
Object_Detector_Tool.__init__() got an unexpected keyword argument 'labels'
code:from object_detector import Object_Detector_Tool

image_path = "/home/stud/wxie/BLINK_Dataset/Counting/val/images/val_Counting_79_image_1.jpg"

# Create an Object_Detector_Tool object.
tool = Object_Detector_Tool(image_path, labels=['snowboard', 'mountain', 'sky', 'lake'], save_object=True)

# Save the detected image on disk.
tool.execute(input_type='image', labels=['snowboard'], save_object=True)

boxes, scores, saved_image_paths = tool.output_types()
snowboard_labels = boxes[1]["snowboard"]
snowboard_count = sum(scores[1])

snowboard_consonants = sum(num for num in snowboard_count if num % 2 == 0)
snowboard_consonants
