
============================== New Completed Execution ==============================
[EXEC CODE]
final_result = "1\n2\n"

[THE PRINT OUTPUT]

[GENERATE VALID FINAL_RESULT]
1
2


============================== END ==============================


============================== New Completed Execution ==============================
[EXEC CODE]
final_result = "1<br>0"

[THE PRINT OUTPUT]

[GENERATE VALID FINAL_RESULT]
1<br>0

============================== END ==============================


============================== New Completed Execution ==============================
[EXEC CODE]
final_result = "1"

[THE PRINT OUTPUT]

[GENERATE VALID FINAL_RESULT]
1

============================== END ==============================


============================== New Completed Execution ==============================
[EXEC CODE]
final_result = "1"

[THE PRINT OUTPUT]

[GENERATE VALID FINAL_RESULT]
1

============================== END ==============================


============================== New Completed Execution ==============================
[EXEC CODE]
final_result = "1"

[THE PRINT OUTPUT]

[GENERATE VALID FINAL_RESULT]
1

============================== END ==============================


============================== New Completed Execution ==============================
[EXEC CODE]
final_result = "1Sofa"

[THE PRINT OUTPUT]

[GENERATE VALID FINAL_RESULT]
1Sofa

============================== END ==============================

