
============================== New Completed Execution ==============================
[EXEC CODE]

final_result = "Doorway"

[THE PRINT OUTPUT]

[GENERATE VALID FINAL_RESULT]
Doorway

============================== END ==============================


============================== New Completed Execution ==============================
[EXEC CODE]

final_result = "Doorway"

[THE PRINT OUTPUT]

[GENERATE VALID FINAL_RESULT]
Doorway

============================== END ==============================


============================== New Completed Execution ==============================
[EXEC CODE]

final_result = "Dark brown dresser"

[THE PRINT OUTPUT]

[GENERATE VALID FINAL_RESULT]
Dark brown dresser

============================== END ==============================


============================== New Completed Execution ==============================
[EXEC CODE]

final_result = 'Doorway'

[THE PRINT OUTPUT]

[GENERATE VALID FINAL_RESULT]
Doorway

============================== END ==============================


============================== New Completed Execution ==============================
[EXEC CODE]

final_result = "Doorway"

[THE PRINT OUTPUT]

[GENERATE VALID FINAL_RESULT]
Doorway

============================== END ==============================


============================== New Completed Execution ==============================
[EXEC CODE]

final_result = "Doorway"

[THE PRINT OUTPUT]

[GENERATE VALID FINAL_RESULT]
Doorway

============================== END ==============================


============================== New Completed Execution ==============================
[EXEC CODE]

final_result = "Doorway"

[THE PRINT OUTPUT]

[GENERATE VALID FINAL_RESULT]
Doorway

============================== END ==============================


============================== New Completed Execution ==============================
[EXEC CODE]

final_result = 'Dark brown dresser'

[THE PRINT OUTPUT]

[GENERATE VALID FINAL_RESULT]
Dark brown dresser

============================== END ==============================

