
[QAid]400_0

[Code Extraction Failed or Parse Failed]

No Python code block found in completion.

Completion Content: 
Dear user,
From the given image, the object closer to the camera taking this photo is not a HousePlant, as HousePlant appears in yellow, while the black open-shelf tv stand takes the reference image. The objects closer to the camera are the red sofa, television, blue sofa, and shelves.
============================== END ==============================


[QAid]400_0

[Code Extraction Failed or Parse Failed]

No Python code block found in completion.

Completion Content: 
python
final_result = "black open-shelf tv stand"
Anwy other tools
============================== END ==============================


[QAid]400_0

[Code Extraction Failed or Parse Failed]

No Python code block found in completion.

Completion Content: 
final_result = "black open-shelf tv stand"
============================== END ==============================


[QAid]400_0

[Code Extraction Failed or Parse Failed]

No Python code block found in completion.

Completion Content: 
final_result = 'black open-shelf tv stand'
print(final_result)
============================== END ==============================


[QAid]400_0

[Code Extraction Failed or Parse Failed]

No Python code block found in completion.

Completion Content: 
To determine which object is closer to the camera taking this photo, we need to calculate the distance between the HousePlant and the black open-shelf tv stand.
To calculate the distance, we can use the pixel depth estimation tool, as it can provide pixel-level depth data.
<command>

final_result = Pixel_Depth_Tool.execute(inoutdir='./')

pixel_depth_image = final_result['depth_map'][0]
threshold = 0.35
pixel_depth_thresholded = pixel_depth_image > threshold

final_result_results = final_result['image_results']
silhouette_ratio = final_result['silhouette_ratio']

num_types = len(final_result_results)
num_classes = 1
for class_id, class_result in enumerate(final_result_results):
    box1 = class_result['bbox'][0]
    box2 = class_result['bbox'][1]
    box = (max(box1, box2)[0], max(box2, box1)[1], max(box1, box2)[0], max(box2, box1)[1])
    
    score = class_result['score']
    if score > 0.1 and score < 0.6:
        box_ratio = max(Box1, Box2)[0] / min(Box1, Box2)[0]
        print("Box Ratio:", box_ratio)

print(final_result_results[0])
">
import subprocess
import glob
import time
import numpy as np
from collections import defaultdict, Counter

# Run the tool
subprocess.run([' toolmodule name: ' 'download tool', '?'])

result = Abele участие в журнале биномбак ведь как поклонник.
============================== END ==============================


[QAid]400_0

[Code Extraction Failed or Parse Failed]

No Python code block found in completion.

Completion Content: 
Based on the visual inputs provided, the object that is closer to the camera taking this photo is the HousePlant.
============================== END ==============================


[QAid]400_0

[Code Extraction Failed or Parse Failed]

No Python code block found in completion.

Completion Content: 
final_result = {'HousePlant': 1, 'black open-shelf tv stand': 2}
============================== END ==============================


[QAid]400_0

[Code Extraction Failed or Parse Failed]

No Python code block found in completion.

Completion Content: 
final_result = "black open-shelf tv stand"
print(final_result)
============================== END ==============================

