
[QAid]2680_0

[Code does not include Tools Usage]
code: 
final_result = "1"

============================== END ==============================


[QAid]2680_0

[Code does not include Tools Usage]
code: 
final_result = "1"

============================== END ==============================


[QAid]2680_0

[Code does not include Tools Usage]
code: 
final_result = "1"

============================== END ==============================


[QAid]2680_0

[Code does not include Tools Usage]
code: 
final_result = "1"

============================== END ==============================


[QAid]2680_0

[Code does not include Tools Usage]
code: 
final_result = "0"
final_result = {"CounterTops": 0}

============================== END ==============================


[QAid]2680_0

[Code does not include Tools Usage]
code: 
final_result = "1"

============================== END ==============================

